19:37:23.012 [ INFO] maestro.cli.runner.CliConsoleListener.onCommandStart: Define variables RUNNING
19:37:23.016 [ INFO] maestro.cli.runner.CliConsoleListener.onCommandFinished: Define variables COMPLETED
19:37:23.018 [ INFO] maestro.cli.runner.CliConsoleListener.onCommandStart: Apply configuration RUNNING
19:37:23.019 [ INFO] maestro.cli.runner.CliConsoleListener.onCommandFinished: Apply configuration COMPLETED
19:37:23.019 [ INFO] maestro.cli.runner.CliConsoleListener.onCommandStart: Run ../../.maestro/subflows/bootstrap_monthly.yaml RUNNING
19:37:23.020 [ INFO] maestro.cli.runner.CliConsoleListener.onCommandStart: Apply configuration RUNNING
19:37:23.023 [ INFO] maestro.cli.runner.CliConsoleListener.onCommandFinished: Apply configuration COMPLETED
19:37:23.024 [ INFO] maestro.cli.runner.CliConsoleListener.onCommandStart: Run ../../scripts/dates.js RUNNING
19:37:24.649 [ INFO] maestro.orchestra.Orchestra.executeCommands$lambda$23$lambda$21: JsConsole: Maestro Dates Initialized: Prev=août / Août / 08 (2026)
19:37:24.651 [ INFO] maestro.orchestra.Orchestra.executeCommands$lambda$23$lambda$21: JsConsole: Maestro Dates Initialized: Curr=septembre / Sept. / 09 (2026)
19:37:24.652 [ INFO] maestro.orchestra.Orchestra.executeCommands$lambda$23$lambda$21: JsConsole: Maestro Dates Initialized: Next=octobre / Oct. / 10 (2026)
19:37:24.653 [ INFO] maestro.cli.runner.CliConsoleListener.onCommandFinished: Run ../../scripts/dates.js COMPLETED
19:37:24.653 [ INFO] maestro.cli.runner.CliConsoleListener.onCommandStart: Launch app "com.lop.budget" with clear state RUNNING
19:37:24.655 [ INFO] maestro.Maestro.clearAppState$lambda$8: Clearing app state com.lop.budget
19:37:28.206 [ INFO] maestro.Maestro.launchApp$lambda$5: Launching app com.lop.budget
19:37:28.206 [ INFO] maestro.Maestro.launchApp$lambda$5: Stopping com.lop.budget app during launch
19:37:29.007 [ INFO] maestro.cli.runner.CliConsoleListener.onCommandFinished: Launch app "com.lop.budget" with clear state COMPLETED
19:37:29.007 [ INFO] maestro.cli.runner.CliConsoleListener.onCommandStart: Run open_monthly_history.yaml RUNNING
19:37:29.008 [ INFO] maestro.cli.runner.CliConsoleListener.onCommandStart: Apply configuration RUNNING
19:37:29.011 [ INFO] maestro.cli.runner.CliConsoleListener.onCommandFinished: Apply configuration COMPLETED
19:37:29.011 [ INFO] maestro.cli.runner.CliConsoleListener.onCommandStart: Run flow when id: screen.monthly is not visible RUNNING
19:37:32.353 [ INFO] maestro.cli.runner.CliConsoleListener.onCommandStart: Scrolling DOWN until id: recent_transactions_see_all is visible with speed 40, visibility percentage 100%, timeout 20000 ms, with centering enabled RUNNING
19:37:34.200 [ WARN] maestro.orchestra.Orchestra.scrollUntilVisible: Error: maestro.MaestroException$ElementNotFound: Element not found: Id matching regex: recent_transactions_see_all
19:37:34.256 [ INFO] maestro.Maestro.swipeFromCenter: Swiping UP from center
19:37:39.444 [ INFO] maestro.orchestra.Orchestra.scrollUntilVisible: Scrolling try count: 0, DeviceWidth: 1080, DeviceWidth: 2400
19:37:39.449 [ INFO] maestro.orchestra.Orchestra.scrollUntilVisible: Element bounds: Bounds(x=763, y=2033, width=243, height=126)
19:37:39.450 [ INFO] maestro.orchestra.Orchestra.scrollUntilVisible: Visibility Percent: 1.0
19:37:39.478 [ INFO] maestro.orchestra.Orchestra.scrollUntilVisible: Command centerElement: ScrollUntilVisibleCommand(selector=ElementSelector(textRegex=null, idRegex=recent_transactions_see_all, size=null, below=null, above=null, leftOf=null, rightOf=null, containsChild=null, containsDescendants=null, traits=null, index=null, enabled=null, optional=false, selected=null, checked=null, focused=null, childOf=null, css=null), direction=DOWN, scrollDuration=601, visibilityPercentage=100, timeout=20000, waitToSettleTimeoutMs=null, centerElement=true, originalSpeedValue=40, label=null, optional=false).centerElement
19:37:39.478 [ INFO] maestro.orchestra.Orchestra.scrollUntilVisible: visibilityPercentageNormalized: 1.0
19:37:39.560 [ INFO] maestro.Maestro.swipeFromCenter: Swiping UP from center
19:37:41.671 [ INFO] maestro.orchestra.Orchestra.scrollUntilVisible: Scrolling try count: 1, DeviceWidth: 1080, DeviceWidth: 2400
19:37:41.671 [ INFO] maestro.orchestra.Orchestra.scrollUntilVisible: Element bounds: Bounds(x=763, y=1304, width=243, height=126)
19:37:41.671 [ INFO] maestro.orchestra.Orchestra.scrollUntilVisible: Visibility Percent: 1.0
19:37:41.671 [ INFO] maestro.orchestra.Orchestra.scrollUntilVisible: Command centerElement: ScrollUntilVisibleCommand(selector=ElementSelector(textRegex=null, idRegex=recent_transactions_see_all, size=null, below=null, above=null, leftOf=null, rightOf=null, containsChild=null, containsDescendants=null, traits=null, index=null, enabled=null, optional=false, selected=null, checked=null, focused=null, childOf=null, css=null), direction=DOWN, scrollDuration=601, visibilityPercentage=100, timeout=20000, waitToSettleTimeoutMs=null, centerElement=true, originalSpeedValue=40, label=null, optional=false).centerElement
19:37:41.676 [ INFO] maestro.orchestra.Orchestra.scrollUntilVisible: visibilityPercentageNormalized: 1.0
19:37:41.676 [ INFO] maestro.cli.runner.CliConsoleListener.onCommandFinished: Scrolling DOWN until id: recent_transactions_see_all is visible with speed 40, visibility percentage 100%, timeout 20000 ms, with centering enabled COMPLETED
19:37:41.676 [ INFO] maestro.cli.runner.CliConsoleListener.onCommandStart: Tap on id: recent_transactions_see_all RUNNING
19:37:42.140 [ INFO] maestro.Maestro.tap-HgV9Ck0: Tapping on element:  UiElement(treeNode=TreeNode(attributes={text=, accessibilityText=, hintText=, ignoreBoundsFiltering=false, resource-id=recent_transactions_see_all, clickable=true, bounds=[763,1304][1006,1430], enabled=true, focused=false, checked=false, scrollable=false, selected=false, class=android.view.View, important-for-accessibility=true, error=}, children=[TreeNode(attributes={text=Voir tout, accessibilityText=, hintText=, ignoreBoundsFiltering=false, resource-id=, clickable=false, bounds=[795,1340][932,1393], enabled=true, focused=false, checked=false, scrollable=false, selected=false, class=android.widget.TextView, important-for-accessibility=true, error=}, children=[], clickable=false, enabled=true, focused=false, checked=false, selected=false), TreeNode(attributes={text=, accessibilityText=, hintText=, ignoreBoundsFiltering=false, resource-id=, clickable=false, bounds=[763,1314][1006,1419], enabled=true, focused=false, checked=false, scrollable=false, selected=false, class=android.widget.Button, important-for-accessibility=true, error=}, children=[], clickable=false, enabled=true, focused=false, checked=false, selected=false)], clickable=true, enabled=true, focused=false, checked=false, selected=false), bounds=Bounds(x=763, y=1304, width=243, height=126))
19:37:43.251 [ INFO] maestro.Maestro.tap-HgV9Ck0: Tap aimed via settled hierarchy
19:37:43.255 [ INFO] maestro.Maestro.hierarchyBasedTap-ogj28Uc: Tapping at (884, 1367) using hierarchy based logic for wait
19:37:45.597 [ INFO] maestro.Maestro.hierarchyBasedTap-ogj28Uc: Something has changed in the UI judging by view hierarchy. Proceed.
19:37:45.597 [ INFO] maestro.cli.runner.CliConsoleListener.onCommandFinished: Tap on id: recent_transactions_see_all COMPLETED
19:37:45.598 [ INFO] maestro.cli.runner.CliConsoleListener.onCommandStart: Assert that id: screen.monthly is visible RUNNING
19:37:45.980 [ INFO] maestro.cli.runner.CliConsoleListener.onCommandFinished: Assert that id: screen.monthly is visible COMPLETED
19:37:45.980 [ INFO] maestro.cli.runner.CliConsoleListener.onCommandFinished: Run flow when id: screen.monthly is not visible COMPLETED
19:37:45.981 [ INFO] maestro.cli.runner.CliConsoleListener.onCommandStart: Wait for animation to end within 5000 ms RUNNING
19:37:45.984 [ INFO] maestro.Maestro.waitForAnimationToEnd$lambda$53: Waiting for animation to end with timeout 5000
19:37:45.989 [TRACE] maestro.utils.ScreenshotUtils.takeScreenshot: Taking screenshot to byte array
19:37:45.989 [TRACE] maestro.utils.ScreenshotUtils.takeScreenshot: Taking screenshot to output sink
19:37:47.471 [TRACE] maestro.utils.ScreenshotUtils.takeScreenshot: Taking screenshot to byte array
19:37:47.472 [TRACE] maestro.utils.ScreenshotUtils.takeScreenshot: Taking screenshot to output sink
19:37:49.158 [ INFO] maestro.cli.runner.CliConsoleListener.onCommandFinished: Wait for animation to end within 5000 ms COMPLETED
19:37:49.158 [ INFO] maestro.cli.runner.CliConsoleListener.onCommandFinished: Run open_monthly_history.yaml COMPLETED
19:37:49.158 [ INFO] maestro.cli.runner.CliConsoleListener.onCommandFinished: Run ../../.maestro/subflows/bootstrap_monthly.yaml COMPLETED
19:37:49.159 [ INFO] maestro.cli.runner.CliConsoleListener.onCommandStart: Run console.log("Scénario ponctuel : pas de bottom sheet, prefill, rename, isolation")
 RUNNING
19:37:49.159 [ INFO] maestro.cli.runner.CliConsoleListener.onCommandFinished: Run console.log("Scénario ponctuel : pas de bottom sheet, prefill, rename, isolation")
 COMPLETED
19:37:49.160 [ INFO] maestro.cli.runner.CliConsoleListener.onCommandStart: Tap on "Courses Hebdomadaires" RUNNING
19:37:49.343 [ INFO] maestro.Maestro.tap-HgV9Ck0: Tapping on element:  UiElement(treeNode=TreeNode(attributes={text=Courses Hebdomadaires, accessibilityText=, hintText=, ignoreBoundsFiltering=false, resource-id=transaction.item.title, clickable=false, bounds=[238,1761][701,1810], enabled=true, focused=false, checked=false, scrollable=false, selected=false, class=android.widget.TextView, important-for-accessibility=true, error=}, children=[], clickable=false, enabled=true, focused=false, checked=false, selected=false), bounds=Bounds(x=238, y=1761, width=463, height=49))
19:37:50.842 [ INFO] maestro.Maestro.tap-HgV9Ck0: Tap aimed via settled hierarchy
19:37:50.843 [ INFO] maestro.Maestro.hierarchyBasedTap-ogj28Uc: Tapping at (469, 1785) using hierarchy based logic for wait
19:37:52.506 [ INFO] maestro.Maestro.hierarchyBasedTap-ogj28Uc: Something has changed in the UI judging by view hierarchy. Proceed.
19:37:52.506 [ INFO] maestro.cli.runner.CliConsoleListener.onCommandFinished: Tap on "Courses Hebdomadaires" COMPLETED
19:37:52.506 [ INFO] maestro.cli.runner.CliConsoleListener.onCommandStart: Assert that id: screen.transaction.detail is visible RUNNING
19:37:52.659 [ INFO] maestro.cli.runner.CliConsoleListener.onCommandFinished: Assert that id: screen.transaction.detail is visible COMPLETED
19:37:52.659 [ INFO] maestro.cli.runner.CliConsoleListener.onCommandStart: Tap on id: transaction.detail.edit RUNNING
19:37:52.823 [ INFO] maestro.Maestro.tap-HgV9Ck0: Tapping on element:  UiElement(treeNode=TreeNode(attributes={text=, accessibilityText=, hintText=, ignoreBoundsFiltering=false, resource-id=transaction.detail.edit, clickable=true, bounds=[775,339][901,465], enabled=true, focused=false, checked=false, scrollable=false, selected=false, class=android.view.View, important-for-accessibility=true, error=}, children=[TreeNode(attributes={text=, accessibilityText=Modifier, hintText=, ignoreBoundsFiltering=false, resource-id=, clickable=false, bounds=[806,370][869,433], enabled=true, focused=false, checked=false, scrollable=false, selected=false, class=android.view.View, important-for-accessibility=true, error=}, children=[], clickable=false, enabled=true, focused=false, checked=false, selected=false)], clickable=true, enabled=true, focused=false, checked=false, selected=false), bounds=Bounds(x=775, y=339, width=126, height=126))
19:37:54.250 [ INFO] maestro.Maestro.tap-HgV9Ck0: Tap aimed via settled hierarchy
19:37:54.251 [ INFO] maestro.Maestro.hierarchyBasedTap-ogj28Uc: Tapping at (838, 402) using hierarchy based logic for wait
19:37:55.599 [ INFO] maestro.Maestro.hierarchyBasedTap-ogj28Uc: Something has changed in the UI judging by view hierarchy. Proceed.
19:37:55.600 [ INFO] maestro.cli.runner.CliConsoleListener.onCommandFinished: Tap on id: transaction.detail.edit COMPLETED
19:37:55.600 [ INFO] maestro.cli.runner.CliConsoleListener.onCommandStart: Assert that "Cette transaction fait partie d'une série récurrente." is not visible RUNNING
19:37:56.311 [ INFO] maestro.cli.runner.CliConsoleListener.onCommandFinished: Assert that "Cette transaction fait partie d'une série récurrente." is not visible COMPLETED
19:37:56.311 [ INFO] maestro.cli.runner.CliConsoleListener.onCommandStart: Assert that id: screen.transaction.edit is visible RUNNING
19:37:56.431 [ INFO] maestro.cli.runner.CliConsoleListener.onCommandFinished: Assert that id: screen.transaction.edit is visible COMPLETED
19:37:56.431 [ INFO] maestro.cli.runner.CliConsoleListener.onCommandStart: Run ../../.maestro/subflows/assert_edit_form_prefilled.yaml RUNNING
19:37:56.432 [ INFO] maestro.cli.runner.CliConsoleListener.onCommandStart: Define variables RUNNING
19:37:56.433 [ INFO] maestro.cli.runner.CliConsoleListener.onCommandFinished: Define variables COMPLETED
19:37:56.434 [ INFO] maestro.cli.runner.CliConsoleListener.onCommandStart: Apply configuration RUNNING
19:37:56.435 [ INFO] maestro.cli.runner.CliConsoleListener.onCommandFinished: Apply configuration COMPLETED
19:37:56.435 [ INFO] maestro.cli.runner.CliConsoleListener.onCommandStart: Assert that "${title}", id: transaction.edit.field.title is visible RUNNING
19:37:56.559 [ INFO] maestro.cli.runner.CliConsoleListener.onCommandFinished: Assert that "${title}", id: transaction.edit.field.title is visible COMPLETED
19:37:56.564 [ INFO] maestro.cli.runner.CliConsoleListener.onCommandStart: Assert that "${amount}", id: transaction.edit.field.amount is visible RUNNING
19:37:56.686 [ INFO] maestro.cli.runner.CliConsoleListener.onCommandFinished: Assert that "${amount}", id: transaction.edit.field.amount is visible COMPLETED
19:37:56.686 [ INFO] maestro.cli.runner.CliConsoleListener.onCommandStart: Assert that "${type || "Dépense ✅"}" is visible RUNNING
19:37:56.836 [ INFO] maestro.cli.runner.CliConsoleListener.onCommandFinished: Assert that "${type || "Dépense ✅"}" is visible COMPLETED
19:37:56.836 [ INFO] maestro.cli.runner.CliConsoleListener.onCommandStart: Assert that "${category}" is visible RUNNING
19:37:56.958 [ INFO] maestro.cli.runner.CliConsoleListener.onCommandFinished: Assert that "${category}" is visible COMPLETED
19:37:56.959 [ INFO] maestro.cli.runner.CliConsoleListener.onCommandStart: Assert that "${account}" is visible RUNNING
19:37:57.109 [ INFO] maestro.cli.runner.CliConsoleListener.onCommandFinished: Assert that "${account}" is visible COMPLETED
19:37:57.109 [ INFO] maestro.cli.runner.CliConsoleListener.onCommandFinished: Run ../../.maestro/subflows/assert_edit_form_prefilled.yaml COMPLETED
19:37:57.111 [ INFO] maestro.cli.runner.CliConsoleListener.onCommandStart: Repeat 3 times RUNNING
19:37:57.112 [ INFO] maestro.cli.runner.CliConsoleListener.onCommandStart: Scroll vertically RUNNING
19:37:57.113 [ INFO] maestro.Maestro.scrollVertical: Scrolling vertically
19:37:57.941 [ INFO] maestro.cli.runner.CliConsoleListener.onCommandFinished: Scroll vertically COMPLETED
19:37:57.941 [ INFO] maestro.cli.runner.CliConsoleListener.onCommandReset: Scroll vertically PENDING
19:37:57.942 [ INFO] maestro.cli.runner.CliConsoleListener.onCommandStart: Scroll vertically RUNNING
19:37:57.942 [ INFO] maestro.Maestro.scrollVertical: Scrolling vertically
19:37:59.111 [ INFO] maestro.cli.runner.CliConsoleListener.onCommandFinished: Scroll vertically COMPLETED
19:37:59.111 [ INFO] maestro.cli.runner.CliConsoleListener.onCommandReset: Scroll vertically PENDING
19:37:59.112 [ INFO] maestro.cli.runner.CliConsoleListener.onCommandStart: Scroll vertically RUNNING
19:37:59.112 [ INFO] maestro.Maestro.scrollVertical: Scrolling vertically
19:38:00.342 [ INFO] maestro.cli.runner.CliConsoleListener.onCommandFinished: Scroll vertically COMPLETED
19:38:00.343 [ INFO] maestro.cli.runner.CliConsoleListener.onCommandFinished: Repeat 3 times COMPLETED
19:38:00.344 [ INFO] maestro.cli.runner.CliConsoleListener.onCommandStart: Assert that id: transaction.edit.block.recurrence is not visible RUNNING
19:38:02.088 [ INFO] maestro.cli.runner.CliConsoleListener.onCommandFinished: Assert that id: transaction.edit.block.recurrence is not visible COMPLETED
19:38:02.088 [ INFO] maestro.cli.runner.CliConsoleListener.onCommandStart: Scrolling UP until id: transaction.edit.field.amount is visible with speed 40, visibility percentage 100%, timeout 20000 ms, with centering disabled RUNNING
19:38:02.893 [ WARN] maestro.orchestra.Orchestra.scrollUntilVisible: Error: maestro.MaestroException$ElementNotFound: Element not found: Id matching regex: transaction.edit.field.amount
19:38:02.938 [ INFO] maestro.Maestro.swipeFromCenter: Swiping DOWN from center
19:38:04.621 [ INFO] maestro.orchestra.Orchestra.scrollUntilVisible: Scrolling try count: 0, DeviceWidth: 1080, DeviceWidth: 2400
19:38:04.622 [ INFO] maestro.orchestra.Orchestra.scrollUntilVisible: Element bounds: Bounds(x=100, y=319, width=880, height=189)
19:38:04.623 [ INFO] maestro.orchestra.Orchestra.scrollUntilVisible: Visibility Percent: 1.0
19:38:04.624 [ INFO] maestro.orchestra.Orchestra.scrollUntilVisible: Command centerElement: ScrollUntilVisibleCommand(selector=ElementSelector(textRegex=null, idRegex=transaction.edit.field.amount, size=null, below=null, above=null, leftOf=null, rightOf=null, containsChild=null, containsDescendants=null, traits=null, index=null, enabled=null, optional=false, selected=null, checked=null, focused=null, childOf=null, css=null), direction=UP, scrollDuration=601, visibilityPercentage=100, timeout=20000, waitToSettleTimeoutMs=null, centerElement=false, originalSpeedValue=40, label=null, optional=false).centerElement
19:38:04.625 [ INFO] maestro.orchestra.Orchestra.scrollUntilVisible: visibilityPercentageNormalized: 1.0
19:38:04.625 [ INFO] maestro.cli.runner.CliConsoleListener.onCommandFinished: Scrolling UP until id: transaction.edit.field.amount is visible with speed 40, visibility percentage 100%, timeout 20000 ms, with centering disabled COMPLETED
19:38:04.625 [ INFO] maestro.cli.runner.CliConsoleListener.onCommandStart: Run ../../.maestro/subflows/update_amount.yaml RUNNING
19:38:04.626 [ INFO] maestro.cli.runner.CliConsoleListener.onCommandStart: Define variables RUNNING
19:38:04.626 [ INFO] maestro.cli.runner.CliConsoleListener.onCommandFinished: Define variables COMPLETED
19:38:04.627 [ INFO] maestro.cli.runner.CliConsoleListener.onCommandStart: Apply configuration RUNNING
19:38:04.627 [ INFO] maestro.cli.runner.CliConsoleListener.onCommandFinished: Apply configuration COMPLETED
19:38:04.627 [ INFO] maestro.cli.runner.CliConsoleListener.onCommandStart: Run clear_text_field.yaml RUNNING
19:38:04.629 [ INFO] maestro.cli.runner.CliConsoleListener.onCommandStart: Define variables RUNNING
19:38:04.638 [ INFO] maestro.cli.runner.CliConsoleListener.onCommandFinished: Define variables COMPLETED
19:38:04.638 [ INFO] maestro.cli.runner.CliConsoleListener.onCommandStart: Apply configuration RUNNING
19:38:04.639 [ INFO] maestro.cli.runner.CliConsoleListener.onCommandFinished: Apply configuration COMPLETED
19:38:04.640 [ INFO] maestro.cli.runner.CliConsoleListener.onCommandStart: Tap on id: ${target_id} RUNNING
19:38:04.829 [ INFO] maestro.Maestro.tap-HgV9Ck0: Tapping on element:  UiElement(treeNode=TreeNode(attributes={text=Courses Hebdomadaires, accessibilityText=, hintText=, ignoreBoundsFiltering=false, resource-id=transaction.edit.field.title, clickable=true, bounds=[100,608][980,755], enabled=true, focused=false, checked=false, scrollable=false, selected=false, class=android.widget.EditText, important-for-accessibility=true, error=}, children=[TreeNode(attributes={text=, accessibilityText=, hintText=, ignoreBoundsFiltering=false, resource-id=, clickable=false, bounds=[100,608][980,755], enabled=true, focused=false, checked=false, scrollable=false, selected=false, class=android.view.View, important-for-accessibility=false, error=}, children=[], clickable=false, enabled=true, focused=false, checked=false, selected=false), TreeNode(attributes={text=, accessibilityText=, hintText=, ignoreBoundsFiltering=false, resource-id=, clickable=false, bounds=[142,619][938,745], enabled=true, focused=false, checked=false, scrollable=false, selected=false, class=android.view.View, important-for-accessibility=false, error=}, children=[], clickable=false, enabled=true, focused=false, checked=false, selected=false)], clickable=true, enabled=true, focused=false, checked=false, selected=false), bounds=Bounds(x=100, y=608, width=880, height=147))
19:38:06.182 [ INFO] maestro.Maestro.tap-HgV9Ck0: Tap aimed via settled hierarchy
19:38:06.185 [ INFO] maestro.Maestro.hierarchyBasedTap-ogj28Uc: Tapping at (540, 681) using hierarchy based logic for wait
19:38:09.527 [ INFO] maestro.Maestro.hierarchyBasedTap-ogj28Uc: Something has changed in the UI judging by view hierarchy. Proceed.
19:38:09.528 [ INFO] maestro.cli.runner.CliConsoleListener.onCommandFinished: Tap on id: ${target_id} COMPLETED
19:38:09.528 [ INFO] maestro.cli.runner.CliConsoleListener.onCommandStart: Long press on id: ${target_id} RUNNING
19:38:10.000 [ INFO] maestro.Maestro.tap-HgV9Ck0: Tapping on element:  UiElement(treeNode=TreeNode(attributes={text=Courses Hebdomadaires, accessibilityText=, hintText=, ignoreBoundsFiltering=false, resource-id=transaction.edit.field.title, clickable=true, bounds=[100,608][980,755], enabled=true, focused=true, checked=false, scrollable=false, selected=false, class=android.widget.EditText, important-for-accessibility=true, error=}, children=[TreeNode(attributes={text=, accessibilityText=, hintText=, ignoreBoundsFiltering=false, resource-id=, clickable=false, bounds=[100,608][980,755], enabled=true, focused=false, checked=false, scrollable=false, selected=false, class=android.view.View, important-for-accessibility=false, error=}, children=[], clickable=false, enabled=true, focused=false, checked=false, selected=false), TreeNode(attributes={text=, accessibilityText=, hintText=, ignoreBoundsFiltering=false, resource-id=, clickable=false, bounds=[142,657][938,706], enabled=true, focused=false, checked=false, scrollable=false, selected=false, class=android.view.View, important-for-accessibility=false, error=}, children=[], clickable=false, enabled=true, focused=false, checked=false, selected=false)], clickable=true, enabled=true, focused=true, checked=false, selected=false), bounds=Bounds(x=100, y=608, width=880, height=147))
19:38:12.806 [ INFO] maestro.Maestro.tap-HgV9Ck0: Tap aimed via settled hierarchy
19:38:12.808 [ INFO] maestro.Maestro.hierarchyBasedTap-ogj28Uc: Tapping at (540, 681) using hierarchy based logic for wait
19:38:19.583 [ INFO] maestro.Maestro.hierarchyBasedTap-ogj28Uc: Something has changed in the UI judging by view hierarchy. Proceed.
19:38:19.583 [ INFO] maestro.cli.runner.CliConsoleListener.onCommandFinished: Long press on id: ${target_id} COMPLETED
19:38:19.583 [ INFO] maestro.cli.runner.CliConsoleListener.onCommandStart: Assert that (Optional) "Tout sélectionner|Select all" is visible RUNNING
19:38:20.279 [ INFO] maestro.cli.runner.CliConsoleListener.onCommandFinished: Assert that (Optional) "Tout sélectionner|Select all" is visible COMPLETED
19:38:20.284 [ INFO] maestro.cli.runner.CliConsoleListener.onCommandStart: Run flow when "Tout sélectionner|Select all" is not visible RUNNING
19:38:26.703 [ INFO] maestro.orchestra.Orchestra.executeSubflowCommands: [Command execution subflow] CommandSkipped: null
19:38:26.703 [ INFO] maestro.cli.runner.CliConsoleListener.onCommandFinished: Run flow when "Tout sélectionner|Select all" is not visible SKIPPED
19:38:26.704 [ INFO] maestro.cli.runner.CliConsoleListener.onCommandStart: Tap on "Tout sélectionner|Select all" RUNNING
19:38:26.951 [ INFO] maestro.Maestro.tap-HgV9Ck0: Tapping on element:  UiElement(treeNode=TreeNode(attributes={text=Select all, accessibilityText=, hintText=, ignoreBoundsFiltering=false, resource-id=android:id/floating_toolbar_menu_item_text, clickable=false, bounds=[388,510][537,636], enabled=true, focused=false, checked=false, scrollable=false, selected=false, class=android.widget.TextView, important-for-accessibility=false, error=}, children=[], clickable=false, enabled=true, focused=false, checked=false, selected=false), bounds=Bounds(x=388, y=510, width=149, height=126))
19:38:28.217 [ INFO] maestro.Maestro.tap-HgV9Ck0: Tap aimed via settled hierarchy
19:38:28.218 [ INFO] maestro.Maestro.hierarchyBasedTap-ogj28Uc: Tapping at (462, 573) using hierarchy based logic for wait
19:38:29.972 [ INFO] maestro.Maestro.hierarchyBasedTap-ogj28Uc: Something has changed in the UI judging by view hierarchy. Proceed.
19:38:29.972 [ INFO] maestro.cli.runner.CliConsoleListener.onCommandFinished: Tap on "Tout sélectionner|Select all" COMPLETED
19:38:29.973 [ INFO] maestro.cli.runner.CliConsoleListener.onCommandStart: Erase 1 characters RUNNING
19:38:29.974 [ INFO] maestro.Maestro.eraseText$lambda$52: Erasing 1 characters
19:38:31.089 [ INFO] maestro.cli.runner.CliConsoleListener.onCommandFinished: Erase 1 characters COMPLETED
19:38:31.090 [ INFO] maestro.cli.runner.CliConsoleListener.onCommandFinished: Run clear_text_field.yaml COMPLETED
19:38:31.090 [ INFO] maestro.cli.runner.CliConsoleListener.onCommandStart: Input text ${new_value} RUNNING
19:38:31.094 [ INFO] maestro.Maestro.inputText: Inputting text: Courses modified
19:38:36.202 [ INFO] maestro.cli.runner.CliConsoleListener.onCommandFinished: Input text ${new_value} COMPLETED
19:38:36.203 [ INFO] maestro.cli.runner.CliConsoleListener.onCommandStart: Hide Keyboard RUNNING
19:38:36.204 [ INFO] maestro.Maestro.hideKeyboard$lambda$12: Hiding Keyboard
19:38:37.149 [ INFO] maestro.cli.runner.CliConsoleListener.onCommandFinished: Hide Keyboard COMPLETED
19:38:37.149 [ INFO] maestro.cli.runner.CliConsoleListener.onCommandStart: Tap on id: common.btn.save RUNNING
19:38:37.192 [ INFO] maestro.Maestro.tap-HgV9Ck0: Tapping on element:  UiElement(treeNode=TreeNode(attributes={text=, accessibilityText=, hintText=, ignoreBoundsFiltering=false, resource-id=common.btn.save, clickable=true, bounds=[53,2200][1027,2347], enabled=true, focused=false, checked=false, scrollable=false, selected=false, class=android.view.View, important-for-accessibility=true, error=}, children=[TreeNode(attributes={text=Enregistrer, accessibilityText=, hintText=, ignoreBoundsFiltering=false, resource-id=, clickable=false, bounds=[452,2247][629,2300], enabled=true, focused=false, checked=false, scrollable=false, selected=false, class=android.widget.TextView, important-for-accessibility=true, error=}, children=[], clickable=false, enabled=true, focused=false, checked=false, selected=false), TreeNode(attributes={text=, accessibilityText=, hintText=, ignoreBoundsFiltering=false, resource-id=, clickable=false, bounds=[53,2200][1027,2347], enabled=true, focused=false, checked=false, scrollable=false, selected=false, class=android.widget.Button, important-for-accessibility=true, error=}, children=[], clickable=false, enabled=true, focused=false, checked=false, selected=false)], clickable=true, enabled=true, focused=false, checked=false, selected=false), bounds=Bounds(x=53, y=2200, width=974, height=147))
19:38:38.422 [ INFO] maestro.Maestro.tap-HgV9Ck0: Tap aimed via settled hierarchy
19:38:38.423 [ INFO] maestro.Maestro.hierarchyBasedTap-ogj28Uc: Tapping at (540, 2273) using hierarchy based logic for wait
19:38:39.738 [ INFO] maestro.Maestro.hierarchyBasedTap-ogj28Uc: Something has changed in the UI judging by view hierarchy. Proceed.
19:38:39.738 [ INFO] maestro.cli.runner.CliConsoleListener.onCommandFinished: Tap on id: common.btn.save COMPLETED
19:38:39.738 [ INFO] maestro.cli.runner.CliConsoleListener.onCommandFinished: Run ../../.maestro/subflows/update_amount.yaml COMPLETED
19:38:39.738 [ INFO] maestro.cli.runner.CliConsoleListener.onCommandStart: Assert that id: screen.transaction.detail is visible RUNNING
19:38:39.851 [ INFO] maestro.cli.runner.CliConsoleListener.onCommandFinished: Assert that id: screen.transaction.detail is visible COMPLETED
19:38:39.851 [ INFO] maestro.cli.runner.CliConsoleListener.onCommandStart: Assert that "Courses modified" is visible RUNNING
19:38:39.961 [ INFO] maestro.cli.runner.CliConsoleListener.onCommandFinished: Assert that "Courses modified" is visible COMPLETED
19:38:39.961 [ INFO] maestro.cli.runner.CliConsoleListener.onCommandStart: Assert that "Courses Hebdomadaires" is not visible RUNNING
19:38:40.634 [ INFO] maestro.cli.runner.CliConsoleListener.onCommandFinished: Assert that "Courses Hebdomadaires" is not visible COMPLETED
