08:26:32.165 [ INFO] maestro.cli.runner.CliConsoleListener.onCommandStart: Define variables RUNNING
08:26:32.166 [ INFO] maestro.cli.runner.CliConsoleListener.onCommandFinished: Define variables COMPLETED
08:26:32.167 [ INFO] maestro.cli.runner.CliConsoleListener.onCommandStart: Apply configuration RUNNING
08:26:32.169 [ INFO] maestro.cli.runner.CliConsoleListener.onCommandFinished: Apply configuration COMPLETED
08:26:32.169 [ INFO] maestro.cli.runner.CliConsoleListener.onCommandStart: Run ../../.maestro/subflows/bootstrap_monthly.yaml RUNNING
08:26:32.169 [ INFO] maestro.cli.runner.CliConsoleListener.onCommandStart: Apply configuration RUNNING
08:26:32.169 [ INFO] maestro.cli.runner.CliConsoleListener.onCommandFinished: Apply configuration COMPLETED
08:26:32.170 [ INFO] maestro.cli.runner.CliConsoleListener.onCommandStart: Run ../../scripts/dates.js RUNNING
08:26:34.010 [ INFO] maestro.orchestra.Orchestra.executeCommands$lambda$23$lambda$21: JsConsole: Maestro Dates Initialized: Prev=août / Août / 08 (2026)
08:26:34.012 [ INFO] maestro.orchestra.Orchestra.executeCommands$lambda$23$lambda$21: JsConsole: Maestro Dates Initialized: Curr=septembre / Sept. / 09 (2026)
08:26:34.012 [ INFO] maestro.orchestra.Orchestra.executeCommands$lambda$23$lambda$21: JsConsole: Maestro Dates Initialized: Next=octobre / Oct. / 10 (2026)
08:26:34.016 [ INFO] maestro.cli.runner.CliConsoleListener.onCommandFinished: Run ../../scripts/dates.js COMPLETED
08:26:34.016 [ INFO] maestro.cli.runner.CliConsoleListener.onCommandStart: Launch app "com.lop.budget" with clear state RUNNING
08:26:34.018 [ INFO] maestro.Maestro.clearAppState$lambda$8: Clearing app state com.lop.budget
08:26:37.333 [ INFO] maestro.Maestro.launchApp$lambda$5: Launching app com.lop.budget
08:26:37.333 [ INFO] maestro.Maestro.launchApp$lambda$5: Stopping com.lop.budget app during launch
08:26:37.610 [ INFO] maestro.cli.runner.CliConsoleListener.onCommandFinished: Launch app "com.lop.budget" with clear state COMPLETED
08:26:37.610 [ INFO] maestro.cli.runner.CliConsoleListener.onCommandStart: Run open_monthly_history.yaml RUNNING
08:26:37.611 [ INFO] maestro.cli.runner.CliConsoleListener.onCommandStart: Apply configuration RUNNING
08:26:37.611 [ INFO] maestro.cli.runner.CliConsoleListener.onCommandFinished: Apply configuration COMPLETED
08:26:37.611 [ INFO] maestro.cli.runner.CliConsoleListener.onCommandStart: Run flow when id: screen.monthly is not visible RUNNING
08:26:38.438 [ INFO] maestro.cli.runner.CliConsoleListener.onCommandStart: Scrolling DOWN until id: recent_transactions_see_all is visible with speed 40, visibility percentage 100%, timeout 20000 ms, with centering enabled RUNNING
08:26:39.076 [ WARN] maestro.orchestra.Orchestra.scrollUntilVisible: Error: maestro.MaestroException$ElementNotFound: Element not found: Id matching regex: recent_transactions_see_all
08:26:39.088 [ INFO] maestro.Maestro.swipeFromCenter: Swiping UP from center
08:26:40.540 [ WARN] maestro.orchestra.Orchestra.scrollUntilVisible: Error: maestro.MaestroException$ElementNotFound: Element not found: Id matching regex: recent_transactions_see_all
08:26:40.550 [ INFO] maestro.Maestro.swipeFromCenter: Swiping UP from center
08:26:45.378 [ INFO] maestro.orchestra.Orchestra.scrollUntilVisible: Scrolling try count: 0, DeviceWidth: 1080, DeviceWidth: 2400
08:26:45.379 [ INFO] maestro.orchestra.Orchestra.scrollUntilVisible: Element bounds: Bounds(x=763, y=2033, width=243, height=126)
08:26:45.379 [ INFO] maestro.orchestra.Orchestra.scrollUntilVisible: Visibility Percent: 1.0
08:26:45.379 [ INFO] maestro.orchestra.Orchestra.scrollUntilVisible: Command centerElement: ScrollUntilVisibleCommand(selector=ElementSelector(textRegex=null, idRegex=recent_transactions_see_all, size=null, below=null, above=null, leftOf=null, rightOf=null, containsChild=null, containsDescendants=null, traits=null, index=null, enabled=null, optional=false, selected=null, checked=null, focused=null, childOf=null, css=null), direction=DOWN, scrollDuration=601, visibilityPercentage=100, timeout=20000, waitToSettleTimeoutMs=null, centerElement=true, originalSpeedValue=40, label=null, optional=false).centerElement
08:26:45.379 [ INFO] maestro.orchestra.Orchestra.scrollUntilVisible: visibilityPercentageNormalized: 1.0
08:26:45.425 [ INFO] maestro.Maestro.swipeFromCenter: Swiping UP from center
08:26:47.817 [ INFO] maestro.orchestra.Orchestra.scrollUntilVisible: Scrolling try count: 1, DeviceWidth: 1080, DeviceWidth: 2400
08:26:47.817 [ INFO] maestro.orchestra.Orchestra.scrollUntilVisible: Element bounds: Bounds(x=763, y=1304, width=243, height=126)
08:26:47.817 [ INFO] maestro.orchestra.Orchestra.scrollUntilVisible: Visibility Percent: 1.0
08:26:47.817 [ INFO] maestro.orchestra.Orchestra.scrollUntilVisible: Command centerElement: ScrollUntilVisibleCommand(selector=ElementSelector(textRegex=null, idRegex=recent_transactions_see_all, size=null, below=null, above=null, leftOf=null, rightOf=null, containsChild=null, containsDescendants=null, traits=null, index=null, enabled=null, optional=false, selected=null, checked=null, focused=null, childOf=null, css=null), direction=DOWN, scrollDuration=601, visibilityPercentage=100, timeout=20000, waitToSettleTimeoutMs=null, centerElement=true, originalSpeedValue=40, label=null, optional=false).centerElement
08:26:47.817 [ INFO] maestro.orchestra.Orchestra.scrollUntilVisible: visibilityPercentageNormalized: 1.0
08:26:47.818 [ INFO] maestro.cli.runner.CliConsoleListener.onCommandFinished: Scrolling DOWN until id: recent_transactions_see_all is visible with speed 40, visibility percentage 100%, timeout 20000 ms, with centering enabled COMPLETED
08:26:47.818 [ INFO] maestro.cli.runner.CliConsoleListener.onCommandStart: Tap on id: recent_transactions_see_all RUNNING
08:26:48.556 [ INFO] maestro.Maestro.tap-HgV9Ck0: Tapping on element:  UiElement(treeNode=TreeNode(attributes={text=, accessibilityText=, hintText=, ignoreBoundsFiltering=false, resource-id=recent_transactions_see_all, clickable=true, bounds=[763,1304][1006,1430], enabled=true, focused=false, checked=false, scrollable=false, selected=false, class=android.view.View, important-for-accessibility=true, error=}, children=[TreeNode(attributes={text=Voir tout, accessibilityText=, hintText=, ignoreBoundsFiltering=false, resource-id=, clickable=false, bounds=[795,1340][932,1393], enabled=true, focused=false, checked=false, scrollable=false, selected=false, class=android.widget.TextView, important-for-accessibility=true, error=}, children=[], clickable=false, enabled=true, focused=false, checked=false, selected=false), TreeNode(attributes={text=, accessibilityText=, hintText=, ignoreBoundsFiltering=false, resource-id=, clickable=false, bounds=[763,1314][1006,1419], enabled=true, focused=false, checked=false, scrollable=false, selected=false, class=android.widget.Button, important-for-accessibility=true, error=}, children=[], clickable=false, enabled=true, focused=false, checked=false, selected=false)], clickable=true, enabled=true, focused=false, checked=false, selected=false), bounds=Bounds(x=763, y=1304, width=243, height=126))
08:26:49.879 [ INFO] maestro.Maestro.tap-HgV9Ck0: Tap aimed via settled hierarchy
08:26:49.880 [ INFO] maestro.Maestro.hierarchyBasedTap-ogj28Uc: Tapping at (884, 1367) using hierarchy based logic for wait
08:26:52.068 [ INFO] maestro.Maestro.hierarchyBasedTap-ogj28Uc: Something has changed in the UI judging by view hierarchy. Proceed.
08:26:52.069 [ INFO] maestro.cli.runner.CliConsoleListener.onCommandFinished: Tap on id: recent_transactions_see_all COMPLETED
08:26:52.069 [ INFO] maestro.cli.runner.CliConsoleListener.onCommandStart: Assert that id: screen.monthly is visible RUNNING
08:26:52.347 [ INFO] maestro.cli.runner.CliConsoleListener.onCommandFinished: Assert that id: screen.monthly is visible COMPLETED
08:26:52.347 [ INFO] maestro.cli.runner.CliConsoleListener.onCommandFinished: Run flow when id: screen.monthly is not visible COMPLETED
08:26:52.348 [ INFO] maestro.cli.runner.CliConsoleListener.onCommandStart: Wait for animation to end within 5000 ms RUNNING
08:26:52.349 [ INFO] maestro.Maestro.waitForAnimationToEnd$lambda$53: Waiting for animation to end with timeout 5000
08:26:52.349 [TRACE] maestro.utils.ScreenshotUtils.takeScreenshot: Taking screenshot to byte array
08:26:52.349 [TRACE] maestro.utils.ScreenshotUtils.takeScreenshot: Taking screenshot to output sink
08:26:52.835 [TRACE] maestro.utils.ScreenshotUtils.takeScreenshot: Taking screenshot to byte array
08:26:52.835 [TRACE] maestro.utils.ScreenshotUtils.takeScreenshot: Taking screenshot to output sink
08:26:53.666 [ INFO] maestro.cli.runner.CliConsoleListener.onCommandFinished: Wait for animation to end within 5000 ms COMPLETED
08:26:53.667 [ INFO] maestro.cli.runner.CliConsoleListener.onCommandFinished: Run open_monthly_history.yaml COMPLETED
08:26:53.667 [ INFO] maestro.cli.runner.CliConsoleListener.onCommandFinished: Run ../../.maestro/subflows/bootstrap_monthly.yaml COMPLETED
08:26:53.667 [ INFO] maestro.cli.runner.CliConsoleListener.onCommandStart: Run ../../.maestro/subflows/go_to_home.yaml RUNNING
08:26:53.667 [ INFO] maestro.cli.runner.CliConsoleListener.onCommandStart: Apply configuration RUNNING
08:26:53.669 [ INFO] maestro.cli.runner.CliConsoleListener.onCommandFinished: Apply configuration COMPLETED
08:26:53.669 [ INFO] maestro.cli.runner.CliConsoleListener.onCommandStart: Repeat while id: home.month.picker is not visible RUNNING
08:26:54.500 [ INFO] maestro.cli.runner.CliConsoleListener.onCommandStart: Tap on id: common.btn.back RUNNING
08:26:54.599 [ INFO] maestro.Maestro.tap-HgV9Ck0: Tapping on element:  UiElement(treeNode=TreeNode(attributes={text=, accessibilityText=, hintText=, ignoreBoundsFiltering=false, resource-id=common.btn.back, clickable=true, bounds=[12,150][138,276], enabled=true, focused=false, checked=false, scrollable=false, selected=false, class=android.view.View, important-for-accessibility=true, error=}, children=[TreeNode(attributes={text=, accessibilityText=Retour, hintText=, ignoreBoundsFiltering=false, resource-id=, clickable=false, bounds=[43,181][106,244], enabled=true, focused=false, checked=false, scrollable=false, selected=false, class=android.view.View, important-for-accessibility=true, error=}, children=[], clickable=false, enabled=true, focused=false, checked=false, selected=false), TreeNode(attributes={text=, accessibilityText=, hintText=, ignoreBoundsFiltering=false, resource-id=, clickable=false, bounds=[22,160][127,265], enabled=true, focused=false, checked=false, scrollable=false, selected=false, class=android.widget.Button, important-for-accessibility=true, error=}, children=[], clickable=false, enabled=true, focused=false, checked=false, selected=false)], clickable=true, enabled=true, focused=false, checked=false, selected=false), bounds=Bounds(x=12, y=150, width=126, height=126))
08:26:55.901 [ INFO] maestro.Maestro.tap-HgV9Ck0: Tap aimed via settled hierarchy
08:26:55.902 [ INFO] maestro.Maestro.hierarchyBasedTap-ogj28Uc: Tapping at (75, 213) using hierarchy based logic for wait
08:26:56.918 [ INFO] maestro.Maestro.hierarchyBasedTap-ogj28Uc: Something has changed in the UI judging by view hierarchy. Proceed.
08:26:56.918 [ INFO] maestro.cli.runner.CliConsoleListener.onCommandFinished: Tap on id: common.btn.back COMPLETED
08:27:03.993 [ INFO] maestro.cli.runner.CliConsoleListener.onCommandFinished: Repeat while id: home.month.picker is not visible COMPLETED
08:27:03.994 [ INFO] maestro.cli.runner.CliConsoleListener.onCommandFinished: Run ../../.maestro/subflows/go_to_home.yaml COMPLETED
08:27:03.994 [ INFO] maestro.cli.runner.CliConsoleListener.onCommandStart: Run console.log("TC-81-2 : création d'une série mensuelle ancrée sur aujourd'hui")
 RUNNING
08:27:03.994 [ INFO] maestro.cli.runner.CliConsoleListener.onCommandFinished: Run console.log("TC-81-2 : création d'une série mensuelle ancrée sur aujourd'hui")
 COMPLETED
08:27:03.994 [ INFO] maestro.cli.runner.CliConsoleListener.onCommandStart: Tap on id: nav.add.button RUNNING
08:27:04.083 [ INFO] maestro.Maestro.tap-HgV9Ck0: Tapping on element:  UiElement(treeNode=TreeNode(attributes={text=, accessibilityText=, hintText=, ignoreBoundsFiltering=false, resource-id=nav.add.button, clickable=true, bounds=[816,2095][963,2242], enabled=true, focused=false, checked=false, scrollable=false, selected=false, class=android.view.View, important-for-accessibility=true, error=}, children=[TreeNode(attributes={text=, accessibilityText=Ajouter, hintText=, ignoreBoundsFiltering=false, resource-id=, clickable=false, bounds=[853,2132][927,2206], enabled=true, focused=false, checked=false, scrollable=false, selected=false, class=android.view.View, important-for-accessibility=true, error=}, children=[], clickable=false, enabled=true, focused=false, checked=false, selected=false)], clickable=true, enabled=true, focused=false, checked=false, selected=false), bounds=Bounds(x=816, y=2095, width=147, height=147))
08:27:05.319 [ INFO] maestro.Maestro.tap-HgV9Ck0: Tap aimed via settled hierarchy
08:27:05.320 [ INFO] maestro.Maestro.hierarchyBasedTap-ogj28Uc: Tapping at (889, 2168) using hierarchy based logic for wait
08:27:06.286 [ INFO] maestro.Maestro.hierarchyBasedTap-ogj28Uc: Something has changed in the UI judging by view hierarchy. Proceed.
08:27:06.287 [ INFO] maestro.cli.runner.CliConsoleListener.onCommandFinished: Tap on id: nav.add.button COMPLETED
08:27:06.287 [ INFO] maestro.cli.runner.CliConsoleListener.onCommandStart: Assert that id: add.action.sheet is visible RUNNING
08:27:06.356 [ INFO] maestro.cli.runner.CliConsoleListener.onCommandFinished: Assert that id: add.action.sheet is visible COMPLETED
08:27:06.356 [ INFO] maestro.cli.runner.CliConsoleListener.onCommandStart: Tap on id: add.action.expense RUNNING
08:27:06.507 [ INFO] maestro.Maestro.tap-HgV9Ck0: Tapping on element:  UiElement(treeNode=TreeNode(attributes={text=, accessibilityText=, hintText=, ignoreBoundsFiltering=false, resource-id=add.action.expense, clickable=true, bounds=[95,1942][524,2242], enabled=true, focused=false, checked=false, scrollable=false, selected=false, class=android.view.View, important-for-accessibility=true, error=}, children=[TreeNode(attributes={text=, accessibilityText=, hintText=, ignoreBoundsFiltering=false, resource-id=, clickable=false, bounds=[241,1989][378,2126], enabled=true, focused=false, checked=false, scrollable=false, selected=false, class=android.view.View, important-for-accessibility=false, error=}, children=[TreeNode(attributes={text=, accessibilityText=Dépense, hintText=, ignoreBoundsFiltering=false, resource-id=, clickable=false, bounds=[276,2024][344,2092], enabled=true, focused=false, checked=false, scrollable=false, selected=false, class=android.view.View, important-for-accessibility=true, error=}, children=[], clickable=false, enabled=true, focused=false, checked=false, selected=false)], clickable=false, enabled=true, focused=false, checked=false, selected=false), TreeNode(attributes={text=Dépense, accessibilityText=, hintText=, ignoreBoundsFiltering=false, resource-id=, clickable=false, bounds=[240,2152][379,2195], enabled=true, focused=false, checked=false, scrollable=false, selected=false, class=android.widget.TextView, important-for-accessibility=true, error=}, children=[], clickable=false, enabled=true, focused=false, checked=false, selected=false)], clickable=true, enabled=true, focused=false, checked=false, selected=false), bounds=Bounds(x=95, y=1942, width=429, height=300))
08:27:07.698 [ INFO] maestro.Maestro.tap-HgV9Ck0: Tap aimed via settled hierarchy
08:27:07.699 [ INFO] maestro.Maestro.hierarchyBasedTap-ogj28Uc: Tapping at (309, 2092) using hierarchy based logic for wait
08:27:10.199 [ INFO] maestro.Maestro.hierarchyBasedTap-ogj28Uc: Something has changed in the UI judging by view hierarchy. Proceed.
08:27:10.199 [ INFO] maestro.cli.runner.CliConsoleListener.onCommandFinished: Tap on id: add.action.expense COMPLETED
08:27:10.199 [ INFO] maestro.cli.runner.CliConsoleListener.onCommandStart: Assert that "Choisir une catégorie" is visible RUNNING
08:27:10.277 [ INFO] maestro.cli.runner.CliConsoleListener.onCommandFinished: Assert that "Choisir une catégorie" is visible COMPLETED
08:27:10.278 [ INFO] maestro.cli.runner.CliConsoleListener.onCommandStart: Tap on "Chercher une catégorie..." RUNNING
08:27:10.357 [ INFO] maestro.Maestro.tap-HgV9Ck0: Tapping on element:  UiElement(treeNode=TreeNode(attributes={text=Chercher une catégorie..., accessibilityText=, hintText=, ignoreBoundsFiltering=false, resource-id=, clickable=false, bounds=[190,1108][653,1171], enabled=true, focused=false, checked=false, scrollable=false, selected=false, class=android.widget.TextView, important-for-accessibility=true, error=}, children=[], clickable=false, enabled=true, focused=false, checked=false, selected=false), bounds=Bounds(x=190, y=1108, width=463, height=63))
08:27:11.591 [ INFO] maestro.Maestro.tap-HgV9Ck0: Tap aimed via settled hierarchy
08:27:11.592 [ INFO] maestro.Maestro.hierarchyBasedTap-ogj28Uc: Tapping at (421, 1139) using hierarchy based logic for wait
08:27:12.634 [ INFO] maestro.Maestro.hierarchyBasedTap-ogj28Uc: Something has changed in the UI judging by view hierarchy. Proceed.
08:27:12.634 [ INFO] maestro.cli.runner.CliConsoleListener.onCommandFinished: Tap on "Chercher une catégorie..." COMPLETED
08:27:12.634 [ INFO] maestro.cli.runner.CliConsoleListener.onCommandStart: Input text Pharmacie RUNNING
08:27:12.635 [ INFO] maestro.Maestro.inputText: Inputting text: Pharmacie
08:27:18.645 [ INFO] maestro.cli.runner.CliConsoleListener.onCommandFinished: Input text Pharmacie COMPLETED
08:27:18.645 [ INFO] maestro.cli.runner.CliConsoleListener.onCommandStart: Hide Keyboard RUNNING
08:27:18.646 [ INFO] maestro.Maestro.hideKeyboard$lambda$12: Hiding Keyboard
08:27:19.685 [ INFO] maestro.cli.runner.CliConsoleListener.onCommandFinished: Hide Keyboard COMPLETED
08:27:19.686 [ INFO] maestro.cli.runner.CliConsoleListener.onCommandStart: Tap on "Pharmacie", Index: 1 RUNNING
08:27:19.754 [ INFO] maestro.Maestro.tap-HgV9Ck0: Tapping on element:  UiElement(treeNode=TreeNode(attributes={text=Pharmacie, accessibilityText=, hintText=, ignoreBoundsFiltering=false, resource-id=, clickable=false, bounds=[79,2200][240,2242], enabled=true, focused=false, checked=false, scrollable=false, selected=false, class=android.widget.TextView, important-for-accessibility=true, error=}, children=[], clickable=false, enabled=true, focused=false, checked=false, selected=false), bounds=Bounds(x=79, y=2200, width=161, height=42))
08:27:20.978 [ INFO] maestro.Maestro.tap-HgV9Ck0: Tap aimed via settled hierarchy
08:27:20.979 [ INFO] maestro.Maestro.hierarchyBasedTap-ogj28Uc: Tapping at (159, 2221) using hierarchy based logic for wait
08:27:21.919 [ INFO] maestro.Maestro.hierarchyBasedTap-ogj28Uc: Something has changed in the UI judging by view hierarchy. Proceed.
08:27:21.919 [ INFO] maestro.cli.runner.CliConsoleListener.onCommandFinished: Tap on "Pharmacie", Index: 1 COMPLETED
08:27:21.919 [ INFO] maestro.cli.runner.CliConsoleListener.onCommandStart: Assert that id: screen.transaction.edit is visible RUNNING
08:27:22.040 [ INFO] maestro.cli.runner.CliConsoleListener.onCommandFinished: Assert that id: screen.transaction.edit is visible COMPLETED
08:27:22.041 [ INFO] maestro.cli.runner.CliConsoleListener.onCommandStart: Tap on id: transaction.edit.field.title RUNNING
08:27:22.147 [ INFO] maestro.Maestro.tap-HgV9Ck0: Tapping on element:  UiElement(treeNode=TreeNode(attributes={text=, accessibilityText=, hintText=, ignoreBoundsFiltering=false, resource-id=transaction.edit.field.title, clickable=true, bounds=[100,991][980,1138], enabled=true, focused=false, checked=false, scrollable=false, selected=false, class=android.widget.EditText, important-for-accessibility=true, error=}, children=[TreeNode(attributes={text=, accessibilityText=, hintText=, ignoreBoundsFiltering=false, resource-id=, clickable=false, bounds=[100,991][980,1138], enabled=true, focused=false, checked=false, scrollable=false, selected=false, class=android.view.View, important-for-accessibility=false, error=}, children=[], clickable=false, enabled=true, focused=false, checked=false, selected=false), TreeNode(attributes={text=, accessibilityText=, hintText=, ignoreBoundsFiltering=false, resource-id=, clickable=false, bounds=[142,1002][938,1128], enabled=true, focused=false, checked=false, scrollable=false, selected=false, class=android.view.View, important-for-accessibility=false, error=}, children=[], clickable=false, enabled=true, focused=false, checked=false, selected=false)], clickable=true, enabled=true, focused=false, checked=false, selected=false), bounds=Bounds(x=100, y=991, width=880, height=147))
08:27:23.392 [ INFO] maestro.Maestro.tap-HgV9Ck0: Tap aimed via settled hierarchy
08:27:23.393 [ INFO] maestro.Maestro.hierarchyBasedTap-ogj28Uc: Tapping at (540, 1064) using hierarchy based logic for wait
08:27:25.414 [ INFO] maestro.Maestro.hierarchyBasedTap-ogj28Uc: Something has changed in the UI judging by view hierarchy. Proceed.
08:27:25.415 [ INFO] maestro.cli.runner.CliConsoleListener.onCommandFinished: Tap on id: transaction.edit.field.title COMPLETED
08:27:25.415 [ INFO] maestro.cli.runner.CliConsoleListener.onCommandStart: Input text TC-create-recurrent RUNNING
08:27:25.415 [ INFO] maestro.Maestro.inputText: Inputting text: TC-create-recurrent
08:27:31.995 [ INFO] maestro.cli.runner.CliConsoleListener.onCommandFinished: Input text TC-create-recurrent COMPLETED
08:27:31.996 [ INFO] maestro.cli.runner.CliConsoleListener.onCommandStart: Hide Keyboard RUNNING
08:27:31.996 [ INFO] maestro.Maestro.hideKeyboard$lambda$12: Hiding Keyboard
08:27:32.906 [ INFO] maestro.cli.runner.CliConsoleListener.onCommandFinished: Hide Keyboard COMPLETED
08:27:32.906 [ INFO] maestro.cli.runner.CliConsoleListener.onCommandStart: Tap on id: transaction.edit.field.amount RUNNING
08:27:33.116 [ INFO] maestro.Maestro.tap-HgV9Ck0: Tapping on element:  UiElement(treeNode=TreeNode(attributes={text=, accessibilityText=, hintText=, ignoreBoundsFiltering=false, resource-id=transaction.edit.field.amount, clickable=true, bounds=[100,702][980,891], enabled=true, focused=false, checked=false, scrollable=false, selected=false, class=android.widget.EditText, important-for-accessibility=true, error=}, children=[TreeNode(attributes={text=, accessibilityText=, hintText=, ignoreBoundsFiltering=false, resource-id=, clickable=false, bounds=[100,702][980,891], enabled=true, focused=false, checked=false, scrollable=false, selected=false, class=android.view.View, important-for-accessibility=false, error=}, children=[], clickable=false, enabled=true, focused=false, checked=false, selected=false), TreeNode(attributes={text=−, accessibilityText=, hintText=, ignoreBoundsFiltering=false, resource-id=, clickable=false, bounds=[139,745][188,850], enabled=true, focused=false, checked=false, scrollable=false, selected=false, class=android.widget.TextView, important-for-accessibility=true, error=}, children=[], clickable=false, enabled=true, focused=false, checked=false, selected=false), TreeNode(attributes={text=, accessibilityText=, hintText=, ignoreBoundsFiltering=false, resource-id=, clickable=false, bounds=[237,734][843,860], enabled=true, focused=false, checked=false, scrollable=false, selected=false, class=android.view.View, important-for-accessibility=false, error=}, children=[], clickable=false, enabled=true, focused=false, checked=false, selected=false), TreeNode(attributes={text=€, accessibilityText=, hintText=, ignoreBoundsFiltering=false, resource-id=, clickable=false, bounds=[902,766][932,828], enabled=true, focused=false, checked=false, scrollable=false, selected=false, class=android.widget.TextView, important-for-accessibility=true, error=}, children=[], clickable=false, enabled=true, focused=false, checked=false, selected=false)], clickable=true, enabled=true, focused=false, checked=false, selected=false), bounds=Bounds(x=100, y=702, width=880, height=189))
08:27:34.350 [ INFO] maestro.Maestro.tap-HgV9Ck0: Tap aimed via settled hierarchy
08:27:34.351 [ INFO] maestro.Maestro.hierarchyBasedTap-ogj28Uc: Tapping at (540, 796) using hierarchy based logic for wait
08:27:36.279 [ INFO] maestro.Maestro.hierarchyBasedTap-ogj28Uc: Something has changed in the UI judging by view hierarchy. Proceed.
08:27:36.279 [ INFO] maestro.cli.runner.CliConsoleListener.onCommandFinished: Tap on id: transaction.edit.field.amount COMPLETED
08:27:36.279 [ INFO] maestro.cli.runner.CliConsoleListener.onCommandStart: Input text 12.34 RUNNING
08:27:36.279 [ INFO] maestro.Maestro.inputText: Inputting text: 12.34
08:27:37.549 [ INFO] maestro.cli.runner.CliConsoleListener.onCommandFinished: Input text 12.34 COMPLETED
08:27:37.549 [ INFO] maestro.cli.runner.CliConsoleListener.onCommandStart: Hide Keyboard RUNNING
08:27:37.549 [ INFO] maestro.Maestro.hideKeyboard$lambda$12: Hiding Keyboard
08:27:38.496 [ INFO] maestro.cli.runner.CliConsoleListener.onCommandFinished: Hide Keyboard COMPLETED
08:27:38.497 [ INFO] maestro.cli.runner.CliConsoleListener.onCommandStart: Scrolling DOWN until id: transaction.edit.field.frequency is visible with speed 40, visibility percentage 100%, timeout 20000 ms, with centering disabled RUNNING
08:27:39.131 [ WARN] maestro.orchestra.Orchestra.scrollUntilVisible: Error: maestro.MaestroException$ElementNotFound: Element not found: Id matching regex: transaction.edit.field.frequency
08:27:39.173 [ INFO] maestro.Maestro.swipeFromCenter: Swiping UP from center
08:27:40.754 [ WARN] maestro.orchestra.Orchestra.scrollUntilVisible: Error: maestro.MaestroException$ElementNotFound: Element not found: Id matching regex: transaction.edit.field.frequency
08:27:40.799 [ INFO] maestro.Maestro.swipeFromCenter: Swiping UP from center
08:27:41.854 [ INFO] maestro.orchestra.Orchestra.scrollUntilVisible: Scrolling try count: 0, DeviceWidth: 1080, DeviceWidth: 2400
08:27:41.854 [ INFO] maestro.orchestra.Orchestra.scrollUntilVisible: Element bounds: Bounds(x=100, y=1868, width=880, height=179)
08:27:41.854 [ INFO] maestro.orchestra.Orchestra.scrollUntilVisible: Visibility Percent: 1.0
08:27:41.854 [ INFO] maestro.orchestra.Orchestra.scrollUntilVisible: Command centerElement: ScrollUntilVisibleCommand(selector=ElementSelector(textRegex=null, idRegex=transaction.edit.field.frequency, size=null, below=null, above=null, leftOf=null, rightOf=null, containsChild=null, containsDescendants=null, traits=null, index=null, enabled=null, optional=false, selected=null, checked=null, focused=null, childOf=null, css=null), direction=DOWN, scrollDuration=601, visibilityPercentage=100, timeout=20000, waitToSettleTimeoutMs=null, centerElement=false, originalSpeedValue=40, label=null, optional=false).centerElement
08:27:41.854 [ INFO] maestro.orchestra.Orchestra.scrollUntilVisible: visibilityPercentageNormalized: 1.0
08:27:41.855 [ INFO] maestro.cli.runner.CliConsoleListener.onCommandFinished: Scrolling DOWN until id: transaction.edit.field.frequency is visible with speed 40, visibility percentage 100%, timeout 20000 ms, with centering disabled COMPLETED
08:27:41.855 [ INFO] maestro.cli.runner.CliConsoleListener.onCommandStart: Tap on id: transaction.edit.field.frequency RUNNING
08:27:41.896 [ INFO] maestro.Maestro.tap-HgV9Ck0: Tapping on element:  UiElement(treeNode=TreeNode(attributes={text=, accessibilityText=, hintText=, ignoreBoundsFiltering=false, resource-id=transaction.edit.field.frequency, clickable=true, bounds=[100,1868][980,2047], enabled=true, focused=false, checked=false, scrollable=false, selected=false, class=android.view.View, important-for-accessibility=true, error=}, children=[TreeNode(attributes={text=, accessibilityText=, hintText=, ignoreBoundsFiltering=false, resource-id=, clickable=false, bounds=[127,1895][253,2021], enabled=true, focused=false, checked=false, scrollable=false, selected=false, class=android.view.View, important-for-accessibility=false, error=}, children=[], clickable=false, enabled=true, focused=false, checked=false, selected=false), TreeNode(attributes={text=Répéter, accessibilityText=, hintText=, ignoreBoundsFiltering=false, resource-id=, clickable=false, bounds=[269,1912][387,1954], enabled=true, focused=false, checked=false, scrollable=false, selected=false, class=android.widget.TextView, important-for-accessibility=true, error=}, children=[], clickable=false, enabled=true, focused=false, checked=false, selected=false), TreeNode(attributes={text=Ne se répète pas, accessibilityText=, hintText=, ignoreBoundsFiltering=false, resource-id=, clickable=false, bounds=[269,1954][588,2003], enabled=true, focused=false, checked=false, scrollable=false, selected=false, class=android.widget.TextView, important-for-accessibility=true, error=}, children=[], clickable=false, enabled=true, focused=false, checked=false, selected=false)], clickable=true, enabled=true, focused=false, checked=false, selected=false), bounds=Bounds(x=100, y=1868, width=880, height=179))
08:27:43.122 [ INFO] maestro.Maestro.tap-HgV9Ck0: Tap aimed via settled hierarchy
08:27:43.123 [ INFO] maestro.Maestro.hierarchyBasedTap-ogj28Uc: Tapping at (540, 1957) using hierarchy based logic for wait
08:27:44.605 [ INFO] maestro.Maestro.hierarchyBasedTap-ogj28Uc: Something has changed in the UI judging by view hierarchy. Proceed.
08:27:44.605 [ INFO] maestro.cli.runner.CliConsoleListener.onCommandFinished: Tap on id: transaction.edit.field.frequency COMPLETED
08:27:44.605 [ INFO] maestro.cli.runner.CliConsoleListener.onCommandStart: Tap on "Tous les mois" RUNNING
08:27:44.706 [ INFO] maestro.Maestro.tap-HgV9Ck0: Tapping on element:  UiElement(treeNode=TreeNode(attributes={text=Tous les mois, accessibilityText=, hintText=, ignoreBoundsFiltering=false, resource-id=, clickable=false, bounds=[95,1997][985,2046], enabled=true, focused=false, checked=false, scrollable=false, selected=false, class=android.widget.TextView, important-for-accessibility=true, error=}, children=[], clickable=false, enabled=true, focused=false, checked=false, selected=false), bounds=Bounds(x=95, y=1997, width=890, height=49))
08:27:45.893 [ INFO] maestro.Maestro.tap-HgV9Ck0: Tap aimed via settled hierarchy
08:27:45.894 [ INFO] maestro.Maestro.hierarchyBasedTap-ogj28Uc: Tapping at (540, 2021) using hierarchy based logic for wait
08:27:46.856 [ INFO] maestro.Maestro.hierarchyBasedTap-ogj28Uc: Something has changed in the UI judging by view hierarchy. Proceed.
08:27:46.856 [ INFO] maestro.cli.runner.CliConsoleListener.onCommandFinished: Tap on "Tous les mois" COMPLETED
08:27:46.857 [ INFO] maestro.cli.runner.CliConsoleListener.onCommandStart: Assert that "Tous les mois" is visible RUNNING
08:27:46.975 [ INFO] maestro.cli.runner.CliConsoleListener.onCommandFinished: Assert that "Tous les mois" is visible COMPLETED
08:27:46.975 [ INFO] maestro.cli.runner.CliConsoleListener.onCommandStart: Scrolling UP until id: transaction.edit.field.title is visible with speed 40, visibility percentage 100%, timeout 20000 ms, with centering disabled RUNNING
08:27:48.033 [ WARN] maestro.orchestra.Orchestra.scrollUntilVisible: Error: maestro.MaestroException$ElementNotFound: Element not found: Id matching regex: transaction.edit.field.title
08:27:48.078 [ INFO] maestro.Maestro.swipeFromCenter: Swiping DOWN from center
08:27:49.119 [ INFO] maestro.orchestra.Orchestra.scrollUntilVisible: Scrolling try count: 0, DeviceWidth: 1080, DeviceWidth: 2400
08:27:49.119 [ INFO] maestro.orchestra.Orchestra.scrollUntilVisible: Element bounds: Bounds(x=100, y=379, width=880, height=147)
08:27:49.119 [ INFO] maestro.orchestra.Orchestra.scrollUntilVisible: Visibility Percent: 1.0
08:27:49.119 [ INFO] maestro.orchestra.Orchestra.scrollUntilVisible: Command centerElement: ScrollUntilVisibleCommand(selector=ElementSelector(textRegex=null, idRegex=transaction.edit.field.title, size=null, below=null, above=null, leftOf=null, rightOf=null, containsChild=null, containsDescendants=null, traits=null, index=null, enabled=null, optional=false, selected=null, checked=null, focused=null, childOf=null, css=null), direction=UP, scrollDuration=601, visibilityPercentage=100, timeout=20000, waitToSettleTimeoutMs=null, centerElement=false, originalSpeedValue=40, label=null, optional=false).centerElement
08:27:49.119 [ INFO] maestro.orchestra.Orchestra.scrollUntilVisible: visibilityPercentageNormalized: 1.0
08:27:49.119 [ INFO] maestro.cli.runner.CliConsoleListener.onCommandFinished: Scrolling UP until id: transaction.edit.field.title is visible with speed 40, visibility percentage 100%, timeout 20000 ms, with centering disabled COMPLETED
08:27:49.119 [ INFO] maestro.cli.runner.CliConsoleListener.onCommandStart: Assert that id: transaction.detail.toggle.paid is not visible RUNNING
08:27:49.825 [ INFO] maestro.cli.runner.CliConsoleListener.onCommandFinished: Assert that id: transaction.detail.toggle.paid is not visible COMPLETED
08:27:49.825 [ INFO] maestro.cli.runner.CliConsoleListener.onCommandStart: Tap on id: common.btn.save RUNNING
08:27:49.925 [ INFO] maestro.Maestro.tap-HgV9Ck0: Tapping on element:  UiElement(treeNode=TreeNode(attributes={text=, accessibilityText=, hintText=, ignoreBoundsFiltering=false, resource-id=common.btn.save, clickable=true, bounds=[53,2200][1027,2347], enabled=true, focused=false, checked=false, scrollable=false, selected=false, class=android.view.View, important-for-accessibility=true, error=}, children=[TreeNode(attributes={text=Enregistrer, accessibilityText=, hintText=, ignoreBoundsFiltering=false, resource-id=, clickable=false, bounds=[452,2247][629,2300], enabled=true, focused=false, checked=false, scrollable=false, selected=false, class=android.widget.TextView, important-for-accessibility=true, error=}, children=[], clickable=false, enabled=true, focused=false, checked=false, selected=false), TreeNode(attributes={text=, accessibilityText=, hintText=, ignoreBoundsFiltering=false, resource-id=, clickable=false, bounds=[53,2200][1027,2347], enabled=true, focused=false, checked=false, scrollable=false, selected=false, class=android.widget.Button, important-for-accessibility=true, error=}, children=[], clickable=false, enabled=true, focused=false, checked=false, selected=false)], clickable=true, enabled=true, focused=false, checked=false, selected=false), bounds=Bounds(x=53, y=2200, width=974, height=147))
08:27:51.177 [ INFO] maestro.Maestro.tap-HgV9Ck0: Tap aimed via settled hierarchy
08:27:51.178 [ INFO] maestro.Maestro.hierarchyBasedTap-ogj28Uc: Tapping at (540, 2273) using hierarchy based logic for wait
08:27:52.513 [ INFO] maestro.Maestro.hierarchyBasedTap-ogj28Uc: Something has changed in the UI judging by view hierarchy. Proceed.
08:27:52.513 [ INFO] maestro.cli.runner.CliConsoleListener.onCommandFinished: Tap on id: common.btn.save COMPLETED
08:27:52.513 [ INFO] maestro.cli.runner.CliConsoleListener.onCommandStart: Assert that id: screen.transaction.edit is not visible RUNNING
08:27:53.211 [ INFO] maestro.cli.runner.CliConsoleListener.onCommandFinished: Assert that id: screen.transaction.edit is not visible COMPLETED
08:27:53.211 [ INFO] maestro.cli.runner.CliConsoleListener.onCommandStart: Assert that id: home.month.picker is visible RUNNING
08:27:53.339 [ INFO] maestro.cli.runner.CliConsoleListener.onCommandFinished: Assert that id: home.month.picker is visible COMPLETED
08:27:53.339 [ INFO] maestro.cli.runner.CliConsoleListener.onCommandStart: Run console.log("TC-81-2 : série créée, retour Home (id virtuel) — contrôle du mois courant")
 RUNNING
08:27:53.339 [ INFO] maestro.cli.runner.CliConsoleListener.onCommandFinished: Run console.log("TC-81-2 : série créée, retour Home (id virtuel) — contrôle du mois courant")
 COMPLETED
08:27:53.339 [ INFO] maestro.cli.runner.CliConsoleListener.onCommandStart: Run ../../.maestro/subflows/open_monthly_history.yaml RUNNING
08:27:53.339 [ INFO] maestro.cli.runner.CliConsoleListener.onCommandStart: Apply configuration RUNNING
08:27:53.339 [ INFO] maestro.cli.runner.CliConsoleListener.onCommandFinished: Apply configuration COMPLETED
08:27:53.340 [ INFO] maestro.cli.runner.CliConsoleListener.onCommandStart: Run flow when id: screen.monthly is not visible RUNNING
08:27:54.053 [ INFO] maestro.cli.runner.CliConsoleListener.onCommandStart: Scrolling DOWN until id: recent_transactions_see_all is visible with speed 40, visibility percentage 100%, timeout 20000 ms, with centering enabled RUNNING
08:27:54.181 [ INFO] maestro.orchestra.Orchestra.scrollUntilVisible: Scrolling try count: 0, DeviceWidth: 1080, DeviceWidth: 2400
08:27:54.181 [ INFO] maestro.orchestra.Orchestra.scrollUntilVisible: Element bounds: Bounds(x=763, y=1304, width=243, height=126)
08:27:54.182 [ INFO] maestro.orchestra.Orchestra.scrollUntilVisible: Visibility Percent: 1.0
08:27:54.182 [ INFO] maestro.orchestra.Orchestra.scrollUntilVisible: Command centerElement: ScrollUntilVisibleCommand(selector=ElementSelector(textRegex=null, idRegex=recent_transactions_see_all, size=null, below=null, above=null, leftOf=null, rightOf=null, containsChild=null, containsDescendants=null, traits=null, index=null, enabled=null, optional=false, selected=null, checked=null, focused=null, childOf=null, css=null), direction=DOWN, scrollDuration=601, visibilityPercentage=100, timeout=20000, waitToSettleTimeoutMs=null, centerElement=true, originalSpeedValue=40, label=null, optional=false).centerElement
08:27:54.182 [ INFO] maestro.orchestra.Orchestra.scrollUntilVisible: visibilityPercentageNormalized: 1.0
08:27:54.182 [ INFO] maestro.cli.runner.CliConsoleListener.onCommandFinished: Scrolling DOWN until id: recent_transactions_see_all is visible with speed 40, visibility percentage 100%, timeout 20000 ms, with centering enabled COMPLETED
08:27:54.182 [ INFO] maestro.cli.runner.CliConsoleListener.onCommandStart: Tap on id: recent_transactions_see_all RUNNING
08:27:54.299 [ INFO] maestro.Maestro.tap-HgV9Ck0: Tapping on element:  UiElement(treeNode=TreeNode(attributes={text=, accessibilityText=, hintText=, ignoreBoundsFiltering=false, resource-id=recent_transactions_see_all, clickable=true, bounds=[763,1304][1006,1430], enabled=true, focused=false, checked=false, scrollable=false, selected=false, class=android.view.View, important-for-accessibility=true, error=}, children=[TreeNode(attributes={text=Voir tout, accessibilityText=, hintText=, ignoreBoundsFiltering=false, resource-id=, clickable=false, bounds=[795,1340][932,1393], enabled=true, focused=false, checked=false, scrollable=false, selected=false, class=android.widget.TextView, important-for-accessibility=true, error=}, children=[], clickable=false, enabled=true, focused=false, checked=false, selected=false), TreeNode(attributes={text=, accessibilityText=, hintText=, ignoreBoundsFiltering=false, resource-id=, clickable=false, bounds=[763,1314][1006,1419], enabled=true, focused=false, checked=false, scrollable=false, selected=false, class=android.widget.Button, important-for-accessibility=true, error=}, children=[], clickable=false, enabled=true, focused=false, checked=false, selected=false)], clickable=true, enabled=true, focused=false, checked=false, selected=false), bounds=Bounds(x=763, y=1304, width=243, height=126))
08:27:55.544 [ INFO] maestro.Maestro.tap-HgV9Ck0: Tap aimed via settled hierarchy
08:27:55.545 [ INFO] maestro.Maestro.hierarchyBasedTap-ogj28Uc: Tapping at (884, 1367) using hierarchy based logic for wait
08:27:56.539 [ INFO] maestro.Maestro.hierarchyBasedTap-ogj28Uc: Something has changed in the UI judging by view hierarchy. Proceed.
08:27:56.539 [ INFO] maestro.cli.runner.CliConsoleListener.onCommandFinished: Tap on id: recent_transactions_see_all COMPLETED
08:27:56.539 [ INFO] maestro.cli.runner.CliConsoleListener.onCommandStart: Assert that id: screen.monthly is visible RUNNING
08:27:56.663 [ INFO] maestro.cli.runner.CliConsoleListener.onCommandFinished: Assert that id: screen.monthly is visible COMPLETED
08:27:56.663 [ INFO] maestro.cli.runner.CliConsoleListener.onCommandFinished: Run flow when id: screen.monthly is not visible COMPLETED
08:27:56.663 [ INFO] maestro.cli.runner.CliConsoleListener.onCommandStart: Wait for animation to end within 5000 ms RUNNING
08:27:56.663 [ INFO] maestro.Maestro.waitForAnimationToEnd$lambda$53: Waiting for animation to end with timeout 5000
08:27:56.664 [TRACE] maestro.utils.ScreenshotUtils.takeScreenshot: Taking screenshot to byte array
08:27:56.664 [TRACE] maestro.utils.ScreenshotUtils.takeScreenshot: Taking screenshot to output sink
08:27:56.839 [TRACE] maestro.utils.ScreenshotUtils.takeScreenshot: Taking screenshot to byte array
08:27:56.839 [TRACE] maestro.utils.ScreenshotUtils.takeScreenshot: Taking screenshot to output sink
08:27:57.187 [ INFO] maestro.cli.runner.CliConsoleListener.onCommandFinished: Wait for animation to end within 5000 ms COMPLETED
08:27:57.187 [ INFO] maestro.cli.runner.CliConsoleListener.onCommandFinished: Run ../../.maestro/subflows/open_monthly_history.yaml COMPLETED
08:27:57.187 [ INFO] maestro.cli.runner.CliConsoleListener.onCommandStart: Scrolling DOWN until "TC-create-recurrent" is visible with speed 40, visibility percentage 100%, timeout 20000 ms, with centering disabled RUNNING
08:27:57.280 [ INFO] maestro.orchestra.Orchestra.scrollUntilVisible: Scrolling try count: 0, DeviceWidth: 1080, DeviceWidth: 2400
08:27:57.280 [ INFO] maestro.orchestra.Orchestra.scrollUntilVisible: Element bounds: Bounds(x=238, y=2119, width=360, height=49)
08:27:57.280 [ INFO] maestro.orchestra.Orchestra.scrollUntilVisible: Visibility Percent: 1.0
08:27:57.280 [ INFO] maestro.orchestra.Orchestra.scrollUntilVisible: Command centerElement: ScrollUntilVisibleCommand(selector=ElementSelector(textRegex=TC-create-recurrent, idRegex=null, size=null, below=null, above=null, leftOf=null, rightOf=null, containsChild=null, containsDescendants=null, traits=null, index=null, enabled=null, optional=false, selected=null, checked=null, focused=null, childOf=null, css=null), direction=DOWN, scrollDuration=601, visibilityPercentage=100, timeout=20000, waitToSettleTimeoutMs=null, centerElement=false, originalSpeedValue=40, label=null, optional=false).centerElement
08:27:57.280 [ INFO] maestro.orchestra.Orchestra.scrollUntilVisible: visibilityPercentageNormalized: 1.0
08:27:57.280 [ INFO] maestro.cli.runner.CliConsoleListener.onCommandFinished: Scrolling DOWN until "TC-create-recurrent" is visible with speed 40, visibility percentage 100%, timeout 20000 ms, with centering disabled COMPLETED
08:27:57.280 [ INFO] maestro.cli.runner.CliConsoleListener.onCommandStart: Assert that "TC-create-recurrent" is visible RUNNING
08:27:57.383 [ INFO] maestro.cli.runner.CliConsoleListener.onCommandFinished: Assert that "TC-create-recurrent" is visible COMPLETED
08:27:57.383 [ INFO] maestro.cli.runner.CliConsoleListener.onCommandStart: Assert that "TC-create-recurrent", Index: 1 is not visible RUNNING
08:27:58.017 [ INFO] maestro.cli.runner.CliConsoleListener.onCommandFinished: Assert that "TC-create-recurrent", Index: 1 is not visible COMPLETED
08:27:58.018 [ INFO] maestro.cli.runner.CliConsoleListener.onCommandStart: Run ../../.maestro/subflows/change_month.yaml RUNNING
08:27:58.019 [ INFO] maestro.cli.runner.CliConsoleListener.onCommandStart: Define variables RUNNING
08:27:58.033 [ INFO] maestro.cli.runner.CliConsoleListener.onCommandFinished: Define variables COMPLETED
08:27:58.033 [ INFO] maestro.cli.runner.CliConsoleListener.onCommandStart: Apply configuration RUNNING
08:27:58.033 [ INFO] maestro.cli.runner.CliConsoleListener.onCommandFinished: Apply configuration COMPLETED
08:27:58.033 [ INFO] maestro.cli.runner.CliConsoleListener.onCommandStart: Run console.log("Subflow Navigation -> Month: " + month_name + " Year: " + year);
 RUNNING
08:27:58.033 [ INFO] maestro.cli.runner.CliConsoleListener.onCommandFinished: Run console.log("Subflow Navigation -> Month: " + month_name + " Year: " + year);
 COMPLETED
08:27:58.033 [ INFO] maestro.cli.runner.CliConsoleListener.onCommandStart: Repeat while id: home.month.picker is not visible RUNNING
08:27:58.661 [ INFO] maestro.cli.runner.CliConsoleListener.onCommandStart: Tap on id: common.btn.back RUNNING
08:27:58.774 [ INFO] maestro.Maestro.tap-HgV9Ck0: Tapping on element:  UiElement(treeNode=TreeNode(attributes={text=, accessibilityText=, hintText=, ignoreBoundsFiltering=false, resource-id=common.btn.back, clickable=true, bounds=[12,150][138,276], enabled=true, focused=false, checked=false, scrollable=false, selected=false, class=android.view.View, important-for-accessibility=true, error=}, children=[TreeNode(attributes={text=, accessibilityText=Retour, hintText=, ignoreBoundsFiltering=false, resource-id=, clickable=false, bounds=[43,181][106,244], enabled=true, focused=false, checked=false, scrollable=false, selected=false, class=android.view.View, important-for-accessibility=true, error=}, children=[], clickable=false, enabled=true, focused=false, checked=false, selected=false), TreeNode(attributes={text=, accessibilityText=, hintText=, ignoreBoundsFiltering=false, resource-id=, clickable=false, bounds=[22,160][127,265], enabled=true, focused=false, checked=false, scrollable=false, selected=false, class=android.widget.Button, important-for-accessibility=true, error=}, children=[], clickable=false, enabled=true, focused=false, checked=false, selected=false)], clickable=true, enabled=true, focused=false, checked=false, selected=false), bounds=Bounds(x=12, y=150, width=126, height=126))
08:28:00.021 [ INFO] maestro.Maestro.tap-HgV9Ck0: Tap aimed via settled hierarchy
08:28:00.022 [ INFO] maestro.Maestro.hierarchyBasedTap-ogj28Uc: Tapping at (75, 213) using hierarchy based logic for wait
08:28:01.614 [ INFO] maestro.Maestro.hierarchyBasedTap-ogj28Uc: Something has changed in the UI judging by view hierarchy. Proceed.
08:28:01.614 [ INFO] maestro.cli.runner.CliConsoleListener.onCommandFinished: Tap on id: common.btn.back COMPLETED
08:28:08.712 [ INFO] maestro.cli.runner.CliConsoleListener.onCommandFinished: Repeat while id: home.month.picker is not visible COMPLETED
08:28:08.713 [ INFO] maestro.cli.runner.CliConsoleListener.onCommandStart: Tap on id: home.month.picker RUNNING
08:28:08.830 [ INFO] maestro.Maestro.tap-HgV9Ck0: Tapping on element:  UiElement(treeNode=TreeNode(attributes={text=, accessibilityText=, hintText=, ignoreBoundsFiltering=false, resource-id=home.month.picker, clickable=true, bounds=[53,181][444,307], enabled=true, focused=false, checked=false, scrollable=false, selected=false, class=android.view.View, important-for-accessibility=true, error=}, children=[TreeNode(attributes={text=Septembre 2026, accessibilityText=, hintText=, ignoreBoundsFiltering=false, resource-id=, clickable=false, bounds=[143,217][412,270], enabled=true, focused=false, checked=false, scrollable=false, selected=false, class=android.widget.TextView, important-for-accessibility=true, error=}, children=[], clickable=false, enabled=true, focused=false, checked=false, selected=false)], clickable=true, enabled=true, focused=false, checked=false, selected=false), bounds=Bounds(x=53, y=181, width=391, height=126))
08:28:10.079 [ INFO] maestro.Maestro.tap-HgV9Ck0: Tap aimed via settled hierarchy
08:28:10.080 [ INFO] maestro.Maestro.hierarchyBasedTap-ogj28Uc: Tapping at (248, 244) using hierarchy based logic for wait
08:28:11.884 [ INFO] maestro.Maestro.hierarchyBasedTap-ogj28Uc: Something has changed in the UI judging by view hierarchy. Proceed.
08:28:11.885 [ INFO] maestro.cli.runner.CliConsoleListener.onCommandFinished: Tap on id: home.month.picker COMPLETED
08:28:11.885 [ INFO] maestro.cli.runner.CliConsoleListener.onCommandStart: Run flow when ${year > output.CURRENT_YEAR} is true RUNNING
08:28:11.893 [ INFO] maestro.orchestra.Orchestra.executeSubflowCommands: [Command execution subflow] CommandSkipped: null
08:28:11.893 [ INFO] maestro.cli.runner.CliConsoleListener.onCommandFinished: Run flow when ${year > output.CURRENT_YEAR} is true SKIPPED
08:28:11.893 [ INFO] maestro.cli.runner.CliConsoleListener.onCommandStart: Run flow when ${year < output.CURRENT_YEAR} is true RUNNING
08:28:11.898 [ INFO] maestro.orchestra.Orchestra.executeSubflowCommands: [Command execution subflow] CommandSkipped: null
08:28:11.898 [ INFO] maestro.cli.runner.CliConsoleListener.onCommandFinished: Run flow when ${year < output.CURRENT_YEAR} is true SKIPPED
08:28:11.898 [ INFO] maestro.cli.runner.CliConsoleListener.onCommandStart: Tap on "${month_name}" RUNNING
08:28:11.969 [ INFO] maestro.Maestro.tap-HgV9Ck0: Tapping on element:  UiElement(treeNode=TreeNode(attributes={text=Oct., accessibilityText=, hintText=, ignoreBoundsFiltering=false, resource-id=, clickable=false, bounds=[167,2123][244,2172], enabled=true, focused=false, checked=false, scrollable=false, selected=false, class=android.widget.TextView, important-for-accessibility=true, error=}, children=[], clickable=false, enabled=true, focused=false, checked=false, selected=false), bounds=Bounds(x=167, y=2123, width=77, height=49))
08:28:13.192 [ INFO] maestro.Maestro.tap-HgV9Ck0: Tap aimed via settled hierarchy
08:28:13.193 [ INFO] maestro.Maestro.hierarchyBasedTap-ogj28Uc: Tapping at (205, 2147) using hierarchy based logic for wait
08:28:14.266 [ INFO] maestro.Maestro.hierarchyBasedTap-ogj28Uc: Something has changed in the UI judging by view hierarchy. Proceed.
08:28:14.266 [ INFO] maestro.cli.runner.CliConsoleListener.onCommandFinished: Tap on "${month_name}" COMPLETED
08:28:14.266 [ INFO] maestro.cli.runner.CliConsoleListener.onCommandStart: Run open_monthly_history.yaml RUNNING
08:28:14.266 [ INFO] maestro.cli.runner.CliConsoleListener.onCommandStart: Apply configuration RUNNING
08:28:14.267 [ INFO] maestro.cli.runner.CliConsoleListener.onCommandFinished: Apply configuration COMPLETED
08:28:14.267 [ INFO] maestro.cli.runner.CliConsoleListener.onCommandStart: Run flow when id: screen.monthly is not visible RUNNING
08:28:14.983 [ INFO] maestro.cli.runner.CliConsoleListener.onCommandStart: Scrolling DOWN until id: recent_transactions_see_all is visible with speed 40, visibility percentage 100%, timeout 20000 ms, with centering enabled RUNNING
08:28:15.063 [ INFO] maestro.orchestra.Orchestra.scrollUntilVisible: Scrolling try count: 0, DeviceWidth: 1080, DeviceWidth: 2400
08:28:15.063 [ INFO] maestro.orchestra.Orchestra.scrollUntilVisible: Element bounds: Bounds(x=763, y=1304, width=243, height=126)
08:28:15.063 [ INFO] maestro.orchestra.Orchestra.scrollUntilVisible: Visibility Percent: 1.0
08:28:15.063 [ INFO] maestro.orchestra.Orchestra.scrollUntilVisible: Command centerElement: ScrollUntilVisibleCommand(selector=ElementSelector(textRegex=null, idRegex=recent_transactions_see_all, size=null, below=null, above=null, leftOf=null, rightOf=null, containsChild=null, containsDescendants=null, traits=null, index=null, enabled=null, optional=false, selected=null, checked=null, focused=null, childOf=null, css=null), direction=DOWN, scrollDuration=601, visibilityPercentage=100, timeout=20000, waitToSettleTimeoutMs=null, centerElement=true, originalSpeedValue=40, label=null, optional=false).centerElement
08:28:15.063 [ INFO] maestro.orchestra.Orchestra.scrollUntilVisible: visibilityPercentageNormalized: 1.0
08:28:15.064 [ INFO] maestro.cli.runner.CliConsoleListener.onCommandFinished: Scrolling DOWN until id: recent_transactions_see_all is visible with speed 40, visibility percentage 100%, timeout 20000 ms, with centering enabled COMPLETED
08:28:15.064 [ INFO] maestro.cli.runner.CliConsoleListener.onCommandStart: Tap on id: recent_transactions_see_all RUNNING
08:28:15.143 [ INFO] maestro.Maestro.tap-HgV9Ck0: Tapping on element:  UiElement(treeNode=TreeNode(attributes={text=, accessibilityText=, hintText=, ignoreBoundsFiltering=false, resource-id=recent_transactions_see_all, clickable=true, bounds=[763,1304][1006,1430], enabled=true, focused=false, checked=false, scrollable=false, selected=false, class=android.view.View, important-for-accessibility=true, error=}, children=[TreeNode(attributes={text=Voir tout, accessibilityText=, hintText=, ignoreBoundsFiltering=false, resource-id=, clickable=false, bounds=[795,1340][932,1393], enabled=true, focused=false, checked=false, scrollable=false, selected=false, class=android.widget.TextView, important-for-accessibility=true, error=}, children=[], clickable=false, enabled=true, focused=false, checked=false, selected=false), TreeNode(attributes={text=, accessibilityText=, hintText=, ignoreBoundsFiltering=false, resource-id=, clickable=false, bounds=[763,1314][1006,1419], enabled=true, focused=false, checked=false, scrollable=false, selected=false, class=android.widget.Button, important-for-accessibility=true, error=}, children=[], clickable=false, enabled=true, focused=false, checked=false, selected=false)], clickable=true, enabled=true, focused=false, checked=false, selected=false), bounds=Bounds(x=763, y=1304, width=243, height=126))
08:28:16.335 [ INFO] maestro.Maestro.tap-HgV9Ck0: Tap aimed via settled hierarchy
08:28:16.336 [ INFO] maestro.Maestro.hierarchyBasedTap-ogj28Uc: Tapping at (884, 1367) using hierarchy based logic for wait
08:28:17.272 [ INFO] maestro.Maestro.hierarchyBasedTap-ogj28Uc: Something has changed in the UI judging by view hierarchy. Proceed.
08:28:17.272 [ INFO] maestro.cli.runner.CliConsoleListener.onCommandFinished: Tap on id: recent_transactions_see_all COMPLETED
08:28:17.272 [ INFO] maestro.cli.runner.CliConsoleListener.onCommandStart: Assert that id: screen.monthly is visible RUNNING
08:28:17.393 [ INFO] maestro.cli.runner.CliConsoleListener.onCommandFinished: Assert that id: screen.monthly is visible COMPLETED
08:28:17.393 [ INFO] maestro.cli.runner.CliConsoleListener.onCommandFinished: Run flow when id: screen.monthly is not visible COMPLETED
08:28:17.394 [ INFO] maestro.cli.runner.CliConsoleListener.onCommandStart: Wait for animation to end within 5000 ms RUNNING
08:28:17.394 [ INFO] maestro.Maestro.waitForAnimationToEnd$lambda$53: Waiting for animation to end with timeout 5000
08:28:17.394 [TRACE] maestro.utils.ScreenshotUtils.takeScreenshot: Taking screenshot to byte array
08:28:17.394 [TRACE] maestro.utils.ScreenshotUtils.takeScreenshot: Taking screenshot to output sink
08:28:17.595 [TRACE] maestro.utils.ScreenshotUtils.takeScreenshot: Taking screenshot to byte array
08:28:17.595 [TRACE] maestro.utils.ScreenshotUtils.takeScreenshot: Taking screenshot to output sink
08:28:17.921 [ INFO] maestro.cli.runner.CliConsoleListener.onCommandFinished: Wait for animation to end within 5000 ms COMPLETED
08:28:17.921 [ INFO] maestro.cli.runner.CliConsoleListener.onCommandFinished: Run open_monthly_history.yaml COMPLETED
08:28:17.921 [ INFO] maestro.cli.runner.CliConsoleListener.onCommandFinished: Run ../../.maestro/subflows/change_month.yaml COMPLETED
08:28:17.921 [ INFO] maestro.cli.runner.CliConsoleListener.onCommandStart: Run console.log("TC-81-2 : mois suivant = " + output.NEXT_MONTH_NAME + " " + output.NEXT_YEAR)
 RUNNING
08:28:17.922 [ INFO] maestro.cli.runner.CliConsoleListener.onCommandFinished: Run console.log("TC-81-2 : mois suivant = " + output.NEXT_MONTH_NAME + " " + output.NEXT_YEAR)
 COMPLETED
08:28:17.922 [ INFO] maestro.cli.runner.CliConsoleListener.onCommandStart: Scrolling DOWN until "TC-create-recurrent" is visible with speed 40, visibility percentage 100%, timeout 20000 ms, with centering disabled RUNNING
08:28:18.047 [ INFO] maestro.orchestra.Orchestra.scrollUntilVisible: Scrolling try count: 0, DeviceWidth: 1080, DeviceWidth: 2400
08:28:18.047 [ INFO] maestro.orchestra.Orchestra.scrollUntilVisible: Element bounds: Bounds(x=238, y=1761, width=360, height=49)
08:28:18.047 [ INFO] maestro.orchestra.Orchestra.scrollUntilVisible: Visibility Percent: 1.0
08:28:18.048 [ INFO] maestro.orchestra.Orchestra.scrollUntilVisible: Command centerElement: ScrollUntilVisibleCommand(selector=ElementSelector(textRegex=TC-create-recurrent, idRegex=null, size=null, below=null, above=null, leftOf=null, rightOf=null, containsChild=null, containsDescendants=null, traits=null, index=null, enabled=null, optional=false, selected=null, checked=null, focused=null, childOf=null, css=null), direction=DOWN, scrollDuration=601, visibilityPercentage=100, timeout=20000, waitToSettleTimeoutMs=null, centerElement=false, originalSpeedValue=40, label=null, optional=false).centerElement
08:28:18.048 [ INFO] maestro.orchestra.Orchestra.scrollUntilVisible: visibilityPercentageNormalized: 1.0
08:28:18.048 [ INFO] maestro.cli.runner.CliConsoleListener.onCommandFinished: Scrolling DOWN until "TC-create-recurrent" is visible with speed 40, visibility percentage 100%, timeout 20000 ms, with centering disabled COMPLETED
08:28:18.048 [ INFO] maestro.cli.runner.CliConsoleListener.onCommandStart: Assert that "TC-create-recurrent" is visible RUNNING
08:28:18.126 [ INFO] maestro.cli.runner.CliConsoleListener.onCommandFinished: Assert that "TC-create-recurrent" is visible COMPLETED
08:28:18.126 [ INFO] maestro.cli.runner.CliConsoleListener.onCommandStart: Assert that "TC-create-recurrent", Index: 1 is not visible RUNNING
08:28:18.744 [ INFO] maestro.cli.runner.CliConsoleListener.onCommandFinished: Assert that "TC-create-recurrent", Index: 1 is not visible COMPLETED
08:28:18.744 [ INFO] maestro.cli.runner.CliConsoleListener.onCommandStart: Run console.log("TC-81-2 : CA-07 vérifié — occurrence virtuelle unique sur le mois suivant")
 RUNNING
08:28:18.745 [ INFO] maestro.cli.runner.CliConsoleListener.onCommandFinished: Run console.log("TC-81-2 : CA-07 vérifié — occurrence virtuelle unique sur le mois suivant")
 COMPLETED
08:28:18.745 [ INFO] maestro.cli.runner.CliConsoleListener.onCommandStart: Assert that "TC-create-ponctuel" is not visible RUNNING
08:28:19.392 [ INFO] maestro.cli.runner.CliConsoleListener.onCommandFinished: Assert that "TC-create-ponctuel" is not visible COMPLETED
