20:36:07.731 [ INFO] maestro.cli.runner.CliConsoleListener.onCommandStart: Define variables RUNNING
20:36:07.738 [ INFO] maestro.cli.runner.CliConsoleListener.onCommandFinished: Define variables COMPLETED
20:36:07.738 [ INFO] maestro.cli.runner.CliConsoleListener.onCommandStart: Apply configuration RUNNING
20:36:07.739 [ INFO] maestro.cli.runner.CliConsoleListener.onCommandFinished: Apply configuration COMPLETED
20:36:07.739 [ INFO] maestro.cli.runner.CliConsoleListener.onCommandStart: Run ../../.maestro/subflows/bootstrap_monthly.yaml RUNNING
20:36:07.741 [ INFO] maestro.cli.runner.CliConsoleListener.onCommandStart: Apply configuration RUNNING
20:36:07.742 [ INFO] maestro.cli.runner.CliConsoleListener.onCommandFinished: Apply configuration COMPLETED
20:36:07.742 [ INFO] maestro.cli.runner.CliConsoleListener.onCommandStart: Run ../../scripts/dates.js RUNNING
20:36:09.570 [ INFO] maestro.orchestra.Orchestra.executeCommands$lambda$23$lambda$21: JsConsole: Maestro Dates Initialized: Prev=septembre / Sept. / 09 (2026)
20:36:09.571 [ INFO] maestro.orchestra.Orchestra.executeCommands$lambda$23$lambda$21: JsConsole: Maestro Dates Initialized: Curr=octobre / Oct. / 10 (2026)
20:36:09.572 [ INFO] maestro.orchestra.Orchestra.executeCommands$lambda$23$lambda$21: JsConsole: Maestro Dates Initialized: Next=novembre / Nov. / 11 (2026)
20:36:09.573 [ INFO] maestro.cli.runner.CliConsoleListener.onCommandFinished: Run ../../scripts/dates.js COMPLETED
20:36:09.573 [ INFO] maestro.cli.runner.CliConsoleListener.onCommandStart: Launch app "com.lop.budget" with clear state RUNNING
20:36:09.575 [ INFO] maestro.Maestro.clearAppState$lambda$8: Clearing app state com.lop.budget
20:36:12.148 [ INFO] maestro.Maestro.launchApp$lambda$5: Launching app com.lop.budget
20:36:12.148 [ INFO] maestro.Maestro.launchApp$lambda$5: Stopping com.lop.budget app during launch
20:36:12.462 [ INFO] maestro.cli.runner.CliConsoleListener.onCommandFinished: Launch app "com.lop.budget" with clear state COMPLETED
20:36:12.462 [ INFO] maestro.cli.runner.CliConsoleListener.onCommandStart: Run open_monthly_history.yaml RUNNING
20:36:12.463 [ INFO] maestro.cli.runner.CliConsoleListener.onCommandStart: Apply configuration RUNNING
20:36:12.469 [ INFO] maestro.cli.runner.CliConsoleListener.onCommandFinished: Apply configuration COMPLETED
20:36:12.469 [ INFO] maestro.cli.runner.CliConsoleListener.onCommandStart: Run flow when id: screen.monthly is not visible RUNNING
20:36:14.806 [ INFO] maestro.cli.runner.CliConsoleListener.onCommandStart: Scrolling DOWN until id: recent_transactions_see_all is visible with speed 40, visibility percentage 100%, timeout 20000 ms, with centering enabled RUNNING
20:36:16.444 [ WARN] maestro.orchestra.Orchestra.scrollUntilVisible: Error: maestro.MaestroException$ElementNotFound: Element not found: Id matching regex: recent_transactions_see_all
20:36:16.559 [ INFO] maestro.Maestro.swipeFromCenter: Swiping UP from center
20:36:23.904 [ INFO] maestro.orchestra.Orchestra.scrollUntilVisible: Scrolling try count: 0, DeviceWidth: 1080, DeviceWidth: 2400
20:36:23.913 [ INFO] maestro.orchestra.Orchestra.scrollUntilVisible: Element bounds: Bounds(x=763, y=2033, width=243, height=126)
20:36:23.914 [ INFO] maestro.orchestra.Orchestra.scrollUntilVisible: Visibility Percent: 1.0
20:36:23.950 [ INFO] maestro.orchestra.Orchestra.scrollUntilVisible: Command centerElement: ScrollUntilVisibleCommand(selector=ElementSelector(textRegex=null, idRegex=recent_transactions_see_all, size=null, below=null, above=null, leftOf=null, rightOf=null, containsChild=null, containsDescendants=null, traits=null, index=null, enabled=null, optional=false, selected=null, checked=null, focused=null, childOf=null, css=null), direction=DOWN, scrollDuration=601, visibilityPercentage=100, timeout=20000, waitToSettleTimeoutMs=null, centerElement=true, originalSpeedValue=40, label=null, optional=false).centerElement
20:36:23.951 [ INFO] maestro.orchestra.Orchestra.scrollUntilVisible: visibilityPercentageNormalized: 1.0
20:36:23.961 [ INFO] maestro.Maestro.swipeFromCenter: Swiping UP from center
20:36:25.891 [ INFO] maestro.orchestra.Orchestra.scrollUntilVisible: Scrolling try count: 1, DeviceWidth: 1080, DeviceWidth: 2400
20:36:25.894 [ INFO] maestro.orchestra.Orchestra.scrollUntilVisible: Element bounds: Bounds(x=763, y=1304, width=243, height=126)
20:36:25.894 [ INFO] maestro.orchestra.Orchestra.scrollUntilVisible: Visibility Percent: 1.0
20:36:25.895 [ INFO] maestro.orchestra.Orchestra.scrollUntilVisible: Command centerElement: ScrollUntilVisibleCommand(selector=ElementSelector(textRegex=null, idRegex=recent_transactions_see_all, size=null, below=null, above=null, leftOf=null, rightOf=null, containsChild=null, containsDescendants=null, traits=null, index=null, enabled=null, optional=false, selected=null, checked=null, focused=null, childOf=null, css=null), direction=DOWN, scrollDuration=601, visibilityPercentage=100, timeout=20000, waitToSettleTimeoutMs=null, centerElement=true, originalSpeedValue=40, label=null, optional=false).centerElement
20:36:25.895 [ INFO] maestro.orchestra.Orchestra.scrollUntilVisible: visibilityPercentageNormalized: 1.0
20:36:25.895 [ INFO] maestro.cli.runner.CliConsoleListener.onCommandFinished: Scrolling DOWN until id: recent_transactions_see_all is visible with speed 40, visibility percentage 100%, timeout 20000 ms, with centering enabled COMPLETED
20:36:25.898 [ INFO] maestro.cli.runner.CliConsoleListener.onCommandStart: Tap on id: recent_transactions_see_all RUNNING
20:36:26.324 [ INFO] maestro.Maestro.tap-HgV9Ck0: Tapping on element:  UiElement(treeNode=TreeNode(attributes={text=, accessibilityText=, hintText=, ignoreBoundsFiltering=false, resource-id=recent_transactions_see_all, clickable=true, bounds=[763,1304][1006,1430], enabled=true, focused=false, checked=false, scrollable=false, selected=false, class=android.view.View, important-for-accessibility=true, error=}, children=[TreeNode(attributes={text=Voir tout, accessibilityText=, hintText=, ignoreBoundsFiltering=false, resource-id=, clickable=false, bounds=[795,1340][932,1393], enabled=true, focused=false, checked=false, scrollable=false, selected=false, class=android.widget.TextView, important-for-accessibility=true, error=}, children=[], clickable=false, enabled=true, focused=false, checked=false, selected=false), TreeNode(attributes={text=, accessibilityText=, hintText=, ignoreBoundsFiltering=false, resource-id=, clickable=false, bounds=[763,1314][1006,1419], enabled=true, focused=false, checked=false, scrollable=false, selected=false, class=android.widget.Button, important-for-accessibility=true, error=}, children=[], clickable=false, enabled=true, focused=false, checked=false, selected=false)], clickable=true, enabled=true, focused=false, checked=false, selected=false), bounds=Bounds(x=763, y=1304, width=243, height=126))
20:36:27.963 [ INFO] maestro.Maestro.tap-HgV9Ck0: Tap aimed via settled hierarchy
20:36:27.967 [ INFO] maestro.Maestro.hierarchyBasedTap-ogj28Uc: Tapping at (884, 1367) using hierarchy based logic for wait
20:36:30.774 [ INFO] maestro.Maestro.hierarchyBasedTap-ogj28Uc: Something has changed in the UI judging by view hierarchy. Proceed.
20:36:30.775 [ INFO] maestro.cli.runner.CliConsoleListener.onCommandFinished: Tap on id: recent_transactions_see_all COMPLETED
20:36:30.775 [ INFO] maestro.cli.runner.CliConsoleListener.onCommandStart: Assert that id: screen.monthly is visible RUNNING
20:36:31.484 [ INFO] maestro.cli.runner.CliConsoleListener.onCommandFinished: Assert that id: screen.monthly is visible COMPLETED
20:36:31.484 [ INFO] maestro.cli.runner.CliConsoleListener.onCommandFinished: Run flow when id: screen.monthly is not visible COMPLETED
20:36:31.485 [ INFO] maestro.cli.runner.CliConsoleListener.onCommandStart: Wait for animation to end within 5000 ms RUNNING
20:36:31.491 [ INFO] maestro.Maestro.waitForAnimationToEnd$lambda$53: Waiting for animation to end with timeout 5000
20:36:31.496 [TRACE] maestro.utils.ScreenshotUtils.takeScreenshot: Taking screenshot to byte array
20:36:31.497 [TRACE] maestro.utils.ScreenshotUtils.takeScreenshot: Taking screenshot to output sink
20:36:34.827 [TRACE] maestro.utils.ScreenshotUtils.takeScreenshot: Taking screenshot to byte array
20:36:34.828 [TRACE] maestro.utils.ScreenshotUtils.takeScreenshot: Taking screenshot to output sink
20:36:35.745 [ INFO] maestro.cli.runner.CliConsoleListener.onCommandFinished: Wait for animation to end within 5000 ms COMPLETED
20:36:35.746 [ INFO] maestro.cli.runner.CliConsoleListener.onCommandFinished: Run open_monthly_history.yaml COMPLETED
20:36:35.746 [ INFO] maestro.cli.runner.CliConsoleListener.onCommandFinished: Run ../../.maestro/subflows/bootstrap_monthly.yaml COMPLETED
20:36:35.746 [ INFO] maestro.cli.runner.CliConsoleListener.onCommandStart: Run ../../.maestro/subflows/go_to_home.yaml RUNNING
20:36:35.746 [ INFO] maestro.cli.runner.CliConsoleListener.onCommandStart: Apply configuration RUNNING
20:36:35.747 [ INFO] maestro.cli.runner.CliConsoleListener.onCommandFinished: Apply configuration COMPLETED
20:36:35.747 [ INFO] maestro.cli.runner.CliConsoleListener.onCommandStart: Repeat while id: home.month.picker is not visible RUNNING
20:36:36.639 [ INFO] maestro.cli.runner.CliConsoleListener.onCommandStart: Tap on id: common.btn.back RUNNING
20:36:36.780 [ INFO] maestro.Maestro.tap-HgV9Ck0: Tapping on element:  UiElement(treeNode=TreeNode(attributes={text=, accessibilityText=, hintText=, ignoreBoundsFiltering=false, resource-id=common.btn.back, clickable=true, bounds=[12,150][138,276], enabled=true, focused=false, checked=false, scrollable=false, selected=false, class=android.view.View, important-for-accessibility=true, error=}, children=[TreeNode(attributes={text=, accessibilityText=Retour, hintText=, ignoreBoundsFiltering=false, resource-id=, clickable=false, bounds=[43,181][106,244], enabled=true, focused=false, checked=false, scrollable=false, selected=false, class=android.view.View, important-for-accessibility=true, error=}, children=[], clickable=false, enabled=true, focused=false, checked=false, selected=false), TreeNode(attributes={text=, accessibilityText=, hintText=, ignoreBoundsFiltering=false, resource-id=, clickable=false, bounds=[22,160][127,265], enabled=true, focused=false, checked=false, scrollable=false, selected=false, class=android.widget.Button, important-for-accessibility=true, error=}, children=[], clickable=false, enabled=true, focused=false, checked=false, selected=false)], clickable=true, enabled=true, focused=false, checked=false, selected=false), bounds=Bounds(x=12, y=150, width=126, height=126))
20:36:38.138 [ INFO] maestro.Maestro.tap-HgV9Ck0: Tap aimed via settled hierarchy
20:36:38.141 [ INFO] maestro.Maestro.hierarchyBasedTap-ogj28Uc: Tapping at (75, 213) using hierarchy based logic for wait
20:36:40.137 [ INFO] maestro.Maestro.hierarchyBasedTap-ogj28Uc: Something has changed in the UI judging by view hierarchy. Proceed.
20:36:40.138 [ INFO] maestro.cli.runner.CliConsoleListener.onCommandFinished: Tap on id: common.btn.back COMPLETED
20:36:47.265 [ INFO] maestro.cli.runner.CliConsoleListener.onCommandFinished: Repeat while id: home.month.picker is not visible COMPLETED
20:36:47.266 [ INFO] maestro.cli.runner.CliConsoleListener.onCommandFinished: Run ../../.maestro/subflows/go_to_home.yaml COMPLETED
20:36:47.266 [ INFO] maestro.cli.runner.CliConsoleListener.onCommandStart: Run console.log("TC-81-1 : ouverture du menu d'ajout puis choix Dépense")
 RUNNING
20:36:47.266 [ INFO] maestro.cli.runner.CliConsoleListener.onCommandFinished: Run console.log("TC-81-1 : ouverture du menu d'ajout puis choix Dépense")
 COMPLETED
20:36:47.267 [ INFO] maestro.cli.runner.CliConsoleListener.onCommandStart: Tap on id: nav.add.button RUNNING
20:36:47.606 [ INFO] maestro.Maestro.tap-HgV9Ck0: Tapping on element:  UiElement(treeNode=TreeNode(attributes={text=, accessibilityText=, hintText=, ignoreBoundsFiltering=false, resource-id=nav.add.button, clickable=true, bounds=[816,2095][963,2242], enabled=true, focused=false, checked=false, scrollable=false, selected=false, class=android.view.View, important-for-accessibility=true, error=}, children=[TreeNode(attributes={text=, accessibilityText=Ajouter, hintText=, ignoreBoundsFiltering=false, resource-id=, clickable=false, bounds=[853,2132][927,2206], enabled=true, focused=false, checked=false, scrollable=false, selected=false, class=android.view.View, important-for-accessibility=true, error=}, children=[], clickable=false, enabled=true, focused=false, checked=false, selected=false)], clickable=true, enabled=true, focused=false, checked=false, selected=false), bounds=Bounds(x=816, y=2095, width=147, height=147))
20:36:49.036 [ INFO] maestro.Maestro.tap-HgV9Ck0: Tap aimed via settled hierarchy
20:36:49.038 [ INFO] maestro.Maestro.hierarchyBasedTap-ogj28Uc: Tapping at (889, 2168) using hierarchy based logic for wait
20:36:50.713 [ INFO] maestro.Maestro.hierarchyBasedTap-ogj28Uc: Something has changed in the UI judging by view hierarchy. Proceed.
20:36:50.714 [ INFO] maestro.cli.runner.CliConsoleListener.onCommandFinished: Tap on id: nav.add.button COMPLETED
20:36:50.715 [ INFO] maestro.cli.runner.CliConsoleListener.onCommandStart: Assert that id: add.action.sheet is visible RUNNING
20:36:50.943 [ INFO] maestro.cli.runner.CliConsoleListener.onCommandFinished: Assert that id: add.action.sheet is visible COMPLETED
20:36:50.944 [ INFO] maestro.cli.runner.CliConsoleListener.onCommandStart: Tap on id: add.action.expense RUNNING
20:36:51.153 [ INFO] maestro.Maestro.tap-HgV9Ck0: Tapping on element:  UiElement(treeNode=TreeNode(attributes={text=, accessibilityText=, hintText=, ignoreBoundsFiltering=false, resource-id=add.action.expense, clickable=true, bounds=[95,1942][524,2242], enabled=true, focused=false, checked=false, scrollable=false, selected=false, class=android.view.View, important-for-accessibility=true, error=}, children=[TreeNode(attributes={text=, accessibilityText=, hintText=, ignoreBoundsFiltering=false, resource-id=, clickable=false, bounds=[241,1989][378,2126], enabled=true, focused=false, checked=false, scrollable=false, selected=false, class=android.view.View, important-for-accessibility=false, error=}, children=[TreeNode(attributes={text=, accessibilityText=Dépense, hintText=, ignoreBoundsFiltering=false, resource-id=, clickable=false, bounds=[276,2024][344,2092], enabled=true, focused=false, checked=false, scrollable=false, selected=false, class=android.view.View, important-for-accessibility=true, error=}, children=[], clickable=false, enabled=true, focused=false, checked=false, selected=false)], clickable=false, enabled=true, focused=false, checked=false, selected=false), TreeNode(attributes={text=Dépense, accessibilityText=, hintText=, ignoreBoundsFiltering=false, resource-id=, clickable=false, bounds=[240,2152][379,2195], enabled=true, focused=false, checked=false, scrollable=false, selected=false, class=android.widget.TextView, important-for-accessibility=true, error=}, children=[], clickable=false, enabled=true, focused=false, checked=false, selected=false)], clickable=true, enabled=true, focused=false, checked=false, selected=false), bounds=Bounds(x=95, y=1942, width=429, height=300))
20:36:52.514 [ INFO] maestro.Maestro.tap-HgV9Ck0: Tap aimed via settled hierarchy
20:36:52.515 [ INFO] maestro.Maestro.hierarchyBasedTap-ogj28Uc: Tapping at (309, 2092) using hierarchy based logic for wait
20:36:56.239 [ INFO] maestro.Maestro.hierarchyBasedTap-ogj28Uc: Something has changed in the UI judging by view hierarchy. Proceed.
20:36:56.239 [ INFO] maestro.cli.runner.CliConsoleListener.onCommandFinished: Tap on id: add.action.expense COMPLETED
20:36:56.240 [ INFO] maestro.cli.runner.CliConsoleListener.onCommandStart: Assert that "Choisir une catégorie" is visible RUNNING
20:36:56.369 [ INFO] maestro.cli.runner.CliConsoleListener.onCommandFinished: Assert that "Choisir une catégorie" is visible COMPLETED
20:36:56.369 [ INFO] maestro.cli.runner.CliConsoleListener.onCommandStart: Assert that "Alimentation" is visible RUNNING
20:36:56.476 [ INFO] maestro.cli.runner.CliConsoleListener.onCommandFinished: Assert that "Alimentation" is visible COMPLETED
20:36:56.477 [ INFO] maestro.cli.runner.CliConsoleListener.onCommandStart: Assert that "Revenus" is not visible RUNNING
20:36:57.122 [ INFO] maestro.cli.runner.CliConsoleListener.onCommandFinished: Assert that "Revenus" is not visible COMPLETED
20:36:57.123 [ INFO] maestro.cli.runner.CliConsoleListener.onCommandStart: Run console.log("TC-81-1 : CA-01 vérifié — le picker n'expose que des catégories de dépense")
 RUNNING
20:36:57.124 [ INFO] maestro.cli.runner.CliConsoleListener.onCommandFinished: Run console.log("TC-81-1 : CA-01 vérifié — le picker n'expose que des catégories de dépense")
 COMPLETED
20:36:57.124 [ INFO] maestro.cli.runner.CliConsoleListener.onCommandStart: Tap on "Chercher une catégorie..." RUNNING
20:36:57.209 [ INFO] maestro.Maestro.tap-HgV9Ck0: Tapping on element:  UiElement(treeNode=TreeNode(attributes={text=Chercher une catégorie..., accessibilityText=, hintText=, ignoreBoundsFiltering=false, resource-id=, clickable=false, bounds=[190,1108][653,1171], enabled=true, focused=false, checked=false, scrollable=false, selected=false, class=android.widget.TextView, important-for-accessibility=true, error=}, children=[], clickable=false, enabled=true, focused=false, checked=false, selected=false), bounds=Bounds(x=190, y=1108, width=463, height=63))
20:36:58.534 [ INFO] maestro.Maestro.tap-HgV9Ck0: Tap aimed via settled hierarchy
20:36:58.539 [ INFO] maestro.Maestro.hierarchyBasedTap-ogj28Uc: Tapping at (421, 1139) using hierarchy based logic for wait
20:36:59.996 [ INFO] maestro.Maestro.hierarchyBasedTap-ogj28Uc: Something has changed in the UI judging by view hierarchy. Proceed.
20:36:59.996 [ INFO] maestro.cli.runner.CliConsoleListener.onCommandFinished: Tap on "Chercher une catégorie..." COMPLETED
20:36:59.997 [ INFO] maestro.cli.runner.CliConsoleListener.onCommandStart: Input text Pharmacie RUNNING
20:36:59.998 [ INFO] maestro.Maestro.inputText: Inputting text: Pharmacie
20:37:06.038 [ INFO] maestro.cli.runner.CliConsoleListener.onCommandFinished: Input text Pharmacie COMPLETED
20:37:06.039 [ INFO] maestro.cli.runner.CliConsoleListener.onCommandStart: Hide Keyboard RUNNING
20:37:06.042 [ INFO] maestro.Maestro.hideKeyboard$lambda$12: Hiding Keyboard
20:37:07.332 [ INFO] maestro.cli.runner.CliConsoleListener.onCommandFinished: Hide Keyboard COMPLETED
20:37:07.332 [ INFO] maestro.cli.runner.CliConsoleListener.onCommandStart: Tap on "Pharmacie", Index: 1 RUNNING
20:37:07.387 [ INFO] maestro.Maestro.tap-HgV9Ck0: Tapping on element:  UiElement(treeNode=TreeNode(attributes={text=Pharmacie, accessibilityText=, hintText=, ignoreBoundsFiltering=false, resource-id=, clickable=false, bounds=[79,2200][240,2242], enabled=true, focused=false, checked=false, scrollable=false, selected=false, class=android.widget.TextView, important-for-accessibility=true, error=}, children=[], clickable=false, enabled=true, focused=false, checked=false, selected=false), bounds=Bounds(x=79, y=2200, width=161, height=42))
20:37:08.711 [ INFO] maestro.Maestro.tap-HgV9Ck0: Tap aimed via settled hierarchy
20:37:08.713 [ INFO] maestro.Maestro.hierarchyBasedTap-ogj28Uc: Tapping at (159, 2221) using hierarchy based logic for wait
20:37:09.937 [ INFO] maestro.Maestro.hierarchyBasedTap-ogj28Uc: Something has changed in the UI judging by view hierarchy. Proceed.
20:37:09.938 [ INFO] maestro.cli.runner.CliConsoleListener.onCommandFinished: Tap on "Pharmacie", Index: 1 COMPLETED
20:37:09.938 [ INFO] maestro.cli.runner.CliConsoleListener.onCommandStart: Assert that id: screen.transaction.edit is visible RUNNING
20:37:10.047 [ INFO] maestro.cli.runner.CliConsoleListener.onCommandFinished: Assert that id: screen.transaction.edit is visible COMPLETED
20:37:10.047 [ INFO] maestro.cli.runner.CliConsoleListener.onCommandStart: Assert that id: transaction.edit.type.expense is visible RUNNING
20:37:10.168 [ INFO] maestro.cli.runner.CliConsoleListener.onCommandFinished: Assert that id: transaction.edit.type.expense is visible COMPLETED
20:37:10.168 [ INFO] maestro.cli.runner.CliConsoleListener.onCommandStart: Tap on id: transaction.edit.field.title RUNNING
20:37:10.231 [ INFO] maestro.Maestro.tap-HgV9Ck0: Tapping on element:  UiElement(treeNode=TreeNode(attributes={text=, accessibilityText=, hintText=, ignoreBoundsFiltering=false, resource-id=transaction.edit.field.title, clickable=true, bounds=[100,991][980,1138], enabled=true, focused=false, checked=false, scrollable=false, selected=false, class=android.widget.EditText, important-for-accessibility=true, error=}, children=[TreeNode(attributes={text=, accessibilityText=, hintText=, ignoreBoundsFiltering=false, resource-id=, clickable=false, bounds=[100,991][980,1138], enabled=true, focused=false, checked=false, scrollable=false, selected=false, class=android.view.View, important-for-accessibility=false, error=}, children=[], clickable=false, enabled=true, focused=false, checked=false, selected=false), TreeNode(attributes={text=, accessibilityText=, hintText=, ignoreBoundsFiltering=false, resource-id=, clickable=false, bounds=[142,1002][938,1128], enabled=true, focused=false, checked=false, scrollable=false, selected=false, class=android.view.View, important-for-accessibility=false, error=}, children=[], clickable=false, enabled=true, focused=false, checked=false, selected=false)], clickable=true, enabled=true, focused=false, checked=false, selected=false), bounds=Bounds(x=100, y=991, width=880, height=147))
20:37:11.453 [ INFO] maestro.Maestro.tap-HgV9Ck0: Tap aimed via settled hierarchy
20:37:11.455 [ INFO] maestro.Maestro.hierarchyBasedTap-ogj28Uc: Tapping at (540, 1064) using hierarchy based logic for wait
20:37:13.369 [ INFO] maestro.Maestro.hierarchyBasedTap-ogj28Uc: Something has changed in the UI judging by view hierarchy. Proceed.
20:37:13.370 [ INFO] maestro.cli.runner.CliConsoleListener.onCommandFinished: Tap on id: transaction.edit.field.title COMPLETED
20:37:13.370 [ INFO] maestro.cli.runner.CliConsoleListener.onCommandStart: Input text TC-create-ponctuel RUNNING
20:37:13.370 [ INFO] maestro.Maestro.inputText: Inputting text: TC-create-ponctuel
20:37:18.970 [ INFO] maestro.cli.runner.CliConsoleListener.onCommandFinished: Input text TC-create-ponctuel COMPLETED
20:37:18.970 [ INFO] maestro.cli.runner.CliConsoleListener.onCommandStart: Hide Keyboard RUNNING
20:37:18.970 [ INFO] maestro.Maestro.hideKeyboard$lambda$12: Hiding Keyboard
20:37:19.990 [ INFO] maestro.cli.runner.CliConsoleListener.onCommandFinished: Hide Keyboard COMPLETED
20:37:19.990 [ INFO] maestro.cli.runner.CliConsoleListener.onCommandStart: Tap on id: transaction.edit.field.amount RUNNING
20:37:20.041 [ INFO] maestro.Maestro.tap-HgV9Ck0: Tapping on element:  UiElement(treeNode=TreeNode(attributes={text=, accessibilityText=, hintText=, ignoreBoundsFiltering=false, resource-id=transaction.edit.field.amount, clickable=true, bounds=[100,702][980,891], enabled=true, focused=false, checked=false, scrollable=false, selected=false, class=android.widget.EditText, important-for-accessibility=true, error=}, children=[TreeNode(attributes={text=, accessibilityText=, hintText=, ignoreBoundsFiltering=false, resource-id=, clickable=false, bounds=[100,702][980,891], enabled=true, focused=false, checked=false, scrollable=false, selected=false, class=android.view.View, important-for-accessibility=false, error=}, children=[], clickable=false, enabled=true, focused=false, checked=false, selected=false), TreeNode(attributes={text=−, accessibilityText=, hintText=, ignoreBoundsFiltering=false, resource-id=, clickable=false, bounds=[139,745][188,850], enabled=true, focused=false, checked=false, scrollable=false, selected=false, class=android.widget.TextView, important-for-accessibility=true, error=}, children=[], clickable=false, enabled=true, focused=false, checked=false, selected=false), TreeNode(attributes={text=, accessibilityText=, hintText=, ignoreBoundsFiltering=false, resource-id=, clickable=false, bounds=[237,734][843,860], enabled=true, focused=false, checked=false, scrollable=false, selected=false, class=android.view.View, important-for-accessibility=false, error=}, children=[], clickable=false, enabled=true, focused=false, checked=false, selected=false), TreeNode(attributes={text=€, accessibilityText=, hintText=, ignoreBoundsFiltering=false, resource-id=, clickable=false, bounds=[902,766][932,828], enabled=true, focused=false, checked=false, scrollable=false, selected=false, class=android.widget.TextView, important-for-accessibility=true, error=}, children=[], clickable=false, enabled=true, focused=false, checked=false, selected=false)], clickable=true, enabled=true, focused=false, checked=false, selected=false), bounds=Bounds(x=100, y=702, width=880, height=189))
20:37:21.289 [ INFO] maestro.Maestro.tap-HgV9Ck0: Tap aimed via settled hierarchy
20:37:21.290 [ INFO] maestro.Maestro.hierarchyBasedTap-ogj28Uc: Tapping at (540, 796) using hierarchy based logic for wait
20:37:23.183 [ INFO] maestro.Maestro.hierarchyBasedTap-ogj28Uc: Something has changed in the UI judging by view hierarchy. Proceed.
20:37:23.184 [ INFO] maestro.cli.runner.CliConsoleListener.onCommandFinished: Tap on id: transaction.edit.field.amount COMPLETED
20:37:23.184 [ INFO] maestro.cli.runner.CliConsoleListener.onCommandStart: Input text 12.34 RUNNING
20:37:23.184 [ INFO] maestro.Maestro.inputText: Inputting text: 12.34
20:37:24.517 [ INFO] maestro.cli.runner.CliConsoleListener.onCommandFinished: Input text 12.34 COMPLETED
20:37:24.517 [ INFO] maestro.cli.runner.CliConsoleListener.onCommandStart: Hide Keyboard RUNNING
20:37:24.517 [ INFO] maestro.Maestro.hideKeyboard$lambda$12: Hiding Keyboard
20:37:25.564 [ INFO] maestro.cli.runner.CliConsoleListener.onCommandFinished: Hide Keyboard COMPLETED
20:37:25.564 [ INFO] maestro.cli.runner.CliConsoleListener.onCommandStart: Scrolling DOWN until id: transaction.edit.block.recurrence is visible with speed 40, visibility percentage 100%, timeout 20000 ms, with centering disabled RUNNING
20:37:26.207 [ WARN] maestro.orchestra.Orchestra.scrollUntilVisible: Error: maestro.MaestroException$ElementNotFound: Element not found: Id matching regex: transaction.edit.block.recurrence
20:37:26.249 [ INFO] maestro.Maestro.swipeFromCenter: Swiping UP from center
20:37:27.977 [ WARN] maestro.orchestra.Orchestra.scrollUntilVisible: Error: maestro.MaestroException$ElementNotFound: Element not found: Id matching regex: transaction.edit.block.recurrence
20:37:28.019 [ INFO] maestro.Maestro.swipeFromCenter: Swiping UP from center
20:37:29.158 [ INFO] maestro.orchestra.Orchestra.scrollUntilVisible: Scrolling try count: 0, DeviceWidth: 1080, DeviceWidth: 2400
20:37:29.158 [ INFO] maestro.orchestra.Orchestra.scrollUntilVisible: Element bounds: Bounds(x=53, y=1726, width=974, height=364)
20:37:29.158 [ INFO] maestro.orchestra.Orchestra.scrollUntilVisible: Visibility Percent: 1.0
20:37:29.158 [ INFO] maestro.orchestra.Orchestra.scrollUntilVisible: Command centerElement: ScrollUntilVisibleCommand(selector=ElementSelector(textRegex=null, idRegex=transaction.edit.block.recurrence, size=null, below=null, above=null, leftOf=null, rightOf=null, containsChild=null, containsDescendants=null, traits=null, index=null, enabled=null, optional=false, selected=null, checked=null, focused=null, childOf=null, css=null), direction=DOWN, scrollDuration=601, visibilityPercentage=100, timeout=20000, waitToSettleTimeoutMs=null, centerElement=false, originalSpeedValue=40, label=null, optional=false).centerElement
20:37:29.158 [ INFO] maestro.orchestra.Orchestra.scrollUntilVisible: visibilityPercentageNormalized: 1.0
20:37:29.158 [ INFO] maestro.cli.runner.CliConsoleListener.onCommandFinished: Scrolling DOWN until id: transaction.edit.block.recurrence is visible with speed 40, visibility percentage 100%, timeout 20000 ms, with centering disabled COMPLETED
20:37:29.159 [ INFO] maestro.cli.runner.CliConsoleListener.onCommandStart: Assert that "Ne se répète pas" is visible RUNNING
20:37:29.358 [ INFO] maestro.cli.runner.CliConsoleListener.onCommandFinished: Assert that "Ne se répète pas" is visible COMPLETED
20:37:29.358 [ INFO] maestro.cli.runner.CliConsoleListener.onCommandStart: Tap on id: common.btn.save RUNNING
20:37:29.732 [ INFO] maestro.Maestro.tap-HgV9Ck0: Tapping on element:  UiElement(treeNode=TreeNode(attributes={text=, accessibilityText=, hintText=, ignoreBoundsFiltering=false, resource-id=common.btn.save, clickable=true, bounds=[53,2137][1027,2284], enabled=true, focused=false, checked=false, scrollable=false, selected=false, class=android.view.View, important-for-accessibility=true, error=}, children=[TreeNode(attributes={text=Enregistrer, accessibilityText=, hintText=, ignoreBoundsFiltering=false, resource-id=, clickable=false, bounds=[452,2184][629,2237], enabled=true, focused=false, checked=false, scrollable=false, selected=false, class=android.widget.TextView, important-for-accessibility=true, error=}, children=[], clickable=false, enabled=true, focused=false, checked=false, selected=false), TreeNode(attributes={text=, accessibilityText=, hintText=, ignoreBoundsFiltering=false, resource-id=, clickable=false, bounds=[53,2137][1027,2284], enabled=true, focused=false, checked=false, scrollable=false, selected=false, class=android.widget.Button, important-for-accessibility=true, error=}, children=[], clickable=false, enabled=true, focused=false, checked=false, selected=false)], clickable=true, enabled=true, focused=false, checked=false, selected=false), bounds=Bounds(x=53, y=2137, width=974, height=147))
20:37:30.929 [ INFO] maestro.Maestro.tap-HgV9Ck0: Tap aimed via settled hierarchy
20:37:30.930 [ INFO] maestro.Maestro.hierarchyBasedTap-ogj28Uc: Tapping at (540, 2210) using hierarchy based logic for wait
20:37:32.129 [ INFO] maestro.Maestro.hierarchyBasedTap-ogj28Uc: Something has changed in the UI judging by view hierarchy. Proceed.
20:37:32.129 [ INFO] maestro.cli.runner.CliConsoleListener.onCommandFinished: Tap on id: common.btn.save COMPLETED
20:37:32.129 [ INFO] maestro.cli.runner.CliConsoleListener.onCommandStart: Assert that id: screen.transaction.edit is not visible RUNNING
20:37:32.733 [ INFO] maestro.cli.runner.CliConsoleListener.onCommandFinished: Assert that id: screen.transaction.edit is not visible COMPLETED
20:37:32.733 [ INFO] maestro.cli.runner.CliConsoleListener.onCommandStart: Assert that id: screen.transaction.detail is visible RUNNING
20:37:32.842 [ INFO] maestro.cli.runner.CliConsoleListener.onCommandFinished: Assert that id: screen.transaction.detail is visible COMPLETED
20:37:32.842 [ INFO] maestro.cli.runner.CliConsoleListener.onCommandStart: Assert that "TC-create-ponctuel" is visible RUNNING
20:37:32.904 [ INFO] maestro.cli.runner.CliConsoleListener.onCommandFinished: Assert that "TC-create-ponctuel" is visible COMPLETED
20:37:32.904 [ INFO] maestro.cli.runner.CliConsoleListener.onCommandStart: Assert that ".*12,34.*" is visible RUNNING
20:37:33.007 [ INFO] maestro.cli.runner.CliConsoleListener.onCommandFinished: Assert that ".*12,34.*" is visible COMPLETED
20:37:33.008 [ INFO] maestro.cli.runner.CliConsoleListener.onCommandStart: Run console.log("TC-81-1 : CA-11 vérifié sur l'écran de détail")
 RUNNING
20:37:33.008 [ INFO] maestro.cli.runner.CliConsoleListener.onCommandFinished: Run console.log("TC-81-1 : CA-11 vérifié sur l'écran de détail")
 COMPLETED
20:37:33.008 [ INFO] maestro.cli.runner.CliConsoleListener.onCommandStart: Tap on id: transaction.detail.edit RUNNING
20:37:33.114 [ INFO] maestro.Maestro.tap-HgV9Ck0: Tapping on element:  UiElement(treeNode=TreeNode(attributes={text=, accessibilityText=, hintText=, ignoreBoundsFiltering=false, resource-id=transaction.detail.edit, clickable=true, bounds=[775,339][901,465], enabled=true, focused=false, checked=false, scrollable=false, selected=false, class=android.view.View, important-for-accessibility=true, error=}, children=[TreeNode(attributes={text=, accessibilityText=Modifier, hintText=, ignoreBoundsFiltering=false, resource-id=, clickable=false, bounds=[806,370][869,433], enabled=true, focused=false, checked=false, scrollable=false, selected=false, class=android.view.View, important-for-accessibility=true, error=}, children=[], clickable=false, enabled=true, focused=false, checked=false, selected=false)], clickable=true, enabled=true, focused=false, checked=false, selected=false), bounds=Bounds(x=775, y=339, width=126, height=126))
20:37:34.337 [ INFO] maestro.Maestro.tap-HgV9Ck0: Tap aimed via settled hierarchy
20:37:34.338 [ INFO] maestro.Maestro.hierarchyBasedTap-ogj28Uc: Tapping at (838, 402) using hierarchy based logic for wait
20:37:35.301 [ INFO] maestro.Maestro.hierarchyBasedTap-ogj28Uc: Something has changed in the UI judging by view hierarchy. Proceed.
20:37:35.301 [ INFO] maestro.cli.runner.CliConsoleListener.onCommandFinished: Tap on id: transaction.detail.edit COMPLETED
20:37:35.302 [ INFO] maestro.cli.runner.CliConsoleListener.onCommandStart: Assert that id: screen.transaction.edit is visible RUNNING
20:37:35.407 [ INFO] maestro.cli.runner.CliConsoleListener.onCommandFinished: Assert that id: screen.transaction.edit is visible COMPLETED
20:37:35.408 [ INFO] maestro.cli.runner.CliConsoleListener.onCommandStart: Assert that id: recurring.edit.scope.sheet is not visible RUNNING
20:37:36.006 [ INFO] maestro.cli.runner.CliConsoleListener.onCommandFinished: Assert that id: recurring.edit.scope.sheet is not visible COMPLETED
20:37:36.006 [ INFO] maestro.cli.runner.CliConsoleListener.onCommandStart: Run console.log("TC-81-1 : CA-06 vérifié — aucune portée récurrente sur une ponctuelle")
 RUNNING
20:37:36.007 [ INFO] maestro.cli.runner.CliConsoleListener.onCommandFinished: Run console.log("TC-81-1 : CA-06 vérifié — aucune portée récurrente sur une ponctuelle")
 COMPLETED
20:37:36.007 [ INFO] maestro.cli.runner.CliConsoleListener.onCommandStart: Tap on id: common.btn.back RUNNING
20:37:36.130 [ INFO] maestro.Maestro.tap-HgV9Ck0: Tapping on element:  UiElement(treeNode=TreeNode(attributes={text=, accessibilityText=, hintText=, ignoreBoundsFiltering=false, resource-id=common.btn.back, clickable=true, bounds=[12,150][138,276], enabled=true, focused=false, checked=false, scrollable=false, selected=false, class=android.view.View, important-for-accessibility=true, error=}, children=[TreeNode(attributes={text=, accessibilityText=Retour, hintText=, ignoreBoundsFiltering=false, resource-id=, clickable=false, bounds=[43,181][106,244], enabled=true, focused=false, checked=false, scrollable=false, selected=false, class=android.view.View, important-for-accessibility=true, error=}, children=[], clickable=false, enabled=true, focused=false, checked=false, selected=false), TreeNode(attributes={text=, accessibilityText=, hintText=, ignoreBoundsFiltering=false, resource-id=, clickable=false, bounds=[22,160][127,265], enabled=true, focused=false, checked=false, scrollable=false, selected=false, class=android.widget.Button, important-for-accessibility=true, error=}, children=[], clickable=false, enabled=true, focused=false, checked=false, selected=false)], clickable=true, enabled=true, focused=false, checked=false, selected=false), bounds=Bounds(x=12, y=150, width=126, height=126))
20:37:37.353 [ INFO] maestro.Maestro.tap-HgV9Ck0: Tap aimed via settled hierarchy
20:37:37.354 [ INFO] maestro.Maestro.hierarchyBasedTap-ogj28Uc: Tapping at (75, 213) using hierarchy based logic for wait
20:37:37.838 [ INFO] maestro.Maestro.hierarchyBasedTap-ogj28Uc: Something has changed in the UI judging by view hierarchy. Proceed.
20:37:37.839 [ INFO] maestro.cli.runner.CliConsoleListener.onCommandFinished: Tap on id: common.btn.back COMPLETED
20:37:37.839 [ INFO] maestro.cli.runner.CliConsoleListener.onCommandStart: Run ../../.maestro/subflows/go_to_home.yaml RUNNING
20:37:37.839 [ INFO] maestro.cli.runner.CliConsoleListener.onCommandStart: Apply configuration RUNNING
20:37:37.840 [ INFO] maestro.cli.runner.CliConsoleListener.onCommandFinished: Apply configuration COMPLETED
20:37:37.840 [ INFO] maestro.cli.runner.CliConsoleListener.onCommandStart: Repeat while id: home.month.picker is not visible RUNNING
20:37:38.461 [ INFO] maestro.cli.runner.CliConsoleListener.onCommandStart: Tap on id: common.btn.back RUNNING
20:37:38.562 [ INFO] maestro.Maestro.tap-HgV9Ck0: Tapping on element:  UiElement(treeNode=TreeNode(attributes={text=, accessibilityText=, hintText=, ignoreBoundsFiltering=false, resource-id=common.btn.back, clickable=true, bounds=[12,150][138,276], enabled=true, focused=false, checked=false, scrollable=false, selected=false, class=android.view.View, important-for-accessibility=true, error=}, children=[TreeNode(attributes={text=, accessibilityText=Retour, hintText=, ignoreBoundsFiltering=false, resource-id=, clickable=false, bounds=[43,181][106,244], enabled=true, focused=false, checked=false, scrollable=false, selected=false, class=android.view.View, important-for-accessibility=true, error=}, children=[], clickable=false, enabled=true, focused=false, checked=false, selected=false), TreeNode(attributes={text=, accessibilityText=, hintText=, ignoreBoundsFiltering=false, resource-id=, clickable=false, bounds=[22,160][127,265], enabled=true, focused=false, checked=false, scrollable=false, selected=false, class=android.widget.Button, important-for-accessibility=true, error=}, children=[], clickable=false, enabled=true, focused=false, checked=false, selected=false)], clickable=true, enabled=true, focused=false, checked=false, selected=false), bounds=Bounds(x=12, y=150, width=126, height=126))
20:37:39.789 [ INFO] maestro.Maestro.tap-HgV9Ck0: Tap aimed via settled hierarchy
20:37:39.790 [ INFO] maestro.Maestro.hierarchyBasedTap-ogj28Uc: Tapping at (75, 213) using hierarchy based logic for wait
20:37:40.772 [ INFO] maestro.Maestro.hierarchyBasedTap-ogj28Uc: Something has changed in the UI judging by view hierarchy. Proceed.
20:37:40.772 [ INFO] maestro.cli.runner.CliConsoleListener.onCommandFinished: Tap on id: common.btn.back COMPLETED
20:37:47.790 [ INFO] maestro.cli.runner.CliConsoleListener.onCommandFinished: Repeat while id: home.month.picker is not visible COMPLETED
20:37:47.790 [ INFO] maestro.cli.runner.CliConsoleListener.onCommandFinished: Run ../../.maestro/subflows/go_to_home.yaml COMPLETED
20:37:47.790 [ INFO] maestro.cli.runner.CliConsoleListener.onCommandStart: Run ../../.maestro/subflows/open_monthly_history.yaml RUNNING
20:37:47.790 [ INFO] maestro.cli.runner.CliConsoleListener.onCommandStart: Apply configuration RUNNING
20:37:47.790 [ INFO] maestro.cli.runner.CliConsoleListener.onCommandFinished: Apply configuration COMPLETED
20:37:47.791 [ INFO] maestro.cli.runner.CliConsoleListener.onCommandStart: Run flow when id: screen.monthly is not visible RUNNING
20:37:48.474 [ INFO] maestro.cli.runner.CliConsoleListener.onCommandStart: Scrolling DOWN until id: recent_transactions_see_all is visible with speed 40, visibility percentage 100%, timeout 20000 ms, with centering enabled RUNNING
20:37:48.592 [ INFO] maestro.orchestra.Orchestra.scrollUntilVisible: Scrolling try count: 0, DeviceWidth: 1080, DeviceWidth: 2400
20:37:48.592 [ INFO] maestro.orchestra.Orchestra.scrollUntilVisible: Element bounds: Bounds(x=763, y=1304, width=243, height=126)
20:37:48.592 [ INFO] maestro.orchestra.Orchestra.scrollUntilVisible: Visibility Percent: 1.0
20:37:48.592 [ INFO] maestro.orchestra.Orchestra.scrollUntilVisible: Command centerElement: ScrollUntilVisibleCommand(selector=ElementSelector(textRegex=null, idRegex=recent_transactions_see_all, size=null, below=null, above=null, leftOf=null, rightOf=null, containsChild=null, containsDescendants=null, traits=null, index=null, enabled=null, optional=false, selected=null, checked=null, focused=null, childOf=null, css=null), direction=DOWN, scrollDuration=601, visibilityPercentage=100, timeout=20000, waitToSettleTimeoutMs=null, centerElement=true, originalSpeedValue=40, label=null, optional=false).centerElement
20:37:48.592 [ INFO] maestro.orchestra.Orchestra.scrollUntilVisible: visibilityPercentageNormalized: 1.0
20:37:48.592 [ INFO] maestro.cli.runner.CliConsoleListener.onCommandFinished: Scrolling DOWN until id: recent_transactions_see_all is visible with speed 40, visibility percentage 100%, timeout 20000 ms, with centering enabled COMPLETED
20:37:48.592 [ INFO] maestro.cli.runner.CliConsoleListener.onCommandStart: Tap on id: recent_transactions_see_all RUNNING
20:37:48.710 [ INFO] maestro.Maestro.tap-HgV9Ck0: Tapping on element:  UiElement(treeNode=TreeNode(attributes={text=, accessibilityText=, hintText=, ignoreBoundsFiltering=false, resource-id=recent_transactions_see_all, clickable=true, bounds=[763,1304][1006,1430], enabled=true, focused=false, checked=false, scrollable=false, selected=false, class=android.view.View, important-for-accessibility=true, error=}, children=[TreeNode(attributes={text=Voir tout, accessibilityText=, hintText=, ignoreBoundsFiltering=false, resource-id=, clickable=false, bounds=[795,1340][932,1393], enabled=true, focused=false, checked=false, scrollable=false, selected=false, class=android.widget.TextView, important-for-accessibility=true, error=}, children=[], clickable=false, enabled=true, focused=false, checked=false, selected=false), TreeNode(attributes={text=, accessibilityText=, hintText=, ignoreBoundsFiltering=false, resource-id=, clickable=false, bounds=[763,1314][1006,1419], enabled=true, focused=false, checked=false, scrollable=false, selected=false, class=android.widget.Button, important-for-accessibility=true, error=}, children=[], clickable=false, enabled=true, focused=false, checked=false, selected=false)], clickable=true, enabled=true, focused=false, checked=false, selected=false), bounds=Bounds(x=763, y=1304, width=243, height=126))
20:37:49.897 [ INFO] maestro.Maestro.tap-HgV9Ck0: Tap aimed via settled hierarchy
20:37:49.897 [ INFO] maestro.Maestro.hierarchyBasedTap-ogj28Uc: Tapping at (884, 1367) using hierarchy based logic for wait
20:37:50.879 [ INFO] maestro.Maestro.hierarchyBasedTap-ogj28Uc: Something has changed in the UI judging by view hierarchy. Proceed.
20:37:50.879 [ INFO] maestro.cli.runner.CliConsoleListener.onCommandFinished: Tap on id: recent_transactions_see_all COMPLETED
20:37:50.879 [ INFO] maestro.cli.runner.CliConsoleListener.onCommandStart: Assert that id: screen.monthly is visible RUNNING
20:37:50.956 [ INFO] maestro.cli.runner.CliConsoleListener.onCommandFinished: Assert that id: screen.monthly is visible COMPLETED
20:37:50.956 [ INFO] maestro.cli.runner.CliConsoleListener.onCommandFinished: Run flow when id: screen.monthly is not visible COMPLETED
20:37:50.956 [ INFO] maestro.cli.runner.CliConsoleListener.onCommandStart: Wait for animation to end within 5000 ms RUNNING
20:37:50.957 [ INFO] maestro.Maestro.waitForAnimationToEnd$lambda$53: Waiting for animation to end with timeout 5000
20:37:50.957 [TRACE] maestro.utils.ScreenshotUtils.takeScreenshot: Taking screenshot to byte array
20:37:50.957 [TRACE] maestro.utils.ScreenshotUtils.takeScreenshot: Taking screenshot to output sink
20:37:51.149 [TRACE] maestro.utils.ScreenshotUtils.takeScreenshot: Taking screenshot to byte array
20:37:51.149 [TRACE] maestro.utils.ScreenshotUtils.takeScreenshot: Taking screenshot to output sink
20:37:51.535 [ INFO] maestro.cli.runner.CliConsoleListener.onCommandFinished: Wait for animation to end within 5000 ms COMPLETED
20:37:51.536 [ INFO] maestro.cli.runner.CliConsoleListener.onCommandFinished: Run ../../.maestro/subflows/open_monthly_history.yaml COMPLETED
20:37:51.536 [ INFO] maestro.cli.runner.CliConsoleListener.onCommandStart: Scrolling DOWN until "TC-create-ponctuel" is visible with speed 40, visibility percentage 100%, timeout 20000 ms, with centering disabled RUNNING
20:37:51.610 [ INFO] maestro.orchestra.Orchestra.scrollUntilVisible: Scrolling try count: 0, DeviceWidth: 1080, DeviceWidth: 2400
20:37:51.610 [ INFO] maestro.orchestra.Orchestra.scrollUntilVisible: Element bounds: Bounds(x=238, y=2119, width=355, height=49)
20:37:51.610 [ INFO] maestro.orchestra.Orchestra.scrollUntilVisible: Visibility Percent: 1.0
20:37:51.610 [ INFO] maestro.orchestra.Orchestra.scrollUntilVisible: Command centerElement: ScrollUntilVisibleCommand(selector=ElementSelector(textRegex=TC-create-ponctuel, idRegex=null, size=null, below=null, above=null, leftOf=null, rightOf=null, containsChild=null, containsDescendants=null, traits=null, index=null, enabled=null, optional=false, selected=null, checked=null, focused=null, childOf=null, css=null), direction=DOWN, scrollDuration=601, visibilityPercentage=100, timeout=20000, waitToSettleTimeoutMs=null, centerElement=false, originalSpeedValue=40, label=null, optional=false).centerElement
20:37:51.610 [ INFO] maestro.orchestra.Orchestra.scrollUntilVisible: visibilityPercentageNormalized: 1.0
20:37:51.610 [ INFO] maestro.cli.runner.CliConsoleListener.onCommandFinished: Scrolling DOWN until "TC-create-ponctuel" is visible with speed 40, visibility percentage 100%, timeout 20000 ms, with centering disabled COMPLETED
20:37:51.611 [ INFO] maestro.cli.runner.CliConsoleListener.onCommandStart: Assert that "TC-create-ponctuel" is visible RUNNING
20:37:51.714 [ INFO] maestro.cli.runner.CliConsoleListener.onCommandFinished: Assert that "TC-create-ponctuel" is visible COMPLETED
20:37:51.714 [ INFO] maestro.cli.runner.CliConsoleListener.onCommandStart: Assert that "TC-create-ponctuel", Index: 1 is not visible RUNNING
20:37:52.417 [ INFO] maestro.cli.runner.CliConsoleListener.onCommandFinished: Assert that "TC-create-ponctuel", Index: 1 is not visible COMPLETED
