20:06:00.103 [ INFO] maestro.cli.runner.CliConsoleListener.onCommandStart: Define variables RUNNING
20:06:00.104 [ INFO] maestro.cli.runner.CliConsoleListener.onCommandFinished: Define variables COMPLETED
20:06:00.104 [ INFO] maestro.cli.runner.CliConsoleListener.onCommandStart: Apply configuration RUNNING
20:06:00.104 [ INFO] maestro.cli.runner.CliConsoleListener.onCommandFinished: Apply configuration COMPLETED
20:06:00.104 [ INFO] maestro.cli.runner.CliConsoleListener.onCommandStart: Run ../../.maestro/subflows/bootstrap_monthly.yaml RUNNING
20:06:00.105 [ INFO] maestro.cli.runner.CliConsoleListener.onCommandStart: Apply configuration RUNNING
20:06:00.105 [ INFO] maestro.cli.runner.CliConsoleListener.onCommandFinished: Apply configuration COMPLETED
20:06:00.105 [ INFO] maestro.cli.runner.CliConsoleListener.onCommandStart: Run ../../scripts/dates.js RUNNING
20:06:00.129 [ INFO] maestro.orchestra.Orchestra.executeCommands$lambda$23$lambda$21: JsConsole: Maestro Dates Initialized: Prev=août / Août / 08 (2026)
20:06:00.130 [ INFO] maestro.orchestra.Orchestra.executeCommands$lambda$23$lambda$21: JsConsole: Maestro Dates Initialized: Curr=septembre / Sept. / 09 (2026)
20:06:00.131 [ INFO] maestro.orchestra.Orchestra.executeCommands$lambda$23$lambda$21: JsConsole: Maestro Dates Initialized: Next=octobre / Oct. / 10 (2026)
20:06:00.131 [ INFO] maestro.cli.runner.CliConsoleListener.onCommandFinished: Run ../../scripts/dates.js COMPLETED
20:06:00.131 [ INFO] maestro.cli.runner.CliConsoleListener.onCommandStart: Launch app "com.lop.budget" with clear state RUNNING
20:06:00.132 [ INFO] maestro.Maestro.clearAppState$lambda$8: Clearing app state com.lop.budget
20:06:02.162 [ INFO] maestro.Maestro.launchApp$lambda$5: Launching app com.lop.budget
20:06:02.162 [ INFO] maestro.Maestro.launchApp$lambda$5: Stopping com.lop.budget app during launch
20:06:02.290 [ INFO] maestro.cli.runner.CliConsoleListener.onCommandFinished: Launch app "com.lop.budget" with clear state COMPLETED
20:06:02.290 [ INFO] maestro.cli.runner.CliConsoleListener.onCommandStart: Run open_monthly_history.yaml RUNNING
20:06:02.291 [ INFO] maestro.cli.runner.CliConsoleListener.onCommandStart: Apply configuration RUNNING
20:06:02.291 [ INFO] maestro.cli.runner.CliConsoleListener.onCommandFinished: Apply configuration COMPLETED
20:06:02.291 [ INFO] maestro.cli.runner.CliConsoleListener.onCommandStart: Run flow when id: screen.monthly is not visible RUNNING
20:06:02.837 [ INFO] maestro.cli.runner.CliConsoleListener.onCommandStart: Scrolling DOWN until id: recent_transactions_see_all is visible with speed 40, visibility percentage 100%, timeout 20000 ms, with centering enabled RUNNING
20:06:03.399 [ WARN] maestro.orchestra.Orchestra.scrollUntilVisible: Error: maestro.MaestroException$ElementNotFound: Element not found: Id matching regex: recent_transactions_see_all
20:06:03.445 [ INFO] maestro.Maestro.swipeFromCenter: Swiping UP from center
20:06:07.021 [ INFO] maestro.orchestra.Orchestra.scrollUntilVisible: Scrolling try count: 0, DeviceWidth: 1080, DeviceWidth: 2400
20:06:07.021 [ INFO] maestro.orchestra.Orchestra.scrollUntilVisible: Element bounds: Bounds(x=763, y=2033, width=243, height=126)
20:06:07.021 [ INFO] maestro.orchestra.Orchestra.scrollUntilVisible: Visibility Percent: 1.0
20:06:07.022 [ INFO] maestro.orchestra.Orchestra.scrollUntilVisible: Command centerElement: ScrollUntilVisibleCommand(selector=ElementSelector(textRegex=null, idRegex=recent_transactions_see_all, size=null, below=null, above=null, leftOf=null, rightOf=null, containsChild=null, containsDescendants=null, traits=null, index=null, enabled=null, optional=false, selected=null, checked=null, focused=null, childOf=null, css=null), direction=DOWN, scrollDuration=601, visibilityPercentage=100, timeout=20000, waitToSettleTimeoutMs=null, centerElement=true, originalSpeedValue=40, label=null, optional=false).centerElement
20:06:07.022 [ INFO] maestro.orchestra.Orchestra.scrollUntilVisible: visibilityPercentageNormalized: 1.0
20:06:07.026 [ INFO] maestro.Maestro.swipeFromCenter: Swiping UP from center
20:06:08.213 [ INFO] maestro.orchestra.Orchestra.scrollUntilVisible: Scrolling try count: 1, DeviceWidth: 1080, DeviceWidth: 2400
20:06:08.213 [ INFO] maestro.orchestra.Orchestra.scrollUntilVisible: Element bounds: Bounds(x=763, y=1304, width=243, height=126)
20:06:08.213 [ INFO] maestro.orchestra.Orchestra.scrollUntilVisible: Visibility Percent: 1.0
20:06:08.213 [ INFO] maestro.orchestra.Orchestra.scrollUntilVisible: Command centerElement: ScrollUntilVisibleCommand(selector=ElementSelector(textRegex=null, idRegex=recent_transactions_see_all, size=null, below=null, above=null, leftOf=null, rightOf=null, containsChild=null, containsDescendants=null, traits=null, index=null, enabled=null, optional=false, selected=null, checked=null, focused=null, childOf=null, css=null), direction=DOWN, scrollDuration=601, visibilityPercentage=100, timeout=20000, waitToSettleTimeoutMs=null, centerElement=true, originalSpeedValue=40, label=null, optional=false).centerElement
20:06:08.213 [ INFO] maestro.orchestra.Orchestra.scrollUntilVisible: visibilityPercentageNormalized: 1.0
20:06:08.213 [ INFO] maestro.cli.runner.CliConsoleListener.onCommandFinished: Scrolling DOWN until id: recent_transactions_see_all is visible with speed 40, visibility percentage 100%, timeout 20000 ms, with centering enabled COMPLETED
20:06:08.213 [ INFO] maestro.cli.runner.CliConsoleListener.onCommandStart: Tap on id: recent_transactions_see_all RUNNING
20:06:08.306 [ INFO] maestro.Maestro.tap-HgV9Ck0: Tapping on element:  UiElement(treeNode=TreeNode(attributes={text=, accessibilityText=, hintText=, ignoreBoundsFiltering=false, resource-id=recent_transactions_see_all, clickable=true, bounds=[763,1304][1006,1430], enabled=true, focused=false, checked=false, scrollable=false, selected=false, class=android.view.View, important-for-accessibility=true, error=}, children=[TreeNode(attributes={text=Voir tout, accessibilityText=, hintText=, ignoreBoundsFiltering=false, resource-id=, clickable=false, bounds=[795,1340][932,1393], enabled=true, focused=false, checked=false, scrollable=false, selected=false, class=android.widget.TextView, important-for-accessibility=true, error=}, children=[], clickable=false, enabled=true, focused=false, checked=false, selected=false), TreeNode(attributes={text=, accessibilityText=, hintText=, ignoreBoundsFiltering=false, resource-id=, clickable=false, bounds=[763,1314][1006,1419], enabled=true, focused=false, checked=false, scrollable=false, selected=false, class=android.widget.Button, important-for-accessibility=true, error=}, children=[], clickable=false, enabled=true, focused=false, checked=false, selected=false)], clickable=true, enabled=true, focused=false, checked=false, selected=false), bounds=Bounds(x=763, y=1304, width=243, height=126))
20:06:09.500 [ INFO] maestro.Maestro.tap-HgV9Ck0: Tap aimed via settled hierarchy
20:06:09.501 [ INFO] maestro.Maestro.hierarchyBasedTap-ogj28Uc: Tapping at (884, 1367) using hierarchy based logic for wait
20:06:10.663 [ INFO] maestro.Maestro.hierarchyBasedTap-ogj28Uc: Something has changed in the UI judging by view hierarchy. Proceed.
20:06:10.663 [ INFO] maestro.cli.runner.CliConsoleListener.onCommandFinished: Tap on id: recent_transactions_see_all COMPLETED
20:06:10.663 [ INFO] maestro.cli.runner.CliConsoleListener.onCommandStart: Assert that id: screen.monthly is visible RUNNING
20:06:10.789 [ INFO] maestro.cli.runner.CliConsoleListener.onCommandFinished: Assert that id: screen.monthly is visible COMPLETED
20:06:10.789 [ INFO] maestro.cli.runner.CliConsoleListener.onCommandFinished: Run flow when id: screen.monthly is not visible COMPLETED
20:06:10.789 [ INFO] maestro.cli.runner.CliConsoleListener.onCommandStart: Wait for animation to end within 5000 ms RUNNING
20:06:10.790 [ INFO] maestro.Maestro.waitForAnimationToEnd$lambda$53: Waiting for animation to end with timeout 5000
20:06:10.790 [TRACE] maestro.utils.ScreenshotUtils.takeScreenshot: Taking screenshot to byte array
20:06:10.790 [TRACE] maestro.utils.ScreenshotUtils.takeScreenshot: Taking screenshot to output sink
20:06:11.012 [TRACE] maestro.utils.ScreenshotUtils.takeScreenshot: Taking screenshot to byte array
20:06:11.012 [TRACE] maestro.utils.ScreenshotUtils.takeScreenshot: Taking screenshot to output sink
20:06:11.641 [ INFO] maestro.cli.runner.CliConsoleListener.onCommandFinished: Wait for animation to end within 5000 ms COMPLETED
20:06:11.641 [ INFO] maestro.cli.runner.CliConsoleListener.onCommandFinished: Run open_monthly_history.yaml COMPLETED
20:06:11.641 [ INFO] maestro.cli.runner.CliConsoleListener.onCommandFinished: Run ../../.maestro/subflows/bootstrap_monthly.yaml COMPLETED
20:06:11.642 [ INFO] maestro.cli.runner.CliConsoleListener.onCommandStart: Assert that id: screen.monthly is visible RUNNING
20:06:11.680 [ INFO] maestro.cli.runner.CliConsoleListener.onCommandFinished: Assert that id: screen.monthly is visible COMPLETED
20:06:11.680 [ INFO] maestro.cli.runner.CliConsoleListener.onCommandStart: Scroll vertically RUNNING
20:06:11.680 [ INFO] maestro.Maestro.scrollVertical: Scrolling vertically
20:06:12.316 [ INFO] maestro.cli.runner.CliConsoleListener.onCommandFinished: Scroll vertically COMPLETED
20:06:12.316 [ INFO] maestro.cli.runner.CliConsoleListener.onCommandStart: Assert that "TC-create-annule" is not visible RUNNING
20:06:12.996 [ INFO] maestro.cli.runner.CliConsoleListener.onCommandFinished: Assert that "TC-create-annule" is not visible COMPLETED
20:06:12.996 [ INFO] maestro.cli.runner.CliConsoleListener.onCommandStart: Run console.log("TC-81-3 : précondition OK — TC-create-annule absent avant le scénario")
 RUNNING
20:06:12.996 [ INFO] maestro.cli.runner.CliConsoleListener.onCommandFinished: Run console.log("TC-81-3 : précondition OK — TC-create-annule absent avant le scénario")
 COMPLETED
20:06:12.996 [ INFO] maestro.cli.runner.CliConsoleListener.onCommandStart: Run ../../.maestro/subflows/go_to_home.yaml RUNNING
20:06:12.996 [ INFO] maestro.cli.runner.CliConsoleListener.onCommandStart: Apply configuration RUNNING
20:06:12.996 [ INFO] maestro.cli.runner.CliConsoleListener.onCommandFinished: Apply configuration COMPLETED
20:06:12.997 [ INFO] maestro.cli.runner.CliConsoleListener.onCommandStart: Repeat while id: home.month.picker is not visible RUNNING
20:06:13.628 [ INFO] maestro.cli.runner.CliConsoleListener.onCommandStart: Tap on id: common.btn.back RUNNING
20:06:13.711 [ INFO] maestro.Maestro.tap-HgV9Ck0: Tapping on element:  UiElement(treeNode=TreeNode(attributes={text=, accessibilityText=, hintText=, ignoreBoundsFiltering=false, resource-id=common.btn.back, clickable=true, bounds=[12,150][138,276], enabled=true, focused=false, checked=false, scrollable=false, selected=false, class=android.view.View, important-for-accessibility=true, error=}, children=[TreeNode(attributes={text=, accessibilityText=Retour, hintText=, ignoreBoundsFiltering=false, resource-id=, clickable=false, bounds=[43,181][106,244], enabled=true, focused=false, checked=false, scrollable=false, selected=false, class=android.view.View, important-for-accessibility=true, error=}, children=[], clickable=false, enabled=true, focused=false, checked=false, selected=false), TreeNode(attributes={text=, accessibilityText=, hintText=, ignoreBoundsFiltering=false, resource-id=, clickable=false, bounds=[22,160][127,265], enabled=true, focused=false, checked=false, scrollable=false, selected=false, class=android.widget.Button, important-for-accessibility=true, error=}, children=[], clickable=false, enabled=true, focused=false, checked=false, selected=false)], clickable=true, enabled=true, focused=false, checked=false, selected=false), bounds=Bounds(x=12, y=150, width=126, height=126))
20:06:14.952 [ INFO] maestro.Maestro.tap-HgV9Ck0: Tap aimed via settled hierarchy
20:06:14.953 [ INFO] maestro.Maestro.hierarchyBasedTap-ogj28Uc: Tapping at (75, 213) using hierarchy based logic for wait
20:06:16.057 [ INFO] maestro.Maestro.hierarchyBasedTap-ogj28Uc: Something has changed in the UI judging by view hierarchy. Proceed.
20:06:16.057 [ INFO] maestro.cli.runner.CliConsoleListener.onCommandFinished: Tap on id: common.btn.back COMPLETED
20:06:23.117 [ INFO] maestro.cli.runner.CliConsoleListener.onCommandFinished: Repeat while id: home.month.picker is not visible COMPLETED
20:06:23.117 [ INFO] maestro.cli.runner.CliConsoleListener.onCommandFinished: Run ../../.maestro/subflows/go_to_home.yaml COMPLETED
20:06:23.117 [ INFO] maestro.cli.runner.CliConsoleListener.onCommandStart: Tap on id: nav.add.button RUNNING
20:06:23.230 [ INFO] maestro.Maestro.tap-HgV9Ck0: Tapping on element:  UiElement(treeNode=TreeNode(attributes={text=, accessibilityText=, hintText=, ignoreBoundsFiltering=false, resource-id=nav.add.button, clickable=true, bounds=[816,2095][963,2242], enabled=true, focused=false, checked=false, scrollable=false, selected=false, class=android.view.View, important-for-accessibility=true, error=}, children=[TreeNode(attributes={text=, accessibilityText=Ajouter, hintText=, ignoreBoundsFiltering=false, resource-id=, clickable=false, bounds=[853,2132][927,2206], enabled=true, focused=false, checked=false, scrollable=false, selected=false, class=android.view.View, important-for-accessibility=true, error=}, children=[], clickable=false, enabled=true, focused=false, checked=false, selected=false)], clickable=true, enabled=true, focused=false, checked=false, selected=false), bounds=Bounds(x=816, y=2095, width=147, height=147))
20:06:24.464 [ INFO] maestro.Maestro.tap-HgV9Ck0: Tap aimed via settled hierarchy
20:06:24.465 [ INFO] maestro.Maestro.hierarchyBasedTap-ogj28Uc: Tapping at (889, 2168) using hierarchy based logic for wait
20:06:25.551 [ INFO] maestro.Maestro.hierarchyBasedTap-ogj28Uc: Something has changed in the UI judging by view hierarchy. Proceed.
20:06:25.552 [ INFO] maestro.cli.runner.CliConsoleListener.onCommandFinished: Tap on id: nav.add.button COMPLETED
20:06:25.552 [ INFO] maestro.cli.runner.CliConsoleListener.onCommandStart: Assert that id: add.action.sheet is visible RUNNING
20:06:25.616 [ INFO] maestro.cli.runner.CliConsoleListener.onCommandFinished: Assert that id: add.action.sheet is visible COMPLETED
20:06:25.616 [ INFO] maestro.cli.runner.CliConsoleListener.onCommandStart: Tap on id: add.action.expense RUNNING
20:06:25.683 [ INFO] maestro.Maestro.tap-HgV9Ck0: Tapping on element:  UiElement(treeNode=TreeNode(attributes={text=, accessibilityText=, hintText=, ignoreBoundsFiltering=false, resource-id=add.action.expense, clickable=true, bounds=[95,1942][524,2242], enabled=true, focused=false, checked=false, scrollable=false, selected=false, class=android.view.View, important-for-accessibility=true, error=}, children=[TreeNode(attributes={text=, accessibilityText=, hintText=, ignoreBoundsFiltering=false, resource-id=, clickable=false, bounds=[241,1989][378,2126], enabled=true, focused=false, checked=false, scrollable=false, selected=false, class=android.view.View, important-for-accessibility=false, error=}, children=[TreeNode(attributes={text=, accessibilityText=Dépense, hintText=, ignoreBoundsFiltering=false, resource-id=, clickable=false, bounds=[276,2024][344,2092], enabled=true, focused=false, checked=false, scrollable=false, selected=false, class=android.view.View, important-for-accessibility=true, error=}, children=[], clickable=false, enabled=true, focused=false, checked=false, selected=false)], clickable=false, enabled=true, focused=false, checked=false, selected=false), TreeNode(attributes={text=Dépense, accessibilityText=, hintText=, ignoreBoundsFiltering=false, resource-id=, clickable=false, bounds=[240,2152][379,2195], enabled=true, focused=false, checked=false, scrollable=false, selected=false, class=android.widget.TextView, important-for-accessibility=true, error=}, children=[], clickable=false, enabled=true, focused=false, checked=false, selected=false)], clickable=true, enabled=true, focused=false, checked=false, selected=false), bounds=Bounds(x=95, y=1942, width=429, height=300))
20:06:26.818 [ INFO] maestro.Maestro.tap-HgV9Ck0: Tap aimed via settled hierarchy
20:06:26.819 [ INFO] maestro.Maestro.hierarchyBasedTap-ogj28Uc: Tapping at (309, 2092) using hierarchy based logic for wait
20:06:29.202 [ INFO] maestro.Maestro.hierarchyBasedTap-ogj28Uc: Something has changed in the UI judging by view hierarchy. Proceed.
20:06:29.203 [ INFO] maestro.cli.runner.CliConsoleListener.onCommandFinished: Tap on id: add.action.expense COMPLETED
20:06:29.203 [ INFO] maestro.cli.runner.CliConsoleListener.onCommandStart: Assert that "Choisir une catégorie" is visible RUNNING
20:06:29.233 [ INFO] maestro.cli.runner.CliConsoleListener.onCommandFinished: Assert that "Choisir une catégorie" is visible COMPLETED
20:06:29.234 [ INFO] maestro.cli.runner.CliConsoleListener.onCommandStart: Tap on "Chercher une catégorie..." RUNNING
20:06:29.361 [ INFO] maestro.Maestro.tap-HgV9Ck0: Tapping on element:  UiElement(treeNode=TreeNode(attributes={text=Chercher une catégorie..., accessibilityText=, hintText=, ignoreBoundsFiltering=false, resource-id=, clickable=false, bounds=[190,1108][653,1171], enabled=true, focused=false, checked=false, scrollable=false, selected=false, class=android.widget.TextView, important-for-accessibility=true, error=}, children=[], clickable=false, enabled=true, focused=false, checked=false, selected=false), bounds=Bounds(x=190, y=1108, width=463, height=63))
20:06:30.588 [ INFO] maestro.Maestro.tap-HgV9Ck0: Tap aimed via settled hierarchy
20:06:30.589 [ INFO] maestro.Maestro.hierarchyBasedTap-ogj28Uc: Tapping at (421, 1139) using hierarchy based logic for wait
20:06:32.385 [ INFO] maestro.Maestro.hierarchyBasedTap-ogj28Uc: Something has changed in the UI judging by view hierarchy. Proceed.
20:06:32.385 [ INFO] maestro.cli.runner.CliConsoleListener.onCommandFinished: Tap on "Chercher une catégorie..." COMPLETED
20:06:32.385 [ INFO] maestro.cli.runner.CliConsoleListener.onCommandStart: Input text Pharmacie RUNNING
20:06:32.385 [ INFO] maestro.Maestro.inputText: Inputting text: Pharmacie
20:06:36.516 [ INFO] maestro.cli.runner.CliConsoleListener.onCommandFinished: Input text Pharmacie COMPLETED
20:06:36.516 [ INFO] maestro.cli.runner.CliConsoleListener.onCommandStart: Hide Keyboard RUNNING
20:06:36.517 [ INFO] maestro.Maestro.hideKeyboard$lambda$12: Hiding Keyboard
20:06:37.562 [ INFO] maestro.cli.runner.CliConsoleListener.onCommandFinished: Hide Keyboard COMPLETED
20:06:37.562 [ INFO] maestro.cli.runner.CliConsoleListener.onCommandStart: Tap on "Pharmacie", Index: 1 RUNNING
20:06:37.624 [ INFO] maestro.Maestro.tap-HgV9Ck0: Tapping on element:  UiElement(treeNode=TreeNode(attributes={text=Pharmacie, accessibilityText=, hintText=, ignoreBoundsFiltering=false, resource-id=, clickable=false, bounds=[79,2200][240,2242], enabled=true, focused=false, checked=false, scrollable=false, selected=false, class=android.widget.TextView, important-for-accessibility=true, error=}, children=[], clickable=false, enabled=true, focused=false, checked=false, selected=false), bounds=Bounds(x=79, y=2200, width=161, height=42))
20:06:38.899 [ INFO] maestro.Maestro.tap-HgV9Ck0: Tap aimed via settled hierarchy
20:06:38.900 [ INFO] maestro.Maestro.hierarchyBasedTap-ogj28Uc: Tapping at (159, 2221) using hierarchy based logic for wait
20:06:39.768 [ INFO] maestro.Maestro.hierarchyBasedTap-ogj28Uc: Something has changed in the UI judging by view hierarchy. Proceed.
20:06:39.768 [ INFO] maestro.cli.runner.CliConsoleListener.onCommandFinished: Tap on "Pharmacie", Index: 1 COMPLETED
20:06:39.769 [ INFO] maestro.cli.runner.CliConsoleListener.onCommandStart: Assert that id: screen.transaction.edit is visible RUNNING
20:06:39.877 [ INFO] maestro.cli.runner.CliConsoleListener.onCommandFinished: Assert that id: screen.transaction.edit is visible COMPLETED
20:06:39.877 [ INFO] maestro.cli.runner.CliConsoleListener.onCommandStart: Tap on id: transaction.edit.field.title RUNNING
20:06:39.981 [ INFO] maestro.Maestro.tap-HgV9Ck0: Tapping on element:  UiElement(treeNode=TreeNode(attributes={text=, accessibilityText=, hintText=, ignoreBoundsFiltering=false, resource-id=transaction.edit.field.title, clickable=true, bounds=[100,991][980,1138], enabled=true, focused=false, checked=false, scrollable=false, selected=false, class=android.widget.EditText, important-for-accessibility=true, error=}, children=[TreeNode(attributes={text=, accessibilityText=, hintText=, ignoreBoundsFiltering=false, resource-id=, clickable=false, bounds=[100,991][980,1138], enabled=true, focused=false, checked=false, scrollable=false, selected=false, class=android.view.View, important-for-accessibility=false, error=}, children=[], clickable=false, enabled=true, focused=false, checked=false, selected=false), TreeNode(attributes={text=, accessibilityText=, hintText=, ignoreBoundsFiltering=false, resource-id=, clickable=false, bounds=[142,1002][938,1128], enabled=true, focused=false, checked=false, scrollable=false, selected=false, class=android.view.View, important-for-accessibility=false, error=}, children=[], clickable=false, enabled=true, focused=false, checked=false, selected=false)], clickable=true, enabled=true, focused=false, checked=false, selected=false), bounds=Bounds(x=100, y=991, width=880, height=147))
20:06:41.244 [ INFO] maestro.Maestro.tap-HgV9Ck0: Tap aimed via settled hierarchy
20:06:41.245 [ INFO] maestro.Maestro.hierarchyBasedTap-ogj28Uc: Tapping at (540, 1064) using hierarchy based logic for wait
20:06:43.136 [ INFO] maestro.Maestro.hierarchyBasedTap-ogj28Uc: Something has changed in the UI judging by view hierarchy. Proceed.
20:06:43.137 [ INFO] maestro.cli.runner.CliConsoleListener.onCommandFinished: Tap on id: transaction.edit.field.title COMPLETED
20:06:43.137 [ INFO] maestro.cli.runner.CliConsoleListener.onCommandStart: Input text TC-create-annule RUNNING
20:06:43.137 [ INFO] maestro.Maestro.inputText: Inputting text: TC-create-annule
20:06:48.309 [ INFO] maestro.cli.runner.CliConsoleListener.onCommandFinished: Input text TC-create-annule COMPLETED
20:06:48.309 [ INFO] maestro.cli.runner.CliConsoleListener.onCommandStart: Hide Keyboard RUNNING
20:06:48.309 [ INFO] maestro.Maestro.hideKeyboard$lambda$12: Hiding Keyboard
20:06:49.239 [ INFO] maestro.cli.runner.CliConsoleListener.onCommandFinished: Hide Keyboard COMPLETED
20:06:49.239 [ INFO] maestro.cli.runner.CliConsoleListener.onCommandStart: Tap on id: transaction.edit.field.amount RUNNING
20:06:49.317 [ INFO] maestro.Maestro.tap-HgV9Ck0: Tapping on element:  UiElement(treeNode=TreeNode(attributes={text=, accessibilityText=, hintText=, ignoreBoundsFiltering=false, resource-id=transaction.edit.field.amount, clickable=true, bounds=[100,702][980,891], enabled=true, focused=false, checked=false, scrollable=false, selected=false, class=android.widget.EditText, important-for-accessibility=true, error=}, children=[TreeNode(attributes={text=, accessibilityText=, hintText=, ignoreBoundsFiltering=false, resource-id=, clickable=false, bounds=[100,702][980,891], enabled=true, focused=false, checked=false, scrollable=false, selected=false, class=android.view.View, important-for-accessibility=false, error=}, children=[], clickable=false, enabled=true, focused=false, checked=false, selected=false), TreeNode(attributes={text=−, accessibilityText=, hintText=, ignoreBoundsFiltering=false, resource-id=, clickable=false, bounds=[139,745][188,850], enabled=true, focused=false, checked=false, scrollable=false, selected=false, class=android.widget.TextView, important-for-accessibility=true, error=}, children=[], clickable=false, enabled=true, focused=false, checked=false, selected=false), TreeNode(attributes={text=, accessibilityText=, hintText=, ignoreBoundsFiltering=false, resource-id=, clickable=false, bounds=[237,734][843,860], enabled=true, focused=false, checked=false, scrollable=false, selected=false, class=android.view.View, important-for-accessibility=false, error=}, children=[], clickable=false, enabled=true, focused=false, checked=false, selected=false), TreeNode(attributes={text=€, accessibilityText=, hintText=, ignoreBoundsFiltering=false, resource-id=, clickable=false, bounds=[902,766][932,828], enabled=true, focused=false, checked=false, scrollable=false, selected=false, class=android.widget.TextView, important-for-accessibility=true, error=}, children=[], clickable=false, enabled=true, focused=false, checked=false, selected=false)], clickable=true, enabled=true, focused=false, checked=false, selected=false), bounds=Bounds(x=100, y=702, width=880, height=189))
20:06:50.569 [ INFO] maestro.Maestro.tap-HgV9Ck0: Tap aimed via settled hierarchy
20:06:50.569 [ INFO] maestro.Maestro.hierarchyBasedTap-ogj28Uc: Tapping at (540, 796) using hierarchy based logic for wait
20:06:52.363 [ INFO] maestro.Maestro.hierarchyBasedTap-ogj28Uc: Something has changed in the UI judging by view hierarchy. Proceed.
20:06:52.363 [ INFO] maestro.cli.runner.CliConsoleListener.onCommandFinished: Tap on id: transaction.edit.field.amount COMPLETED
20:06:52.363 [ INFO] maestro.cli.runner.CliConsoleListener.onCommandStart: Input text 12.34 RUNNING
20:06:52.364 [ INFO] maestro.Maestro.inputText: Inputting text: 12.34
20:06:53.542 [ INFO] maestro.cli.runner.CliConsoleListener.onCommandFinished: Input text 12.34 COMPLETED
20:06:53.543 [ INFO] maestro.cli.runner.CliConsoleListener.onCommandStart: Hide Keyboard RUNNING
20:06:53.543 [ INFO] maestro.Maestro.hideKeyboard$lambda$12: Hiding Keyboard
20:06:54.387 [ INFO] maestro.cli.runner.CliConsoleListener.onCommandFinished: Hide Keyboard COMPLETED
20:06:54.387 [ INFO] maestro.cli.runner.CliConsoleListener.onCommandStart: Run console.log("TC-81-3 : retour arrière sans sauvegarde")
 RUNNING
20:06:54.387 [ INFO] maestro.cli.runner.CliConsoleListener.onCommandFinished: Run console.log("TC-81-3 : retour arrière sans sauvegarde")
 COMPLETED
20:06:54.387 [ INFO] maestro.cli.runner.CliConsoleListener.onCommandStart: Tap on id: common.btn.back RUNNING
20:06:54.470 [ INFO] maestro.Maestro.tap-HgV9Ck0: Tapping on element:  UiElement(treeNode=TreeNode(attributes={text=, accessibilityText=, hintText=, ignoreBoundsFiltering=false, resource-id=common.btn.back, clickable=true, bounds=[12,150][138,276], enabled=true, focused=false, checked=false, scrollable=false, selected=false, class=android.view.View, important-for-accessibility=true, error=}, children=[TreeNode(attributes={text=, accessibilityText=Retour, hintText=, ignoreBoundsFiltering=false, resource-id=, clickable=false, bounds=[43,181][106,244], enabled=true, focused=false, checked=false, scrollable=false, selected=false, class=android.view.View, important-for-accessibility=true, error=}, children=[], clickable=false, enabled=true, focused=false, checked=false, selected=false), TreeNode(attributes={text=, accessibilityText=, hintText=, ignoreBoundsFiltering=false, resource-id=, clickable=false, bounds=[22,160][127,265], enabled=true, focused=false, checked=false, scrollable=false, selected=false, class=android.widget.Button, important-for-accessibility=true, error=}, children=[], clickable=false, enabled=true, focused=false, checked=false, selected=false)], clickable=true, enabled=true, focused=false, checked=false, selected=false), bounds=Bounds(x=12, y=150, width=126, height=126))
20:06:55.740 [ INFO] maestro.Maestro.tap-HgV9Ck0: Tap aimed via settled hierarchy
20:06:55.741 [ INFO] maestro.Maestro.hierarchyBasedTap-ogj28Uc: Tapping at (75, 213) using hierarchy based logic for wait
20:06:56.694 [ INFO] maestro.Maestro.hierarchyBasedTap-ogj28Uc: Something has changed in the UI judging by view hierarchy. Proceed.
20:06:56.695 [ INFO] maestro.cli.runner.CliConsoleListener.onCommandFinished: Tap on id: common.btn.back COMPLETED
20:06:56.695 [ INFO] maestro.cli.runner.CliConsoleListener.onCommandStart: Assert that id: screen.transaction.edit is not visible RUNNING
20:06:57.368 [ INFO] maestro.cli.runner.CliConsoleListener.onCommandFinished: Assert that id: screen.transaction.edit is not visible COMPLETED
20:06:57.369 [ INFO] maestro.cli.runner.CliConsoleListener.onCommandStart: Run ../../.maestro/subflows/go_to_home.yaml RUNNING
20:06:57.369 [ INFO] maestro.cli.runner.CliConsoleListener.onCommandStart: Apply configuration RUNNING
20:06:57.369 [ INFO] maestro.cli.runner.CliConsoleListener.onCommandFinished: Apply configuration COMPLETED
20:06:57.369 [ INFO] maestro.cli.runner.CliConsoleListener.onCommandStart: Repeat while id: home.month.picker is not visible RUNNING
20:07:03.798 [ INFO] maestro.orchestra.Orchestra.executeSubflowCommands: [Command execution subflow] CommandSkipped: null
20:07:03.799 [ INFO] maestro.cli.runner.CliConsoleListener.onCommandFinished: Repeat while id: home.month.picker is not visible SKIPPED
20:07:03.799 [ INFO] maestro.cli.runner.CliConsoleListener.onCommandFinished: Run ../../.maestro/subflows/go_to_home.yaml COMPLETED
20:07:03.799 [ INFO] maestro.cli.runner.CliConsoleListener.onCommandStart: Run ../../.maestro/subflows/open_monthly_history.yaml RUNNING
20:07:03.799 [ INFO] maestro.cli.runner.CliConsoleListener.onCommandStart: Apply configuration RUNNING
20:07:03.799 [ INFO] maestro.cli.runner.CliConsoleListener.onCommandFinished: Apply configuration COMPLETED
20:07:03.799 [ INFO] maestro.cli.runner.CliConsoleListener.onCommandStart: Run flow when id: screen.monthly is not visible RUNNING
20:07:04.510 [ INFO] maestro.cli.runner.CliConsoleListener.onCommandStart: Scrolling DOWN until id: recent_transactions_see_all is visible with speed 40, visibility percentage 100%, timeout 20000 ms, with centering enabled RUNNING
20:07:04.622 [ INFO] maestro.orchestra.Orchestra.scrollUntilVisible: Scrolling try count: 0, DeviceWidth: 1080, DeviceWidth: 2400
20:07:04.622 [ INFO] maestro.orchestra.Orchestra.scrollUntilVisible: Element bounds: Bounds(x=763, y=1304, width=243, height=126)
20:07:04.622 [ INFO] maestro.orchestra.Orchestra.scrollUntilVisible: Visibility Percent: 1.0
20:07:04.622 [ INFO] maestro.orchestra.Orchestra.scrollUntilVisible: Command centerElement: ScrollUntilVisibleCommand(selector=ElementSelector(textRegex=null, idRegex=recent_transactions_see_all, size=null, below=null, above=null, leftOf=null, rightOf=null, containsChild=null, containsDescendants=null, traits=null, index=null, enabled=null, optional=false, selected=null, checked=null, focused=null, childOf=null, css=null), direction=DOWN, scrollDuration=601, visibilityPercentage=100, timeout=20000, waitToSettleTimeoutMs=null, centerElement=true, originalSpeedValue=40, label=null, optional=false).centerElement
20:07:04.623 [ INFO] maestro.orchestra.Orchestra.scrollUntilVisible: visibilityPercentageNormalized: 1.0
20:07:04.623 [ INFO] maestro.cli.runner.CliConsoleListener.onCommandFinished: Scrolling DOWN until id: recent_transactions_see_all is visible with speed 40, visibility percentage 100%, timeout 20000 ms, with centering enabled COMPLETED
20:07:04.623 [ INFO] maestro.cli.runner.CliConsoleListener.onCommandStart: Tap on id: recent_transactions_see_all RUNNING
20:07:04.699 [ INFO] maestro.Maestro.tap-HgV9Ck0: Tapping on element:  UiElement(treeNode=TreeNode(attributes={text=, accessibilityText=, hintText=, ignoreBoundsFiltering=false, resource-id=recent_transactions_see_all, clickable=true, bounds=[763,1304][1006,1430], enabled=true, focused=false, checked=false, scrollable=false, selected=false, class=android.view.View, important-for-accessibility=true, error=}, children=[TreeNode(attributes={text=Voir tout, accessibilityText=, hintText=, ignoreBoundsFiltering=false, resource-id=, clickable=false, bounds=[795,1340][932,1393], enabled=true, focused=false, checked=false, scrollable=false, selected=false, class=android.widget.TextView, important-for-accessibility=true, error=}, children=[], clickable=false, enabled=true, focused=false, checked=false, selected=false), TreeNode(attributes={text=, accessibilityText=, hintText=, ignoreBoundsFiltering=false, resource-id=, clickable=false, bounds=[763,1314][1006,1419], enabled=true, focused=false, checked=false, scrollable=false, selected=false, class=android.widget.Button, important-for-accessibility=true, error=}, children=[], clickable=false, enabled=true, focused=false, checked=false, selected=false)], clickable=true, enabled=true, focused=false, checked=false, selected=false), bounds=Bounds(x=763, y=1304, width=243, height=126))
20:07:06.008 [ INFO] maestro.Maestro.tap-HgV9Ck0: Tap aimed via settled hierarchy
20:07:06.009 [ INFO] maestro.Maestro.hierarchyBasedTap-ogj28Uc: Tapping at (884, 1367) using hierarchy based logic for wait
20:07:06.973 [ INFO] maestro.Maestro.hierarchyBasedTap-ogj28Uc: Something has changed in the UI judging by view hierarchy. Proceed.
20:07:06.973 [ INFO] maestro.cli.runner.CliConsoleListener.onCommandFinished: Tap on id: recent_transactions_see_all COMPLETED
20:07:06.973 [ INFO] maestro.cli.runner.CliConsoleListener.onCommandStart: Assert that id: screen.monthly is visible RUNNING
20:07:07.034 [ INFO] maestro.cli.runner.CliConsoleListener.onCommandFinished: Assert that id: screen.monthly is visible COMPLETED
20:07:07.034 [ INFO] maestro.cli.runner.CliConsoleListener.onCommandFinished: Run flow when id: screen.monthly is not visible COMPLETED
20:07:07.034 [ INFO] maestro.cli.runner.CliConsoleListener.onCommandStart: Wait for animation to end within 5000 ms RUNNING
20:07:07.035 [ INFO] maestro.Maestro.waitForAnimationToEnd$lambda$53: Waiting for animation to end with timeout 5000
20:07:07.035 [TRACE] maestro.utils.ScreenshotUtils.takeScreenshot: Taking screenshot to byte array
20:07:07.035 [TRACE] maestro.utils.ScreenshotUtils.takeScreenshot: Taking screenshot to output sink
20:07:07.320 [TRACE] maestro.utils.ScreenshotUtils.takeScreenshot: Taking screenshot to byte array
20:07:07.320 [TRACE] maestro.utils.ScreenshotUtils.takeScreenshot: Taking screenshot to output sink
20:07:07.705 [ INFO] maestro.cli.runner.CliConsoleListener.onCommandFinished: Wait for animation to end within 5000 ms COMPLETED
20:07:07.705 [ INFO] maestro.cli.runner.CliConsoleListener.onCommandFinished: Run ../../.maestro/subflows/open_monthly_history.yaml COMPLETED
20:07:07.705 [ INFO] maestro.cli.runner.CliConsoleListener.onCommandStart: Assert that id: screen.monthly is visible RUNNING
20:07:07.742 [ INFO] maestro.cli.runner.CliConsoleListener.onCommandFinished: Assert that id: screen.monthly is visible COMPLETED
20:07:07.742 [ INFO] maestro.cli.runner.CliConsoleListener.onCommandStart: Scroll vertically RUNNING
20:07:07.742 [ INFO] maestro.Maestro.scrollVertical: Scrolling vertically
20:07:08.389 [ INFO] maestro.cli.runner.CliConsoleListener.onCommandFinished: Scroll vertically COMPLETED
20:07:08.389 [ INFO] maestro.cli.runner.CliConsoleListener.onCommandStart: Assert that "TC-create-annule" is not visible RUNNING
20:07:09.036 [ INFO] maestro.cli.runner.CliConsoleListener.onCommandFinished: Assert that "TC-create-annule" is not visible COMPLETED
20:07:09.037 [ INFO] maestro.cli.runner.CliConsoleListener.onCommandStart: Assert that "Loyer" is visible RUNNING
20:07:09.137 [ INFO] maestro.cli.runner.CliConsoleListener.onCommandFinished: Assert that "Loyer" is visible COMPLETED
20:07:09.138 [ INFO] maestro.cli.runner.CliConsoleListener.onCommandStart: Run console.log("TC-81-3 : CA-09 vérifié — aucune écriture visible après annulation")
 RUNNING
20:07:09.138 [ INFO] maestro.cli.runner.CliConsoleListener.onCommandFinished: Run console.log("TC-81-3 : CA-09 vérifié — aucune écriture visible après annulation")
 COMPLETED
