21:24:10.905 [ INFO] maestro.cli.runner.CliConsoleListener.onCommandStart: Define variables RUNNING
21:24:10.905 [ INFO] maestro.cli.runner.CliConsoleListener.onCommandFinished: Define variables COMPLETED
21:24:10.906 [ INFO] maestro.cli.runner.CliConsoleListener.onCommandStart: Apply configuration RUNNING
21:24:10.906 [ INFO] maestro.cli.runner.CliConsoleListener.onCommandFinished: Apply configuration COMPLETED
21:24:10.906 [ INFO] maestro.cli.runner.CliConsoleListener.onCommandStart: Run ../../.maestro/subflows/bootstrap_monthly.yaml RUNNING
21:24:10.906 [ INFO] maestro.cli.runner.CliConsoleListener.onCommandStart: Apply configuration RUNNING
21:24:10.906 [ INFO] maestro.cli.runner.CliConsoleListener.onCommandFinished: Apply configuration COMPLETED
21:24:10.906 [ INFO] maestro.cli.runner.CliConsoleListener.onCommandStart: Run ../../scripts/dates.js RUNNING
21:24:10.922 [ INFO] maestro.orchestra.Orchestra.executeCommands$lambda$23$lambda$21: JsConsole: Maestro Dates Initialized: Prev=septembre / Sept. / 09 (2026)
21:24:10.923 [ INFO] maestro.orchestra.Orchestra.executeCommands$lambda$23$lambda$21: JsConsole: Maestro Dates Initialized: Curr=octobre / Oct. / 10 (2026)
21:24:10.923 [ INFO] maestro.orchestra.Orchestra.executeCommands$lambda$23$lambda$21: JsConsole: Maestro Dates Initialized: Next=novembre / Nov. / 11 (2026)
21:24:10.923 [ INFO] maestro.cli.runner.CliConsoleListener.onCommandFinished: Run ../../scripts/dates.js COMPLETED
21:24:10.923 [ INFO] maestro.cli.runner.CliConsoleListener.onCommandStart: Launch app "com.lop.budget" with clear state RUNNING
21:24:10.924 [ INFO] maestro.Maestro.clearAppState$lambda$8: Clearing app state com.lop.budget
21:24:12.544 [ INFO] maestro.Maestro.launchApp$lambda$5: Launching app com.lop.budget
21:24:12.545 [ INFO] maestro.Maestro.launchApp$lambda$5: Stopping com.lop.budget app during launch
21:24:12.649 [ INFO] maestro.cli.runner.CliConsoleListener.onCommandFinished: Launch app "com.lop.budget" with clear state COMPLETED
21:24:12.649 [ INFO] maestro.cli.runner.CliConsoleListener.onCommandStart: Run open_monthly_history.yaml RUNNING
21:24:12.649 [ INFO] maestro.cli.runner.CliConsoleListener.onCommandStart: Apply configuration RUNNING
21:24:12.649 [ INFO] maestro.cli.runner.CliConsoleListener.onCommandFinished: Apply configuration COMPLETED
21:24:12.649 [ INFO] maestro.cli.runner.CliConsoleListener.onCommandStart: Run flow when id: screen.monthly is not visible RUNNING
21:24:13.192 [ INFO] maestro.cli.runner.CliConsoleListener.onCommandStart: Scrolling DOWN until id: recent_transactions_see_all is visible with speed 40, visibility percentage 100%, timeout 20000 ms, with centering enabled RUNNING
21:24:13.717 [ WARN] maestro.orchestra.Orchestra.scrollUntilVisible: Error: maestro.MaestroException$ElementNotFound: Element not found: Id matching regex: recent_transactions_see_all
21:24:13.722 [ INFO] maestro.Maestro.swipeFromCenter: Swiping UP from center
21:24:16.908 [ INFO] maestro.orchestra.Orchestra.scrollUntilVisible: Scrolling try count: 0, DeviceWidth: 1080, DeviceWidth: 2400
21:24:16.908 [ INFO] maestro.orchestra.Orchestra.scrollUntilVisible: Element bounds: Bounds(x=763, y=1903, width=243, height=126)
21:24:16.908 [ INFO] maestro.orchestra.Orchestra.scrollUntilVisible: Visibility Percent: 1.0
21:24:16.908 [ INFO] maestro.orchestra.Orchestra.scrollUntilVisible: Command centerElement: ScrollUntilVisibleCommand(selector=ElementSelector(textRegex=null, idRegex=recent_transactions_see_all, size=null, below=null, above=null, leftOf=null, rightOf=null, containsChild=null, containsDescendants=null, traits=null, index=null, enabled=null, optional=false, selected=null, checked=null, focused=null, childOf=null, css=null), direction=DOWN, scrollDuration=601, visibilityPercentage=100, timeout=20000, waitToSettleTimeoutMs=null, centerElement=true, originalSpeedValue=40, label=null, optional=false).centerElement
21:24:16.908 [ INFO] maestro.orchestra.Orchestra.scrollUntilVisible: visibilityPercentageNormalized: 1.0
21:24:16.910 [ INFO] maestro.Maestro.swipeFromCenter: Swiping UP from center
21:24:17.885 [ INFO] maestro.orchestra.Orchestra.scrollUntilVisible: Scrolling try count: 1, DeviceWidth: 1080, DeviceWidth: 2400
21:24:17.885 [ INFO] maestro.orchestra.Orchestra.scrollUntilVisible: Element bounds: Bounds(x=763, y=1304, width=243, height=126)
21:24:17.885 [ INFO] maestro.orchestra.Orchestra.scrollUntilVisible: Visibility Percent: 1.0
21:24:17.885 [ INFO] maestro.orchestra.Orchestra.scrollUntilVisible: Command centerElement: ScrollUntilVisibleCommand(selector=ElementSelector(textRegex=null, idRegex=recent_transactions_see_all, size=null, below=null, above=null, leftOf=null, rightOf=null, containsChild=null, containsDescendants=null, traits=null, index=null, enabled=null, optional=false, selected=null, checked=null, focused=null, childOf=null, css=null), direction=DOWN, scrollDuration=601, visibilityPercentage=100, timeout=20000, waitToSettleTimeoutMs=null, centerElement=true, originalSpeedValue=40, label=null, optional=false).centerElement
21:24:17.885 [ INFO] maestro.orchestra.Orchestra.scrollUntilVisible: visibilityPercentageNormalized: 1.0
21:24:17.885 [ INFO] maestro.cli.runner.CliConsoleListener.onCommandFinished: Scrolling DOWN until id: recent_transactions_see_all is visible with speed 40, visibility percentage 100%, timeout 20000 ms, with centering enabled COMPLETED
21:24:17.885 [ INFO] maestro.cli.runner.CliConsoleListener.onCommandStart: Tap on id: recent_transactions_see_all RUNNING
21:24:17.958 [ INFO] maestro.Maestro.tap-HgV9Ck0: Tapping on element:  UiElement(treeNode=TreeNode(attributes={text=, accessibilityText=, hintText=, ignoreBoundsFiltering=false, resource-id=recent_transactions_see_all, clickable=true, bounds=[763,1304][1006,1430], enabled=true, focused=false, checked=false, scrollable=false, selected=false, class=android.view.View, important-for-accessibility=true, error=}, children=[TreeNode(attributes={text=Voir tout, accessibilityText=, hintText=, ignoreBoundsFiltering=false, resource-id=, clickable=false, bounds=[795,1340][932,1393], enabled=true, focused=false, checked=false, scrollable=false, selected=false, class=android.widget.TextView, important-for-accessibility=true, error=}, children=[], clickable=false, enabled=true, focused=false, checked=false, selected=false), TreeNode(attributes={text=, accessibilityText=, hintText=, ignoreBoundsFiltering=false, resource-id=, clickable=false, bounds=[763,1314][1006,1419], enabled=true, focused=false, checked=false, scrollable=false, selected=false, class=android.widget.Button, important-for-accessibility=true, error=}, children=[], clickable=false, enabled=true, focused=false, checked=false, selected=false)], clickable=true, enabled=true, focused=false, checked=false, selected=false), bounds=Bounds(x=763, y=1304, width=243, height=126))
21:24:19.141 [ INFO] maestro.Maestro.tap-HgV9Ck0: Tap aimed via settled hierarchy
21:24:19.141 [ INFO] maestro.Maestro.hierarchyBasedTap-ogj28Uc: Tapping at (884, 1367) using hierarchy based logic for wait
21:24:20.276 [ INFO] maestro.Maestro.hierarchyBasedTap-ogj28Uc: Something has changed in the UI judging by view hierarchy. Proceed.
21:24:20.276 [ INFO] maestro.cli.runner.CliConsoleListener.onCommandFinished: Tap on id: recent_transactions_see_all COMPLETED
21:24:20.276 [ INFO] maestro.cli.runner.CliConsoleListener.onCommandStart: Assert that id: screen.monthly is visible RUNNING
21:24:20.345 [ INFO] maestro.cli.runner.CliConsoleListener.onCommandFinished: Assert that id: screen.monthly is visible COMPLETED
21:24:20.345 [ INFO] maestro.cli.runner.CliConsoleListener.onCommandFinished: Run flow when id: screen.monthly is not visible COMPLETED
21:24:20.346 [ INFO] maestro.cli.runner.CliConsoleListener.onCommandStart: Wait for animation to end within 5000 ms RUNNING
21:24:20.346 [ INFO] maestro.Maestro.waitForAnimationToEnd$lambda$53: Waiting for animation to end with timeout 5000
21:24:20.346 [TRACE] maestro.utils.ScreenshotUtils.takeScreenshot: Taking screenshot to byte array
21:24:20.346 [TRACE] maestro.utils.ScreenshotUtils.takeScreenshot: Taking screenshot to output sink
21:24:20.526 [TRACE] maestro.utils.ScreenshotUtils.takeScreenshot: Taking screenshot to byte array
21:24:20.526 [TRACE] maestro.utils.ScreenshotUtils.takeScreenshot: Taking screenshot to output sink
21:24:20.833 [ INFO] maestro.cli.runner.CliConsoleListener.onCommandFinished: Wait for animation to end within 5000 ms COMPLETED
21:24:20.833 [ INFO] maestro.cli.runner.CliConsoleListener.onCommandFinished: Run open_monthly_history.yaml COMPLETED
21:24:20.833 [ INFO] maestro.cli.runner.CliConsoleListener.onCommandFinished: Run ../../.maestro/subflows/bootstrap_monthly.yaml COMPLETED
21:24:20.833 [ INFO] maestro.cli.runner.CliConsoleListener.onCommandStart: Assert that id: screen.monthly is visible RUNNING
21:24:20.908 [ INFO] maestro.cli.runner.CliConsoleListener.onCommandFinished: Assert that id: screen.monthly is visible COMPLETED
21:24:20.908 [ INFO] maestro.cli.runner.CliConsoleListener.onCommandStart: Assert that "Tous les types" is visible RUNNING
21:24:21.020 [ INFO] maestro.cli.runner.CliConsoleListener.onCommandFinished: Assert that "Tous les types" is visible COMPLETED
21:24:21.020 [ INFO] maestro.cli.runner.CliConsoleListener.onCommandStart: Assert that "Tous les statuts" is visible RUNNING
21:24:21.136 [ INFO] maestro.cli.runner.CliConsoleListener.onCommandFinished: Assert that "Tous les statuts" is visible COMPLETED
21:24:21.136 [ INFO] maestro.cli.runner.CliConsoleListener.onCommandStart: Scrolling DOWN until "Courses Hebdomadaires" is visible with speed 40, visibility percentage 100%, timeout 20000 ms, with centering disabled RUNNING
21:24:21.248 [ INFO] maestro.orchestra.Orchestra.scrollUntilVisible: Scrolling try count: 0, DeviceWidth: 1080, DeviceWidth: 2400
21:24:21.248 [ INFO] maestro.orchestra.Orchestra.scrollUntilVisible: Element bounds: Bounds(x=238, y=1696, width=463, height=49)
21:24:21.248 [ INFO] maestro.orchestra.Orchestra.scrollUntilVisible: Visibility Percent: 1.0
21:24:21.248 [ INFO] maestro.orchestra.Orchestra.scrollUntilVisible: Command centerElement: ScrollUntilVisibleCommand(selector=ElementSelector(textRegex=Courses Hebdomadaires, idRegex=null, size=null, below=null, above=null, leftOf=null, rightOf=null, containsChild=null, containsDescendants=null, traits=null, index=null, enabled=null, optional=false, selected=null, checked=null, focused=null, childOf=null, css=null), direction=DOWN, scrollDuration=601, visibilityPercentage=100, timeout=20000, waitToSettleTimeoutMs=null, centerElement=false, originalSpeedValue=40, label=null, optional=false).centerElement
21:24:21.248 [ INFO] maestro.orchestra.Orchestra.scrollUntilVisible: visibilityPercentageNormalized: 1.0
21:24:21.248 [ INFO] maestro.cli.runner.CliConsoleListener.onCommandFinished: Scrolling DOWN until "Courses Hebdomadaires" is visible with speed 40, visibility percentage 100%, timeout 20000 ms, with centering disabled COMPLETED
21:24:21.248 [ INFO] maestro.cli.runner.CliConsoleListener.onCommandStart: Scrolling DOWN until "Loyer" is visible with speed 40, visibility percentage 100%, timeout 20000 ms, with centering disabled RUNNING
21:24:21.315 [ INFO] maestro.orchestra.Orchestra.scrollUntilVisible: Scrolling try count: 0, DeviceWidth: 1080, DeviceWidth: 2400
21:24:21.315 [ INFO] maestro.orchestra.Orchestra.scrollUntilVisible: Element bounds: Bounds(x=238, y=1106, width=103, height=49)
21:24:21.315 [ INFO] maestro.orchestra.Orchestra.scrollUntilVisible: Visibility Percent: 1.0
21:24:21.315 [ INFO] maestro.orchestra.Orchestra.scrollUntilVisible: Command centerElement: ScrollUntilVisibleCommand(selector=ElementSelector(textRegex=Loyer, idRegex=null, size=null, below=null, above=null, leftOf=null, rightOf=null, containsChild=null, containsDescendants=null, traits=null, index=null, enabled=null, optional=false, selected=null, checked=null, focused=null, childOf=null, css=null), direction=DOWN, scrollDuration=601, visibilityPercentage=100, timeout=20000, waitToSettleTimeoutMs=null, centerElement=false, originalSpeedValue=40, label=null, optional=false).centerElement
21:24:21.315 [ INFO] maestro.orchestra.Orchestra.scrollUntilVisible: visibilityPercentageNormalized: 1.0
21:24:21.315 [ INFO] maestro.cli.runner.CliConsoleListener.onCommandFinished: Scrolling DOWN until "Loyer" is visible with speed 40, visibility percentage 100%, timeout 20000 ms, with centering disabled COMPLETED
21:24:21.315 [ INFO] maestro.cli.runner.CliConsoleListener.onCommandStart: Scrolling DOWN until "Salaire" is visible with speed 40, visibility percentage 100%, timeout 20000 ms, with centering disabled RUNNING
21:24:21.420 [ INFO] maestro.orchestra.Orchestra.scrollUntilVisible: Scrolling try count: 0, DeviceWidth: 1080, DeviceWidth: 2400
21:24:21.420 [ INFO] maestro.orchestra.Orchestra.scrollUntilVisible: Element bounds: Bounds(x=238, y=1338, width=127, height=49)
21:24:21.420 [ INFO] maestro.orchestra.Orchestra.scrollUntilVisible: Visibility Percent: 1.0
21:24:21.420 [ INFO] maestro.orchestra.Orchestra.scrollUntilVisible: Command centerElement: ScrollUntilVisibleCommand(selector=ElementSelector(textRegex=Salaire, idRegex=null, size=null, below=null, above=null, leftOf=null, rightOf=null, containsChild=null, containsDescendants=null, traits=null, index=null, enabled=null, optional=false, selected=null, checked=null, focused=null, childOf=null, css=null), direction=DOWN, scrollDuration=601, visibilityPercentage=100, timeout=20000, waitToSettleTimeoutMs=null, centerElement=false, originalSpeedValue=40, label=null, optional=false).centerElement
21:24:21.420 [ INFO] maestro.orchestra.Orchestra.scrollUntilVisible: visibilityPercentageNormalized: 1.0
21:24:21.420 [ INFO] maestro.cli.runner.CliConsoleListener.onCommandFinished: Scrolling DOWN until "Salaire" is visible with speed 40, visibility percentage 100%, timeout 20000 ms, with centering disabled COMPLETED
21:24:21.420 [ INFO] maestro.cli.runner.CliConsoleListener.onCommandStart: Scrolling UP until id: monthly.filter.type is visible with speed 40, visibility percentage 100%, timeout 20000 ms, with centering disabled RUNNING
21:24:21.572 [ INFO] maestro.orchestra.Orchestra.scrollUntilVisible: Scrolling try count: 0, DeviceWidth: 1080, DeviceWidth: 2400
21:24:21.572 [ INFO] maestro.orchestra.Orchestra.scrollUntilVisible: Element bounds: Bounds(x=53, y=575, width=363, height=126)
21:24:21.572 [ INFO] maestro.orchestra.Orchestra.scrollUntilVisible: Visibility Percent: 1.0
21:24:21.572 [ INFO] maestro.orchestra.Orchestra.scrollUntilVisible: Command centerElement: ScrollUntilVisibleCommand(selector=ElementSelector(textRegex=null, idRegex=monthly.filter.type, size=null, below=null, above=null, leftOf=null, rightOf=null, containsChild=null, containsDescendants=null, traits=null, index=null, enabled=null, optional=false, selected=null, checked=null, focused=null, childOf=null, css=null), direction=UP, scrollDuration=601, visibilityPercentage=100, timeout=20000, waitToSettleTimeoutMs=null, centerElement=false, originalSpeedValue=40, label=null, optional=false).centerElement
21:24:21.572 [ INFO] maestro.orchestra.Orchestra.scrollUntilVisible: visibilityPercentageNormalized: 1.0
21:24:21.572 [ INFO] maestro.cli.runner.CliConsoleListener.onCommandFinished: Scrolling UP until id: monthly.filter.type is visible with speed 40, visibility percentage 100%, timeout 20000 ms, with centering disabled COMPLETED
21:24:21.572 [ INFO] maestro.cli.runner.CliConsoleListener.onCommandStart: Run console.log("TC-100-1 : CA-01 vérifié — revenus et dépenses, payées et planifiées, tous rendus")
 RUNNING
21:24:21.572 [ INFO] maestro.cli.runner.CliConsoleListener.onCommandFinished: Run console.log("TC-100-1 : CA-01 vérifié — revenus et dépenses, payées et planifiées, tous rendus")
 COMPLETED
21:24:21.572 [ INFO] maestro.cli.runner.CliConsoleListener.onCommandStart: Tap on id: monthly.filter.type RUNNING
21:24:21.639 [ INFO] maestro.Maestro.tap-HgV9Ck0: Tapping on element:  UiElement(treeNode=TreeNode(attributes={text=, accessibilityText=, hintText=, ignoreBoundsFiltering=false, resource-id=monthly.filter.type, clickable=true, bounds=[53,575][416,701], enabled=true, focused=false, checked=false, scrollable=false, selected=false, class=android.view.View, important-for-accessibility=true, error=}, children=[TreeNode(attributes={text=, accessibilityText=, hintText=, ignoreBoundsFiltering=false, resource-id=, clickable=false, bounds=[35,576][161,702], enabled=true, focused=false, checked=false, scrollable=false, selected=false, class=android.view.View, important-for-accessibility=false, error=}, children=[], clickable=false, enabled=true, focused=false, checked=false, selected=false), TreeNode(attributes={text=Tous les types, accessibilityText=, hintText=, ignoreBoundsFiltering=false, resource-id=, clickable=false, bounds=[142,617][374,660], enabled=true, focused=false, checked=false, scrollable=false, selected=false, class=android.widget.TextView, important-for-accessibility=true, error=}, children=[], clickable=false, enabled=true, focused=false, checked=false, selected=false), TreeNode(attributes={text=, accessibilityText=, hintText=, ignoreBoundsFiltering=false, resource-id=, clickable=false, bounds=[53,596][416,680], enabled=true, focused=false, checked=false, scrollable=false, selected=false, class=android.widget.CheckBox, important-for-accessibility=true, error=}, children=[], clickable=false, enabled=true, focused=false, checked=false, selected=false)], clickable=true, enabled=true, focused=false, checked=false, selected=false), bounds=Bounds(x=53, y=575, width=363, height=126))
21:24:22.819 [ INFO] maestro.Maestro.tap-HgV9Ck0: Tap aimed via settled hierarchy
21:24:22.820 [ INFO] maestro.Maestro.hierarchyBasedTap-ogj28Uc: Tapping at (234, 638) using hierarchy based logic for wait
21:24:24.595 [ INFO] maestro.Maestro.hierarchyBasedTap-ogj28Uc: Something has changed in the UI judging by view hierarchy. Proceed.
21:24:24.595 [ INFO] maestro.cli.runner.CliConsoleListener.onCommandFinished: Tap on id: monthly.filter.type COMPLETED
21:24:24.595 [ INFO] maestro.cli.runner.CliConsoleListener.onCommandStart: Assert that "Filtrer par type" is visible RUNNING
21:24:24.655 [ INFO] maestro.cli.runner.CliConsoleListener.onCommandFinished: Assert that "Filtrer par type" is visible COMPLETED
21:24:24.655 [ INFO] maestro.cli.runner.CliConsoleListener.onCommandStart: Assert that "Dépenses" is visible RUNNING
21:24:24.711 [ INFO] maestro.cli.runner.CliConsoleListener.onCommandFinished: Assert that "Dépenses" is visible COMPLETED
21:24:24.711 [ INFO] maestro.cli.runner.CliConsoleListener.onCommandStart: Assert that "Revenus" is visible RUNNING
21:24:24.807 [ INFO] maestro.cli.runner.CliConsoleListener.onCommandFinished: Assert that "Revenus" is visible COMPLETED
21:24:24.807 [ INFO] maestro.cli.runner.CliConsoleListener.onCommandStart: Press back RUNNING
21:24:24.807 [ INFO] maestro.Maestro.backPress: Pressing back
21:24:25.535 [ INFO] maestro.cli.runner.CliConsoleListener.onCommandFinished: Press back COMPLETED
21:24:25.535 [ INFO] maestro.cli.runner.CliConsoleListener.onCommandStart: Assert that "Filtrer par type" is not visible RUNNING
21:24:26.157 [ INFO] maestro.cli.runner.CliConsoleListener.onCommandFinished: Assert that "Filtrer par type" is not visible COMPLETED
21:24:26.157 [ INFO] maestro.cli.runner.CliConsoleListener.onCommandStart: Assert that "Tous les types" is visible RUNNING
21:24:26.260 [ INFO] maestro.cli.runner.CliConsoleListener.onCommandFinished: Assert that "Tous les types" is visible COMPLETED
21:24:26.260 [ INFO] maestro.cli.runner.CliConsoleListener.onCommandStart: Scrolling DOWN until "Salaire" is visible with speed 40, visibility percentage 100%, timeout 20000 ms, with centering disabled RUNNING
21:24:26.322 [ INFO] maestro.orchestra.Orchestra.scrollUntilVisible: Scrolling try count: 0, DeviceWidth: 1080, DeviceWidth: 2400
21:24:26.322 [ INFO] maestro.orchestra.Orchestra.scrollUntilVisible: Element bounds: Bounds(x=238, y=1338, width=127, height=49)
21:24:26.322 [ INFO] maestro.orchestra.Orchestra.scrollUntilVisible: Visibility Percent: 1.0
21:24:26.322 [ INFO] maestro.orchestra.Orchestra.scrollUntilVisible: Command centerElement: ScrollUntilVisibleCommand(selector=ElementSelector(textRegex=Salaire, idRegex=null, size=null, below=null, above=null, leftOf=null, rightOf=null, containsChild=null, containsDescendants=null, traits=null, index=null, enabled=null, optional=false, selected=null, checked=null, focused=null, childOf=null, css=null), direction=DOWN, scrollDuration=601, visibilityPercentage=100, timeout=20000, waitToSettleTimeoutMs=null, centerElement=false, originalSpeedValue=40, label=null, optional=false).centerElement
21:24:26.322 [ INFO] maestro.orchestra.Orchestra.scrollUntilVisible: visibilityPercentageNormalized: 1.0
21:24:26.322 [ INFO] maestro.cli.runner.CliConsoleListener.onCommandFinished: Scrolling DOWN until "Salaire" is visible with speed 40, visibility percentage 100%, timeout 20000 ms, with centering disabled COMPLETED
21:24:26.323 [ INFO] maestro.cli.runner.CliConsoleListener.onCommandStart: Scrolling UP until id: monthly.filter.type is visible with speed 40, visibility percentage 100%, timeout 20000 ms, with centering disabled RUNNING
21:24:26.382 [ INFO] maestro.orchestra.Orchestra.scrollUntilVisible: Scrolling try count: 0, DeviceWidth: 1080, DeviceWidth: 2400
21:24:26.382 [ INFO] maestro.orchestra.Orchestra.scrollUntilVisible: Element bounds: Bounds(x=53, y=575, width=363, height=126)
21:24:26.382 [ INFO] maestro.orchestra.Orchestra.scrollUntilVisible: Visibility Percent: 1.0
21:24:26.382 [ INFO] maestro.orchestra.Orchestra.scrollUntilVisible: Command centerElement: ScrollUntilVisibleCommand(selector=ElementSelector(textRegex=null, idRegex=monthly.filter.type, size=null, below=null, above=null, leftOf=null, rightOf=null, containsChild=null, containsDescendants=null, traits=null, index=null, enabled=null, optional=false, selected=null, checked=null, focused=null, childOf=null, css=null), direction=UP, scrollDuration=601, visibilityPercentage=100, timeout=20000, waitToSettleTimeoutMs=null, centerElement=false, originalSpeedValue=40, label=null, optional=false).centerElement
21:24:26.382 [ INFO] maestro.orchestra.Orchestra.scrollUntilVisible: visibilityPercentageNormalized: 1.0
21:24:26.382 [ INFO] maestro.cli.runner.CliConsoleListener.onCommandFinished: Scrolling UP until id: monthly.filter.type is visible with speed 40, visibility percentage 100%, timeout 20000 ms, with centering disabled COMPLETED
21:24:26.382 [ INFO] maestro.cli.runner.CliConsoleListener.onCommandStart: Run console.log("TC-100-1 : CA-02 vérifié — ouvrir la feuille ne filtre rien")
 RUNNING
21:24:26.382 [ INFO] maestro.cli.runner.CliConsoleListener.onCommandFinished: Run console.log("TC-100-1 : CA-02 vérifié — ouvrir la feuille ne filtre rien")
 COMPLETED
21:24:26.382 [ INFO] maestro.cli.runner.CliConsoleListener.onCommandStart: Tap on id: monthly.filter.type RUNNING
21:24:26.442 [ INFO] maestro.Maestro.tap-HgV9Ck0: Tapping on element:  UiElement(treeNode=TreeNode(attributes={text=, accessibilityText=, hintText=, ignoreBoundsFiltering=false, resource-id=monthly.filter.type, clickable=true, bounds=[53,575][416,701], enabled=true, focused=false, checked=false, scrollable=false, selected=false, class=android.view.View, important-for-accessibility=true, error=}, children=[TreeNode(attributes={text=, accessibilityText=, hintText=, ignoreBoundsFiltering=false, resource-id=, clickable=false, bounds=[35,576][161,702], enabled=true, focused=false, checked=false, scrollable=false, selected=false, class=android.view.View, important-for-accessibility=false, error=}, children=[], clickable=false, enabled=true, focused=false, checked=false, selected=false), TreeNode(attributes={text=Tous les types, accessibilityText=, hintText=, ignoreBoundsFiltering=false, resource-id=, clickable=false, bounds=[142,617][374,660], enabled=true, focused=false, checked=false, scrollable=false, selected=false, class=android.widget.TextView, important-for-accessibility=true, error=}, children=[], clickable=false, enabled=true, focused=false, checked=false, selected=false), TreeNode(attributes={text=, accessibilityText=, hintText=, ignoreBoundsFiltering=false, resource-id=, clickable=false, bounds=[53,596][416,680], enabled=true, focused=false, checked=false, scrollable=false, selected=false, class=android.widget.CheckBox, important-for-accessibility=true, error=}, children=[], clickable=false, enabled=true, focused=false, checked=false, selected=false)], clickable=true, enabled=true, focused=false, checked=false, selected=false), bounds=Bounds(x=53, y=575, width=363, height=126))
21:24:27.659 [ INFO] maestro.Maestro.tap-HgV9Ck0: Tap aimed via settled hierarchy
21:24:27.660 [ INFO] maestro.Maestro.hierarchyBasedTap-ogj28Uc: Tapping at (234, 638) using hierarchy based logic for wait
21:24:29.327 [ INFO] maestro.Maestro.hierarchyBasedTap-ogj28Uc: Something has changed in the UI judging by view hierarchy. Proceed.
21:24:29.327 [ INFO] maestro.cli.runner.CliConsoleListener.onCommandFinished: Tap on id: monthly.filter.type COMPLETED
21:24:29.327 [ INFO] maestro.cli.runner.CliConsoleListener.onCommandStart: Tap on "Dépenses" RUNNING
21:24:29.387 [ INFO] maestro.Maestro.tap-HgV9Ck0: Tapping on element:  UiElement(treeNode=TreeNode(attributes={text=Dépenses, accessibilityText=, hintText=, ignoreBoundsFiltering=false, resource-id=, clickable=false, bounds=[95,1997][985,2046], enabled=true, focused=false, checked=false, scrollable=false, selected=false, class=android.widget.TextView, important-for-accessibility=true, error=}, children=[], clickable=false, enabled=true, focused=false, checked=false, selected=false), bounds=Bounds(x=95, y=1997, width=890, height=49))
21:24:30.590 [ INFO] maestro.Maestro.tap-HgV9Ck0: Tap aimed via settled hierarchy
21:24:30.591 [ INFO] maestro.Maestro.hierarchyBasedTap-ogj28Uc: Tapping at (540, 2021) using hierarchy based logic for wait
21:24:31.419 [ INFO] maestro.Maestro.hierarchyBasedTap-ogj28Uc: Something has changed in the UI judging by view hierarchy. Proceed.
21:24:31.419 [ INFO] maestro.cli.runner.CliConsoleListener.onCommandFinished: Tap on "Dépenses" COMPLETED
21:24:31.419 [ INFO] maestro.cli.runner.CliConsoleListener.onCommandStart: Assert that "Filtrer par type" is not visible RUNNING
21:24:32.099 [ INFO] maestro.cli.runner.CliConsoleListener.onCommandFinished: Assert that "Filtrer par type" is not visible COMPLETED
21:24:32.099 [ INFO] maestro.cli.runner.CliConsoleListener.onCommandStart: Assert that "Dépenses" is visible RUNNING
21:24:32.208 [ INFO] maestro.cli.runner.CliConsoleListener.onCommandFinished: Assert that "Dépenses" is visible COMPLETED
21:24:32.208 [ INFO] maestro.cli.runner.CliConsoleListener.onCommandStart: Assert that "Courses Hebdomadaires" is visible RUNNING
21:24:32.312 [ INFO] maestro.cli.runner.CliConsoleListener.onCommandFinished: Assert that "Courses Hebdomadaires" is visible COMPLETED
21:24:32.312 [ INFO] maestro.cli.runner.CliConsoleListener.onCommandStart: Assert that "Loyer" is visible RUNNING
21:24:32.412 [ INFO] maestro.cli.runner.CliConsoleListener.onCommandFinished: Assert that "Loyer" is visible COMPLETED
21:24:32.412 [ INFO] maestro.cli.runner.CliConsoleListener.onCommandStart: Assert that "Salaire" is not visible RUNNING
21:24:33.071 [ INFO] maestro.cli.runner.CliConsoleListener.onCommandFinished: Assert that "Salaire" is not visible COMPLETED
21:24:33.071 [ INFO] maestro.cli.runner.CliConsoleListener.onCommandStart: Run console.log("TC-100-1 : CA-03 vérifié — la liste ne contient plus de revenu")
 RUNNING
21:24:33.071 [ INFO] maestro.cli.runner.CliConsoleListener.onCommandFinished: Run console.log("TC-100-1 : CA-03 vérifié — la liste ne contient plus de revenu")
 COMPLETED
21:24:33.071 [ INFO] maestro.cli.runner.CliConsoleListener.onCommandStart: Tap on id: monthly.filter.type RUNNING
21:24:33.176 [ INFO] maestro.Maestro.tap-HgV9Ck0: Tapping on element:  UiElement(treeNode=TreeNode(attributes={text=, accessibilityText=, hintText=, ignoreBoundsFiltering=false, resource-id=monthly.filter.type, clickable=true, bounds=[53,575][343,701], enabled=true, focused=false, checked=true, scrollable=false, selected=false, class=android.view.View, important-for-accessibility=true, error=}, children=[TreeNode(attributes={text=, accessibilityText=, hintText=, ignoreBoundsFiltering=false, resource-id=, clickable=false, bounds=[35,576][161,702], enabled=true, focused=false, checked=false, scrollable=false, selected=false, class=android.view.View, important-for-accessibility=false, error=}, children=[], clickable=false, enabled=true, focused=false, checked=false, selected=false), TreeNode(attributes={text=Dépenses, accessibilityText=, hintText=, ignoreBoundsFiltering=false, resource-id=, clickable=false, bounds=[142,617][301,660], enabled=true, focused=false, checked=false, scrollable=false, selected=false, class=android.widget.TextView, important-for-accessibility=true, error=}, children=[], clickable=false, enabled=true, focused=false, checked=false, selected=false), TreeNode(attributes={text=, accessibilityText=, hintText=, ignoreBoundsFiltering=false, resource-id=, clickable=false, bounds=[53,596][343,680], enabled=true, focused=false, checked=false, scrollable=false, selected=false, class=android.widget.CheckBox, important-for-accessibility=true, error=}, children=[], clickable=false, enabled=true, focused=false, checked=false, selected=false)], clickable=true, enabled=true, focused=false, checked=true, selected=false), bounds=Bounds(x=53, y=575, width=290, height=126))
21:24:34.387 [ INFO] maestro.Maestro.tap-HgV9Ck0: Tap aimed via settled hierarchy
21:24:34.388 [ INFO] maestro.Maestro.hierarchyBasedTap-ogj28Uc: Tapping at (198, 638) using hierarchy based logic for wait
21:24:35.943 [ INFO] maestro.Maestro.hierarchyBasedTap-ogj28Uc: Something has changed in the UI judging by view hierarchy. Proceed.
21:24:35.943 [ INFO] maestro.cli.runner.CliConsoleListener.onCommandFinished: Tap on id: monthly.filter.type COMPLETED
21:24:35.943 [ INFO] maestro.cli.runner.CliConsoleListener.onCommandStart: Tap on "Tous les types" RUNNING
21:24:35.999 [ INFO] maestro.Maestro.tap-HgV9Ck0: Tapping on element:  UiElement(treeNode=TreeNode(attributes={text=Tous les types, accessibilityText=, hintText=, ignoreBoundsFiltering=false, resource-id=, clickable=false, bounds=[95,1818][985,1867], enabled=true, focused=false, checked=false, scrollable=false, selected=false, class=android.widget.TextView, important-for-accessibility=true, error=}, children=[], clickable=false, enabled=true, focused=false, checked=false, selected=false), bounds=Bounds(x=95, y=1818, width=890, height=49))
21:24:37.203 [ INFO] maestro.Maestro.tap-HgV9Ck0: Tap aimed via settled hierarchy
21:24:37.204 [ INFO] maestro.Maestro.hierarchyBasedTap-ogj28Uc: Tapping at (540, 1842) using hierarchy based logic for wait
21:24:38.179 [ INFO] maestro.Maestro.hierarchyBasedTap-ogj28Uc: Something has changed in the UI judging by view hierarchy. Proceed.
21:24:38.179 [ INFO] maestro.cli.runner.CliConsoleListener.onCommandFinished: Tap on "Tous les types" COMPLETED
21:24:38.179 [ INFO] maestro.cli.runner.CliConsoleListener.onCommandStart: Assert that "Filtrer par type" is not visible RUNNING
21:24:38.799 [ INFO] maestro.cli.runner.CliConsoleListener.onCommandFinished: Assert that "Filtrer par type" is not visible COMPLETED
21:24:38.799 [ INFO] maestro.cli.runner.CliConsoleListener.onCommandStart: Assert that "Tous les types" is visible RUNNING
21:24:38.900 [ INFO] maestro.cli.runner.CliConsoleListener.onCommandFinished: Assert that "Tous les types" is visible COMPLETED
21:24:38.900 [ INFO] maestro.cli.runner.CliConsoleListener.onCommandStart: Scrolling DOWN until "Salaire" is visible with speed 40, visibility percentage 100%, timeout 20000 ms, with centering disabled RUNNING
21:24:39.000 [ INFO] maestro.orchestra.Orchestra.scrollUntilVisible: Scrolling try count: 0, DeviceWidth: 1080, DeviceWidth: 2400
21:24:39.000 [ INFO] maestro.orchestra.Orchestra.scrollUntilVisible: Element bounds: Bounds(x=238, y=1338, width=127, height=49)
21:24:39.000 [ INFO] maestro.orchestra.Orchestra.scrollUntilVisible: Visibility Percent: 1.0
21:24:39.000 [ INFO] maestro.orchestra.Orchestra.scrollUntilVisible: Command centerElement: ScrollUntilVisibleCommand(selector=ElementSelector(textRegex=Salaire, idRegex=null, size=null, below=null, above=null, leftOf=null, rightOf=null, containsChild=null, containsDescendants=null, traits=null, index=null, enabled=null, optional=false, selected=null, checked=null, focused=null, childOf=null, css=null), direction=DOWN, scrollDuration=601, visibilityPercentage=100, timeout=20000, waitToSettleTimeoutMs=null, centerElement=false, originalSpeedValue=40, label=null, optional=false).centerElement
21:24:39.000 [ INFO] maestro.orchestra.Orchestra.scrollUntilVisible: visibilityPercentageNormalized: 1.0
21:24:39.000 [ INFO] maestro.cli.runner.CliConsoleListener.onCommandFinished: Scrolling DOWN until "Salaire" is visible with speed 40, visibility percentage 100%, timeout 20000 ms, with centering disabled COMPLETED
21:24:39.000 [ INFO] maestro.cli.runner.CliConsoleListener.onCommandStart: Scrolling UP until id: monthly.filter.status is visible with speed 40, visibility percentage 100%, timeout 20000 ms, with centering disabled RUNNING
21:24:39.108 [ INFO] maestro.orchestra.Orchestra.scrollUntilVisible: Scrolling try count: 0, DeviceWidth: 1080, DeviceWidth: 2400
21:24:39.108 [ INFO] maestro.orchestra.Orchestra.scrollUntilVisible: Element bounds: Bounds(x=437, y=575, width=341, height=126)
21:24:39.108 [ INFO] maestro.orchestra.Orchestra.scrollUntilVisible: Visibility Percent: 1.0
21:24:39.108 [ INFO] maestro.orchestra.Orchestra.scrollUntilVisible: Command centerElement: ScrollUntilVisibleCommand(selector=ElementSelector(textRegex=null, idRegex=monthly.filter.status, size=null, below=null, above=null, leftOf=null, rightOf=null, containsChild=null, containsDescendants=null, traits=null, index=null, enabled=null, optional=false, selected=null, checked=null, focused=null, childOf=null, css=null), direction=UP, scrollDuration=601, visibilityPercentage=100, timeout=20000, waitToSettleTimeoutMs=null, centerElement=false, originalSpeedValue=40, label=null, optional=false).centerElement
21:24:39.108 [ INFO] maestro.orchestra.Orchestra.scrollUntilVisible: visibilityPercentageNormalized: 1.0
21:24:39.108 [ INFO] maestro.cli.runner.CliConsoleListener.onCommandFinished: Scrolling UP until id: monthly.filter.status is visible with speed 40, visibility percentage 100%, timeout 20000 ms, with centering disabled COMPLETED
21:24:39.108 [ INFO] maestro.cli.runner.CliConsoleListener.onCommandStart: Run console.log("TC-100-1 : CA-04 vérifié — le filtre de type est retirable depuis sa feuille")
 RUNNING
21:24:39.108 [ INFO] maestro.cli.runner.CliConsoleListener.onCommandFinished: Run console.log("TC-100-1 : CA-04 vérifié — le filtre de type est retirable depuis sa feuille")
 COMPLETED
21:24:39.108 [ INFO] maestro.cli.runner.CliConsoleListener.onCommandStart: Tap on id: monthly.filter.status RUNNING
21:24:39.260 [ INFO] maestro.Maestro.tap-HgV9Ck0: Tapping on element:  UiElement(treeNode=TreeNode(attributes={text=, accessibilityText=, hintText=, ignoreBoundsFiltering=false, resource-id=monthly.filter.status, clickable=true, bounds=[437,575][778,701], enabled=true, focused=false, checked=false, scrollable=false, selected=false, class=android.view.View, important-for-accessibility=true, error=}, children=[TreeNode(attributes={text=Tous les statuts, accessibilityText=, hintText=, ignoreBoundsFiltering=false, resource-id=, clickable=false, bounds=[479,617][736,660], enabled=true, focused=false, checked=false, scrollable=false, selected=false, class=android.widget.TextView, important-for-accessibility=true, error=}, children=[], clickable=false, enabled=true, focused=false, checked=false, selected=false), TreeNode(attributes={text=, accessibilityText=, hintText=, ignoreBoundsFiltering=false, resource-id=, clickable=false, bounds=[437,596][778,680], enabled=true, focused=false, checked=false, scrollable=false, selected=false, class=android.widget.CheckBox, important-for-accessibility=true, error=}, children=[], clickable=false, enabled=true, focused=false, checked=false, selected=false)], clickable=true, enabled=true, focused=false, checked=false, selected=false), bounds=Bounds(x=437, y=575, width=341, height=126))
21:24:40.476 [ INFO] maestro.Maestro.tap-HgV9Ck0: Tap aimed via settled hierarchy
21:24:40.476 [ INFO] maestro.Maestro.hierarchyBasedTap-ogj28Uc: Tapping at (607, 638) using hierarchy based logic for wait
21:24:41.839 [ INFO] maestro.Maestro.hierarchyBasedTap-ogj28Uc: Something has changed in the UI judging by view hierarchy. Proceed.
21:24:41.839 [ INFO] maestro.cli.runner.CliConsoleListener.onCommandFinished: Tap on id: monthly.filter.status COMPLETED
21:24:41.839 [ INFO] maestro.cli.runner.CliConsoleListener.onCommandStart: Assert that "Filtrer par statut" is visible RUNNING
21:24:41.895 [ INFO] maestro.cli.runner.CliConsoleListener.onCommandFinished: Assert that "Filtrer par statut" is visible COMPLETED
21:24:41.895 [ INFO] maestro.cli.runner.CliConsoleListener.onCommandStart: Assert that "Payé" is visible RUNNING
21:24:41.991 [ INFO] maestro.cli.runner.CliConsoleListener.onCommandFinished: Assert that "Payé" is visible COMPLETED
21:24:41.991 [ INFO] maestro.cli.runner.CliConsoleListener.onCommandStart: Assert that "Planifié" is visible RUNNING
21:24:42.004 [ INFO] maestro.cli.runner.CliConsoleListener.onCommandFinished: Assert that "Planifié" is visible COMPLETED
21:24:42.004 [ INFO] maestro.cli.runner.CliConsoleListener.onCommandStart: Tap on "Payé" RUNNING
21:24:42.152 [ INFO] maestro.Maestro.tap-HgV9Ck0: Tapping on element:  UiElement(treeNode=TreeNode(attributes={text=Payé, accessibilityText=, hintText=, ignoreBoundsFiltering=false, resource-id=, clickable=false, bounds=[95,1997][985,2046], enabled=true, focused=false, checked=false, scrollable=false, selected=false, class=android.widget.TextView, important-for-accessibility=true, error=}, children=[], clickable=false, enabled=true, focused=false, checked=false, selected=false), bounds=Bounds(x=95, y=1997, width=890, height=49))
21:24:43.319 [ INFO] maestro.Maestro.tap-HgV9Ck0: Tap aimed via settled hierarchy
21:24:43.320 [ INFO] maestro.Maestro.hierarchyBasedTap-ogj28Uc: Tapping at (540, 2021) using hierarchy based logic for wait
21:24:44.207 [ INFO] maestro.Maestro.hierarchyBasedTap-ogj28Uc: Something has changed in the UI judging by view hierarchy. Proceed.
21:24:44.207 [ INFO] maestro.cli.runner.CliConsoleListener.onCommandFinished: Tap on "Payé" COMPLETED
21:24:44.207 [ INFO] maestro.cli.runner.CliConsoleListener.onCommandStart: Assert that "Filtrer par statut" is not visible RUNNING
21:24:44.883 [ INFO] maestro.cli.runner.CliConsoleListener.onCommandFinished: Assert that "Filtrer par statut" is not visible COMPLETED
21:24:44.883 [ INFO] maestro.cli.runner.CliConsoleListener.onCommandStart: Assert that "Courses Hebdomadaires" is visible RUNNING
21:24:44.980 [ INFO] maestro.cli.runner.CliConsoleListener.onCommandFinished: Assert that "Courses Hebdomadaires" is visible COMPLETED
21:24:44.980 [ INFO] maestro.cli.runner.CliConsoleListener.onCommandStart: Assert that "Loyer" is not visible RUNNING
21:24:45.643 [ INFO] maestro.cli.runner.CliConsoleListener.onCommandFinished: Assert that "Loyer" is not visible COMPLETED
21:24:45.643 [ INFO] maestro.cli.runner.CliConsoleListener.onCommandStart: Assert that "Salaire" is not visible RUNNING
21:24:46.327 [ INFO] maestro.cli.runner.CliConsoleListener.onCommandFinished: Assert that "Salaire" is not visible COMPLETED
21:24:46.327 [ INFO] maestro.cli.runner.CliConsoleListener.onCommandStart: Tap on id: monthly.filter.status RUNNING
21:24:46.428 [ INFO] maestro.Maestro.tap-HgV9Ck0: Tapping on element:  UiElement(treeNode=TreeNode(attributes={text=, accessibilityText=, hintText=, ignoreBoundsFiltering=false, resource-id=monthly.filter.status, clickable=true, bounds=[437,575][600,701], enabled=true, focused=false, checked=true, scrollable=false, selected=false, class=android.view.View, important-for-accessibility=true, error=}, children=[TreeNode(attributes={text=Payé, accessibilityText=, hintText=, ignoreBoundsFiltering=false, resource-id=, clickable=false, bounds=[479,617][558,660], enabled=true, focused=false, checked=false, scrollable=false, selected=false, class=android.widget.TextView, important-for-accessibility=true, error=}, children=[], clickable=false, enabled=true, focused=false, checked=false, selected=false), TreeNode(attributes={text=, accessibilityText=, hintText=, ignoreBoundsFiltering=false, resource-id=, clickable=false, bounds=[437,596][600,680], enabled=true, focused=false, checked=false, scrollable=false, selected=false, class=android.widget.CheckBox, important-for-accessibility=true, error=}, children=[], clickable=false, enabled=true, focused=false, checked=false, selected=false)], clickable=true, enabled=true, focused=false, checked=true, selected=false), bounds=Bounds(x=437, y=575, width=163, height=126))
21:24:47.639 [ INFO] maestro.Maestro.tap-HgV9Ck0: Tap aimed via settled hierarchy
21:24:47.640 [ INFO] maestro.Maestro.hierarchyBasedTap-ogj28Uc: Tapping at (518, 638) using hierarchy based logic for wait
21:24:49.263 [ INFO] maestro.Maestro.hierarchyBasedTap-ogj28Uc: Something has changed in the UI judging by view hierarchy. Proceed.
21:24:49.263 [ INFO] maestro.cli.runner.CliConsoleListener.onCommandFinished: Tap on id: monthly.filter.status COMPLETED
21:24:49.263 [ INFO] maestro.cli.runner.CliConsoleListener.onCommandStart: Tap on "Tous les statuts" RUNNING
21:24:49.316 [ INFO] maestro.Maestro.tap-HgV9Ck0: Tapping on element:  UiElement(treeNode=TreeNode(attributes={text=Tous les statuts, accessibilityText=, hintText=, ignoreBoundsFiltering=false, resource-id=, clickable=false, bounds=[95,1818][985,1867], enabled=true, focused=false, checked=false, scrollable=false, selected=false, class=android.widget.TextView, important-for-accessibility=true, error=}, children=[], clickable=false, enabled=true, focused=false, checked=false, selected=false), bounds=Bounds(x=95, y=1818, width=890, height=49))
21:24:50.483 [ INFO] maestro.Maestro.tap-HgV9Ck0: Tap aimed via settled hierarchy
21:24:50.483 [ INFO] maestro.Maestro.hierarchyBasedTap-ogj28Uc: Tapping at (540, 1842) using hierarchy based logic for wait
21:24:51.356 [ INFO] maestro.Maestro.hierarchyBasedTap-ogj28Uc: Something has changed in the UI judging by view hierarchy. Proceed.
21:24:51.356 [ INFO] maestro.cli.runner.CliConsoleListener.onCommandFinished: Tap on "Tous les statuts" COMPLETED
21:24:51.356 [ INFO] maestro.cli.runner.CliConsoleListener.onCommandStart: Assert that "Loyer" is visible RUNNING
21:24:51.420 [ INFO] maestro.cli.runner.CliConsoleListener.onCommandFinished: Assert that "Loyer" is visible COMPLETED
21:24:51.420 [ INFO] maestro.cli.runner.CliConsoleListener.onCommandStart: Run console.log("TC-100-1 : CA-05 vérifié — le statut filtre puis se retire")
 RUNNING
21:24:51.420 [ INFO] maestro.cli.runner.CliConsoleListener.onCommandFinished: Run console.log("TC-100-1 : CA-05 vérifié — le statut filtre puis se retire")
 COMPLETED
21:24:51.420 [ INFO] maestro.cli.runner.CliConsoleListener.onCommandStart: Scrolling UP until id: monthly.filter.type is visible with speed 40, visibility percentage 100%, timeout 20000 ms, with centering disabled RUNNING
21:24:51.524 [ INFO] maestro.orchestra.Orchestra.scrollUntilVisible: Scrolling try count: 0, DeviceWidth: 1080, DeviceWidth: 2400
21:24:51.524 [ INFO] maestro.orchestra.Orchestra.scrollUntilVisible: Element bounds: Bounds(x=53, y=575, width=363, height=126)
21:24:51.524 [ INFO] maestro.orchestra.Orchestra.scrollUntilVisible: Visibility Percent: 1.0
21:24:51.524 [ INFO] maestro.orchestra.Orchestra.scrollUntilVisible: Command centerElement: ScrollUntilVisibleCommand(selector=ElementSelector(textRegex=null, idRegex=monthly.filter.type, size=null, below=null, above=null, leftOf=null, rightOf=null, containsChild=null, containsDescendants=null, traits=null, index=null, enabled=null, optional=false, selected=null, checked=null, focused=null, childOf=null, css=null), direction=UP, scrollDuration=601, visibilityPercentage=100, timeout=20000, waitToSettleTimeoutMs=null, centerElement=false, originalSpeedValue=40, label=null, optional=false).centerElement
21:24:51.524 [ INFO] maestro.orchestra.Orchestra.scrollUntilVisible: visibilityPercentageNormalized: 1.0
21:24:51.524 [ INFO] maestro.cli.runner.CliConsoleListener.onCommandFinished: Scrolling UP until id: monthly.filter.type is visible with speed 40, visibility percentage 100%, timeout 20000 ms, with centering disabled COMPLETED
21:24:51.525 [ INFO] maestro.cli.runner.CliConsoleListener.onCommandStart: Tap on id: monthly.filter.type RUNNING
21:24:51.620 [ INFO] maestro.Maestro.tap-HgV9Ck0: Tapping on element:  UiElement(treeNode=TreeNode(attributes={text=, accessibilityText=, hintText=, ignoreBoundsFiltering=false, resource-id=monthly.filter.type, clickable=true, bounds=[53,575][416,701], enabled=true, focused=false, checked=false, scrollable=false, selected=false, class=android.view.View, important-for-accessibility=true, error=}, children=[TreeNode(attributes={text=, accessibilityText=, hintText=, ignoreBoundsFiltering=false, resource-id=, clickable=false, bounds=[35,576][161,702], enabled=true, focused=false, checked=false, scrollable=false, selected=false, class=android.view.View, important-for-accessibility=false, error=}, children=[], clickable=false, enabled=true, focused=false, checked=false, selected=false), TreeNode(attributes={text=Tous les types, accessibilityText=, hintText=, ignoreBoundsFiltering=false, resource-id=, clickable=false, bounds=[142,617][374,660], enabled=true, focused=false, checked=false, scrollable=false, selected=false, class=android.widget.TextView, important-for-accessibility=true, error=}, children=[], clickable=false, enabled=true, focused=false, checked=false, selected=false), TreeNode(attributes={text=, accessibilityText=, hintText=, ignoreBoundsFiltering=false, resource-id=, clickable=false, bounds=[53,596][416,680], enabled=true, focused=false, checked=false, scrollable=false, selected=false, class=android.widget.CheckBox, important-for-accessibility=true, error=}, children=[], clickable=false, enabled=true, focused=false, checked=false, selected=false)], clickable=true, enabled=true, focused=false, checked=false, selected=false), bounds=Bounds(x=53, y=575, width=363, height=126))
21:24:52.876 [ INFO] maestro.Maestro.tap-HgV9Ck0: Tap aimed via settled hierarchy
21:24:52.876 [ INFO] maestro.Maestro.hierarchyBasedTap-ogj28Uc: Tapping at (234, 638) using hierarchy based logic for wait
21:24:54.439 [ INFO] maestro.Maestro.hierarchyBasedTap-ogj28Uc: Something has changed in the UI judging by view hierarchy. Proceed.
21:24:54.439 [ INFO] maestro.cli.runner.CliConsoleListener.onCommandFinished: Tap on id: monthly.filter.type COMPLETED
21:24:54.439 [ INFO] maestro.cli.runner.CliConsoleListener.onCommandStart: Tap on "Revenus" RUNNING
21:24:54.452 [ INFO] maestro.Maestro.tap-HgV9Ck0: Tapping on element:  UiElement(treeNode=TreeNode(attributes={text=Revenus, accessibilityText=, hintText=, ignoreBoundsFiltering=false, resource-id=, clickable=false, bounds=[95,2162][985,2211], enabled=true, focused=false, checked=false, scrollable=false, selected=false, class=android.widget.TextView, important-for-accessibility=true, error=}, children=[], clickable=false, enabled=true, focused=false, checked=false, selected=false), bounds=Bounds(x=95, y=2162, width=890, height=49))
21:24:55.663 [ INFO] maestro.Maestro.tap-HgV9Ck0: Tap aimed via settled hierarchy
21:24:55.663 [ INFO] maestro.Maestro.hierarchyBasedTap-ogj28Uc: Tapping at (540, 2186) using hierarchy based logic for wait
21:24:56.536 [ INFO] maestro.Maestro.hierarchyBasedTap-ogj28Uc: Something has changed in the UI judging by view hierarchy. Proceed.
21:24:56.536 [ INFO] maestro.cli.runner.CliConsoleListener.onCommandFinished: Tap on "Revenus" COMPLETED
21:24:56.536 [ INFO] maestro.cli.runner.CliConsoleListener.onCommandStart: Tap on id: monthly.filter.status RUNNING
21:24:56.595 [ INFO] maestro.Maestro.tap-HgV9Ck0: Tapping on element:  UiElement(treeNode=TreeNode(attributes={text=, accessibilityText=, hintText=, ignoreBoundsFiltering=false, resource-id=monthly.filter.status, clickable=true, bounds=[343,575][684,701], enabled=true, focused=false, checked=false, scrollable=false, selected=false, class=android.view.View, important-for-accessibility=true, error=}, children=[TreeNode(attributes={text=Tous les statuts, accessibilityText=, hintText=, ignoreBoundsFiltering=false, resource-id=, clickable=false, bounds=[385,617][642,660], enabled=true, focused=false, checked=false, scrollable=false, selected=false, class=android.widget.TextView, important-for-accessibility=true, error=}, children=[], clickable=false, enabled=true, focused=false, checked=false, selected=false), TreeNode(attributes={text=, accessibilityText=, hintText=, ignoreBoundsFiltering=false, resource-id=, clickable=false, bounds=[343,596][684,680], enabled=true, focused=false, checked=false, scrollable=false, selected=false, class=android.widget.CheckBox, important-for-accessibility=true, error=}, children=[], clickable=false, enabled=true, focused=false, checked=false, selected=false)], clickable=true, enabled=true, focused=false, checked=false, selected=false), bounds=Bounds(x=343, y=575, width=341, height=126))
21:24:57.800 [ INFO] maestro.Maestro.tap-HgV9Ck0: Tap aimed via settled hierarchy
21:24:57.800 [ INFO] maestro.Maestro.hierarchyBasedTap-ogj28Uc: Tapping at (513, 638) using hierarchy based logic for wait
21:24:59.355 [ INFO] maestro.Maestro.hierarchyBasedTap-ogj28Uc: Something has changed in the UI judging by view hierarchy. Proceed.
21:24:59.355 [ INFO] maestro.cli.runner.CliConsoleListener.onCommandFinished: Tap on id: monthly.filter.status COMPLETED
21:24:59.355 [ INFO] maestro.cli.runner.CliConsoleListener.onCommandStart: Tap on "Planifié" RUNNING
21:24:59.411 [ INFO] maestro.Maestro.tap-HgV9Ck0: Tapping on element:  UiElement(treeNode=TreeNode(attributes={text=Planifié, accessibilityText=, hintText=, ignoreBoundsFiltering=false, resource-id=, clickable=false, bounds=[95,2162][985,2211], enabled=true, focused=false, checked=false, scrollable=false, selected=false, class=android.widget.TextView, important-for-accessibility=true, error=}, children=[], clickable=false, enabled=true, focused=false, checked=false, selected=false), bounds=Bounds(x=95, y=2162, width=890, height=49))
21:25:00.579 [ INFO] maestro.Maestro.tap-HgV9Ck0: Tap aimed via settled hierarchy
21:25:00.580 [ INFO] maestro.Maestro.hierarchyBasedTap-ogj28Uc: Tapping at (540, 2186) using hierarchy based logic for wait
21:25:01.412 [ INFO] maestro.Maestro.hierarchyBasedTap-ogj28Uc: Something has changed in the UI judging by view hierarchy. Proceed.
21:25:01.412 [ INFO] maestro.cli.runner.CliConsoleListener.onCommandFinished: Tap on "Planifié" COMPLETED
21:25:01.412 [ INFO] maestro.cli.runner.CliConsoleListener.onCommandStart: Assert that "Salaire" is visible RUNNING
21:25:01.512 [ INFO] maestro.cli.runner.CliConsoleListener.onCommandFinished: Assert that "Salaire" is visible COMPLETED
21:25:01.512 [ INFO] maestro.cli.runner.CliConsoleListener.onCommandStart: Assert that "Loyer" is not visible RUNNING
21:25:02.124 [ INFO] maestro.cli.runner.CliConsoleListener.onCommandFinished: Assert that "Loyer" is not visible COMPLETED
21:25:02.124 [ INFO] maestro.cli.runner.CliConsoleListener.onCommandStart: Assert that "Courses Hebdomadaires" is not visible RUNNING
21:25:02.735 [ INFO] maestro.cli.runner.CliConsoleListener.onCommandFinished: Assert that "Courses Hebdomadaires" is not visible COMPLETED
21:25:02.736 [ INFO] maestro.cli.runner.CliConsoleListener.onCommandStart: Tap on id: monthly.filter.status RUNNING
21:25:02.796 [ INFO] maestro.Maestro.tap-HgV9Ck0: Tapping on element:  UiElement(treeNode=TreeNode(attributes={text=, accessibilityText=, hintText=, ignoreBoundsFiltering=false, resource-id=monthly.filter.status, clickable=true, bounds=[343,575][547,701], enabled=true, focused=false, checked=true, scrollable=false, selected=false, class=android.view.View, important-for-accessibility=true, error=}, children=[TreeNode(attributes={text=Planifié, accessibilityText=, hintText=, ignoreBoundsFiltering=false, resource-id=, clickable=false, bounds=[385,617][505,660], enabled=true, focused=false, checked=false, scrollable=false, selected=false, class=android.widget.TextView, important-for-accessibility=true, error=}, children=[], clickable=false, enabled=true, focused=false, checked=false, selected=false), TreeNode(attributes={text=, accessibilityText=, hintText=, ignoreBoundsFiltering=false, resource-id=, clickable=false, bounds=[343,596][547,680], enabled=true, focused=false, checked=false, scrollable=false, selected=false, class=android.widget.CheckBox, important-for-accessibility=true, error=}, children=[], clickable=false, enabled=true, focused=false, checked=false, selected=false)], clickable=true, enabled=true, focused=false, checked=true, selected=false), bounds=Bounds(x=343, y=575, width=204, height=126))
21:25:04.014 [ INFO] maestro.Maestro.tap-HgV9Ck0: Tap aimed via settled hierarchy
21:25:04.014 [ INFO] maestro.Maestro.hierarchyBasedTap-ogj28Uc: Tapping at (445, 638) using hierarchy based logic for wait
21:25:05.615 [ INFO] maestro.Maestro.hierarchyBasedTap-ogj28Uc: Something has changed in the UI judging by view hierarchy. Proceed.
21:25:05.616 [ INFO] maestro.cli.runner.CliConsoleListener.onCommandFinished: Tap on id: monthly.filter.status COMPLETED
21:25:05.616 [ INFO] maestro.cli.runner.CliConsoleListener.onCommandStart: Tap on "Tous les statuts" RUNNING
21:25:05.672 [ INFO] maestro.Maestro.tap-HgV9Ck0: Tapping on element:  UiElement(treeNode=TreeNode(attributes={text=Tous les statuts, accessibilityText=, hintText=, ignoreBoundsFiltering=false, resource-id=, clickable=false, bounds=[95,1818][985,1867], enabled=true, focused=false, checked=false, scrollable=false, selected=false, class=android.widget.TextView, important-for-accessibility=true, error=}, children=[], clickable=false, enabled=true, focused=false, checked=false, selected=false), bounds=Bounds(x=95, y=1818, width=890, height=49))
21:25:06.884 [ INFO] maestro.Maestro.tap-HgV9Ck0: Tap aimed via settled hierarchy
21:25:06.884 [ INFO] maestro.Maestro.hierarchyBasedTap-ogj28Uc: Tapping at (540, 1842) using hierarchy based logic for wait
21:25:07.712 [ INFO] maestro.Maestro.hierarchyBasedTap-ogj28Uc: Something has changed in the UI judging by view hierarchy. Proceed.
21:25:07.712 [ INFO] maestro.cli.runner.CliConsoleListener.onCommandFinished: Tap on "Tous les statuts" COMPLETED
21:25:07.712 [ INFO] maestro.cli.runner.CliConsoleListener.onCommandStart: Assert that "Revenus" is visible RUNNING
21:25:07.812 [ INFO] maestro.cli.runner.CliConsoleListener.onCommandFinished: Assert that "Revenus" is visible COMPLETED
21:25:07.812 [ INFO] maestro.cli.runner.CliConsoleListener.onCommandStart: Assert that "Salaire" is visible RUNNING
21:25:07.920 [ INFO] maestro.cli.runner.CliConsoleListener.onCommandFinished: Assert that "Salaire" is visible COMPLETED
21:25:07.920 [ INFO] maestro.cli.runner.CliConsoleListener.onCommandStart: Assert that "Loyer" is not visible RUNNING
21:25:08.564 [ INFO] maestro.cli.runner.CliConsoleListener.onCommandFinished: Assert that "Loyer" is not visible COMPLETED
21:25:08.564 [ INFO] maestro.cli.runner.CliConsoleListener.onCommandStart: Assert that "Courses Hebdomadaires" is not visible RUNNING
21:25:09.126 [ INFO] maestro.cli.runner.CliConsoleListener.onCommandFinished: Assert that "Courses Hebdomadaires" is not visible COMPLETED
21:25:09.126 [ INFO] maestro.cli.runner.CliConsoleListener.onCommandStart: Run console.log("TC-100-1 : CA-06 vérifié — les deux filtres se cumulent et se retirent séparément")
 RUNNING
21:25:09.127 [ INFO] maestro.cli.runner.CliConsoleListener.onCommandFinished: Run console.log("TC-100-1 : CA-06 vérifié — les deux filtres se cumulent et se retirent séparément")
 COMPLETED
21:25:09.127 [ INFO] maestro.cli.runner.CliConsoleListener.onCommandStart: Tap on id: monthly.filter.type RUNNING
21:25:09.225 [ INFO] maestro.Maestro.tap-HgV9Ck0: Tapping on element:  UiElement(treeNode=TreeNode(attributes={text=, accessibilityText=, hintText=, ignoreBoundsFiltering=false, resource-id=monthly.filter.type, clickable=true, bounds=[53,575][322,701], enabled=true, focused=false, checked=true, scrollable=false, selected=false, class=android.view.View, important-for-accessibility=true, error=}, children=[TreeNode(attributes={text=, accessibilityText=, hintText=, ignoreBoundsFiltering=false, resource-id=, clickable=false, bounds=[35,576][161,702], enabled=true, focused=false, checked=false, scrollable=false, selected=false, class=android.view.View, important-for-accessibility=false, error=}, children=[], clickable=false, enabled=true, focused=false, checked=false, selected=false), TreeNode(attributes={text=Revenus, accessibilityText=, hintText=, ignoreBoundsFiltering=false, resource-id=, clickable=false, bounds=[142,617][280,660], enabled=true, focused=false, checked=false, scrollable=false, selected=false, class=android.widget.TextView, important-for-accessibility=true, error=}, children=[], clickable=false, enabled=true, focused=false, checked=false, selected=false), TreeNode(attributes={text=, accessibilityText=, hintText=, ignoreBoundsFiltering=false, resource-id=, clickable=false, bounds=[53,596][322,680], enabled=true, focused=false, checked=false, scrollable=false, selected=false, class=android.widget.CheckBox, important-for-accessibility=true, error=}, children=[], clickable=false, enabled=true, focused=false, checked=false, selected=false)], clickable=true, enabled=true, focused=false, checked=true, selected=false), bounds=Bounds(x=53, y=575, width=269, height=126))
21:25:10.448 [ INFO] maestro.Maestro.tap-HgV9Ck0: Tap aimed via settled hierarchy
21:25:10.449 [ INFO] maestro.Maestro.hierarchyBasedTap-ogj28Uc: Tapping at (187, 638) using hierarchy based logic for wait
21:25:12.055 [ INFO] maestro.Maestro.hierarchyBasedTap-ogj28Uc: Something has changed in the UI judging by view hierarchy. Proceed.
21:25:12.056 [ INFO] maestro.cli.runner.CliConsoleListener.onCommandFinished: Tap on id: monthly.filter.type COMPLETED
21:25:12.056 [ INFO] maestro.cli.runner.CliConsoleListener.onCommandStart: Tap on "Tous les types" RUNNING
21:25:12.111 [ INFO] maestro.Maestro.tap-HgV9Ck0: Tapping on element:  UiElement(treeNode=TreeNode(attributes={text=Tous les types, accessibilityText=, hintText=, ignoreBoundsFiltering=false, resource-id=, clickable=false, bounds=[95,1818][985,1867], enabled=true, focused=false, checked=false, scrollable=false, selected=false, class=android.widget.TextView, important-for-accessibility=true, error=}, children=[], clickable=false, enabled=true, focused=false, checked=false, selected=false), bounds=Bounds(x=95, y=1818, width=890, height=49))
21:25:13.275 [ INFO] maestro.Maestro.tap-HgV9Ck0: Tap aimed via settled hierarchy
21:25:13.275 [ INFO] maestro.Maestro.hierarchyBasedTap-ogj28Uc: Tapping at (540, 1842) using hierarchy based logic for wait
21:25:14.172 [ INFO] maestro.Maestro.hierarchyBasedTap-ogj28Uc: Something has changed in the UI judging by view hierarchy. Proceed.
21:25:14.172 [ INFO] maestro.cli.runner.CliConsoleListener.onCommandFinished: Tap on "Tous les types" COMPLETED
21:25:14.172 [ INFO] maestro.cli.runner.CliConsoleListener.onCommandStart: Tap on id: monthly.filter.account RUNNING
21:25:14.276 [ INFO] maestro.Maestro.tap-HgV9Ck0: Tapping on element:  UiElement(treeNode=TreeNode(attributes={text=, accessibilityText=, hintText=, ignoreBoundsFiltering=false, resource-id=monthly.filter.account, clickable=true, bounds=[799,575][1056,701], enabled=true, focused=false, checked=false, scrollable=false, selected=false, class=android.view.View, important-for-accessibility=true, error=}, children=[TreeNode(attributes={text=, accessibilityText=, hintText=, ignoreBoundsFiltering=false, resource-id=, clickable=false, bounds=[781,576][907,702], enabled=true, focused=false, checked=false, scrollable=false, selected=false, class=android.view.View, important-for-accessibility=false, error=}, children=[], clickable=false, enabled=true, focused=false, checked=false, selected=false), TreeNode(attributes={text=Compte, accessibilityText=, hintText=, ignoreBoundsFiltering=false, resource-id=, clickable=false, bounds=[888,617][1014,660], enabled=true, focused=false, checked=false, scrollable=false, selected=false, class=android.widget.TextView, important-for-accessibility=true, error=}, children=[], clickable=false, enabled=true, focused=false, checked=false, selected=false), TreeNode(attributes={text=, accessibilityText=, hintText=, ignoreBoundsFiltering=false, resource-id=, clickable=false, bounds=[799,596][1027,680], enabled=true, focused=false, checked=false, scrollable=false, selected=false, class=android.widget.CheckBox, important-for-accessibility=true, error=}, children=[], clickable=false, enabled=true, focused=false, checked=false, selected=false)], clickable=true, enabled=true, focused=false, checked=false, selected=false), bounds=Bounds(x=799, y=575, width=257, height=126))
21:25:15.492 [ INFO] maestro.Maestro.tap-HgV9Ck0: Tap aimed via settled hierarchy
21:25:15.492 [ INFO] maestro.Maestro.hierarchyBasedTap-ogj28Uc: Tapping at (927, 638) using hierarchy based logic for wait
21:25:17.027 [ INFO] maestro.Maestro.hierarchyBasedTap-ogj28Uc: Something has changed in the UI judging by view hierarchy. Proceed.
21:25:17.028 [ INFO] maestro.cli.runner.CliConsoleListener.onCommandFinished: Tap on id: monthly.filter.account COMPLETED
21:25:17.028 [ INFO] maestro.cli.runner.CliConsoleListener.onCommandStart: Assert that id: picker.account.sheet is visible RUNNING
21:25:17.040 [ INFO] maestro.cli.runner.CliConsoleListener.onCommandFinished: Assert that id: picker.account.sheet is visible COMPLETED
21:25:17.040 [ INFO] maestro.cli.runner.CliConsoleListener.onCommandStart: Press back RUNNING
21:25:17.041 [ INFO] maestro.Maestro.backPress: Pressing back
21:25:17.729 [ INFO] maestro.cli.runner.CliConsoleListener.onCommandFinished: Press back COMPLETED
21:25:17.729 [ INFO] maestro.cli.runner.CliConsoleListener.onCommandStart: Assert that id: picker.account.sheet is not visible RUNNING
21:25:18.336 [ INFO] maestro.cli.runner.CliConsoleListener.onCommandFinished: Assert that id: picker.account.sheet is not visible COMPLETED
21:25:18.336 [ INFO] maestro.cli.runner.CliConsoleListener.onCommandStart: Scrolling DOWN until "Salaire" is visible with speed 40, visibility percentage 100%, timeout 20000 ms, with centering disabled RUNNING
21:25:18.401 [ INFO] maestro.orchestra.Orchestra.scrollUntilVisible: Scrolling try count: 0, DeviceWidth: 1080, DeviceWidth: 2400
21:25:18.401 [ INFO] maestro.orchestra.Orchestra.scrollUntilVisible: Element bounds: Bounds(x=238, y=1338, width=127, height=49)
21:25:18.401 [ INFO] maestro.orchestra.Orchestra.scrollUntilVisible: Visibility Percent: 1.0
21:25:18.401 [ INFO] maestro.orchestra.Orchestra.scrollUntilVisible: Command centerElement: ScrollUntilVisibleCommand(selector=ElementSelector(textRegex=Salaire, idRegex=null, size=null, below=null, above=null, leftOf=null, rightOf=null, containsChild=null, containsDescendants=null, traits=null, index=null, enabled=null, optional=false, selected=null, checked=null, focused=null, childOf=null, css=null), direction=DOWN, scrollDuration=601, visibilityPercentage=100, timeout=20000, waitToSettleTimeoutMs=null, centerElement=false, originalSpeedValue=40, label=null, optional=false).centerElement
21:25:18.401 [ INFO] maestro.orchestra.Orchestra.scrollUntilVisible: visibilityPercentageNormalized: 1.0
21:25:18.401 [ INFO] maestro.cli.runner.CliConsoleListener.onCommandFinished: Scrolling DOWN until "Salaire" is visible with speed 40, visibility percentage 100%, timeout 20000 ms, with centering disabled COMPLETED
21:25:18.401 [ INFO] maestro.cli.runner.CliConsoleListener.onCommandStart: Scrolling UP until id: monthly.filter.status is visible with speed 40, visibility percentage 100%, timeout 20000 ms, with centering disabled RUNNING
21:25:18.464 [ INFO] maestro.orchestra.Orchestra.scrollUntilVisible: Scrolling try count: 0, DeviceWidth: 1080, DeviceWidth: 2400
21:25:18.464 [ INFO] maestro.orchestra.Orchestra.scrollUntilVisible: Element bounds: Bounds(x=437, y=575, width=341, height=126)
21:25:18.464 [ INFO] maestro.orchestra.Orchestra.scrollUntilVisible: Visibility Percent: 1.0
21:25:18.464 [ INFO] maestro.orchestra.Orchestra.scrollUntilVisible: Command centerElement: ScrollUntilVisibleCommand(selector=ElementSelector(textRegex=null, idRegex=monthly.filter.status, size=null, below=null, above=null, leftOf=null, rightOf=null, containsChild=null, containsDescendants=null, traits=null, index=null, enabled=null, optional=false, selected=null, checked=null, focused=null, childOf=null, css=null), direction=UP, scrollDuration=601, visibilityPercentage=100, timeout=20000, waitToSettleTimeoutMs=null, centerElement=false, originalSpeedValue=40, label=null, optional=false).centerElement
21:25:18.464 [ INFO] maestro.orchestra.Orchestra.scrollUntilVisible: visibilityPercentageNormalized: 1.0
21:25:18.464 [ INFO] maestro.cli.runner.CliConsoleListener.onCommandFinished: Scrolling UP until id: monthly.filter.status is visible with speed 40, visibility percentage 100%, timeout 20000 ms, with centering disabled COMPLETED
21:25:18.464 [ INFO] maestro.cli.runner.CliConsoleListener.onCommandStart: Swiping in LEFT direction on id: monthly.filter.status RUNNING
21:25:18.561 [ INFO] maestro.Maestro.swipe: Swiping LEFT from point: Point(x=607, y=638)
21:25:19.284 [ INFO] maestro.cli.runner.CliConsoleListener.onCommandFinished: Swiping in LEFT direction on id: monthly.filter.status COMPLETED
21:25:19.284 [ INFO] maestro.cli.runner.CliConsoleListener.onCommandStart: Tap on id: monthly.filter.category RUNNING
21:25:19.389 [ INFO] maestro.Maestro.tap-HgV9Ck0: Tapping on element:  UiElement(treeNode=TreeNode(attributes={text=, accessibilityText=, hintText=, ignoreBoundsFiltering=false, resource-id=monthly.filter.category, clickable=true, bounds=[741,575][1027,701], enabled=true, focused=false, checked=false, scrollable=false, selected=false, class=android.view.View, important-for-accessibility=true, error=}, children=[TreeNode(attributes={text=, accessibilityText=, hintText=, ignoreBoundsFiltering=false, resource-id=, clickable=false, bounds=[723,576][849,702], enabled=true, focused=false, checked=false, scrollable=false, selected=false, class=android.view.View, important-for-accessibility=false, error=}, children=[], clickable=false, enabled=true, focused=false, checked=false, selected=false), TreeNode(attributes={text=Catégorie, accessibilityText=, hintText=, ignoreBoundsFiltering=false, resource-id=, clickable=false, bounds=[830,617][985,660], enabled=true, focused=false, checked=false, scrollable=false, selected=false, class=android.widget.TextView, important-for-accessibility=true, error=}, children=[], clickable=false, enabled=true, focused=false, checked=false, selected=false), TreeNode(attributes={text=, accessibilityText=, hintText=, ignoreBoundsFiltering=false, resource-id=, clickable=false, bounds=[741,596][1027,680], enabled=true, focused=false, checked=false, scrollable=false, selected=false, class=android.widget.CheckBox, important-for-accessibility=true, error=}, children=[], clickable=false, enabled=true, focused=false, checked=false, selected=false)], clickable=true, enabled=true, focused=false, checked=false, selected=false), bounds=Bounds(x=741, y=575, width=286, height=126))
21:25:20.600 [ INFO] maestro.Maestro.tap-HgV9Ck0: Tap aimed via settled hierarchy
21:25:20.600 [ INFO] maestro.Maestro.hierarchyBasedTap-ogj28Uc: Tapping at (884, 638) using hierarchy based logic for wait
21:25:22.244 [ INFO] maestro.Maestro.hierarchyBasedTap-ogj28Uc: Something has changed in the UI judging by view hierarchy. Proceed.
21:25:22.244 [ INFO] maestro.cli.runner.CliConsoleListener.onCommandFinished: Tap on id: monthly.filter.category COMPLETED
21:25:22.244 [ INFO] maestro.cli.runner.CliConsoleListener.onCommandStart: Assert that id: picker.category.sheet is visible RUNNING
21:25:22.265 [ INFO] maestro.cli.runner.CliConsoleListener.onCommandFinished: Assert that id: picker.category.sheet is visible COMPLETED
21:25:22.265 [ INFO] maestro.cli.runner.CliConsoleListener.onCommandStart: Press back RUNNING
21:25:22.265 [ INFO] maestro.Maestro.backPress: Pressing back
21:25:22.966 [ INFO] maestro.cli.runner.CliConsoleListener.onCommandFinished: Press back COMPLETED
21:25:22.966 [ INFO] maestro.cli.runner.CliConsoleListener.onCommandStart: Assert that id: picker.category.sheet is not visible RUNNING
21:25:23.604 [ INFO] maestro.cli.runner.CliConsoleListener.onCommandFinished: Assert that id: picker.category.sheet is not visible COMPLETED
21:25:23.604 [ INFO] maestro.cli.runner.CliConsoleListener.onCommandStart: Run console.log("TC-100-1 : CA-08 vérifié — compte et catégorie ouvrent toujours leur feuille")
 RUNNING
21:25:23.604 [ INFO] maestro.cli.runner.CliConsoleListener.onCommandFinished: Run console.log("TC-100-1 : CA-08 vérifié — compte et catégorie ouvrent toujours leur feuille")
 COMPLETED
