20:56:04.019 [ INFO] maestro.cli.runner.CliConsoleListener.onCommandStart: Define variables RUNNING
20:56:04.025 [ INFO] maestro.cli.runner.CliConsoleListener.onCommandFinished: Define variables COMPLETED
20:56:04.027 [ INFO] maestro.cli.runner.CliConsoleListener.onCommandStart: Apply configuration RUNNING
20:56:04.028 [ INFO] maestro.cli.runner.CliConsoleListener.onCommandFinished: Apply configuration COMPLETED
20:56:04.028 [ INFO] maestro.cli.runner.CliConsoleListener.onCommandStart: Launch app "com.lop.budget" with clear state RUNNING
20:56:04.032 [ INFO] maestro.Maestro.clearAppState$lambda$8: Clearing app state com.lop.budget
20:56:05.882 [ INFO] maestro.Maestro.launchApp$lambda$5: Launching app com.lop.budget
20:56:05.882 [ INFO] maestro.Maestro.launchApp$lambda$5: Stopping com.lop.budget app during launch
20:56:06.350 [ INFO] maestro.cli.runner.CliConsoleListener.onCommandFinished: Launch app "com.lop.budget" with clear state COMPLETED
20:56:06.352 [ INFO] maestro.cli.runner.CliConsoleListener.onCommandStart: Assert that id: screen.home is visible RUNNING
20:56:13.803 [ INFO] maestro.cli.runner.CliConsoleListener.onCommandFinished: Assert that id: screen.home is visible COMPLETED
20:56:13.804 [ INFO] maestro.cli.runner.CliConsoleListener.onCommandStart: Tap on id: nav.settings.button RUNNING
20:56:14.563 [ INFO] maestro.Maestro.tap-HgV9Ck0: Tapping on element:  UiElement(treeNode=TreeNode(attributes={text=, accessibilityText=, hintText=, ignoreBoundsFiltering=false, resource-id=nav.settings.button, clickable=true, bounds=[912,181][1038,307], enabled=true, focused=false, checked=false, scrollable=false, selected=false, class=android.view.View, important-for-accessibility=true, error=}, children=[TreeNode(attributes={text=, accessibilityText=Réglages, hintText=, ignoreBoundsFiltering=false, resource-id=, clickable=false, bounds=[948,217][1001,270], enabled=true, focused=false, checked=false, scrollable=false, selected=false, class=android.view.View, important-for-accessibility=true, error=}, children=[], clickable=false, enabled=true, focused=false, checked=false, selected=false)], clickable=true, enabled=true, focused=false, checked=false, selected=false), bounds=Bounds(x=912, y=181, width=126, height=126))
20:56:17.076 [ INFO] maestro.Maestro.tap-HgV9Ck0: Tap aimed via settled hierarchy
20:56:17.082 [ INFO] maestro.Maestro.hierarchyBasedTap-ogj28Uc: Tapping at (975, 244) using hierarchy based logic for wait
20:56:21.364 [ INFO] maestro.Maestro.hierarchyBasedTap-ogj28Uc: Something has changed in the UI judging by view hierarchy. Proceed.
20:56:21.365 [ INFO] maestro.cli.runner.CliConsoleListener.onCommandFinished: Tap on id: nav.settings.button COMPLETED
20:56:21.365 [ INFO] maestro.cli.runner.CliConsoleListener.onCommandStart: Tap on id: settings.switch.notif_detection RUNNING
20:56:21.776 [ INFO] maestro.Maestro.tap-HgV9Ck0: Tapping on element:  UiElement(treeNode=TreeNode(attributes={text=, accessibilityText=, hintText=, ignoreBoundsFiltering=false, resource-id=settings.switch.notif_detection, clickable=true, bounds=[843,1582][980,1708], enabled=true, focused=false, checked=false, scrollable=false, selected=false, class=android.view.View, important-for-accessibility=true, error=}, children=[TreeNode(attributes={text=, accessibilityText=, hintText=, ignoreBoundsFiltering=false, resource-id=, clickable=false, bounds=[822,1582][948,1708], enabled=true, focused=false, checked=false, scrollable=false, selected=false, class=android.view.View, important-for-accessibility=false, error=}, children=[], clickable=false, enabled=true, focused=false, checked=false, selected=false), TreeNode(attributes={text=, accessibilityText=, hintText=, ignoreBoundsFiltering=false, resource-id=, clickable=false, bounds=[843,1603][980,1687], enabled=true, focused=false, checked=false, scrollable=false, selected=false, class=android.view.View, important-for-accessibility=true, error=}, children=[], clickable=false, enabled=true, focused=false, checked=false, selected=false)], clickable=true, enabled=true, focused=false, checked=false, selected=false), bounds=Bounds(x=843, y=1582, width=137, height=126))
20:56:23.205 [ INFO] maestro.Maestro.tap-HgV9Ck0: Tap aimed via settled hierarchy
20:56:23.206 [ INFO] maestro.Maestro.hierarchyBasedTap-ogj28Uc: Tapping at (911, 1645) using hierarchy based logic for wait
20:56:24.986 [ INFO] maestro.Maestro.hierarchyBasedTap-ogj28Uc: Something has changed in the UI judging by view hierarchy. Proceed.
20:56:24.986 [ INFO] maestro.cli.runner.CliConsoleListener.onCommandFinished: Tap on id: settings.switch.notif_detection COMPLETED
20:56:24.986 [ INFO] maestro.cli.runner.CliConsoleListener.onCommandStart: Press back RUNNING
20:56:24.989 [ INFO] maestro.Maestro.backPress: Pressing back
20:56:27.484 [ INFO] maestro.cli.runner.CliConsoleListener.onCommandFinished: Press back COMPLETED
20:56:27.485 [ INFO] maestro.cli.runner.CliConsoleListener.onCommandStart: Assert that id: screen.home is visible RUNNING
20:56:27.825 [ INFO] maestro.cli.runner.CliConsoleListener.onCommandFinished: Assert that id: screen.home is visible COMPLETED
20:56:27.826 [ INFO] maestro.cli.runner.CliConsoleListener.onCommandStart: Run ../../scripts/post_notification.js RUNNING
20:56:29.966 [ INFO] maestro.cli.runner.CliConsoleListener.onCommandFinished: Run ../../scripts/post_notification.js COMPLETED
20:56:29.967 [ INFO] maestro.cli.runner.CliConsoleListener.onCommandStart: Tap on id: nav.detected.button RUNNING
20:56:30.591 [ INFO] maestro.Maestro.tap-HgV9Ck0: Tapping on element:  UiElement(treeNode=TreeNode(attributes={text=, accessibilityText=, hintText=, ignoreBoundsFiltering=false, resource-id=nav.detected.button, clickable=true, bounds=[786,181][912,307], enabled=true, focused=false, checked=false, scrollable=false, selected=false, class=android.view.View, important-for-accessibility=true, error=}, children=[], clickable=true, enabled=true, focused=false, checked=false, selected=false), bounds=Bounds(x=786, y=181, width=126, height=126))
20:56:33.981 [ INFO] maestro.Maestro.tap-HgV9Ck0: Tap aimed via settled hierarchy
20:56:33.982 [ INFO] maestro.Maestro.hierarchyBasedTap-ogj28Uc: Tapping at (849, 244) using hierarchy based logic for wait
20:56:35.341 [ INFO] maestro.Maestro.hierarchyBasedTap-ogj28Uc: Something has changed in the UI judging by view hierarchy. Proceed.
20:56:35.342 [ INFO] maestro.cli.runner.CliConsoleListener.onCommandFinished: Tap on id: nav.detected.button COMPLETED
20:56:35.342 [ INFO] maestro.cli.runner.CliConsoleListener.onCommandStart: Assert that id: screen.detected is visible RUNNING
20:56:35.545 [ INFO] maestro.cli.runner.CliConsoleListener.onCommandFinished: Assert that id: screen.detected is visible COMPLETED
20:56:35.546 [ INFO] maestro.cli.runner.CliConsoleListener.onCommandStart: Assert that "MG ORGANISATION" is visible RUNNING
20:56:35.738 [ INFO] maestro.cli.runner.CliConsoleListener.onCommandFinished: Assert that "MG ORGANISATION" is visible COMPLETED
