14:02:34.588 [ INFO] maestro.cli.runner.CliConsoleListener.onCommandStart: Define variables RUNNING
14:02:34.588 [ INFO] maestro.cli.runner.CliConsoleListener.onCommandFinished: Define variables COMPLETED
14:02:34.588 [ INFO] maestro.cli.runner.CliConsoleListener.onCommandStart: Apply configuration RUNNING
14:02:34.589 [ INFO] maestro.cli.runner.CliConsoleListener.onCommandFinished: Apply configuration COMPLETED
14:02:34.589 [ INFO] maestro.cli.runner.CliConsoleListener.onCommandStart: Run ../../.maestro/subflows/bootstrap_monthly.yaml RUNNING
14:02:34.589 [ INFO] maestro.cli.runner.CliConsoleListener.onCommandStart: Apply configuration RUNNING
14:02:34.589 [ INFO] maestro.cli.runner.CliConsoleListener.onCommandFinished: Apply configuration COMPLETED
14:02:34.589 [ INFO] maestro.cli.runner.CliConsoleListener.onCommandStart: Run ../../scripts/dates.js RUNNING
14:02:34.614 [ INFO] maestro.orchestra.Orchestra.executeCommands$lambda$23$lambda$21: JsConsole: Maestro Dates Initialized: Prev=juillet / Juil. / 07 (2026)
14:02:34.614 [ INFO] maestro.orchestra.Orchestra.executeCommands$lambda$23$lambda$21: JsConsole: Maestro Dates Initialized: Curr=août / Août / 08 (2026)
14:02:34.615 [ INFO] maestro.orchestra.Orchestra.executeCommands$lambda$23$lambda$21: JsConsole: Maestro Dates Initialized: Next=septembre / Sept. / 09 (2026)
14:02:34.615 [ INFO] maestro.cli.runner.CliConsoleListener.onCommandFinished: Run ../../scripts/dates.js COMPLETED
14:02:34.616 [ INFO] maestro.cli.runner.CliConsoleListener.onCommandStart: Launch app "com.lop.budget" with clear state RUNNING
14:02:34.616 [ INFO] maestro.Maestro.clearAppState$lambda$8: Clearing app state com.lop.budget
14:02:36.561 [ INFO] maestro.Maestro.launchApp$lambda$5: Launching app com.lop.budget
14:02:36.561 [ INFO] maestro.Maestro.launchApp$lambda$5: Stopping com.lop.budget app during launch
14:02:36.617 [ INFO] maestro.cli.runner.CliConsoleListener.onCommandFinished: Launch app "com.lop.budget" with clear state COMPLETED
14:02:36.617 [ INFO] maestro.cli.runner.CliConsoleListener.onCommandStart: Run open_monthly_history.yaml RUNNING
14:02:36.618 [ INFO] maestro.cli.runner.CliConsoleListener.onCommandStart: Apply configuration RUNNING
14:02:36.618 [ INFO] maestro.cli.runner.CliConsoleListener.onCommandFinished: Apply configuration COMPLETED
14:02:36.618 [ INFO] maestro.cli.runner.CliConsoleListener.onCommandStart: Run flow when id: screen.monthly is not visible RUNNING
14:02:37.205 [ INFO] maestro.cli.runner.CliConsoleListener.onCommandStart: Scrolling DOWN until id: recent_transactions_see_all is visible with speed 40, visibility percentage 100%, timeout 20000 ms, with centering enabled RUNNING
14:02:37.823 [ WARN] maestro.orchestra.Orchestra.scrollUntilVisible: Error: maestro.MaestroException$ElementNotFound: Element not found: Id matching regex: recent_transactions_see_all
14:02:37.828 [ INFO] maestro.Maestro.swipeFromCenter: Swiping UP from center
14:02:41.754 [ INFO] maestro.orchestra.Orchestra.scrollUntilVisible: Scrolling try count: 0, DeviceWidth: 1080, DeviceWidth: 2400
14:02:41.754 [ INFO] maestro.orchestra.Orchestra.scrollUntilVisible: Element bounds: Bounds(x=763, y=2033, width=243, height=126)
14:02:41.754 [ INFO] maestro.orchestra.Orchestra.scrollUntilVisible: Visibility Percent: 1.0
14:02:41.754 [ INFO] maestro.orchestra.Orchestra.scrollUntilVisible: Command centerElement: ScrollUntilVisibleCommand(selector=ElementSelector(textRegex=null, idRegex=recent_transactions_see_all, size=null, below=null, above=null, leftOf=null, rightOf=null, containsChild=null, containsDescendants=null, traits=null, index=null, enabled=null, optional=false, selected=null, checked=null, focused=null, childOf=null, css=null), direction=DOWN, scrollDuration=601, visibilityPercentage=100, timeout=20000, waitToSettleTimeoutMs=null, centerElement=true, originalSpeedValue=40, label=null, optional=false).centerElement
14:02:41.754 [ INFO] maestro.orchestra.Orchestra.scrollUntilVisible: visibilityPercentageNormalized: 1.0
14:02:41.759 [ INFO] maestro.Maestro.swipeFromCenter: Swiping UP from center
14:02:42.829 [ INFO] maestro.orchestra.Orchestra.scrollUntilVisible: Scrolling try count: 1, DeviceWidth: 1080, DeviceWidth: 2400
14:02:42.830 [ INFO] maestro.orchestra.Orchestra.scrollUntilVisible: Element bounds: Bounds(x=763, y=1583, width=243, height=126)
14:02:42.830 [ INFO] maestro.orchestra.Orchestra.scrollUntilVisible: Visibility Percent: 1.0
14:02:42.830 [ INFO] maestro.orchestra.Orchestra.scrollUntilVisible: Command centerElement: ScrollUntilVisibleCommand(selector=ElementSelector(textRegex=null, idRegex=recent_transactions_see_all, size=null, below=null, above=null, leftOf=null, rightOf=null, containsChild=null, containsDescendants=null, traits=null, index=null, enabled=null, optional=false, selected=null, checked=null, focused=null, childOf=null, css=null), direction=DOWN, scrollDuration=601, visibilityPercentage=100, timeout=20000, waitToSettleTimeoutMs=null, centerElement=true, originalSpeedValue=40, label=null, optional=false).centerElement
14:02:42.830 [ INFO] maestro.orchestra.Orchestra.scrollUntilVisible: visibilityPercentageNormalized: 1.0
14:02:42.830 [ INFO] maestro.cli.runner.CliConsoleListener.onCommandFinished: Scrolling DOWN until id: recent_transactions_see_all is visible with speed 40, visibility percentage 100%, timeout 20000 ms, with centering enabled COMPLETED
14:02:42.831 [ INFO] maestro.cli.runner.CliConsoleListener.onCommandStart: Tap on id: recent_transactions_see_all RUNNING
14:02:42.930 [ INFO] maestro.Maestro.tap-HgV9Ck0: Tapping on element:  UiElement(treeNode=TreeNode(attributes={text=, accessibilityText=, hintText=, ignoreBoundsFiltering=false, resource-id=recent_transactions_see_all, clickable=true, bounds=[763,1583][1006,1709], enabled=true, focused=false, checked=false, scrollable=false, selected=false, class=android.view.View, important-for-accessibility=true, error=}, children=[TreeNode(attributes={text=Voir tout, accessibilityText=, hintText=, ignoreBoundsFiltering=false, resource-id=, clickable=false, bounds=[795,1619][932,1672], enabled=true, focused=false, checked=false, scrollable=false, selected=false, class=android.widget.TextView, important-for-accessibility=true, error=}, children=[], clickable=false, enabled=true, focused=false, checked=false, selected=false), TreeNode(attributes={text=, accessibilityText=, hintText=, ignoreBoundsFiltering=false, resource-id=, clickable=false, bounds=[763,1593][1006,1698], enabled=true, focused=false, checked=false, scrollable=false, selected=false, class=android.widget.Button, important-for-accessibility=true, error=}, children=[], clickable=false, enabled=true, focused=false, checked=false, selected=false)], clickable=true, enabled=true, focused=false, checked=false, selected=false), bounds=Bounds(x=763, y=1583, width=243, height=126))
14:02:44.154 [ INFO] maestro.Maestro.tap-HgV9Ck0: Tap aimed via settled hierarchy
14:02:44.155 [ INFO] maestro.Maestro.hierarchyBasedTap-ogj28Uc: Tapping at (884, 1646) using hierarchy based logic for wait
14:02:45.399 [ INFO] maestro.Maestro.hierarchyBasedTap-ogj28Uc: Something has changed in the UI judging by view hierarchy. Proceed.
14:02:45.400 [ INFO] maestro.cli.runner.CliConsoleListener.onCommandFinished: Tap on id: recent_transactions_see_all COMPLETED
14:02:45.400 [ INFO] maestro.cli.runner.CliConsoleListener.onCommandStart: Assert that id: screen.monthly is visible RUNNING
14:02:45.521 [ INFO] maestro.cli.runner.CliConsoleListener.onCommandFinished: Assert that id: screen.monthly is visible COMPLETED
14:02:45.521 [ INFO] maestro.cli.runner.CliConsoleListener.onCommandFinished: Run flow when id: screen.monthly is not visible COMPLETED
14:02:45.522 [ INFO] maestro.cli.runner.CliConsoleListener.onCommandStart: Wait for animation to end within 5000 ms RUNNING
14:02:45.522 [ INFO] maestro.Maestro.waitForAnimationToEnd$lambda$53: Waiting for animation to end with timeout 5000
14:02:45.522 [TRACE] maestro.utils.ScreenshotUtils.takeScreenshot: Taking screenshot to byte array
14:02:45.523 [TRACE] maestro.utils.ScreenshotUtils.takeScreenshot: Taking screenshot to output sink
14:02:45.734 [TRACE] maestro.utils.ScreenshotUtils.takeScreenshot: Taking screenshot to byte array
14:02:45.735 [TRACE] maestro.utils.ScreenshotUtils.takeScreenshot: Taking screenshot to output sink
14:02:46.133 [ INFO] maestro.cli.runner.CliConsoleListener.onCommandFinished: Wait for animation to end within 5000 ms COMPLETED
14:02:46.133 [ INFO] maestro.cli.runner.CliConsoleListener.onCommandFinished: Run open_monthly_history.yaml COMPLETED
14:02:46.133 [ INFO] maestro.cli.runner.CliConsoleListener.onCommandFinished: Run ../../.maestro/subflows/bootstrap_monthly.yaml COMPLETED
14:02:46.133 [ INFO] maestro.cli.runner.CliConsoleListener.onCommandStart: Run console.log("FUTURE : prefill occurrence, récurrence visible, effet M et M+1, M-1 intact, zéro doublon")
 RUNNING
14:02:46.133 [ INFO] maestro.cli.runner.CliConsoleListener.onCommandFinished: Run console.log("FUTURE : prefill occurrence, récurrence visible, effet M et M+1, M-1 intact, zéro doublon")
 COMPLETED
14:02:46.134 [ INFO] maestro.cli.runner.CliConsoleListener.onCommandStart: Run ../../.maestro/subflows/navigate_to_edit.yaml RUNNING
14:02:46.134 [ INFO] maestro.cli.runner.CliConsoleListener.onCommandStart: Define variables RUNNING
14:02:46.134 [ INFO] maestro.cli.runner.CliConsoleListener.onCommandFinished: Define variables COMPLETED
14:02:46.134 [ INFO] maestro.cli.runner.CliConsoleListener.onCommandStart: Apply configuration RUNNING
14:02:46.134 [ INFO] maestro.cli.runner.CliConsoleListener.onCommandFinished: Apply configuration COMPLETED
14:02:46.135 [ INFO] maestro.cli.runner.CliConsoleListener.onCommandStart: Tap on "${transactionName}" RUNNING
14:02:46.185 [ INFO] maestro.Maestro.tap-HgV9Ck0: Tapping on element:  UiElement(treeNode=TreeNode(attributes={text=Loyer, accessibilityText=, hintText=, ignoreBoundsFiltering=false, resource-id=transaction.item.title, clickable=false, bounds=[238,1529][341,1578], enabled=true, focused=false, checked=false, scrollable=false, selected=false, class=android.widget.TextView, important-for-accessibility=true, error=}, children=[], clickable=false, enabled=true, focused=false, checked=false, selected=false), bounds=Bounds(x=238, y=1529, width=103, height=49))
14:02:47.379 [ INFO] maestro.Maestro.tap-HgV9Ck0: Tap aimed via settled hierarchy
14:02:47.380 [ INFO] maestro.Maestro.hierarchyBasedTap-ogj28Uc: Tapping at (289, 1553) using hierarchy based logic for wait
14:02:47.838 [ INFO] maestro.Maestro.hierarchyBasedTap-ogj28Uc: Something has changed in the UI judging by view hierarchy. Proceed.
14:02:47.839 [ INFO] maestro.cli.runner.CliConsoleListener.onCommandFinished: Tap on "${transactionName}" COMPLETED
14:02:47.839 [ INFO] maestro.cli.runner.CliConsoleListener.onCommandStart: Assert that id: screen.transaction.detail is visible RUNNING
14:02:48.010 [ INFO] maestro.cli.runner.CliConsoleListener.onCommandFinished: Assert that id: screen.transaction.detail is visible COMPLETED
14:02:48.010 [ INFO] maestro.cli.runner.CliConsoleListener.onCommandStart: Tap on id: transaction.detail.edit RUNNING
14:02:48.104 [ INFO] maestro.Maestro.tap-HgV9Ck0: Tapping on element:  UiElement(treeNode=TreeNode(attributes={text=, accessibilityText=, hintText=, ignoreBoundsFiltering=false, resource-id=transaction.detail.edit, clickable=true, bounds=[775,339][901,465], enabled=true, focused=false, checked=false, scrollable=false, selected=false, class=android.view.View, important-for-accessibility=true, error=}, children=[TreeNode(attributes={text=, accessibilityText=Modifier, hintText=, ignoreBoundsFiltering=false, resource-id=, clickable=false, bounds=[806,370][869,433], enabled=true, focused=false, checked=false, scrollable=false, selected=false, class=android.view.View, important-for-accessibility=true, error=}, children=[], clickable=false, enabled=true, focused=false, checked=false, selected=false)], clickable=true, enabled=true, focused=false, checked=false, selected=false), bounds=Bounds(x=775, y=339, width=126, height=126))
14:02:49.256 [ INFO] maestro.Maestro.tap-HgV9Ck0: Tap aimed via settled hierarchy
14:02:49.257 [ INFO] maestro.Maestro.hierarchyBasedTap-ogj28Uc: Tapping at (838, 402) using hierarchy based logic for wait
14:02:50.742 [ INFO] maestro.Maestro.hierarchyBasedTap-ogj28Uc: Something has changed in the UI judging by view hierarchy. Proceed.
14:02:50.743 [ INFO] maestro.cli.runner.CliConsoleListener.onCommandFinished: Tap on id: transaction.detail.edit COMPLETED
14:02:50.743 [ INFO] maestro.cli.runner.CliConsoleListener.onCommandStart: Assert that "Modifier la transaction ?" is visible RUNNING
14:02:50.807 [ INFO] maestro.cli.runner.CliConsoleListener.onCommandFinished: Assert that "Modifier la transaction ?" is visible COMPLETED
14:02:50.808 [ INFO] maestro.cli.runner.CliConsoleListener.onCommandStart: Tap on "${scopeSelection}" RUNNING
14:02:50.843 [ INFO] maestro.Maestro.tap-HgV9Ck0: Tapping on element:  UiElement(treeNode=TreeNode(attributes={text=Cette occurrence et les suivantes, accessibilityText=, hintText=, ignoreBoundsFiltering=false, resource-id=, clickable=false, bounds=[180,1640][808,1689], enabled=true, focused=false, checked=false, scrollable=false, selected=false, class=android.widget.TextView, important-for-accessibility=true, error=}, children=[], clickable=false, enabled=true, focused=false, checked=false, selected=false), bounds=Bounds(x=180, y=1640, width=628, height=49))
14:02:52.151 [ INFO] maestro.Maestro.tap-HgV9Ck0: Tap aimed via settled hierarchy
14:02:52.153 [ INFO] maestro.Maestro.hierarchyBasedTap-ogj28Uc: Tapping at (494, 1664) using hierarchy based logic for wait
14:02:54.205 [ INFO] maestro.Maestro.hierarchyBasedTap-ogj28Uc: Something has changed in the UI judging by view hierarchy. Proceed.
14:02:54.205 [ INFO] maestro.cli.runner.CliConsoleListener.onCommandFinished: Tap on "${scopeSelection}" COMPLETED
14:02:54.205 [ INFO] maestro.cli.runner.CliConsoleListener.onCommandStart: Assert that id: common.btn.save is visible RUNNING
14:02:54.449 [ INFO] maestro.cli.runner.CliConsoleListener.onCommandFinished: Assert that id: common.btn.save is visible COMPLETED
14:02:54.449 [ INFO] maestro.cli.runner.CliConsoleListener.onCommandFinished: Run ../../.maestro/subflows/navigate_to_edit.yaml COMPLETED
14:02:54.450 [ INFO] maestro.cli.runner.CliConsoleListener.onCommandStart: Run ../../.maestro/subflows/assert_edit_form_prefilled.yaml RUNNING
14:02:54.450 [ INFO] maestro.cli.runner.CliConsoleListener.onCommandStart: Define variables RUNNING
14:02:54.452 [ INFO] maestro.cli.runner.CliConsoleListener.onCommandFinished: Define variables COMPLETED
14:02:54.453 [ INFO] maestro.cli.runner.CliConsoleListener.onCommandStart: Apply configuration RUNNING
14:02:54.453 [ INFO] maestro.cli.runner.CliConsoleListener.onCommandFinished: Apply configuration COMPLETED
14:02:54.453 [ INFO] maestro.cli.runner.CliConsoleListener.onCommandStart: Assert that "${title}", id: transaction.edit.field.title is visible RUNNING
14:02:54.601 [ INFO] maestro.cli.runner.CliConsoleListener.onCommandFinished: Assert that "${title}", id: transaction.edit.field.title is visible COMPLETED
14:02:54.602 [ INFO] maestro.cli.runner.CliConsoleListener.onCommandStart: Assert that "${amount}", id: transaction.edit.field.amount is visible RUNNING
14:02:54.708 [ INFO] maestro.cli.runner.CliConsoleListener.onCommandFinished: Assert that "${amount}", id: transaction.edit.field.amount is visible COMPLETED
14:02:54.709 [ INFO] maestro.cli.runner.CliConsoleListener.onCommandStart: Assert that "${type || "Dépense ✅"}" is visible RUNNING
14:02:54.809 [ INFO] maestro.cli.runner.CliConsoleListener.onCommandFinished: Assert that "${type || "Dépense ✅"}" is visible COMPLETED
14:02:54.809 [ INFO] maestro.cli.runner.CliConsoleListener.onCommandStart: Assert that "${category}" is visible RUNNING
14:02:54.905 [ INFO] maestro.cli.runner.CliConsoleListener.onCommandFinished: Assert that "${category}" is visible COMPLETED
14:02:54.905 [ INFO] maestro.cli.runner.CliConsoleListener.onCommandStart: Assert that "${account}" is visible RUNNING
14:02:55.024 [ INFO] maestro.cli.runner.CliConsoleListener.onCommandFinished: Assert that "${account}" is visible COMPLETED
14:02:55.025 [ INFO] maestro.cli.runner.CliConsoleListener.onCommandFinished: Run ../../.maestro/subflows/assert_edit_form_prefilled.yaml COMPLETED
14:02:55.025 [ INFO] maestro.cli.runner.CliConsoleListener.onCommandStart: Scrolling DOWN until id: transaction.edit.block.recurrence is visible with speed 40, visibility percentage 100%, timeout 20000 ms, with centering disabled RUNNING
14:02:55.741 [ WARN] maestro.orchestra.Orchestra.scrollUntilVisible: Error: maestro.MaestroException$ElementNotFound: Element not found: Id matching regex: transaction.edit.block.recurrence
14:02:55.750 [ INFO] maestro.Maestro.swipeFromCenter: Swiping UP from center
14:02:57.367 [ WARN] maestro.orchestra.Orchestra.scrollUntilVisible: Error: maestro.MaestroException$ElementNotFound: Element not found: Id matching regex: transaction.edit.block.recurrence
14:02:57.409 [ INFO] maestro.Maestro.swipeFromCenter: Swiping UP from center
14:02:58.376 [ INFO] maestro.orchestra.Orchestra.scrollUntilVisible: Scrolling try count: 0, DeviceWidth: 1080, DeviceWidth: 2400
14:02:58.376 [ INFO] maestro.orchestra.Orchestra.scrollUntilVisible: Element bounds: Bounds(x=53, y=1829, width=974, height=318)
14:02:58.376 [ INFO] maestro.orchestra.Orchestra.scrollUntilVisible: Visibility Percent: 1.0
14:02:58.376 [ INFO] maestro.orchestra.Orchestra.scrollUntilVisible: Command centerElement: ScrollUntilVisibleCommand(selector=ElementSelector(textRegex=null, idRegex=transaction.edit.block.recurrence, size=null, below=null, above=null, leftOf=null, rightOf=null, containsChild=null, containsDescendants=null, traits=null, index=null, enabled=null, optional=false, selected=null, checked=null, focused=null, childOf=null, css=null), direction=DOWN, scrollDuration=601, visibilityPercentage=100, timeout=20000, waitToSettleTimeoutMs=null, centerElement=false, originalSpeedValue=40, label=null, optional=false).centerElement
14:02:58.376 [ INFO] maestro.orchestra.Orchestra.scrollUntilVisible: visibilityPercentageNormalized: 1.0
14:02:58.377 [ INFO] maestro.cli.runner.CliConsoleListener.onCommandFinished: Scrolling DOWN until id: transaction.edit.block.recurrence is visible with speed 40, visibility percentage 100%, timeout 20000 ms, with centering disabled COMPLETED
14:02:58.377 [ INFO] maestro.cli.runner.CliConsoleListener.onCommandStart: Assert that "Tous les mois" is visible RUNNING
14:02:58.488 [ INFO] maestro.cli.runner.CliConsoleListener.onCommandFinished: Assert that "Tous les mois" is visible COMPLETED
14:02:58.488 [ INFO] maestro.cli.runner.CliConsoleListener.onCommandStart: Tap on id: transaction.edit.btn.advanced RUNNING
14:02:58.591 [ INFO] maestro.Maestro.tap-HgV9Ck0: Tapping on element:  UiElement(treeNode=TreeNode(attributes={text=, accessibilityText=, hintText=, ignoreBoundsFiltering=false, resource-id=transaction.edit.btn.advanced, clickable=true, bounds=[567,1877][980,2003], enabled=true, focused=false, checked=false, scrollable=false, selected=false, class=android.view.View, important-for-accessibility=true, error=}, children=[TreeNode(attributes={text=Options avancées, accessibilityText=, hintText=, ignoreBoundsFiltering=false, resource-id=, clickable=false, bounds=[599,1913][885,1966], enabled=true, focused=false, checked=false, scrollable=false, selected=false, class=android.widget.TextView, important-for-accessibility=true, error=}, children=[], clickable=false, enabled=true, focused=false, checked=false, selected=false), TreeNode(attributes={text=, accessibilityText=, hintText=, ignoreBoundsFiltering=false, resource-id=, clickable=false, bounds=[567,1887][980,1992], enabled=true, focused=false, checked=false, scrollable=false, selected=false, class=android.widget.Button, important-for-accessibility=true, error=}, children=[], clickable=false, enabled=true, focused=false, checked=false, selected=false)], clickable=true, enabled=true, focused=false, checked=false, selected=false), bounds=Bounds(x=567, y=1877, width=413, height=126))
14:02:59.815 [ INFO] maestro.Maestro.tap-HgV9Ck0: Tap aimed via settled hierarchy
14:02:59.816 [ INFO] maestro.Maestro.hierarchyBasedTap-ogj28Uc: Tapping at (773, 1940) using hierarchy based logic for wait
14:03:00.875 [ INFO] maestro.Maestro.hierarchyBasedTap-ogj28Uc: Something has changed in the UI judging by view hierarchy. Proceed.
14:03:00.876 [ INFO] maestro.cli.runner.CliConsoleListener.onCommandFinished: Tap on id: transaction.edit.btn.advanced COMPLETED
14:03:00.876 [ INFO] maestro.cli.runner.CliConsoleListener.onCommandStart: Scrolling DOWN until "occurrences" is visible with speed 40, visibility percentage 100%, timeout 20000 ms, with centering disabled RUNNING
14:03:01.555 [ WARN] maestro.orchestra.Orchestra.scrollUntilVisible: Error: maestro.MaestroException$ElementNotFound: Element not found: Text matching regex: occurrences
14:03:01.597 [ INFO] maestro.Maestro.swipeFromCenter: Swiping UP from center
14:03:02.640 [ INFO] maestro.orchestra.Orchestra.scrollUntilVisible: Scrolling try count: 0, DeviceWidth: 1080, DeviceWidth: 2400
14:03:02.640 [ INFO] maestro.orchestra.Orchestra.scrollUntilVisible: Element bounds: Bounds(x=587, y=2001, width=230, height=63)
14:03:02.640 [ INFO] maestro.orchestra.Orchestra.scrollUntilVisible: Visibility Percent: 1.0
14:03:02.640 [ INFO] maestro.orchestra.Orchestra.scrollUntilVisible: Command centerElement: ScrollUntilVisibleCommand(selector=ElementSelector(textRegex=occurrences, idRegex=null, size=null, below=null, above=null, leftOf=null, rightOf=null, containsChild=null, containsDescendants=null, traits=null, index=null, enabled=null, optional=false, selected=null, checked=null, focused=null, childOf=null, css=null), direction=DOWN, scrollDuration=601, visibilityPercentage=100, timeout=20000, waitToSettleTimeoutMs=null, centerElement=false, originalSpeedValue=40, label=null, optional=false).centerElement
14:03:02.640 [ INFO] maestro.orchestra.Orchestra.scrollUntilVisible: visibilityPercentageNormalized: 1.0
14:03:02.640 [ INFO] maestro.cli.runner.CliConsoleListener.onCommandFinished: Scrolling DOWN until "occurrences" is visible with speed 40, visibility percentage 100%, timeout 20000 ms, with centering disabled COMPLETED
14:03:02.640 [ INFO] maestro.cli.runner.CliConsoleListener.onCommandStart: Assert that "1", id: transaction.edit.field.interval is visible RUNNING
14:03:02.759 [ INFO] maestro.cli.runner.CliConsoleListener.onCommandFinished: Assert that "1", id: transaction.edit.field.interval is visible COMPLETED
14:03:02.760 [ INFO] maestro.cli.runner.CliConsoleListener.onCommandStart: Repeat 3 times RUNNING
14:03:02.762 [ INFO] maestro.cli.runner.CliConsoleListener.onCommandStart: Swiping in DOWN direction in 400 ms RUNNING
14:03:03.447 [ INFO] maestro.cli.runner.CliConsoleListener.onCommandFinished: Swiping in DOWN direction in 400 ms COMPLETED
14:03:03.448 [ INFO] maestro.cli.runner.CliConsoleListener.onCommandReset: Swiping in DOWN direction in 400 ms PENDING
14:03:03.448 [ INFO] maestro.cli.runner.CliConsoleListener.onCommandStart: Swiping in DOWN direction in 400 ms RUNNING
14:03:04.211 [ INFO] maestro.cli.runner.CliConsoleListener.onCommandFinished: Swiping in DOWN direction in 400 ms COMPLETED
14:03:04.212 [ INFO] maestro.cli.runner.CliConsoleListener.onCommandReset: Swiping in DOWN direction in 400 ms PENDING
14:03:04.212 [ INFO] maestro.cli.runner.CliConsoleListener.onCommandStart: Swiping in DOWN direction in 400 ms RUNNING
14:03:04.899 [ INFO] maestro.cli.runner.CliConsoleListener.onCommandFinished: Swiping in DOWN direction in 400 ms COMPLETED
14:03:04.899 [ INFO] maestro.cli.runner.CliConsoleListener.onCommandFinished: Repeat 3 times COMPLETED
14:03:04.900 [ INFO] maestro.cli.runner.CliConsoleListener.onCommandStart: Scrolling UP until id: transaction.edit.field.title is visible with speed 40, visibility percentage 100%, timeout 20000 ms, with centering disabled RUNNING
14:03:05.052 [ INFO] maestro.orchestra.Orchestra.scrollUntilVisible: Scrolling try count: 0, DeviceWidth: 1080, DeviceWidth: 2400
14:03:05.052 [ INFO] maestro.orchestra.Orchestra.scrollUntilVisible: Element bounds: Bounds(x=100, y=991, width=880, height=147)
14:03:05.052 [ INFO] maestro.orchestra.Orchestra.scrollUntilVisible: Visibility Percent: 1.0
14:03:05.052 [ INFO] maestro.orchestra.Orchestra.scrollUntilVisible: Command centerElement: ScrollUntilVisibleCommand(selector=ElementSelector(textRegex=null, idRegex=transaction.edit.field.title, size=null, below=null, above=null, leftOf=null, rightOf=null, containsChild=null, containsDescendants=null, traits=null, index=null, enabled=null, optional=false, selected=null, checked=null, focused=null, childOf=null, css=null), direction=UP, scrollDuration=601, visibilityPercentage=100, timeout=20000, waitToSettleTimeoutMs=null, centerElement=false, originalSpeedValue=40, label=null, optional=false).centerElement
14:03:05.052 [ INFO] maestro.orchestra.Orchestra.scrollUntilVisible: visibilityPercentageNormalized: 1.0
14:03:05.052 [ INFO] maestro.cli.runner.CliConsoleListener.onCommandFinished: Scrolling UP until id: transaction.edit.field.title is visible with speed 40, visibility percentage 100%, timeout 20000 ms, with centering disabled COMPLETED
14:03:05.052 [ INFO] maestro.cli.runner.CliConsoleListener.onCommandStart: Run ../../.maestro/subflows/update_amount.yaml RUNNING
14:03:05.053 [ INFO] maestro.cli.runner.CliConsoleListener.onCommandStart: Define variables RUNNING
14:03:05.053 [ INFO] maestro.cli.runner.CliConsoleListener.onCommandFinished: Define variables COMPLETED
14:03:05.053 [ INFO] maestro.cli.runner.CliConsoleListener.onCommandStart: Apply configuration RUNNING
14:03:05.053 [ INFO] maestro.cli.runner.CliConsoleListener.onCommandFinished: Apply configuration COMPLETED
14:03:05.053 [ INFO] maestro.cli.runner.CliConsoleListener.onCommandStart: Run clear_text_field.yaml RUNNING
14:03:05.054 [ INFO] maestro.cli.runner.CliConsoleListener.onCommandStart: Define variables RUNNING
14:03:05.057 [ INFO] maestro.cli.runner.CliConsoleListener.onCommandFinished: Define variables COMPLETED
14:03:05.057 [ INFO] maestro.cli.runner.CliConsoleListener.onCommandStart: Apply configuration RUNNING
14:03:05.057 [ INFO] maestro.cli.runner.CliConsoleListener.onCommandFinished: Apply configuration COMPLETED
14:03:05.057 [ INFO] maestro.cli.runner.CliConsoleListener.onCommandStart: Tap on id: ${target_id} RUNNING
14:03:05.164 [ INFO] maestro.Maestro.tap-HgV9Ck0: Tapping on element:  UiElement(treeNode=TreeNode(attributes={text=Loyer, accessibilityText=, hintText=, ignoreBoundsFiltering=false, resource-id=transaction.edit.field.title, clickable=true, bounds=[100,991][980,1138], enabled=true, focused=false, checked=false, scrollable=false, selected=false, class=android.widget.EditText, important-for-accessibility=true, error=}, children=[TreeNode(attributes={text=, accessibilityText=, hintText=, ignoreBoundsFiltering=false, resource-id=, clickable=false, bounds=[100,991][980,1138], enabled=true, focused=false, checked=false, scrollable=false, selected=false, class=android.view.View, important-for-accessibility=false, error=}, children=[], clickable=false, enabled=true, focused=false, checked=false, selected=false), TreeNode(attributes={text=, accessibilityText=, hintText=, ignoreBoundsFiltering=false, resource-id=, clickable=false, bounds=[142,1002][938,1128], enabled=true, focused=false, checked=false, scrollable=false, selected=false, class=android.view.View, important-for-accessibility=false, error=}, children=[], clickable=false, enabled=true, focused=false, checked=false, selected=false)], clickable=true, enabled=true, focused=false, checked=false, selected=false), bounds=Bounds(x=100, y=991, width=880, height=147))
14:03:06.387 [ INFO] maestro.Maestro.tap-HgV9Ck0: Tap aimed via settled hierarchy
14:03:06.388 [ INFO] maestro.Maestro.hierarchyBasedTap-ogj28Uc: Tapping at (540, 1064) using hierarchy based logic for wait
14:03:07.963 [ INFO] maestro.Maestro.hierarchyBasedTap-ogj28Uc: Something has changed in the UI judging by view hierarchy. Proceed.
14:03:07.964 [ INFO] maestro.cli.runner.CliConsoleListener.onCommandFinished: Tap on id: ${target_id} COMPLETED
14:03:07.964 [ INFO] maestro.cli.runner.CliConsoleListener.onCommandStart: Long press on id: ${target_id} RUNNING
14:03:08.050 [ INFO] maestro.Maestro.tap-HgV9Ck0: Tapping on element:  UiElement(treeNode=TreeNode(attributes={text=Loyer, accessibilityText=, hintText=, ignoreBoundsFiltering=false, resource-id=transaction.edit.field.title, clickable=true, bounds=[100,991][980,1138], enabled=true, focused=true, checked=false, scrollable=false, selected=false, class=android.widget.EditText, important-for-accessibility=true, error=}, children=[TreeNode(attributes={text=, accessibilityText=, hintText=, ignoreBoundsFiltering=false, resource-id=, clickable=false, bounds=[100,991][980,1138], enabled=true, focused=false, checked=false, scrollable=false, selected=false, class=android.view.View, important-for-accessibility=false, error=}, children=[], clickable=false, enabled=true, focused=false, checked=false, selected=false), TreeNode(attributes={text=, accessibilityText=, hintText=, ignoreBoundsFiltering=false, resource-id=, clickable=false, bounds=[142,1040][938,1089], enabled=true, focused=false, checked=false, scrollable=false, selected=false, class=android.view.View, important-for-accessibility=false, error=}, children=[], clickable=false, enabled=true, focused=false, checked=false, selected=false)], clickable=true, enabled=true, focused=true, checked=false, selected=false), bounds=Bounds(x=100, y=991, width=880, height=147))
14:03:11.007 [ INFO] maestro.Maestro.tap-HgV9Ck0: Tap aimed via settled hierarchy
14:03:11.008 [ INFO] maestro.Maestro.hierarchyBasedTap-ogj28Uc: Tapping at (540, 1064) using hierarchy based logic for wait
14:03:15.412 [ INFO] maestro.Maestro.hierarchyBasedTap-ogj28Uc: Something has changed in the UI judging by view hierarchy. Proceed.
14:03:15.412 [ INFO] maestro.cli.runner.CliConsoleListener.onCommandFinished: Long press on id: ${target_id} COMPLETED
14:03:15.412 [ INFO] maestro.cli.runner.CliConsoleListener.onCommandStart: Assert that (Optional) "Tout sélectionner|Select all" is visible RUNNING
14:03:15.622 [ INFO] maestro.cli.runner.CliConsoleListener.onCommandFinished: Assert that (Optional) "Tout sélectionner|Select all" is visible COMPLETED
14:03:15.622 [ INFO] maestro.cli.runner.CliConsoleListener.onCommandStart: Run flow when "Tout sélectionner|Select all" is not visible RUNNING
14:03:22.526 [ INFO] maestro.orchestra.Orchestra.executeSubflowCommands: [Command execution subflow] CommandSkipped: null
14:03:22.526 [ INFO] maestro.cli.runner.CliConsoleListener.onCommandFinished: Run flow when "Tout sélectionner|Select all" is not visible SKIPPED
14:03:22.526 [ INFO] maestro.cli.runner.CliConsoleListener.onCommandStart: Tap on "Tout sélectionner|Select all" RUNNING
14:03:22.673 [ INFO] maestro.Maestro.tap-HgV9Ck0: Tapping on element:  UiElement(treeNode=TreeNode(attributes={text=Select all, accessibilityText=, hintText=, ignoreBoundsFiltering=false, resource-id=android:id/floating_toolbar_menu_item_text, clickable=false, bounds=[85,893][234,1019], enabled=true, focused=false, checked=false, scrollable=false, selected=false, class=android.widget.TextView, important-for-accessibility=false, error=}, children=[], clickable=false, enabled=true, focused=false, checked=false, selected=false), bounds=Bounds(x=85, y=893, width=149, height=126))
14:03:23.889 [ INFO] maestro.Maestro.tap-HgV9Ck0: Tap aimed via settled hierarchy
14:03:23.890 [ INFO] maestro.Maestro.hierarchyBasedTap-ogj28Uc: Tapping at (159, 956) using hierarchy based logic for wait
14:03:26.556 [ INFO] maestro.Maestro.hierarchyBasedTap-ogj28Uc: Something has changed in the UI judging by view hierarchy. Proceed.
14:03:26.556 [ INFO] maestro.cli.runner.CliConsoleListener.onCommandFinished: Tap on "Tout sélectionner|Select all" COMPLETED
14:03:26.557 [ INFO] maestro.cli.runner.CliConsoleListener.onCommandStart: Erase 1 characters RUNNING
14:03:26.558 [ INFO] maestro.Maestro.eraseText$lambda$52: Erasing 1 characters
14:03:27.415 [ INFO] maestro.cli.runner.CliConsoleListener.onCommandFinished: Erase 1 characters COMPLETED
14:03:27.415 [ INFO] maestro.cli.runner.CliConsoleListener.onCommandFinished: Run clear_text_field.yaml COMPLETED
14:03:27.416 [ INFO] maestro.cli.runner.CliConsoleListener.onCommandStart: Input text ${new_value} RUNNING
14:03:27.423 [ INFO] maestro.Maestro.inputText: Inputting text: Loyer updated
14:03:31.952 [ INFO] maestro.cli.runner.CliConsoleListener.onCommandFinished: Input text ${new_value} COMPLETED
14:03:31.952 [ INFO] maestro.cli.runner.CliConsoleListener.onCommandStart: Hide Keyboard RUNNING
14:03:31.953 [ INFO] maestro.Maestro.hideKeyboard$lambda$12: Hiding Keyboard
14:03:32.901 [ INFO] maestro.cli.runner.CliConsoleListener.onCommandFinished: Hide Keyboard COMPLETED
14:03:32.902 [ INFO] maestro.cli.runner.CliConsoleListener.onCommandStart: Tap on id: common.btn.save RUNNING
14:03:32.983 [ INFO] maestro.Maestro.tap-HgV9Ck0: Tapping on element:  UiElement(treeNode=TreeNode(attributes={text=, accessibilityText=, hintText=, ignoreBoundsFiltering=false, resource-id=common.btn.save, clickable=true, bounds=[53,2200][1027,2347], enabled=true, focused=false, checked=false, scrollable=false, selected=false, class=android.view.View, important-for-accessibility=true, error=}, children=[TreeNode(attributes={text=Enregistrer, accessibilityText=, hintText=, ignoreBoundsFiltering=false, resource-id=, clickable=false, bounds=[452,2247][629,2300], enabled=true, focused=false, checked=false, scrollable=false, selected=false, class=android.widget.TextView, important-for-accessibility=true, error=}, children=[], clickable=false, enabled=true, focused=false, checked=false, selected=false), TreeNode(attributes={text=, accessibilityText=, hintText=, ignoreBoundsFiltering=false, resource-id=, clickable=false, bounds=[53,2200][1027,2347], enabled=true, focused=false, checked=false, scrollable=false, selected=false, class=android.widget.Button, important-for-accessibility=true, error=}, children=[], clickable=false, enabled=true, focused=false, checked=false, selected=false)], clickable=true, enabled=true, focused=false, checked=false, selected=false), bounds=Bounds(x=53, y=2200, width=974, height=147))
14:03:34.206 [ INFO] maestro.Maestro.tap-HgV9Ck0: Tap aimed via settled hierarchy
14:03:34.207 [ INFO] maestro.Maestro.hierarchyBasedTap-ogj28Uc: Tapping at (540, 2273) using hierarchy based logic for wait
14:03:35.370 [ INFO] maestro.Maestro.hierarchyBasedTap-ogj28Uc: Something has changed in the UI judging by view hierarchy. Proceed.
14:03:35.371 [ INFO] maestro.cli.runner.CliConsoleListener.onCommandFinished: Tap on id: common.btn.save COMPLETED
14:03:35.371 [ INFO] maestro.cli.runner.CliConsoleListener.onCommandFinished: Run ../../.maestro/subflows/update_amount.yaml COMPLETED
14:03:35.371 [ INFO] maestro.cli.runner.CliConsoleListener.onCommandStart: Assert that id: screen.transaction.detail is visible RUNNING
14:03:35.475 [ INFO] maestro.cli.runner.CliConsoleListener.onCommandFinished: Assert that id: screen.transaction.detail is visible COMPLETED
14:03:35.476 [ INFO] maestro.cli.runner.CliConsoleListener.onCommandStart: Assert that "Loyer updated" is visible RUNNING
14:03:35.583 [ INFO] maestro.cli.runner.CliConsoleListener.onCommandFinished: Assert that "Loyer updated" is visible COMPLETED
14:03:35.584 [ INFO] maestro.cli.runner.CliConsoleListener.onCommandStart: Run ../../.maestro/subflows/change_month.yaml RUNNING
14:03:35.584 [ INFO] maestro.cli.runner.CliConsoleListener.onCommandStart: Define variables RUNNING
14:03:35.589 [ INFO] maestro.cli.runner.CliConsoleListener.onCommandFinished: Define variables COMPLETED
14:03:35.589 [ INFO] maestro.cli.runner.CliConsoleListener.onCommandStart: Apply configuration RUNNING
14:03:35.590 [ INFO] maestro.cli.runner.CliConsoleListener.onCommandFinished: Apply configuration COMPLETED
14:03:35.590 [ INFO] maestro.cli.runner.CliConsoleListener.onCommandStart: Run console.log("Subflow Navigation -> Month: " + month_name + " Year: " + year);
 RUNNING
14:03:35.590 [ INFO] maestro.cli.runner.CliConsoleListener.onCommandFinished: Run console.log("Subflow Navigation -> Month: " + month_name + " Year: " + year);
 COMPLETED
14:03:35.590 [ INFO] maestro.cli.runner.CliConsoleListener.onCommandStart: Repeat while id: home.month.picker is not visible RUNNING
14:03:36.263 [ INFO] maestro.cli.runner.CliConsoleListener.onCommandStart: Tap on id: common.btn.back RUNNING
14:03:36.371 [ INFO] maestro.Maestro.tap-HgV9Ck0: Tapping on element:  UiElement(treeNode=TreeNode(attributes={text=, accessibilityText=, hintText=, ignoreBoundsFiltering=false, resource-id=common.btn.back, clickable=true, bounds=[12,150][138,276], enabled=true, focused=false, checked=false, scrollable=false, selected=false, class=android.view.View, important-for-accessibility=true, error=}, children=[TreeNode(attributes={text=, accessibilityText=Retour, hintText=, ignoreBoundsFiltering=false, resource-id=, clickable=false, bounds=[43,181][106,244], enabled=true, focused=false, checked=false, scrollable=false, selected=false, class=android.view.View, important-for-accessibility=true, error=}, children=[], clickable=false, enabled=true, focused=false, checked=false, selected=false), TreeNode(attributes={text=, accessibilityText=, hintText=, ignoreBoundsFiltering=false, resource-id=, clickable=false, bounds=[22,160][127,265], enabled=true, focused=false, checked=false, scrollable=false, selected=false, class=android.widget.Button, important-for-accessibility=true, error=}, children=[], clickable=false, enabled=true, focused=false, checked=false, selected=false)], clickable=true, enabled=true, focused=false, checked=false, selected=false), bounds=Bounds(x=12, y=150, width=126, height=126))
14:03:37.556 [ INFO] maestro.Maestro.tap-HgV9Ck0: Tap aimed via settled hierarchy
14:03:37.557 [ INFO] maestro.Maestro.hierarchyBasedTap-ogj28Uc: Tapping at (75, 213) using hierarchy based logic for wait
14:03:38.488 [ INFO] maestro.Maestro.hierarchyBasedTap-ogj28Uc: Something has changed in the UI judging by view hierarchy. Proceed.
14:03:38.488 [ INFO] maestro.cli.runner.CliConsoleListener.onCommandFinished: Tap on id: common.btn.back COMPLETED
14:03:39.150 [ INFO] maestro.cli.runner.CliConsoleListener.onCommandReset: Tap on id: common.btn.back PENDING
14:03:39.151 [ INFO] maestro.cli.runner.CliConsoleListener.onCommandStart: Tap on id: common.btn.back RUNNING
14:03:39.251 [ INFO] maestro.Maestro.tap-HgV9Ck0: Tapping on element:  UiElement(treeNode=TreeNode(attributes={text=, accessibilityText=, hintText=, ignoreBoundsFiltering=false, resource-id=common.btn.back, clickable=true, bounds=[12,150][138,276], enabled=true, focused=false, checked=false, scrollable=false, selected=false, class=android.view.View, important-for-accessibility=true, error=}, children=[TreeNode(attributes={text=, accessibilityText=Retour, hintText=, ignoreBoundsFiltering=false, resource-id=, clickable=false, bounds=[43,181][106,244], enabled=true, focused=false, checked=false, scrollable=false, selected=false, class=android.view.View, important-for-accessibility=true, error=}, children=[], clickable=false, enabled=true, focused=false, checked=false, selected=false), TreeNode(attributes={text=, accessibilityText=, hintText=, ignoreBoundsFiltering=false, resource-id=, clickable=false, bounds=[22,160][127,265], enabled=true, focused=false, checked=false, scrollable=false, selected=false, class=android.widget.Button, important-for-accessibility=true, error=}, children=[], clickable=false, enabled=true, focused=false, checked=false, selected=false)], clickable=true, enabled=true, focused=false, checked=false, selected=false), bounds=Bounds(x=12, y=150, width=126, height=126))
14:03:40.751 [ INFO] maestro.Maestro.tap-HgV9Ck0: Tap aimed via settled hierarchy
14:03:40.751 [ INFO] maestro.Maestro.hierarchyBasedTap-ogj28Uc: Tapping at (75, 213) using hierarchy based logic for wait
14:03:41.466 [ INFO] maestro.Maestro.hierarchyBasedTap-ogj28Uc: Something has changed in the UI judging by view hierarchy. Proceed.
14:03:41.466 [ INFO] maestro.cli.runner.CliConsoleListener.onCommandFinished: Tap on id: common.btn.back COMPLETED
14:03:48.553 [ INFO] maestro.cli.runner.CliConsoleListener.onCommandFinished: Repeat while id: home.month.picker is not visible COMPLETED
14:03:48.554 [ INFO] maestro.cli.runner.CliConsoleListener.onCommandStart: Tap on id: home.month.picker RUNNING
14:03:48.673 [ INFO] maestro.Maestro.tap-HgV9Ck0: Tapping on element:  UiElement(treeNode=TreeNode(attributes={text=, accessibilityText=, hintText=, ignoreBoundsFiltering=false, resource-id=home.month.picker, clickable=true, bounds=[53,181][343,307], enabled=true, focused=false, checked=false, scrollable=false, selected=false, class=android.view.View, important-for-accessibility=true, error=}, children=[TreeNode(attributes={text=Août 2026, accessibilityText=, hintText=, ignoreBoundsFiltering=false, resource-id=, clickable=false, bounds=[143,217][311,270], enabled=true, focused=false, checked=false, scrollable=false, selected=false, class=android.widget.TextView, important-for-accessibility=true, error=}, children=[], clickable=false, enabled=true, focused=false, checked=false, selected=false)], clickable=true, enabled=true, focused=false, checked=false, selected=false), bounds=Bounds(x=53, y=181, width=290, height=126))
14:03:49.951 [ INFO] maestro.Maestro.tap-HgV9Ck0: Tap aimed via settled hierarchy
14:03:49.951 [ INFO] maestro.Maestro.hierarchyBasedTap-ogj28Uc: Tapping at (198, 244) using hierarchy based logic for wait
14:03:51.614 [ INFO] maestro.Maestro.hierarchyBasedTap-ogj28Uc: Something has changed in the UI judging by view hierarchy. Proceed.
14:03:51.614 [ INFO] maestro.cli.runner.CliConsoleListener.onCommandFinished: Tap on id: home.month.picker COMPLETED
14:03:51.615 [ INFO] maestro.cli.runner.CliConsoleListener.onCommandStart: Run flow when ${year > output.CURRENT_YEAR} is true RUNNING
14:03:51.620 [ INFO] maestro.orchestra.Orchestra.executeSubflowCommands: [Command execution subflow] CommandSkipped: null
14:03:51.620 [ INFO] maestro.cli.runner.CliConsoleListener.onCommandFinished: Run flow when ${year > output.CURRENT_YEAR} is true SKIPPED
14:03:51.620 [ INFO] maestro.cli.runner.CliConsoleListener.onCommandStart: Run flow when ${year < output.CURRENT_YEAR} is true RUNNING
14:03:51.623 [ INFO] maestro.orchestra.Orchestra.executeSubflowCommands: [Command execution subflow] CommandSkipped: null
14:03:51.623 [ INFO] maestro.cli.runner.CliConsoleListener.onCommandFinished: Run flow when ${year < output.CURRENT_YEAR} is true SKIPPED
14:03:51.623 [ INFO] maestro.cli.runner.CliConsoleListener.onCommandStart: Tap on "${month_name}" RUNNING
14:03:51.695 [ INFO] maestro.Maestro.tap-HgV9Ck0: Tapping on element:  UiElement(treeNode=TreeNode(attributes={text=Sept., accessibilityText=, hintText=, ignoreBoundsFiltering=false, resource-id=, clickable=false, bounds=[827,1944][925,1993], enabled=true, focused=false, checked=false, scrollable=false, selected=false, class=android.widget.TextView, important-for-accessibility=true, error=}, children=[], clickable=false, enabled=true, focused=false, checked=false, selected=false), bounds=Bounds(x=827, y=1944, width=98, height=49))
14:03:52.914 [ INFO] maestro.Maestro.tap-HgV9Ck0: Tap aimed via settled hierarchy
14:03:52.915 [ INFO] maestro.Maestro.hierarchyBasedTap-ogj28Uc: Tapping at (876, 1968) using hierarchy based logic for wait
14:03:53.885 [ INFO] maestro.Maestro.hierarchyBasedTap-ogj28Uc: Something has changed in the UI judging by view hierarchy. Proceed.
14:03:53.885 [ INFO] maestro.cli.runner.CliConsoleListener.onCommandFinished: Tap on "${month_name}" COMPLETED
14:03:53.885 [ INFO] maestro.cli.runner.CliConsoleListener.onCommandStart: Run open_monthly_history.yaml RUNNING
14:03:53.885 [ INFO] maestro.cli.runner.CliConsoleListener.onCommandStart: Apply configuration RUNNING
14:03:53.886 [ INFO] maestro.cli.runner.CliConsoleListener.onCommandFinished: Apply configuration COMPLETED
14:03:53.886 [ INFO] maestro.cli.runner.CliConsoleListener.onCommandStart: Run flow when id: screen.monthly is not visible RUNNING
14:03:54.498 [ INFO] maestro.cli.runner.CliConsoleListener.onCommandStart: Scrolling DOWN until id: recent_transactions_see_all is visible with speed 40, visibility percentage 100%, timeout 20000 ms, with centering enabled RUNNING
14:03:54.571 [ INFO] maestro.orchestra.Orchestra.scrollUntilVisible: Scrolling try count: 0, DeviceWidth: 1080, DeviceWidth: 2400
14:03:54.571 [ INFO] maestro.orchestra.Orchestra.scrollUntilVisible: Element bounds: Bounds(x=763, y=1583, width=243, height=126)
14:03:54.572 [ INFO] maestro.orchestra.Orchestra.scrollUntilVisible: Visibility Percent: 1.0
14:03:54.572 [ INFO] maestro.orchestra.Orchestra.scrollUntilVisible: Command centerElement: ScrollUntilVisibleCommand(selector=ElementSelector(textRegex=null, idRegex=recent_transactions_see_all, size=null, below=null, above=null, leftOf=null, rightOf=null, containsChild=null, containsDescendants=null, traits=null, index=null, enabled=null, optional=false, selected=null, checked=null, focused=null, childOf=null, css=null), direction=DOWN, scrollDuration=601, visibilityPercentage=100, timeout=20000, waitToSettleTimeoutMs=null, centerElement=true, originalSpeedValue=40, label=null, optional=false).centerElement
14:03:54.572 [ INFO] maestro.orchestra.Orchestra.scrollUntilVisible: visibilityPercentageNormalized: 1.0
14:03:54.572 [ INFO] maestro.cli.runner.CliConsoleListener.onCommandFinished: Scrolling DOWN until id: recent_transactions_see_all is visible with speed 40, visibility percentage 100%, timeout 20000 ms, with centering enabled COMPLETED
14:03:54.572 [ INFO] maestro.cli.runner.CliConsoleListener.onCommandStart: Tap on id: recent_transactions_see_all RUNNING
14:03:54.645 [ INFO] maestro.Maestro.tap-HgV9Ck0: Tapping on element:  UiElement(treeNode=TreeNode(attributes={text=, accessibilityText=, hintText=, ignoreBoundsFiltering=false, resource-id=recent_transactions_see_all, clickable=true, bounds=[763,1583][1006,1709], enabled=true, focused=false, checked=false, scrollable=false, selected=false, class=android.view.View, important-for-accessibility=true, error=}, children=[TreeNode(attributes={text=Voir tout, accessibilityText=, hintText=, ignoreBoundsFiltering=false, resource-id=, clickable=false, bounds=[795,1619][932,1672], enabled=true, focused=false, checked=false, scrollable=false, selected=false, class=android.widget.TextView, important-for-accessibility=true, error=}, children=[], clickable=false, enabled=true, focused=false, checked=false, selected=false), TreeNode(attributes={text=, accessibilityText=, hintText=, ignoreBoundsFiltering=false, resource-id=, clickable=false, bounds=[763,1593][1006,1698], enabled=true, focused=false, checked=false, scrollable=false, selected=false, class=android.widget.Button, important-for-accessibility=true, error=}, children=[], clickable=false, enabled=true, focused=false, checked=false, selected=false)], clickable=true, enabled=true, focused=false, checked=false, selected=false), bounds=Bounds(x=763, y=1583, width=243, height=126))
14:03:55.875 [ INFO] maestro.Maestro.tap-HgV9Ck0: Tap aimed via settled hierarchy
14:03:55.876 [ INFO] maestro.Maestro.hierarchyBasedTap-ogj28Uc: Tapping at (884, 1646) using hierarchy based logic for wait
14:03:56.838 [ INFO] maestro.Maestro.hierarchyBasedTap-ogj28Uc: Something has changed in the UI judging by view hierarchy. Proceed.
14:03:56.838 [ INFO] maestro.cli.runner.CliConsoleListener.onCommandFinished: Tap on id: recent_transactions_see_all COMPLETED
14:03:56.839 [ INFO] maestro.cli.runner.CliConsoleListener.onCommandStart: Assert that id: screen.monthly is visible RUNNING
14:03:56.951 [ INFO] maestro.cli.runner.CliConsoleListener.onCommandFinished: Assert that id: screen.monthly is visible COMPLETED
14:03:56.951 [ INFO] maestro.cli.runner.CliConsoleListener.onCommandFinished: Run flow when id: screen.monthly is not visible COMPLETED
14:03:56.951 [ INFO] maestro.cli.runner.CliConsoleListener.onCommandStart: Wait for animation to end within 5000 ms RUNNING
14:03:56.952 [ INFO] maestro.Maestro.waitForAnimationToEnd$lambda$53: Waiting for animation to end with timeout 5000
14:03:56.952 [TRACE] maestro.utils.ScreenshotUtils.takeScreenshot: Taking screenshot to byte array
14:03:56.952 [TRACE] maestro.utils.ScreenshotUtils.takeScreenshot: Taking screenshot to output sink
14:03:57.162 [TRACE] maestro.utils.ScreenshotUtils.takeScreenshot: Taking screenshot to byte array
14:03:57.162 [TRACE] maestro.utils.ScreenshotUtils.takeScreenshot: Taking screenshot to output sink
14:03:57.514 [ INFO] maestro.cli.runner.CliConsoleListener.onCommandFinished: Wait for animation to end within 5000 ms COMPLETED
14:03:57.514 [ INFO] maestro.cli.runner.CliConsoleListener.onCommandFinished: Run open_monthly_history.yaml COMPLETED
14:03:57.514 [ INFO] maestro.cli.runner.CliConsoleListener.onCommandFinished: Run ../../.maestro/subflows/change_month.yaml COMPLETED
14:03:57.514 [ INFO] maestro.cli.runner.CliConsoleListener.onCommandStart: Scrolling DOWN until "Loyer updated" is visible with speed 40, visibility percentage 100%, timeout 20000 ms, with centering disabled RUNNING
14:03:57.593 [ INFO] maestro.orchestra.Orchestra.scrollUntilVisible: Scrolling try count: 0, DeviceWidth: 1080, DeviceWidth: 2400
14:03:57.594 [ INFO] maestro.orchestra.Orchestra.scrollUntilVisible: Element bounds: Bounds(x=238, y=1171, width=267, height=49)
14:03:57.594 [ INFO] maestro.orchestra.Orchestra.scrollUntilVisible: Visibility Percent: 1.0
14:03:57.594 [ INFO] maestro.orchestra.Orchestra.scrollUntilVisible: Command centerElement: ScrollUntilVisibleCommand(selector=ElementSelector(textRegex=Loyer updated, idRegex=null, size=null, below=null, above=null, leftOf=null, rightOf=null, containsChild=null, containsDescendants=null, traits=null, index=null, enabled=null, optional=false, selected=null, checked=null, focused=null, childOf=null, css=null), direction=DOWN, scrollDuration=601, visibilityPercentage=100, timeout=20000, waitToSettleTimeoutMs=null, centerElement=false, originalSpeedValue=40, label=null, optional=false).centerElement
14:03:57.594 [ INFO] maestro.orchestra.Orchestra.scrollUntilVisible: visibilityPercentageNormalized: 1.0
14:03:57.594 [ INFO] maestro.cli.runner.CliConsoleListener.onCommandFinished: Scrolling DOWN until "Loyer updated" is visible with speed 40, visibility percentage 100%, timeout 20000 ms, with centering disabled COMPLETED
14:03:57.594 [ INFO] maestro.cli.runner.CliConsoleListener.onCommandStart: Scroll vertically RUNNING
14:03:57.595 [ INFO] maestro.Maestro.scrollVertical: Scrolling vertically
14:03:58.247 [ INFO] maestro.cli.runner.CliConsoleListener.onCommandFinished: Scroll vertically COMPLETED
14:03:58.247 [ INFO] maestro.cli.runner.CliConsoleListener.onCommandStart: Assert that "Loyer" is not visible RUNNING
14:03:58.871 [ INFO] maestro.cli.runner.CliConsoleListener.onCommandFinished: Assert that "Loyer" is not visible COMPLETED
14:03:58.871 [ INFO] maestro.cli.runner.CliConsoleListener.onCommandStart: Run ../../.maestro/subflows/change_month.yaml RUNNING
14:03:58.871 [ INFO] maestro.cli.runner.CliConsoleListener.onCommandStart: Define variables RUNNING
14:03:58.875 [ INFO] maestro.cli.runner.CliConsoleListener.onCommandFinished: Define variables COMPLETED
14:03:58.876 [ INFO] maestro.cli.runner.CliConsoleListener.onCommandStart: Apply configuration RUNNING
14:03:58.876 [ INFO] maestro.cli.runner.CliConsoleListener.onCommandFinished: Apply configuration COMPLETED
14:03:58.876 [ INFO] maestro.cli.runner.CliConsoleListener.onCommandStart: Run console.log("Subflow Navigation -> Month: " + month_name + " Year: " + year);
 RUNNING
14:03:58.876 [ INFO] maestro.cli.runner.CliConsoleListener.onCommandFinished: Run console.log("Subflow Navigation -> Month: " + month_name + " Year: " + year);
 COMPLETED
14:03:58.876 [ INFO] maestro.cli.runner.CliConsoleListener.onCommandStart: Repeat while id: home.month.picker is not visible RUNNING
14:03:59.582 [ INFO] maestro.cli.runner.CliConsoleListener.onCommandStart: Tap on id: common.btn.back RUNNING
14:03:59.691 [ INFO] maestro.Maestro.tap-HgV9Ck0: Tapping on element:  UiElement(treeNode=TreeNode(attributes={text=, accessibilityText=, hintText=, ignoreBoundsFiltering=false, resource-id=common.btn.back, clickable=true, bounds=[12,150][138,276], enabled=true, focused=false, checked=false, scrollable=false, selected=false, class=android.view.View, important-for-accessibility=true, error=}, children=[TreeNode(attributes={text=, accessibilityText=Retour, hintText=, ignoreBoundsFiltering=false, resource-id=, clickable=false, bounds=[43,181][106,244], enabled=true, focused=false, checked=false, scrollable=false, selected=false, class=android.view.View, important-for-accessibility=true, error=}, children=[], clickable=false, enabled=true, focused=false, checked=false, selected=false), TreeNode(attributes={text=, accessibilityText=, hintText=, ignoreBoundsFiltering=false, resource-id=, clickable=false, bounds=[22,160][127,265], enabled=true, focused=false, checked=false, scrollable=false, selected=false, class=android.widget.Button, important-for-accessibility=true, error=}, children=[], clickable=false, enabled=true, focused=false, checked=false, selected=false)], clickable=true, enabled=true, focused=false, checked=false, selected=false), bounds=Bounds(x=12, y=150, width=126, height=126))
14:04:01.174 [ INFO] maestro.Maestro.tap-HgV9Ck0: Tap aimed via settled hierarchy
14:04:01.175 [ INFO] maestro.Maestro.hierarchyBasedTap-ogj28Uc: Tapping at (75, 213) using hierarchy based logic for wait
14:04:01.836 [ INFO] maestro.Maestro.hierarchyBasedTap-ogj28Uc: Something has changed in the UI judging by view hierarchy. Proceed.
14:04:01.837 [ INFO] maestro.cli.runner.CliConsoleListener.onCommandFinished: Tap on id: common.btn.back COMPLETED
14:04:08.861 [ INFO] maestro.cli.runner.CliConsoleListener.onCommandFinished: Repeat while id: home.month.picker is not visible COMPLETED
14:04:08.861 [ INFO] maestro.cli.runner.CliConsoleListener.onCommandStart: Tap on id: home.month.picker RUNNING
14:04:08.971 [ INFO] maestro.Maestro.tap-HgV9Ck0: Tapping on element:  UiElement(treeNode=TreeNode(attributes={text=, accessibilityText=, hintText=, ignoreBoundsFiltering=false, resource-id=home.month.picker, clickable=true, bounds=[53,181][444,307], enabled=true, focused=false, checked=false, scrollable=false, selected=false, class=android.view.View, important-for-accessibility=true, error=}, children=[TreeNode(attributes={text=Septembre 2026, accessibilityText=, hintText=, ignoreBoundsFiltering=false, resource-id=, clickable=false, bounds=[143,217][412,270], enabled=true, focused=false, checked=false, scrollable=false, selected=false, class=android.widget.TextView, important-for-accessibility=true, error=}, children=[], clickable=false, enabled=true, focused=false, checked=false, selected=false)], clickable=true, enabled=true, focused=false, checked=false, selected=false), bounds=Bounds(x=53, y=181, width=391, height=126))
14:04:10.681 [ INFO] maestro.Maestro.tap-HgV9Ck0: Tap aimed via settled hierarchy
14:04:10.681 [ INFO] maestro.Maestro.hierarchyBasedTap-ogj28Uc: Tapping at (248, 244) using hierarchy based logic for wait
14:04:12.322 [ INFO] maestro.Maestro.hierarchyBasedTap-ogj28Uc: Something has changed in the UI judging by view hierarchy. Proceed.
14:04:12.322 [ INFO] maestro.cli.runner.CliConsoleListener.onCommandFinished: Tap on id: home.month.picker COMPLETED
14:04:12.322 [ INFO] maestro.cli.runner.CliConsoleListener.onCommandStart: Run flow when ${year > output.CURRENT_YEAR} is true RUNNING
14:04:12.325 [ INFO] maestro.orchestra.Orchestra.executeSubflowCommands: [Command execution subflow] CommandSkipped: null
14:04:12.325 [ INFO] maestro.cli.runner.CliConsoleListener.onCommandFinished: Run flow when ${year > output.CURRENT_YEAR} is true SKIPPED
14:04:12.325 [ INFO] maestro.cli.runner.CliConsoleListener.onCommandStart: Run flow when ${year < output.CURRENT_YEAR} is true RUNNING
14:04:12.327 [ INFO] maestro.orchestra.Orchestra.executeSubflowCommands: [Command execution subflow] CommandSkipped: null
14:04:12.327 [ INFO] maestro.cli.runner.CliConsoleListener.onCommandFinished: Run flow when ${year < output.CURRENT_YEAR} is true SKIPPED
14:04:12.327 [ INFO] maestro.cli.runner.CliConsoleListener.onCommandStart: Tap on "${month_name}" RUNNING
14:04:12.408 [ INFO] maestro.Maestro.tap-HgV9Ck0: Tapping on element:  UiElement(treeNode=TreeNode(attributes={text=Juil., accessibilityText=, hintText=, ignoreBoundsFiltering=false, resource-id=, clickable=false, bounds=[165,1944][245,1993], enabled=true, focused=false, checked=false, scrollable=false, selected=false, class=android.widget.TextView, important-for-accessibility=true, error=}, children=[], clickable=false, enabled=true, focused=false, checked=false, selected=false), bounds=Bounds(x=165, y=1944, width=80, height=49))
14:04:13.661 [ INFO] maestro.Maestro.tap-HgV9Ck0: Tap aimed via settled hierarchy
14:04:13.662 [ INFO] maestro.Maestro.hierarchyBasedTap-ogj28Uc: Tapping at (205, 1968) using hierarchy based logic for wait
14:04:14.732 [ INFO] maestro.Maestro.hierarchyBasedTap-ogj28Uc: Something has changed in the UI judging by view hierarchy. Proceed.
14:04:14.732 [ INFO] maestro.cli.runner.CliConsoleListener.onCommandFinished: Tap on "${month_name}" COMPLETED
14:04:14.732 [ INFO] maestro.cli.runner.CliConsoleListener.onCommandStart: Run open_monthly_history.yaml RUNNING
14:04:14.733 [ INFO] maestro.cli.runner.CliConsoleListener.onCommandStart: Apply configuration RUNNING
14:04:14.733 [ INFO] maestro.cli.runner.CliConsoleListener.onCommandFinished: Apply configuration COMPLETED
14:04:14.733 [ INFO] maestro.cli.runner.CliConsoleListener.onCommandStart: Run flow when id: screen.monthly is not visible RUNNING
14:04:15.352 [ INFO] maestro.cli.runner.CliConsoleListener.onCommandStart: Scrolling DOWN until id: recent_transactions_see_all is visible with speed 40, visibility percentage 100%, timeout 20000 ms, with centering enabled RUNNING
14:04:15.470 [ INFO] maestro.orchestra.Orchestra.scrollUntilVisible: Scrolling try count: 0, DeviceWidth: 1080, DeviceWidth: 2400
14:04:15.470 [ INFO] maestro.orchestra.Orchestra.scrollUntilVisible: Element bounds: Bounds(x=763, y=1706, width=243, height=126)
14:04:15.470 [ INFO] maestro.orchestra.Orchestra.scrollUntilVisible: Visibility Percent: 1.0
14:04:15.470 [ INFO] maestro.orchestra.Orchestra.scrollUntilVisible: Command centerElement: ScrollUntilVisibleCommand(selector=ElementSelector(textRegex=null, idRegex=recent_transactions_see_all, size=null, below=null, above=null, leftOf=null, rightOf=null, containsChild=null, containsDescendants=null, traits=null, index=null, enabled=null, optional=false, selected=null, checked=null, focused=null, childOf=null, css=null), direction=DOWN, scrollDuration=601, visibilityPercentage=100, timeout=20000, waitToSettleTimeoutMs=null, centerElement=true, originalSpeedValue=40, label=null, optional=false).centerElement
14:04:15.470 [ INFO] maestro.orchestra.Orchestra.scrollUntilVisible: visibilityPercentageNormalized: 1.0
14:04:15.510 [ INFO] maestro.Maestro.swipeFromCenter: Swiping UP from center
14:04:16.600 [ INFO] maestro.orchestra.Orchestra.scrollUntilVisible: Scrolling try count: 1, DeviceWidth: 1080, DeviceWidth: 2400
14:04:16.600 [ INFO] maestro.orchestra.Orchestra.scrollUntilVisible: Element bounds: Bounds(x=763, y=1706, width=243, height=126)
14:04:16.600 [ INFO] maestro.orchestra.Orchestra.scrollUntilVisible: Visibility Percent: 1.0
14:04:16.601 [ INFO] maestro.orchestra.Orchestra.scrollUntilVisible: Command centerElement: ScrollUntilVisibleCommand(selector=ElementSelector(textRegex=null, idRegex=recent_transactions_see_all, size=null, below=null, above=null, leftOf=null, rightOf=null, containsChild=null, containsDescendants=null, traits=null, index=null, enabled=null, optional=false, selected=null, checked=null, focused=null, childOf=null, css=null), direction=DOWN, scrollDuration=601, visibilityPercentage=100, timeout=20000, waitToSettleTimeoutMs=null, centerElement=true, originalSpeedValue=40, label=null, optional=false).centerElement
14:04:16.601 [ INFO] maestro.orchestra.Orchestra.scrollUntilVisible: visibilityPercentageNormalized: 1.0
14:04:16.604 [ INFO] maestro.Maestro.swipeFromCenter: Swiping UP from center
14:04:17.637 [ INFO] maestro.orchestra.Orchestra.scrollUntilVisible: Scrolling try count: 2, DeviceWidth: 1080, DeviceWidth: 2400
14:04:17.637 [ INFO] maestro.orchestra.Orchestra.scrollUntilVisible: Element bounds: Bounds(x=763, y=1706, width=243, height=126)
14:04:17.638 [ INFO] maestro.orchestra.Orchestra.scrollUntilVisible: Visibility Percent: 1.0
14:04:17.638 [ INFO] maestro.orchestra.Orchestra.scrollUntilVisible: Command centerElement: ScrollUntilVisibleCommand(selector=ElementSelector(textRegex=null, idRegex=recent_transactions_see_all, size=null, below=null, above=null, leftOf=null, rightOf=null, containsChild=null, containsDescendants=null, traits=null, index=null, enabled=null, optional=false, selected=null, checked=null, focused=null, childOf=null, css=null), direction=DOWN, scrollDuration=601, visibilityPercentage=100, timeout=20000, waitToSettleTimeoutMs=null, centerElement=true, originalSpeedValue=40, label=null, optional=false).centerElement
14:04:17.638 [ INFO] maestro.orchestra.Orchestra.scrollUntilVisible: visibilityPercentageNormalized: 1.0
14:04:17.641 [ INFO] maestro.Maestro.swipeFromCenter: Swiping UP from center
14:04:18.664 [ INFO] maestro.orchestra.Orchestra.scrollUntilVisible: Scrolling try count: 3, DeviceWidth: 1080, DeviceWidth: 2400
14:04:18.664 [ INFO] maestro.orchestra.Orchestra.scrollUntilVisible: Element bounds: Bounds(x=763, y=1706, width=243, height=126)
14:04:18.664 [ INFO] maestro.orchestra.Orchestra.scrollUntilVisible: Visibility Percent: 1.0
14:04:18.664 [ INFO] maestro.orchestra.Orchestra.scrollUntilVisible: Command centerElement: ScrollUntilVisibleCommand(selector=ElementSelector(textRegex=null, idRegex=recent_transactions_see_all, size=null, below=null, above=null, leftOf=null, rightOf=null, containsChild=null, containsDescendants=null, traits=null, index=null, enabled=null, optional=false, selected=null, checked=null, focused=null, childOf=null, css=null), direction=DOWN, scrollDuration=601, visibilityPercentage=100, timeout=20000, waitToSettleTimeoutMs=null, centerElement=true, originalSpeedValue=40, label=null, optional=false).centerElement
14:04:18.664 [ INFO] maestro.orchestra.Orchestra.scrollUntilVisible: visibilityPercentageNormalized: 1.0
14:04:18.667 [ INFO] maestro.Maestro.swipeFromCenter: Swiping UP from center
14:04:19.687 [ INFO] maestro.orchestra.Orchestra.scrollUntilVisible: Scrolling try count: 4, DeviceWidth: 1080, DeviceWidth: 2400
14:04:19.688 [ INFO] maestro.orchestra.Orchestra.scrollUntilVisible: Element bounds: Bounds(x=763, y=1706, width=243, height=126)
14:04:19.688 [ INFO] maestro.orchestra.Orchestra.scrollUntilVisible: Visibility Percent: 1.0
14:04:19.688 [ INFO] maestro.orchestra.Orchestra.scrollUntilVisible: Command centerElement: ScrollUntilVisibleCommand(selector=ElementSelector(textRegex=null, idRegex=recent_transactions_see_all, size=null, below=null, above=null, leftOf=null, rightOf=null, containsChild=null, containsDescendants=null, traits=null, index=null, enabled=null, optional=false, selected=null, checked=null, focused=null, childOf=null, css=null), direction=DOWN, scrollDuration=601, visibilityPercentage=100, timeout=20000, waitToSettleTimeoutMs=null, centerElement=true, originalSpeedValue=40, label=null, optional=false).centerElement
14:04:19.688 [ INFO] maestro.orchestra.Orchestra.scrollUntilVisible: visibilityPercentageNormalized: 1.0
14:04:19.691 [ INFO] maestro.Maestro.swipeFromCenter: Swiping UP from center
14:04:20.712 [ INFO] maestro.orchestra.Orchestra.scrollUntilVisible: Scrolling try count: 5, DeviceWidth: 1080, DeviceWidth: 2400
14:04:20.712 [ INFO] maestro.orchestra.Orchestra.scrollUntilVisible: Element bounds: Bounds(x=763, y=1706, width=243, height=126)
14:04:20.712 [ INFO] maestro.orchestra.Orchestra.scrollUntilVisible: Visibility Percent: 1.0
14:04:20.712 [ INFO] maestro.orchestra.Orchestra.scrollUntilVisible: Command centerElement: ScrollUntilVisibleCommand(selector=ElementSelector(textRegex=null, idRegex=recent_transactions_see_all, size=null, below=null, above=null, leftOf=null, rightOf=null, containsChild=null, containsDescendants=null, traits=null, index=null, enabled=null, optional=false, selected=null, checked=null, focused=null, childOf=null, css=null), direction=DOWN, scrollDuration=601, visibilityPercentage=100, timeout=20000, waitToSettleTimeoutMs=null, centerElement=true, originalSpeedValue=40, label=null, optional=false).centerElement
14:04:20.712 [ INFO] maestro.orchestra.Orchestra.scrollUntilVisible: visibilityPercentageNormalized: 1.0
14:04:20.712 [ INFO] maestro.cli.runner.CliConsoleListener.onCommandFinished: Scrolling DOWN until id: recent_transactions_see_all is visible with speed 40, visibility percentage 100%, timeout 20000 ms, with centering enabled COMPLETED
14:04:20.712 [ INFO] maestro.cli.runner.CliConsoleListener.onCommandStart: Tap on id: recent_transactions_see_all RUNNING
14:04:20.744 [ INFO] maestro.Maestro.tap-HgV9Ck0: Tapping on element:  UiElement(treeNode=TreeNode(attributes={text=, accessibilityText=, hintText=, ignoreBoundsFiltering=false, resource-id=recent_transactions_see_all, clickable=true, bounds=[763,1706][1006,1832], enabled=true, focused=false, checked=false, scrollable=false, selected=false, class=android.view.View, important-for-accessibility=true, error=}, children=[TreeNode(attributes={text=Voir tout, accessibilityText=, hintText=, ignoreBoundsFiltering=false, resource-id=, clickable=false, bounds=[795,1742][932,1795], enabled=true, focused=false, checked=false, scrollable=false, selected=false, class=android.widget.TextView, important-for-accessibility=true, error=}, children=[], clickable=false, enabled=true, focused=false, checked=false, selected=false), TreeNode(attributes={text=, accessibilityText=, hintText=, ignoreBoundsFiltering=false, resource-id=, clickable=false, bounds=[763,1716][1006,1821], enabled=true, focused=false, checked=false, scrollable=false, selected=false, class=android.widget.Button, important-for-accessibility=true, error=}, children=[], clickable=false, enabled=true, focused=false, checked=false, selected=false)], clickable=true, enabled=true, focused=false, checked=false, selected=false), bounds=Bounds(x=763, y=1706, width=243, height=126))
14:04:21.894 [ INFO] maestro.Maestro.tap-HgV9Ck0: Tap aimed via settled hierarchy
14:04:21.895 [ INFO] maestro.Maestro.hierarchyBasedTap-ogj28Uc: Tapping at (884, 1769) using hierarchy based logic for wait
14:04:22.719 [ INFO] maestro.Maestro.hierarchyBasedTap-ogj28Uc: Something has changed in the UI judging by view hierarchy. Proceed.
14:04:22.719 [ INFO] maestro.cli.runner.CliConsoleListener.onCommandFinished: Tap on id: recent_transactions_see_all COMPLETED
14:04:22.719 [ INFO] maestro.cli.runner.CliConsoleListener.onCommandStart: Assert that id: screen.monthly is visible RUNNING
14:04:22.827 [ INFO] maestro.cli.runner.CliConsoleListener.onCommandFinished: Assert that id: screen.monthly is visible COMPLETED
14:04:22.827 [ INFO] maestro.cli.runner.CliConsoleListener.onCommandFinished: Run flow when id: screen.monthly is not visible COMPLETED
14:04:22.827 [ INFO] maestro.cli.runner.CliConsoleListener.onCommandStart: Wait for animation to end within 5000 ms RUNNING
14:04:22.828 [ INFO] maestro.Maestro.waitForAnimationToEnd$lambda$53: Waiting for animation to end with timeout 5000
14:04:22.828 [TRACE] maestro.utils.ScreenshotUtils.takeScreenshot: Taking screenshot to byte array
14:04:22.828 [TRACE] maestro.utils.ScreenshotUtils.takeScreenshot: Taking screenshot to output sink
14:04:23.035 [TRACE] maestro.utils.ScreenshotUtils.takeScreenshot: Taking screenshot to byte array
14:04:23.035 [TRACE] maestro.utils.ScreenshotUtils.takeScreenshot: Taking screenshot to output sink
14:04:23.428 [ INFO] maestro.cli.runner.CliConsoleListener.onCommandFinished: Wait for animation to end within 5000 ms COMPLETED
14:04:23.428 [ INFO] maestro.cli.runner.CliConsoleListener.onCommandFinished: Run open_monthly_history.yaml COMPLETED
14:04:23.428 [ INFO] maestro.cli.runner.CliConsoleListener.onCommandFinished: Run ../../.maestro/subflows/change_month.yaml COMPLETED
14:04:23.428 [ INFO] maestro.cli.runner.CliConsoleListener.onCommandStart: Scrolling DOWN until "Loyer" is visible with speed 40, visibility percentage 100%, timeout 20000 ms, with centering disabled RUNNING
14:04:23.511 [ INFO] maestro.orchestra.Orchestra.scrollUntilVisible: Scrolling try count: 0, DeviceWidth: 1080, DeviceWidth: 2400
14:04:23.511 [ INFO] maestro.orchestra.Orchestra.scrollUntilVisible: Element bounds: Bounds(x=238, y=1171, width=103, height=49)
14:04:23.511 [ INFO] maestro.orchestra.Orchestra.scrollUntilVisible: Visibility Percent: 1.0
14:04:23.512 [ INFO] maestro.orchestra.Orchestra.scrollUntilVisible: Command centerElement: ScrollUntilVisibleCommand(selector=ElementSelector(textRegex=Loyer, idRegex=null, size=null, below=null, above=null, leftOf=null, rightOf=null, containsChild=null, containsDescendants=null, traits=null, index=null, enabled=null, optional=false, selected=null, checked=null, focused=null, childOf=null, css=null), direction=DOWN, scrollDuration=601, visibilityPercentage=100, timeout=20000, waitToSettleTimeoutMs=null, centerElement=false, originalSpeedValue=40, label=null, optional=false).centerElement
14:04:23.512 [ INFO] maestro.orchestra.Orchestra.scrollUntilVisible: visibilityPercentageNormalized: 1.0
14:04:23.512 [ INFO] maestro.cli.runner.CliConsoleListener.onCommandFinished: Scrolling DOWN until "Loyer" is visible with speed 40, visibility percentage 100%, timeout 20000 ms, with centering disabled COMPLETED
14:04:23.512 [ INFO] maestro.cli.runner.CliConsoleListener.onCommandStart: Scroll vertically RUNNING
14:04:23.512 [ INFO] maestro.Maestro.scrollVertical: Scrolling vertically
14:04:24.162 [ INFO] maestro.cli.runner.CliConsoleListener.onCommandFinished: Scroll vertically COMPLETED
14:04:24.162 [ INFO] maestro.cli.runner.CliConsoleListener.onCommandStart: Assert that "Loyer updated" is not visible RUNNING
14:04:24.791 [ INFO] maestro.cli.runner.CliConsoleListener.onCommandFinished: Assert that "Loyer updated" is not visible COMPLETED
