22:17:30.556 [ INFO] maestro.cli.runner.CliConsoleListener.onCommandStart: Define variables RUNNING
22:17:30.556 [ INFO] maestro.cli.runner.CliConsoleListener.onCommandFinished: Define variables COMPLETED
22:17:30.557 [ INFO] maestro.cli.runner.CliConsoleListener.onCommandStart: Apply configuration RUNNING
22:17:30.557 [ INFO] maestro.cli.runner.CliConsoleListener.onCommandFinished: Apply configuration COMPLETED
22:17:30.557 [ INFO] maestro.cli.runner.CliConsoleListener.onCommandStart: Run ../../.maestro/subflows/bootstrap_monthly.yaml RUNNING
22:17:30.557 [ INFO] maestro.cli.runner.CliConsoleListener.onCommandStart: Apply configuration RUNNING
22:17:30.558 [ INFO] maestro.cli.runner.CliConsoleListener.onCommandFinished: Apply configuration COMPLETED
22:17:30.558 [ INFO] maestro.cli.runner.CliConsoleListener.onCommandStart: Run ../../scripts/dates.js RUNNING
22:17:30.591 [ INFO] maestro.orchestra.Orchestra.executeCommands$lambda$23$lambda$21: JsConsole: Maestro Dates Initialized: Prev=septembre / Sept. / 09 (2026)
22:17:30.592 [ INFO] maestro.orchestra.Orchestra.executeCommands$lambda$23$lambda$21: JsConsole: Maestro Dates Initialized: Curr=octobre / Oct. / 10 (2026)
22:17:30.592 [ INFO] maestro.orchestra.Orchestra.executeCommands$lambda$23$lambda$21: JsConsole: Maestro Dates Initialized: Next=novembre / Nov. / 11 (2026)
22:17:30.593 [ INFO] maestro.cli.runner.CliConsoleListener.onCommandFinished: Run ../../scripts/dates.js COMPLETED
22:17:30.593 [ INFO] maestro.cli.runner.CliConsoleListener.onCommandStart: Launch app "com.lop.budget" with clear state RUNNING
22:17:30.593 [ INFO] maestro.Maestro.clearAppState$lambda$8: Clearing app state com.lop.budget
22:17:32.738 [ INFO] maestro.Maestro.launchApp$lambda$5: Launching app com.lop.budget
22:17:32.738 [ INFO] maestro.Maestro.launchApp$lambda$5: Stopping com.lop.budget app during launch
22:17:32.839 [ INFO] maestro.cli.runner.CliConsoleListener.onCommandFinished: Launch app "com.lop.budget" with clear state COMPLETED
22:17:32.839 [ INFO] maestro.cli.runner.CliConsoleListener.onCommandStart: Run open_monthly_history.yaml RUNNING
22:17:32.839 [ INFO] maestro.cli.runner.CliConsoleListener.onCommandStart: Apply configuration RUNNING
22:17:32.839 [ INFO] maestro.cli.runner.CliConsoleListener.onCommandFinished: Apply configuration COMPLETED
22:17:32.839 [ INFO] maestro.cli.runner.CliConsoleListener.onCommandStart: Run flow when id: screen.monthly is not visible RUNNING
22:17:33.380 [ INFO] maestro.cli.runner.CliConsoleListener.onCommandStart: Scrolling DOWN until id: recent_transactions_see_all is visible with speed 40, visibility percentage 100%, timeout 20000 ms, with centering enabled RUNNING
22:17:33.979 [ WARN] maestro.orchestra.Orchestra.scrollUntilVisible: Error: maestro.MaestroException$ElementNotFound: Element not found: Id matching regex: recent_transactions_see_all
22:17:33.987 [ INFO] maestro.Maestro.swipeFromCenter: Swiping UP from center
22:17:37.488 [ INFO] maestro.orchestra.Orchestra.scrollUntilVisible: Scrolling try count: 0, DeviceWidth: 1080, DeviceWidth: 2400
22:17:37.489 [ INFO] maestro.orchestra.Orchestra.scrollUntilVisible: Element bounds: Bounds(x=763, y=2033, width=243, height=126)
22:17:37.489 [ INFO] maestro.orchestra.Orchestra.scrollUntilVisible: Visibility Percent: 1.0
22:17:37.489 [ INFO] maestro.orchestra.Orchestra.scrollUntilVisible: Command centerElement: ScrollUntilVisibleCommand(selector=ElementSelector(textRegex=null, idRegex=recent_transactions_see_all, size=null, below=null, above=null, leftOf=null, rightOf=null, containsChild=null, containsDescendants=null, traits=null, index=null, enabled=null, optional=false, selected=null, checked=null, focused=null, childOf=null, css=null), direction=DOWN, scrollDuration=601, visibilityPercentage=100, timeout=20000, waitToSettleTimeoutMs=null, centerElement=true, originalSpeedValue=40, label=null, optional=false).centerElement
22:17:37.489 [ INFO] maestro.orchestra.Orchestra.scrollUntilVisible: visibilityPercentageNormalized: 1.0
22:17:37.492 [ INFO] maestro.Maestro.swipeFromCenter: Swiping UP from center
22:17:38.616 [ INFO] maestro.orchestra.Orchestra.scrollUntilVisible: Scrolling try count: 1, DeviceWidth: 1080, DeviceWidth: 2400
22:17:38.616 [ INFO] maestro.orchestra.Orchestra.scrollUntilVisible: Element bounds: Bounds(x=763, y=1304, width=243, height=126)
22:17:38.616 [ INFO] maestro.orchestra.Orchestra.scrollUntilVisible: Visibility Percent: 1.0
22:17:38.616 [ INFO] maestro.orchestra.Orchestra.scrollUntilVisible: Command centerElement: ScrollUntilVisibleCommand(selector=ElementSelector(textRegex=null, idRegex=recent_transactions_see_all, size=null, below=null, above=null, leftOf=null, rightOf=null, containsChild=null, containsDescendants=null, traits=null, index=null, enabled=null, optional=false, selected=null, checked=null, focused=null, childOf=null, css=null), direction=DOWN, scrollDuration=601, visibilityPercentage=100, timeout=20000, waitToSettleTimeoutMs=null, centerElement=true, originalSpeedValue=40, label=null, optional=false).centerElement
22:17:38.616 [ INFO] maestro.orchestra.Orchestra.scrollUntilVisible: visibilityPercentageNormalized: 1.0
22:17:38.616 [ INFO] maestro.cli.runner.CliConsoleListener.onCommandFinished: Scrolling DOWN until id: recent_transactions_see_all is visible with speed 40, visibility percentage 100%, timeout 20000 ms, with centering enabled COMPLETED
22:17:38.616 [ INFO] maestro.cli.runner.CliConsoleListener.onCommandStart: Tap on id: recent_transactions_see_all RUNNING
22:17:38.723 [ INFO] maestro.Maestro.tap-HgV9Ck0: Tapping on element:  UiElement(treeNode=TreeNode(attributes={text=, accessibilityText=, hintText=, ignoreBoundsFiltering=false, resource-id=recent_transactions_see_all, clickable=true, bounds=[763,1304][1006,1430], enabled=true, focused=false, checked=false, scrollable=false, selected=false, class=android.view.View, important-for-accessibility=true, error=}, children=[TreeNode(attributes={text=Voir tout, accessibilityText=, hintText=, ignoreBoundsFiltering=false, resource-id=, clickable=false, bounds=[795,1340][932,1393], enabled=true, focused=false, checked=false, scrollable=false, selected=false, class=android.widget.TextView, important-for-accessibility=true, error=}, children=[], clickable=false, enabled=true, focused=false, checked=false, selected=false), TreeNode(attributes={text=, accessibilityText=, hintText=, ignoreBoundsFiltering=false, resource-id=, clickable=false, bounds=[763,1314][1006,1419], enabled=true, focused=false, checked=false, scrollable=false, selected=false, class=android.widget.Button, important-for-accessibility=true, error=}, children=[], clickable=false, enabled=true, focused=false, checked=false, selected=false)], clickable=true, enabled=true, focused=false, checked=false, selected=false), bounds=Bounds(x=763, y=1304, width=243, height=126))
22:17:39.977 [ INFO] maestro.Maestro.tap-HgV9Ck0: Tap aimed via settled hierarchy
22:17:39.977 [ INFO] maestro.Maestro.hierarchyBasedTap-ogj28Uc: Tapping at (884, 1367) using hierarchy based logic for wait
22:17:41.220 [ INFO] maestro.Maestro.hierarchyBasedTap-ogj28Uc: Something has changed in the UI judging by view hierarchy. Proceed.
22:17:41.220 [ INFO] maestro.cli.runner.CliConsoleListener.onCommandFinished: Tap on id: recent_transactions_see_all COMPLETED
22:17:41.220 [ INFO] maestro.cli.runner.CliConsoleListener.onCommandStart: Assert that id: screen.monthly is visible RUNNING
22:17:41.313 [ INFO] maestro.cli.runner.CliConsoleListener.onCommandFinished: Assert that id: screen.monthly is visible COMPLETED
22:17:41.313 [ INFO] maestro.cli.runner.CliConsoleListener.onCommandFinished: Run flow when id: screen.monthly is not visible COMPLETED
22:17:41.314 [ INFO] maestro.cli.runner.CliConsoleListener.onCommandStart: Wait for animation to end within 5000 ms RUNNING
22:17:41.314 [ INFO] maestro.Maestro.waitForAnimationToEnd$lambda$53: Waiting for animation to end with timeout 5000
22:17:41.314 [TRACE] maestro.utils.ScreenshotUtils.takeScreenshot: Taking screenshot to byte array
22:17:41.314 [TRACE] maestro.utils.ScreenshotUtils.takeScreenshot: Taking screenshot to output sink
22:17:41.547 [TRACE] maestro.utils.ScreenshotUtils.takeScreenshot: Taking screenshot to byte array
22:17:41.548 [TRACE] maestro.utils.ScreenshotUtils.takeScreenshot: Taking screenshot to output sink
22:17:41.989 [ INFO] maestro.cli.runner.CliConsoleListener.onCommandFinished: Wait for animation to end within 5000 ms COMPLETED
22:17:41.989 [ INFO] maestro.cli.runner.CliConsoleListener.onCommandFinished: Run open_monthly_history.yaml COMPLETED
22:17:41.989 [ INFO] maestro.cli.runner.CliConsoleListener.onCommandFinished: Run ../../.maestro/subflows/bootstrap_monthly.yaml COMPLETED
22:17:41.989 [ INFO] maestro.cli.runner.CliConsoleListener.onCommandStart: Run console.log("ALL : prefill = valeurs de la série, effet M-1, M et M+1, zéro doublon")
 RUNNING
22:17:41.989 [ INFO] maestro.cli.runner.CliConsoleListener.onCommandFinished: Run console.log("ALL : prefill = valeurs de la série, effet M-1, M et M+1, zéro doublon")
 COMPLETED
22:17:41.989 [ INFO] maestro.cli.runner.CliConsoleListener.onCommandStart: Run ../../.maestro/subflows/navigate_to_edit.yaml RUNNING
22:17:41.990 [ INFO] maestro.cli.runner.CliConsoleListener.onCommandStart: Define variables RUNNING
22:17:41.990 [ INFO] maestro.cli.runner.CliConsoleListener.onCommandFinished: Define variables COMPLETED
22:17:41.990 [ INFO] maestro.cli.runner.CliConsoleListener.onCommandStart: Apply configuration RUNNING
22:17:41.990 [ INFO] maestro.cli.runner.CliConsoleListener.onCommandFinished: Apply configuration COMPLETED
22:17:41.990 [ INFO] maestro.cli.runner.CliConsoleListener.onCommandStart: Tap on "${transactionName}" RUNNING
22:17:42.071 [ INFO] maestro.Maestro.tap-HgV9Ck0: Tapping on element:  UiElement(treeNode=TreeNode(attributes={text=Loyer, accessibilityText=, hintText=, ignoreBoundsFiltering=false, resource-id=transaction.item.title, clickable=false, bounds=[238,1403][341,1452], enabled=true, focused=false, checked=false, scrollable=false, selected=false, class=android.widget.TextView, important-for-accessibility=true, error=}, children=[], clickable=false, enabled=true, focused=false, checked=false, selected=false), bounds=Bounds(x=238, y=1403, width=103, height=49))
22:17:43.364 [ INFO] maestro.Maestro.tap-HgV9Ck0: Tap aimed via settled hierarchy
22:17:43.364 [ INFO] maestro.Maestro.hierarchyBasedTap-ogj28Uc: Tapping at (289, 1427) using hierarchy based logic for wait
22:17:44.292 [ INFO] maestro.Maestro.hierarchyBasedTap-ogj28Uc: Something has changed in the UI judging by view hierarchy. Proceed.
22:17:44.292 [ INFO] maestro.cli.runner.CliConsoleListener.onCommandFinished: Tap on "${transactionName}" COMPLETED
22:17:44.292 [ INFO] maestro.cli.runner.CliConsoleListener.onCommandStart: Assert that id: screen.transaction.detail is visible RUNNING
22:17:44.367 [ INFO] maestro.cli.runner.CliConsoleListener.onCommandFinished: Assert that id: screen.transaction.detail is visible COMPLETED
22:17:44.367 [ INFO] maestro.cli.runner.CliConsoleListener.onCommandStart: Tap on id: transaction.detail.edit RUNNING
22:17:44.476 [ INFO] maestro.Maestro.tap-HgV9Ck0: Tapping on element:  UiElement(treeNode=TreeNode(attributes={text=, accessibilityText=, hintText=, ignoreBoundsFiltering=false, resource-id=transaction.detail.edit, clickable=true, bounds=[775,339][901,465], enabled=true, focused=false, checked=false, scrollable=false, selected=false, class=android.view.View, important-for-accessibility=true, error=}, children=[TreeNode(attributes={text=, accessibilityText=Modifier, hintText=, ignoreBoundsFiltering=false, resource-id=, clickable=false, bounds=[806,370][869,433], enabled=true, focused=false, checked=false, scrollable=false, selected=false, class=android.view.View, important-for-accessibility=true, error=}, children=[], clickable=false, enabled=true, focused=false, checked=false, selected=false)], clickable=true, enabled=true, focused=false, checked=false, selected=false), bounds=Bounds(x=775, y=339, width=126, height=126))
22:17:45.705 [ INFO] maestro.Maestro.tap-HgV9Ck0: Tap aimed via settled hierarchy
22:17:45.705 [ INFO] maestro.Maestro.hierarchyBasedTap-ogj28Uc: Tapping at (838, 402) using hierarchy based logic for wait
22:17:47.327 [ INFO] maestro.Maestro.hierarchyBasedTap-ogj28Uc: Something has changed in the UI judging by view hierarchy. Proceed.
22:17:47.327 [ INFO] maestro.cli.runner.CliConsoleListener.onCommandFinished: Tap on id: transaction.detail.edit COMPLETED
22:17:47.328 [ INFO] maestro.cli.runner.CliConsoleListener.onCommandStart: Assert that "Modifier la transaction ?" is visible RUNNING
22:17:47.433 [ INFO] maestro.cli.runner.CliConsoleListener.onCommandFinished: Assert that "Modifier la transaction ?" is visible COMPLETED
22:17:47.433 [ INFO] maestro.cli.runner.CliConsoleListener.onCommandStart: Tap on "${scopeSelection}" RUNNING
22:17:47.462 [ INFO] maestro.Maestro.tap-HgV9Ck0: Tapping on element:  UiElement(treeNode=TreeNode(attributes={text=Toute la série, accessibilityText=, hintText=, ignoreBoundsFiltering=false, resource-id=, clickable=false, bounds=[180,1843][435,1892], enabled=true, focused=false, checked=false, scrollable=false, selected=false, class=android.widget.TextView, important-for-accessibility=true, error=}, children=[], clickable=false, enabled=true, focused=false, checked=false, selected=false), bounds=Bounds(x=180, y=1843, width=255, height=49))
22:17:48.641 [ INFO] maestro.Maestro.tap-HgV9Ck0: Tap aimed via settled hierarchy
22:17:48.642 [ INFO] maestro.Maestro.hierarchyBasedTap-ogj28Uc: Tapping at (307, 1867) using hierarchy based logic for wait
22:17:49.933 [ INFO] maestro.Maestro.hierarchyBasedTap-ogj28Uc: Something has changed in the UI judging by view hierarchy. Proceed.
22:17:49.933 [ INFO] maestro.cli.runner.CliConsoleListener.onCommandFinished: Tap on "${scopeSelection}" COMPLETED
22:17:49.934 [ INFO] maestro.cli.runner.CliConsoleListener.onCommandStart: Assert that id: common.btn.save is visible RUNNING
22:17:49.973 [ INFO] maestro.cli.runner.CliConsoleListener.onCommandFinished: Assert that id: common.btn.save is visible COMPLETED
22:17:49.973 [ INFO] maestro.cli.runner.CliConsoleListener.onCommandFinished: Run ../../.maestro/subflows/navigate_to_edit.yaml COMPLETED
22:17:49.973 [ INFO] maestro.cli.runner.CliConsoleListener.onCommandStart: Run ../../.maestro/subflows/assert_edit_form_prefilled.yaml RUNNING
22:17:49.973 [ INFO] maestro.cli.runner.CliConsoleListener.onCommandStart: Define variables RUNNING
22:17:49.974 [ INFO] maestro.cli.runner.CliConsoleListener.onCommandFinished: Define variables COMPLETED
22:17:49.974 [ INFO] maestro.cli.runner.CliConsoleListener.onCommandStart: Apply configuration RUNNING
22:17:49.974 [ INFO] maestro.cli.runner.CliConsoleListener.onCommandFinished: Apply configuration COMPLETED
22:17:49.974 [ INFO] maestro.cli.runner.CliConsoleListener.onCommandStart: Assert that "${title}", id: transaction.edit.field.title is visible RUNNING
22:17:50.098 [ INFO] maestro.cli.runner.CliConsoleListener.onCommandFinished: Assert that "${title}", id: transaction.edit.field.title is visible COMPLETED
22:17:50.098 [ INFO] maestro.cli.runner.CliConsoleListener.onCommandStart: Assert that "${amount}", id: transaction.edit.field.amount is visible RUNNING
22:17:50.210 [ INFO] maestro.cli.runner.CliConsoleListener.onCommandFinished: Assert that "${amount}", id: transaction.edit.field.amount is visible COMPLETED
22:17:50.210 [ INFO] maestro.cli.runner.CliConsoleListener.onCommandStart: Assert that "${type || "Dépense ✅"}" is visible RUNNING
22:17:50.322 [ INFO] maestro.cli.runner.CliConsoleListener.onCommandFinished: Assert that "${type || "Dépense ✅"}" is visible COMPLETED
22:17:50.322 [ INFO] maestro.cli.runner.CliConsoleListener.onCommandStart: Assert that "${category}" is visible RUNNING
22:17:50.440 [ INFO] maestro.cli.runner.CliConsoleListener.onCommandFinished: Assert that "${category}" is visible COMPLETED
22:17:50.440 [ INFO] maestro.cli.runner.CliConsoleListener.onCommandStart: Assert that "${account}" is visible RUNNING
22:17:50.563 [ INFO] maestro.cli.runner.CliConsoleListener.onCommandFinished: Assert that "${account}" is visible COMPLETED
22:17:50.563 [ INFO] maestro.cli.runner.CliConsoleListener.onCommandFinished: Run ../../.maestro/subflows/assert_edit_form_prefilled.yaml COMPLETED
22:17:50.563 [ INFO] maestro.cli.runner.CliConsoleListener.onCommandStart: Scrolling DOWN until id: transaction.edit.block.recurrence is visible with speed 40, visibility percentage 100%, timeout 20000 ms, with centering disabled RUNNING
22:17:51.288 [ WARN] maestro.orchestra.Orchestra.scrollUntilVisible: Error: maestro.MaestroException$ElementNotFound: Element not found: Id matching regex: transaction.edit.block.recurrence
22:17:51.330 [ INFO] maestro.Maestro.swipeFromCenter: Swiping UP from center
22:17:52.932 [ WARN] maestro.orchestra.Orchestra.scrollUntilVisible: Error: maestro.MaestroException$ElementNotFound: Element not found: Id matching regex: transaction.edit.block.recurrence
22:17:52.974 [ INFO] maestro.Maestro.swipeFromCenter: Swiping UP from center
22:17:54.053 [ INFO] maestro.orchestra.Orchestra.scrollUntilVisible: Scrolling try count: 0, DeviceWidth: 1080, DeviceWidth: 2400
22:17:54.054 [ INFO] maestro.orchestra.Orchestra.scrollUntilVisible: Element bounds: Bounds(x=53, y=1590, width=974, height=441)
22:17:54.054 [ INFO] maestro.orchestra.Orchestra.scrollUntilVisible: Visibility Percent: 1.0
22:17:54.054 [ INFO] maestro.orchestra.Orchestra.scrollUntilVisible: Command centerElement: ScrollUntilVisibleCommand(selector=ElementSelector(textRegex=null, idRegex=transaction.edit.block.recurrence, size=null, below=null, above=null, leftOf=null, rightOf=null, containsChild=null, containsDescendants=null, traits=null, index=null, enabled=null, optional=false, selected=null, checked=null, focused=null, childOf=null, css=null), direction=DOWN, scrollDuration=601, visibilityPercentage=100, timeout=20000, waitToSettleTimeoutMs=null, centerElement=false, originalSpeedValue=40, label=null, optional=false).centerElement
22:17:54.054 [ INFO] maestro.orchestra.Orchestra.scrollUntilVisible: visibilityPercentageNormalized: 1.0
22:17:54.054 [ INFO] maestro.cli.runner.CliConsoleListener.onCommandFinished: Scrolling DOWN until id: transaction.edit.block.recurrence is visible with speed 40, visibility percentage 100%, timeout 20000 ms, with centering disabled COMPLETED
22:17:54.054 [ INFO] maestro.cli.runner.CliConsoleListener.onCommandStart: Scrolling DOWN until id: transaction.edit.field.frequency is visible with speed 40, visibility percentage 100%, timeout 20000 ms, with centering enabled RUNNING
22:17:54.160 [ INFO] maestro.orchestra.Orchestra.scrollUntilVisible: Scrolling try count: 0, DeviceWidth: 1080, DeviceWidth: 2400
22:17:54.160 [ INFO] maestro.orchestra.Orchestra.scrollUntilVisible: Element bounds: Bounds(x=100, y=1805, width=880, height=179)
22:17:54.160 [ INFO] maestro.orchestra.Orchestra.scrollUntilVisible: Visibility Percent: 1.0
22:17:54.160 [ INFO] maestro.orchestra.Orchestra.scrollUntilVisible: Command centerElement: ScrollUntilVisibleCommand(selector=ElementSelector(textRegex=null, idRegex=transaction.edit.field.frequency, size=null, below=null, above=null, leftOf=null, rightOf=null, containsChild=null, containsDescendants=null, traits=null, index=null, enabled=null, optional=false, selected=null, checked=null, focused=null, childOf=null, css=null), direction=DOWN, scrollDuration=601, visibilityPercentage=100, timeout=20000, waitToSettleTimeoutMs=null, centerElement=true, originalSpeedValue=40, label=null, optional=false).centerElement
22:17:54.161 [ INFO] maestro.orchestra.Orchestra.scrollUntilVisible: visibilityPercentageNormalized: 1.0
22:17:54.202 [ INFO] maestro.Maestro.swipeFromCenter: Swiping UP from center
22:17:55.190 [ INFO] maestro.orchestra.Orchestra.scrollUntilVisible: Scrolling try count: 1, DeviceWidth: 1080, DeviceWidth: 2400
22:17:55.190 [ INFO] maestro.orchestra.Orchestra.scrollUntilVisible: Element bounds: Bounds(x=100, y=1805, width=880, height=179)
22:17:55.190 [ INFO] maestro.orchestra.Orchestra.scrollUntilVisible: Visibility Percent: 1.0
22:17:55.190 [ INFO] maestro.orchestra.Orchestra.scrollUntilVisible: Command centerElement: ScrollUntilVisibleCommand(selector=ElementSelector(textRegex=null, idRegex=transaction.edit.field.frequency, size=null, below=null, above=null, leftOf=null, rightOf=null, containsChild=null, containsDescendants=null, traits=null, index=null, enabled=null, optional=false, selected=null, checked=null, focused=null, childOf=null, css=null), direction=DOWN, scrollDuration=601, visibilityPercentage=100, timeout=20000, waitToSettleTimeoutMs=null, centerElement=true, originalSpeedValue=40, label=null, optional=false).centerElement
22:17:55.190 [ INFO] maestro.orchestra.Orchestra.scrollUntilVisible: visibilityPercentageNormalized: 1.0
22:17:55.232 [ INFO] maestro.Maestro.swipeFromCenter: Swiping UP from center
22:17:56.282 [ INFO] maestro.orchestra.Orchestra.scrollUntilVisible: Scrolling try count: 2, DeviceWidth: 1080, DeviceWidth: 2400
22:17:56.282 [ INFO] maestro.orchestra.Orchestra.scrollUntilVisible: Element bounds: Bounds(x=100, y=1805, width=880, height=179)
22:17:56.282 [ INFO] maestro.orchestra.Orchestra.scrollUntilVisible: Visibility Percent: 1.0
22:17:56.282 [ INFO] maestro.orchestra.Orchestra.scrollUntilVisible: Command centerElement: ScrollUntilVisibleCommand(selector=ElementSelector(textRegex=null, idRegex=transaction.edit.field.frequency, size=null, below=null, above=null, leftOf=null, rightOf=null, containsChild=null, containsDescendants=null, traits=null, index=null, enabled=null, optional=false, selected=null, checked=null, focused=null, childOf=null, css=null), direction=DOWN, scrollDuration=601, visibilityPercentage=100, timeout=20000, waitToSettleTimeoutMs=null, centerElement=true, originalSpeedValue=40, label=null, optional=false).centerElement
22:17:56.282 [ INFO] maestro.orchestra.Orchestra.scrollUntilVisible: visibilityPercentageNormalized: 1.0
22:17:56.321 [ INFO] maestro.Maestro.swipeFromCenter: Swiping UP from center
22:17:57.364 [ INFO] maestro.orchestra.Orchestra.scrollUntilVisible: Scrolling try count: 3, DeviceWidth: 1080, DeviceWidth: 2400
22:17:57.364 [ INFO] maestro.orchestra.Orchestra.scrollUntilVisible: Element bounds: Bounds(x=100, y=1805, width=880, height=179)
22:17:57.364 [ INFO] maestro.orchestra.Orchestra.scrollUntilVisible: Visibility Percent: 1.0
22:17:57.364 [ INFO] maestro.orchestra.Orchestra.scrollUntilVisible: Command centerElement: ScrollUntilVisibleCommand(selector=ElementSelector(textRegex=null, idRegex=transaction.edit.field.frequency, size=null, below=null, above=null, leftOf=null, rightOf=null, containsChild=null, containsDescendants=null, traits=null, index=null, enabled=null, optional=false, selected=null, checked=null, focused=null, childOf=null, css=null), direction=DOWN, scrollDuration=601, visibilityPercentage=100, timeout=20000, waitToSettleTimeoutMs=null, centerElement=true, originalSpeedValue=40, label=null, optional=false).centerElement
22:17:57.364 [ INFO] maestro.orchestra.Orchestra.scrollUntilVisible: visibilityPercentageNormalized: 1.0
22:17:57.406 [ INFO] maestro.Maestro.swipeFromCenter: Swiping UP from center
22:17:58.444 [ INFO] maestro.orchestra.Orchestra.scrollUntilVisible: Scrolling try count: 4, DeviceWidth: 1080, DeviceWidth: 2400
22:17:58.444 [ INFO] maestro.orchestra.Orchestra.scrollUntilVisible: Element bounds: Bounds(x=100, y=1805, width=880, height=179)
22:17:58.444 [ INFO] maestro.orchestra.Orchestra.scrollUntilVisible: Visibility Percent: 1.0
22:17:58.444 [ INFO] maestro.orchestra.Orchestra.scrollUntilVisible: Command centerElement: ScrollUntilVisibleCommand(selector=ElementSelector(textRegex=null, idRegex=transaction.edit.field.frequency, size=null, below=null, above=null, leftOf=null, rightOf=null, containsChild=null, containsDescendants=null, traits=null, index=null, enabled=null, optional=false, selected=null, checked=null, focused=null, childOf=null, css=null), direction=DOWN, scrollDuration=601, visibilityPercentage=100, timeout=20000, waitToSettleTimeoutMs=null, centerElement=true, originalSpeedValue=40, label=null, optional=false).centerElement
22:17:58.444 [ INFO] maestro.orchestra.Orchestra.scrollUntilVisible: visibilityPercentageNormalized: 1.0
22:17:58.486 [ INFO] maestro.Maestro.swipeFromCenter: Swiping UP from center
22:17:59.499 [ INFO] maestro.orchestra.Orchestra.scrollUntilVisible: Scrolling try count: 5, DeviceWidth: 1080, DeviceWidth: 2400
22:17:59.499 [ INFO] maestro.orchestra.Orchestra.scrollUntilVisible: Element bounds: Bounds(x=100, y=1805, width=880, height=179)
22:17:59.499 [ INFO] maestro.orchestra.Orchestra.scrollUntilVisible: Visibility Percent: 1.0
22:17:59.499 [ INFO] maestro.orchestra.Orchestra.scrollUntilVisible: Command centerElement: ScrollUntilVisibleCommand(selector=ElementSelector(textRegex=null, idRegex=transaction.edit.field.frequency, size=null, below=null, above=null, leftOf=null, rightOf=null, containsChild=null, containsDescendants=null, traits=null, index=null, enabled=null, optional=false, selected=null, checked=null, focused=null, childOf=null, css=null), direction=DOWN, scrollDuration=601, visibilityPercentage=100, timeout=20000, waitToSettleTimeoutMs=null, centerElement=true, originalSpeedValue=40, label=null, optional=false).centerElement
22:17:59.499 [ INFO] maestro.orchestra.Orchestra.scrollUntilVisible: visibilityPercentageNormalized: 1.0
22:17:59.499 [ INFO] maestro.cli.runner.CliConsoleListener.onCommandFinished: Scrolling DOWN until id: transaction.edit.field.frequency is visible with speed 40, visibility percentage 100%, timeout 20000 ms, with centering enabled COMPLETED
22:17:59.499 [ INFO] maestro.cli.runner.CliConsoleListener.onCommandStart: Assert that "Tous les mois" is visible RUNNING
22:17:59.604 [ INFO] maestro.cli.runner.CliConsoleListener.onCommandFinished: Assert that "Tous les mois" is visible COMPLETED
22:17:59.604 [ INFO] maestro.cli.runner.CliConsoleListener.onCommandStart: Tap on id: transaction.edit.btn.advanced RUNNING
22:17:59.708 [ INFO] maestro.Maestro.tap-HgV9Ck0: Tapping on element:  UiElement(treeNode=TreeNode(attributes={text=, accessibilityText=, hintText=, ignoreBoundsFiltering=false, resource-id=transaction.edit.btn.advanced, clickable=true, bounds=[567,1638][980,1764], enabled=true, focused=false, checked=false, scrollable=false, selected=false, class=android.view.View, important-for-accessibility=true, error=}, children=[TreeNode(attributes={text=Options avancées, accessibilityText=, hintText=, ignoreBoundsFiltering=false, resource-id=, clickable=false, bounds=[599,1674][885,1727], enabled=true, focused=false, checked=false, scrollable=false, selected=false, class=android.widget.TextView, important-for-accessibility=true, error=}, children=[], clickable=false, enabled=true, focused=false, checked=false, selected=false), TreeNode(attributes={text=, accessibilityText=, hintText=, ignoreBoundsFiltering=false, resource-id=, clickable=false, bounds=[567,1648][980,1753], enabled=true, focused=false, checked=false, scrollable=false, selected=false, class=android.widget.Button, important-for-accessibility=true, error=}, children=[], clickable=false, enabled=true, focused=false, checked=false, selected=false)], clickable=true, enabled=true, focused=false, checked=false, selected=false), bounds=Bounds(x=567, y=1638, width=413, height=126))
22:18:00.932 [ INFO] maestro.Maestro.tap-HgV9Ck0: Tap aimed via settled hierarchy
22:18:00.933 [ INFO] maestro.Maestro.hierarchyBasedTap-ogj28Uc: Tapping at (773, 1701) using hierarchy based logic for wait
22:18:01.656 [ INFO] maestro.Maestro.hierarchyBasedTap-ogj28Uc: Something has changed in the UI judging by view hierarchy. Proceed.
22:18:01.656 [ INFO] maestro.cli.runner.CliConsoleListener.onCommandFinished: Tap on id: transaction.edit.btn.advanced COMPLETED
22:18:01.656 [ INFO] maestro.cli.runner.CliConsoleListener.onCommandStart: Scrolling DOWN until "occurrences" is visible with speed 40, visibility percentage 100%, timeout 20000 ms, with centering disabled RUNNING
22:18:02.468 [ WARN] maestro.orchestra.Orchestra.scrollUntilVisible: Error: maestro.MaestroException$ElementNotFound: Element not found: Text matching regex: occurrences
22:18:02.474 [ INFO] maestro.Maestro.swipeFromCenter: Swiping UP from center
22:18:03.472 [ INFO] maestro.orchestra.Orchestra.scrollUntilVisible: Scrolling try count: 0, DeviceWidth: 1080, DeviceWidth: 2400
22:18:03.473 [ INFO] maestro.orchestra.Orchestra.scrollUntilVisible: Element bounds: Bounds(x=587, y=1887, width=230, height=63)
22:18:03.473 [ INFO] maestro.orchestra.Orchestra.scrollUntilVisible: Visibility Percent: 1.0
22:18:03.473 [ INFO] maestro.orchestra.Orchestra.scrollUntilVisible: Command centerElement: ScrollUntilVisibleCommand(selector=ElementSelector(textRegex=occurrences, idRegex=null, size=null, below=null, above=null, leftOf=null, rightOf=null, containsChild=null, containsDescendants=null, traits=null, index=null, enabled=null, optional=false, selected=null, checked=null, focused=null, childOf=null, css=null), direction=DOWN, scrollDuration=601, visibilityPercentage=100, timeout=20000, waitToSettleTimeoutMs=null, centerElement=false, originalSpeedValue=40, label=null, optional=false).centerElement
22:18:03.473 [ INFO] maestro.orchestra.Orchestra.scrollUntilVisible: visibilityPercentageNormalized: 1.0
22:18:03.473 [ INFO] maestro.cli.runner.CliConsoleListener.onCommandFinished: Scrolling DOWN until "occurrences" is visible with speed 40, visibility percentage 100%, timeout 20000 ms, with centering disabled COMPLETED
22:18:03.473 [ INFO] maestro.cli.runner.CliConsoleListener.onCommandStart: Assert that "1", id: transaction.edit.field.interval is visible RUNNING
22:18:03.597 [ INFO] maestro.cli.runner.CliConsoleListener.onCommandFinished: Assert that "1", id: transaction.edit.field.interval is visible COMPLETED
22:18:03.597 [ INFO] maestro.cli.runner.CliConsoleListener.onCommandStart: Repeat 3 times RUNNING
22:18:03.599 [ INFO] maestro.cli.runner.CliConsoleListener.onCommandStart: Swiping in DOWN direction in 400 ms RUNNING
22:18:04.304 [ INFO] maestro.cli.runner.CliConsoleListener.onCommandFinished: Swiping in DOWN direction in 400 ms COMPLETED
22:18:04.304 [ INFO] maestro.cli.runner.CliConsoleListener.onCommandReset: Swiping in DOWN direction in 400 ms PENDING
22:18:04.304 [ INFO] maestro.cli.runner.CliConsoleListener.onCommandStart: Swiping in DOWN direction in 400 ms RUNNING
22:18:04.992 [ INFO] maestro.cli.runner.CliConsoleListener.onCommandFinished: Swiping in DOWN direction in 400 ms COMPLETED
22:18:04.992 [ INFO] maestro.cli.runner.CliConsoleListener.onCommandReset: Swiping in DOWN direction in 400 ms PENDING
22:18:04.992 [ INFO] maestro.cli.runner.CliConsoleListener.onCommandStart: Swiping in DOWN direction in 400 ms RUNNING
22:18:05.776 [ INFO] maestro.cli.runner.CliConsoleListener.onCommandFinished: Swiping in DOWN direction in 400 ms COMPLETED
22:18:05.776 [ INFO] maestro.cli.runner.CliConsoleListener.onCommandFinished: Repeat 3 times COMPLETED
22:18:05.776 [ INFO] maestro.cli.runner.CliConsoleListener.onCommandStart: Scrolling UP until id: transaction.edit.field.title is visible with speed 40, visibility percentage 100%, timeout 20000 ms, with centering disabled RUNNING
22:18:05.889 [ INFO] maestro.orchestra.Orchestra.scrollUntilVisible: Scrolling try count: 0, DeviceWidth: 1080, DeviceWidth: 2400
22:18:05.889 [ INFO] maestro.orchestra.Orchestra.scrollUntilVisible: Element bounds: Bounds(x=100, y=991, width=880, height=147)
22:18:05.889 [ INFO] maestro.orchestra.Orchestra.scrollUntilVisible: Visibility Percent: 1.0
22:18:05.889 [ INFO] maestro.orchestra.Orchestra.scrollUntilVisible: Command centerElement: ScrollUntilVisibleCommand(selector=ElementSelector(textRegex=null, idRegex=transaction.edit.field.title, size=null, below=null, above=null, leftOf=null, rightOf=null, containsChild=null, containsDescendants=null, traits=null, index=null, enabled=null, optional=false, selected=null, checked=null, focused=null, childOf=null, css=null), direction=UP, scrollDuration=601, visibilityPercentage=100, timeout=20000, waitToSettleTimeoutMs=null, centerElement=false, originalSpeedValue=40, label=null, optional=false).centerElement
22:18:05.889 [ INFO] maestro.orchestra.Orchestra.scrollUntilVisible: visibilityPercentageNormalized: 1.0
22:18:05.889 [ INFO] maestro.cli.runner.CliConsoleListener.onCommandFinished: Scrolling UP until id: transaction.edit.field.title is visible with speed 40, visibility percentage 100%, timeout 20000 ms, with centering disabled COMPLETED
22:18:05.889 [ INFO] maestro.cli.runner.CliConsoleListener.onCommandStart: Run ../../.maestro/subflows/update_amount.yaml RUNNING
22:18:05.890 [ INFO] maestro.cli.runner.CliConsoleListener.onCommandStart: Define variables RUNNING
22:18:05.890 [ INFO] maestro.cli.runner.CliConsoleListener.onCommandFinished: Define variables COMPLETED
22:18:05.890 [ INFO] maestro.cli.runner.CliConsoleListener.onCommandStart: Apply configuration RUNNING
22:18:05.890 [ INFO] maestro.cli.runner.CliConsoleListener.onCommandFinished: Apply configuration COMPLETED
22:18:05.890 [ INFO] maestro.cli.runner.CliConsoleListener.onCommandStart: Run clear_text_field.yaml RUNNING
22:18:05.890 [ INFO] maestro.cli.runner.CliConsoleListener.onCommandStart: Define variables RUNNING
22:18:05.894 [ INFO] maestro.cli.runner.CliConsoleListener.onCommandFinished: Define variables COMPLETED
22:18:05.894 [ INFO] maestro.cli.runner.CliConsoleListener.onCommandStart: Apply configuration RUNNING
22:18:05.894 [ INFO] maestro.cli.runner.CliConsoleListener.onCommandFinished: Apply configuration COMPLETED
22:18:05.894 [ INFO] maestro.cli.runner.CliConsoleListener.onCommandStart: Tap on id: ${target_id} RUNNING
22:18:05.996 [ INFO] maestro.Maestro.tap-HgV9Ck0: Tapping on element:  UiElement(treeNode=TreeNode(attributes={text=Loyer, accessibilityText=, hintText=, ignoreBoundsFiltering=false, resource-id=transaction.edit.field.title, clickable=true, bounds=[100,991][980,1138], enabled=true, focused=false, checked=false, scrollable=false, selected=false, class=android.widget.EditText, important-for-accessibility=true, error=}, children=[TreeNode(attributes={text=, accessibilityText=, hintText=, ignoreBoundsFiltering=false, resource-id=, clickable=false, bounds=[100,991][980,1138], enabled=true, focused=false, checked=false, scrollable=false, selected=false, class=android.view.View, important-for-accessibility=false, error=}, children=[], clickable=false, enabled=true, focused=false, checked=false, selected=false), TreeNode(attributes={text=, accessibilityText=, hintText=, ignoreBoundsFiltering=false, resource-id=, clickable=false, bounds=[142,1002][938,1128], enabled=true, focused=false, checked=false, scrollable=false, selected=false, class=android.view.View, important-for-accessibility=false, error=}, children=[], clickable=false, enabled=true, focused=false, checked=false, selected=false)], clickable=true, enabled=true, focused=false, checked=false, selected=false), bounds=Bounds(x=100, y=991, width=880, height=147))
22:18:07.216 [ INFO] maestro.Maestro.tap-HgV9Ck0: Tap aimed via settled hierarchy
22:18:07.216 [ INFO] maestro.Maestro.hierarchyBasedTap-ogj28Uc: Tapping at (540, 1064) using hierarchy based logic for wait
22:18:09.413 [ INFO] maestro.Maestro.hierarchyBasedTap-ogj28Uc: Something has changed in the UI judging by view hierarchy. Proceed.
22:18:09.413 [ INFO] maestro.cli.runner.CliConsoleListener.onCommandFinished: Tap on id: ${target_id} COMPLETED
22:18:09.413 [ INFO] maestro.cli.runner.CliConsoleListener.onCommandStart: Long press on id: ${target_id} RUNNING
22:18:09.524 [ INFO] maestro.Maestro.tap-HgV9Ck0: Tapping on element:  UiElement(treeNode=TreeNode(attributes={text=Loyer, accessibilityText=, hintText=, ignoreBoundsFiltering=false, resource-id=transaction.edit.field.title, clickable=true, bounds=[100,991][980,1138], enabled=true, focused=true, checked=false, scrollable=false, selected=false, class=android.widget.EditText, important-for-accessibility=true, error=}, children=[TreeNode(attributes={text=, accessibilityText=, hintText=, ignoreBoundsFiltering=false, resource-id=, clickable=false, bounds=[100,991][980,1138], enabled=true, focused=false, checked=false, scrollable=false, selected=false, class=android.view.View, important-for-accessibility=false, error=}, children=[], clickable=false, enabled=true, focused=false, checked=false, selected=false), TreeNode(attributes={text=, accessibilityText=, hintText=, ignoreBoundsFiltering=false, resource-id=, clickable=false, bounds=[142,1040][938,1089], enabled=true, focused=false, checked=false, scrollable=false, selected=false, class=android.view.View, important-for-accessibility=false, error=}, children=[], clickable=false, enabled=true, focused=false, checked=false, selected=false)], clickable=true, enabled=true, focused=true, checked=false, selected=false), bounds=Bounds(x=100, y=991, width=880, height=147))
22:18:10.833 [ INFO] maestro.Maestro.tap-HgV9Ck0: Tap aimed via settled hierarchy
22:18:10.834 [ INFO] maestro.Maestro.hierarchyBasedTap-ogj28Uc: Tapping at (540, 1064) using hierarchy based logic for wait
22:18:15.289 [ INFO] maestro.Maestro.hierarchyBasedTap-ogj28Uc: Something has changed in the UI judging by view hierarchy. Proceed.
22:18:15.290 [ INFO] maestro.cli.runner.CliConsoleListener.onCommandFinished: Long press on id: ${target_id} COMPLETED
22:18:15.290 [ INFO] maestro.cli.runner.CliConsoleListener.onCommandStart: Assert that (Optional) "Tout sélectionner|Select all" is visible RUNNING
22:18:15.485 [ INFO] maestro.cli.runner.CliConsoleListener.onCommandFinished: Assert that (Optional) "Tout sélectionner|Select all" is visible COMPLETED
22:18:15.485 [ INFO] maestro.cli.runner.CliConsoleListener.onCommandStart: Run flow when "Tout sélectionner|Select all" is not visible RUNNING
22:18:22.330 [ INFO] maestro.orchestra.Orchestra.executeSubflowCommands: [Command execution subflow] CommandSkipped: null
22:18:22.331 [ INFO] maestro.cli.runner.CliConsoleListener.onCommandFinished: Run flow when "Tout sélectionner|Select all" is not visible SKIPPED
22:18:22.331 [ INFO] maestro.cli.runner.CliConsoleListener.onCommandStart: Tap on "Tout sélectionner|Select all" RUNNING
22:18:22.523 [ INFO] maestro.Maestro.tap-HgV9Ck0: Tapping on element:  UiElement(treeNode=TreeNode(attributes={text=Select all, accessibilityText=, hintText=, ignoreBoundsFiltering=false, resource-id=android:id/floating_toolbar_menu_item_text, clickable=false, bounds=[85,893][234,1019], enabled=true, focused=false, checked=false, scrollable=false, selected=false, class=android.widget.TextView, important-for-accessibility=false, error=}, children=[], clickable=false, enabled=true, focused=false, checked=false, selected=false), bounds=Bounds(x=85, y=893, width=149, height=126))
22:18:23.821 [ INFO] maestro.Maestro.tap-HgV9Ck0: Tap aimed via settled hierarchy
22:18:23.822 [ INFO] maestro.Maestro.hierarchyBasedTap-ogj28Uc: Tapping at (159, 956) using hierarchy based logic for wait
22:18:26.097 [ INFO] maestro.Maestro.hierarchyBasedTap-ogj28Uc: Something has changed in the UI judging by view hierarchy. Proceed.
22:18:26.097 [ INFO] maestro.cli.runner.CliConsoleListener.onCommandFinished: Tap on "Tout sélectionner|Select all" COMPLETED
22:18:26.097 [ INFO] maestro.cli.runner.CliConsoleListener.onCommandStart: Erase 1 characters RUNNING
22:18:26.099 [ INFO] maestro.Maestro.eraseText$lambda$52: Erasing 1 characters
22:18:27.052 [ INFO] maestro.cli.runner.CliConsoleListener.onCommandFinished: Erase 1 characters COMPLETED
22:18:27.052 [ INFO] maestro.cli.runner.CliConsoleListener.onCommandFinished: Run clear_text_field.yaml COMPLETED
22:18:27.052 [ INFO] maestro.cli.runner.CliConsoleListener.onCommandStart: Input text ${new_value} RUNNING
22:18:27.056 [ INFO] maestro.Maestro.inputText: Inputting text: Loyer updated
22:18:31.104 [ INFO] maestro.cli.runner.CliConsoleListener.onCommandFinished: Input text ${new_value} COMPLETED
22:18:31.104 [ INFO] maestro.cli.runner.CliConsoleListener.onCommandStart: Hide Keyboard RUNNING
22:18:31.105 [ INFO] maestro.Maestro.hideKeyboard$lambda$12: Hiding Keyboard
22:18:32.014 [ INFO] maestro.cli.runner.CliConsoleListener.onCommandFinished: Hide Keyboard COMPLETED
22:18:32.015 [ INFO] maestro.cli.runner.CliConsoleListener.onCommandStart: Tap on id: common.btn.save RUNNING
22:18:32.088 [ INFO] maestro.Maestro.tap-HgV9Ck0: Tapping on element:  UiElement(treeNode=TreeNode(attributes={text=, accessibilityText=, hintText=, ignoreBoundsFiltering=false, resource-id=common.btn.save, clickable=true, bounds=[53,2137][1027,2284], enabled=true, focused=false, checked=false, scrollable=false, selected=false, class=android.view.View, important-for-accessibility=true, error=}, children=[TreeNode(attributes={text=Enregistrer, accessibilityText=, hintText=, ignoreBoundsFiltering=false, resource-id=, clickable=false, bounds=[452,2184][629,2237], enabled=true, focused=false, checked=false, scrollable=false, selected=false, class=android.widget.TextView, important-for-accessibility=true, error=}, children=[], clickable=false, enabled=true, focused=false, checked=false, selected=false), TreeNode(attributes={text=, accessibilityText=, hintText=, ignoreBoundsFiltering=false, resource-id=, clickable=false, bounds=[53,2137][1027,2284], enabled=true, focused=false, checked=false, scrollable=false, selected=false, class=android.widget.Button, important-for-accessibility=true, error=}, children=[], clickable=false, enabled=true, focused=false, checked=false, selected=false)], clickable=true, enabled=true, focused=false, checked=false, selected=false), bounds=Bounds(x=53, y=2137, width=974, height=147))
22:18:33.324 [ INFO] maestro.Maestro.tap-HgV9Ck0: Tap aimed via settled hierarchy
22:18:33.324 [ INFO] maestro.Maestro.hierarchyBasedTap-ogj28Uc: Tapping at (540, 2210) using hierarchy based logic for wait
22:18:34.524 [ INFO] maestro.Maestro.hierarchyBasedTap-ogj28Uc: Something has changed in the UI judging by view hierarchy. Proceed.
22:18:34.524 [ INFO] maestro.cli.runner.CliConsoleListener.onCommandFinished: Tap on id: common.btn.save COMPLETED
22:18:34.524 [ INFO] maestro.cli.runner.CliConsoleListener.onCommandFinished: Run ../../.maestro/subflows/update_amount.yaml COMPLETED
22:18:34.524 [ INFO] maestro.cli.runner.CliConsoleListener.onCommandStart: Assert that id: screen.transaction.detail is visible RUNNING
22:18:34.633 [ INFO] maestro.cli.runner.CliConsoleListener.onCommandFinished: Assert that id: screen.transaction.detail is visible COMPLETED
22:18:34.634 [ INFO] maestro.cli.runner.CliConsoleListener.onCommandStart: Assert that "Loyer updated" is visible RUNNING
22:18:34.737 [ INFO] maestro.cli.runner.CliConsoleListener.onCommandFinished: Assert that "Loyer updated" is visible COMPLETED
22:18:34.737 [ INFO] maestro.cli.runner.CliConsoleListener.onCommandStart: Run ../../.maestro/subflows/change_month.yaml RUNNING
22:18:34.737 [ INFO] maestro.cli.runner.CliConsoleListener.onCommandStart: Define variables RUNNING
22:18:34.743 [ INFO] maestro.cli.runner.CliConsoleListener.onCommandFinished: Define variables COMPLETED
22:18:34.743 [ INFO] maestro.cli.runner.CliConsoleListener.onCommandStart: Apply configuration RUNNING
22:18:34.743 [ INFO] maestro.cli.runner.CliConsoleListener.onCommandFinished: Apply configuration COMPLETED
22:18:34.743 [ INFO] maestro.cli.runner.CliConsoleListener.onCommandStart: Run console.log("Subflow Navigation -> Month: " + month_name + " Year: " + year);
 RUNNING
22:18:34.743 [ INFO] maestro.cli.runner.CliConsoleListener.onCommandFinished: Run console.log("Subflow Navigation -> Month: " + month_name + " Year: " + year);
 COMPLETED
22:18:34.743 [ INFO] maestro.cli.runner.CliConsoleListener.onCommandStart: Repeat while id: home.month.picker is not visible RUNNING
22:18:35.384 [ INFO] maestro.cli.runner.CliConsoleListener.onCommandStart: Tap on id: common.btn.back RUNNING
22:18:35.500 [ INFO] maestro.Maestro.tap-HgV9Ck0: Tapping on element:  UiElement(treeNode=TreeNode(attributes={text=, accessibilityText=, hintText=, ignoreBoundsFiltering=false, resource-id=common.btn.back, clickable=true, bounds=[12,150][138,276], enabled=true, focused=false, checked=false, scrollable=false, selected=false, class=android.view.View, important-for-accessibility=true, error=}, children=[TreeNode(attributes={text=, accessibilityText=Retour, hintText=, ignoreBoundsFiltering=false, resource-id=, clickable=false, bounds=[43,181][106,244], enabled=true, focused=false, checked=false, scrollable=false, selected=false, class=android.view.View, important-for-accessibility=true, error=}, children=[], clickable=false, enabled=true, focused=false, checked=false, selected=false), TreeNode(attributes={text=, accessibilityText=, hintText=, ignoreBoundsFiltering=false, resource-id=, clickable=false, bounds=[22,160][127,265], enabled=true, focused=false, checked=false, scrollable=false, selected=false, class=android.widget.Button, important-for-accessibility=true, error=}, children=[], clickable=false, enabled=true, focused=false, checked=false, selected=false)], clickable=true, enabled=true, focused=false, checked=false, selected=false), bounds=Bounds(x=12, y=150, width=126, height=126))
22:18:36.716 [ INFO] maestro.Maestro.tap-HgV9Ck0: Tap aimed via settled hierarchy
22:18:36.717 [ INFO] maestro.Maestro.hierarchyBasedTap-ogj28Uc: Tapping at (75, 213) using hierarchy based logic for wait
22:18:37.364 [ INFO] maestro.Maestro.hierarchyBasedTap-ogj28Uc: Something has changed in the UI judging by view hierarchy. Proceed.
22:18:37.364 [ INFO] maestro.cli.runner.CliConsoleListener.onCommandFinished: Tap on id: common.btn.back COMPLETED
22:18:37.933 [ INFO] maestro.cli.runner.CliConsoleListener.onCommandReset: Tap on id: common.btn.back PENDING
22:18:37.933 [ INFO] maestro.cli.runner.CliConsoleListener.onCommandStart: Tap on id: common.btn.back RUNNING
22:18:38.033 [ INFO] maestro.Maestro.tap-HgV9Ck0: Tapping on element:  UiElement(treeNode=TreeNode(attributes={text=, accessibilityText=, hintText=, ignoreBoundsFiltering=false, resource-id=common.btn.back, clickable=true, bounds=[12,150][138,276], enabled=true, focused=false, checked=false, scrollable=false, selected=false, class=android.view.View, important-for-accessibility=true, error=}, children=[TreeNode(attributes={text=, accessibilityText=Retour, hintText=, ignoreBoundsFiltering=false, resource-id=, clickable=false, bounds=[43,181][106,244], enabled=true, focused=false, checked=false, scrollable=false, selected=false, class=android.view.View, important-for-accessibility=true, error=}, children=[], clickable=false, enabled=true, focused=false, checked=false, selected=false), TreeNode(attributes={text=, accessibilityText=, hintText=, ignoreBoundsFiltering=false, resource-id=, clickable=false, bounds=[22,160][127,265], enabled=true, focused=false, checked=false, scrollable=false, selected=false, class=android.widget.Button, important-for-accessibility=true, error=}, children=[], clickable=false, enabled=true, focused=false, checked=false, selected=false)], clickable=true, enabled=true, focused=false, checked=false, selected=false), bounds=Bounds(x=12, y=150, width=126, height=126))
22:18:39.268 [ INFO] maestro.Maestro.tap-HgV9Ck0: Tap aimed via settled hierarchy
22:18:39.269 [ INFO] maestro.Maestro.hierarchyBasedTap-ogj28Uc: Tapping at (75, 213) using hierarchy based logic for wait
22:18:40.053 [ INFO] maestro.Maestro.hierarchyBasedTap-ogj28Uc: Something has changed in the UI judging by view hierarchy. Proceed.
22:18:40.054 [ INFO] maestro.cli.runner.CliConsoleListener.onCommandFinished: Tap on id: common.btn.back COMPLETED
22:18:47.105 [ INFO] maestro.cli.runner.CliConsoleListener.onCommandFinished: Repeat while id: home.month.picker is not visible COMPLETED
22:18:47.105 [ INFO] maestro.cli.runner.CliConsoleListener.onCommandStart: Tap on id: home.month.picker RUNNING
22:18:47.176 [ INFO] maestro.Maestro.tap-HgV9Ck0: Tapping on element:  UiElement(treeNode=TreeNode(attributes={text=, accessibilityText=, hintText=, ignoreBoundsFiltering=false, resource-id=home.month.picker, clickable=true, bounds=[53,181][396,307], enabled=true, focused=false, checked=false, scrollable=false, selected=false, class=android.view.View, important-for-accessibility=true, error=}, children=[TreeNode(attributes={text=Octobre 2026, accessibilityText=, hintText=, ignoreBoundsFiltering=false, resource-id=, clickable=false, bounds=[143,217][364,270], enabled=true, focused=false, checked=false, scrollable=false, selected=false, class=android.widget.TextView, important-for-accessibility=true, error=}, children=[], clickable=false, enabled=true, focused=false, checked=false, selected=false)], clickable=true, enabled=true, focused=false, checked=false, selected=false), bounds=Bounds(x=53, y=181, width=343, height=126))
22:18:48.367 [ INFO] maestro.Maestro.tap-HgV9Ck0: Tap aimed via settled hierarchy
22:18:48.367 [ INFO] maestro.Maestro.hierarchyBasedTap-ogj28Uc: Tapping at (224, 244) using hierarchy based logic for wait
22:18:49.951 [ INFO] maestro.Maestro.hierarchyBasedTap-ogj28Uc: Something has changed in the UI judging by view hierarchy. Proceed.
22:18:49.951 [ INFO] maestro.cli.runner.CliConsoleListener.onCommandFinished: Tap on id: home.month.picker COMPLETED
22:18:49.951 [ INFO] maestro.cli.runner.CliConsoleListener.onCommandStart: Run flow when ${year > output.CURRENT_YEAR} is true RUNNING
22:18:49.957 [ INFO] maestro.orchestra.Orchestra.executeSubflowCommands: [Command execution subflow] CommandSkipped: null
22:18:49.958 [ INFO] maestro.cli.runner.CliConsoleListener.onCommandFinished: Run flow when ${year > output.CURRENT_YEAR} is true SKIPPED
22:18:49.958 [ INFO] maestro.cli.runner.CliConsoleListener.onCommandStart: Run flow when ${year < output.CURRENT_YEAR} is true RUNNING
22:18:49.960 [ INFO] maestro.orchestra.Orchestra.executeSubflowCommands: [Command execution subflow] CommandSkipped: null
22:18:49.960 [ INFO] maestro.cli.runner.CliConsoleListener.onCommandFinished: Run flow when ${year < output.CURRENT_YEAR} is true SKIPPED
22:18:49.960 [ INFO] maestro.cli.runner.CliConsoleListener.onCommandStart: Tap on "${month_name}" RUNNING
22:18:50.020 [ INFO] maestro.Maestro.tap-HgV9Ck0: Tapping on element:  UiElement(treeNode=TreeNode(attributes={text=Nov., accessibilityText=, hintText=, ignoreBoundsFiltering=false, resource-id=, clickable=false, bounds=[498,2123][583,2172], enabled=true, focused=false, checked=false, scrollable=false, selected=false, class=android.widget.TextView, important-for-accessibility=true, error=}, children=[], clickable=false, enabled=true, focused=false, checked=false, selected=false), bounds=Bounds(x=498, y=2123, width=85, height=49))
22:18:51.190 [ INFO] maestro.Maestro.tap-HgV9Ck0: Tap aimed via settled hierarchy
22:18:51.190 [ INFO] maestro.Maestro.hierarchyBasedTap-ogj28Uc: Tapping at (540, 2147) using hierarchy based logic for wait
22:18:52.293 [ INFO] maestro.Maestro.hierarchyBasedTap-ogj28Uc: Something has changed in the UI judging by view hierarchy. Proceed.
22:18:52.293 [ INFO] maestro.cli.runner.CliConsoleListener.onCommandFinished: Tap on "${month_name}" COMPLETED
22:18:52.293 [ INFO] maestro.cli.runner.CliConsoleListener.onCommandStart: Run open_monthly_history.yaml RUNNING
22:18:52.293 [ INFO] maestro.cli.runner.CliConsoleListener.onCommandStart: Apply configuration RUNNING
22:18:52.293 [ INFO] maestro.cli.runner.CliConsoleListener.onCommandFinished: Apply configuration COMPLETED
22:18:52.293 [ INFO] maestro.cli.runner.CliConsoleListener.onCommandStart: Run flow when id: screen.monthly is not visible RUNNING
22:18:52.932 [ INFO] maestro.cli.runner.CliConsoleListener.onCommandStart: Scrolling DOWN until id: recent_transactions_see_all is visible with speed 40, visibility percentage 100%, timeout 20000 ms, with centering enabled RUNNING
22:18:53.050 [ INFO] maestro.orchestra.Orchestra.scrollUntilVisible: Scrolling try count: 0, DeviceWidth: 1080, DeviceWidth: 2400
22:18:53.050 [ INFO] maestro.orchestra.Orchestra.scrollUntilVisible: Element bounds: Bounds(x=763, y=1505, width=243, height=126)
22:18:53.050 [ INFO] maestro.orchestra.Orchestra.scrollUntilVisible: Visibility Percent: 1.0
22:18:53.050 [ INFO] maestro.orchestra.Orchestra.scrollUntilVisible: Command centerElement: ScrollUntilVisibleCommand(selector=ElementSelector(textRegex=null, idRegex=recent_transactions_see_all, size=null, below=null, above=null, leftOf=null, rightOf=null, containsChild=null, containsDescendants=null, traits=null, index=null, enabled=null, optional=false, selected=null, checked=null, focused=null, childOf=null, css=null), direction=DOWN, scrollDuration=601, visibilityPercentage=100, timeout=20000, waitToSettleTimeoutMs=null, centerElement=true, originalSpeedValue=40, label=null, optional=false).centerElement
22:18:53.050 [ INFO] maestro.orchestra.Orchestra.scrollUntilVisible: visibilityPercentageNormalized: 1.0
22:18:53.050 [ INFO] maestro.cli.runner.CliConsoleListener.onCommandFinished: Scrolling DOWN until id: recent_transactions_see_all is visible with speed 40, visibility percentage 100%, timeout 20000 ms, with centering enabled COMPLETED
22:18:53.050 [ INFO] maestro.cli.runner.CliConsoleListener.onCommandStart: Tap on id: recent_transactions_see_all RUNNING
22:18:53.206 [ INFO] maestro.Maestro.tap-HgV9Ck0: Tapping on element:  UiElement(treeNode=TreeNode(attributes={text=, accessibilityText=, hintText=, ignoreBoundsFiltering=false, resource-id=recent_transactions_see_all, clickable=true, bounds=[763,1505][1006,1631], enabled=true, focused=false, checked=false, scrollable=false, selected=false, class=android.view.View, important-for-accessibility=true, error=}, children=[TreeNode(attributes={text=Voir tout, accessibilityText=, hintText=, ignoreBoundsFiltering=false, resource-id=, clickable=false, bounds=[795,1541][932,1594], enabled=true, focused=false, checked=false, scrollable=false, selected=false, class=android.widget.TextView, important-for-accessibility=true, error=}, children=[], clickable=false, enabled=true, focused=false, checked=false, selected=false), TreeNode(attributes={text=, accessibilityText=, hintText=, ignoreBoundsFiltering=false, resource-id=, clickable=false, bounds=[763,1515][1006,1620], enabled=true, focused=false, checked=false, scrollable=false, selected=false, class=android.widget.Button, important-for-accessibility=true, error=}, children=[], clickable=false, enabled=true, focused=false, checked=false, selected=false)], clickable=true, enabled=true, focused=false, checked=false, selected=false), bounds=Bounds(x=763, y=1505, width=243, height=126))
22:18:54.428 [ INFO] maestro.Maestro.tap-HgV9Ck0: Tap aimed via settled hierarchy
22:18:54.429 [ INFO] maestro.Maestro.hierarchyBasedTap-ogj28Uc: Tapping at (884, 1568) using hierarchy based logic for wait
22:18:55.342 [ INFO] maestro.Maestro.hierarchyBasedTap-ogj28Uc: Something has changed in the UI judging by view hierarchy. Proceed.
22:18:55.342 [ INFO] maestro.cli.runner.CliConsoleListener.onCommandFinished: Tap on id: recent_transactions_see_all COMPLETED
22:18:55.342 [ INFO] maestro.cli.runner.CliConsoleListener.onCommandStart: Assert that id: screen.monthly is visible RUNNING
22:18:55.453 [ INFO] maestro.cli.runner.CliConsoleListener.onCommandFinished: Assert that id: screen.monthly is visible COMPLETED
22:18:55.453 [ INFO] maestro.cli.runner.CliConsoleListener.onCommandFinished: Run flow when id: screen.monthly is not visible COMPLETED
22:18:55.453 [ INFO] maestro.cli.runner.CliConsoleListener.onCommandStart: Wait for animation to end within 5000 ms RUNNING
22:18:55.454 [ INFO] maestro.Maestro.waitForAnimationToEnd$lambda$53: Waiting for animation to end with timeout 5000
22:18:55.454 [TRACE] maestro.utils.ScreenshotUtils.takeScreenshot: Taking screenshot to byte array
22:18:55.454 [TRACE] maestro.utils.ScreenshotUtils.takeScreenshot: Taking screenshot to output sink
22:18:55.666 [TRACE] maestro.utils.ScreenshotUtils.takeScreenshot: Taking screenshot to byte array
22:18:55.666 [TRACE] maestro.utils.ScreenshotUtils.takeScreenshot: Taking screenshot to output sink
22:18:56.065 [ INFO] maestro.cli.runner.CliConsoleListener.onCommandFinished: Wait for animation to end within 5000 ms COMPLETED
22:18:56.065 [ INFO] maestro.cli.runner.CliConsoleListener.onCommandFinished: Run open_monthly_history.yaml COMPLETED
22:18:56.065 [ INFO] maestro.cli.runner.CliConsoleListener.onCommandFinished: Run ../../.maestro/subflows/change_month.yaml COMPLETED
22:18:56.065 [ INFO] maestro.cli.runner.CliConsoleListener.onCommandStart: Scrolling DOWN until "Loyer updated" is visible with speed 40, visibility percentage 100%, timeout 20000 ms, with centering disabled RUNNING
22:18:56.133 [ INFO] maestro.orchestra.Orchestra.scrollUntilVisible: Scrolling try count: 0, DeviceWidth: 1080, DeviceWidth: 2400
22:18:56.133 [ INFO] maestro.orchestra.Orchestra.scrollUntilVisible: Element bounds: Bounds(x=238, y=1171, width=267, height=49)
22:18:56.133 [ INFO] maestro.orchestra.Orchestra.scrollUntilVisible: Visibility Percent: 1.0
22:18:56.133 [ INFO] maestro.orchestra.Orchestra.scrollUntilVisible: Command centerElement: ScrollUntilVisibleCommand(selector=ElementSelector(textRegex=Loyer updated, idRegex=null, size=null, below=null, above=null, leftOf=null, rightOf=null, containsChild=null, containsDescendants=null, traits=null, index=null, enabled=null, optional=false, selected=null, checked=null, focused=null, childOf=null, css=null), direction=DOWN, scrollDuration=601, visibilityPercentage=100, timeout=20000, waitToSettleTimeoutMs=null, centerElement=false, originalSpeedValue=40, label=null, optional=false).centerElement
22:18:56.133 [ INFO] maestro.orchestra.Orchestra.scrollUntilVisible: visibilityPercentageNormalized: 1.0
22:18:56.133 [ INFO] maestro.cli.runner.CliConsoleListener.onCommandFinished: Scrolling DOWN until "Loyer updated" is visible with speed 40, visibility percentage 100%, timeout 20000 ms, with centering disabled COMPLETED
22:18:56.133 [ INFO] maestro.cli.runner.CliConsoleListener.onCommandStart: Scroll vertically RUNNING
22:18:56.134 [ INFO] maestro.Maestro.scrollVertical: Scrolling vertically
22:18:56.776 [ INFO] maestro.cli.runner.CliConsoleListener.onCommandFinished: Scroll vertically COMPLETED
22:18:56.776 [ INFO] maestro.cli.runner.CliConsoleListener.onCommandStart: Assert that "Loyer" is not visible RUNNING
22:18:57.468 [ INFO] maestro.cli.runner.CliConsoleListener.onCommandFinished: Assert that "Loyer" is not visible COMPLETED
22:18:57.468 [ INFO] maestro.cli.runner.CliConsoleListener.onCommandStart: Run ../../.maestro/subflows/change_month.yaml RUNNING
22:18:57.468 [ INFO] maestro.cli.runner.CliConsoleListener.onCommandStart: Define variables RUNNING
22:18:57.473 [ INFO] maestro.cli.runner.CliConsoleListener.onCommandFinished: Define variables COMPLETED
22:18:57.474 [ INFO] maestro.cli.runner.CliConsoleListener.onCommandStart: Apply configuration RUNNING
22:18:57.474 [ INFO] maestro.cli.runner.CliConsoleListener.onCommandFinished: Apply configuration COMPLETED
22:18:57.474 [ INFO] maestro.cli.runner.CliConsoleListener.onCommandStart: Run console.log("Subflow Navigation -> Month: " + month_name + " Year: " + year);
 RUNNING
22:18:57.474 [ INFO] maestro.cli.runner.CliConsoleListener.onCommandFinished: Run console.log("Subflow Navigation -> Month: " + month_name + " Year: " + year);
 COMPLETED
22:18:57.474 [ INFO] maestro.cli.runner.CliConsoleListener.onCommandStart: Repeat while id: home.month.picker is not visible RUNNING
22:18:58.179 [ INFO] maestro.cli.runner.CliConsoleListener.onCommandStart: Tap on id: common.btn.back RUNNING
22:18:58.285 [ INFO] maestro.Maestro.tap-HgV9Ck0: Tapping on element:  UiElement(treeNode=TreeNode(attributes={text=, accessibilityText=, hintText=, ignoreBoundsFiltering=false, resource-id=common.btn.back, clickable=true, bounds=[12,150][138,276], enabled=true, focused=false, checked=false, scrollable=false, selected=false, class=android.view.View, important-for-accessibility=true, error=}, children=[TreeNode(attributes={text=, accessibilityText=Retour, hintText=, ignoreBoundsFiltering=false, resource-id=, clickable=false, bounds=[43,181][106,244], enabled=true, focused=false, checked=false, scrollable=false, selected=false, class=android.view.View, important-for-accessibility=true, error=}, children=[], clickable=false, enabled=true, focused=false, checked=false, selected=false), TreeNode(attributes={text=, accessibilityText=, hintText=, ignoreBoundsFiltering=false, resource-id=, clickable=false, bounds=[22,160][127,265], enabled=true, focused=false, checked=false, scrollable=false, selected=false, class=android.widget.Button, important-for-accessibility=true, error=}, children=[], clickable=false, enabled=true, focused=false, checked=false, selected=false)], clickable=true, enabled=true, focused=false, checked=false, selected=false), bounds=Bounds(x=12, y=150, width=126, height=126))
22:18:59.500 [ INFO] maestro.Maestro.tap-HgV9Ck0: Tap aimed via settled hierarchy
22:18:59.501 [ INFO] maestro.Maestro.hierarchyBasedTap-ogj28Uc: Tapping at (75, 213) using hierarchy based logic for wait
22:19:00.490 [ INFO] maestro.Maestro.hierarchyBasedTap-ogj28Uc: Something has changed in the UI judging by view hierarchy. Proceed.
22:19:00.490 [ INFO] maestro.cli.runner.CliConsoleListener.onCommandFinished: Tap on id: common.btn.back COMPLETED
22:19:07.534 [ INFO] maestro.cli.runner.CliConsoleListener.onCommandFinished: Repeat while id: home.month.picker is not visible COMPLETED
22:19:07.534 [ INFO] maestro.cli.runner.CliConsoleListener.onCommandStart: Tap on id: home.month.picker RUNNING
22:19:07.616 [ INFO] maestro.Maestro.tap-HgV9Ck0: Tapping on element:  UiElement(treeNode=TreeNode(attributes={text=, accessibilityText=, hintText=, ignoreBoundsFiltering=false, resource-id=home.month.picker, clickable=true, bounds=[53,181][434,307], enabled=true, focused=false, checked=false, scrollable=false, selected=false, class=android.view.View, important-for-accessibility=true, error=}, children=[TreeNode(attributes={text=Novembre 2026, accessibilityText=, hintText=, ignoreBoundsFiltering=false, resource-id=, clickable=false, bounds=[143,217][402,270], enabled=true, focused=false, checked=false, scrollable=false, selected=false, class=android.widget.TextView, important-for-accessibility=true, error=}, children=[], clickable=false, enabled=true, focused=false, checked=false, selected=false)], clickable=true, enabled=true, focused=false, checked=false, selected=false), bounds=Bounds(x=53, y=181, width=381, height=126))
22:19:08.846 [ INFO] maestro.Maestro.tap-HgV9Ck0: Tap aimed via settled hierarchy
22:19:08.847 [ INFO] maestro.Maestro.hierarchyBasedTap-ogj28Uc: Tapping at (243, 244) using hierarchy based logic for wait
22:19:10.456 [ INFO] maestro.Maestro.hierarchyBasedTap-ogj28Uc: Something has changed in the UI judging by view hierarchy. Proceed.
22:19:10.456 [ INFO] maestro.cli.runner.CliConsoleListener.onCommandFinished: Tap on id: home.month.picker COMPLETED
22:19:10.456 [ INFO] maestro.cli.runner.CliConsoleListener.onCommandStart: Run flow when ${year > output.CURRENT_YEAR} is true RUNNING
22:19:10.459 [ INFO] maestro.orchestra.Orchestra.executeSubflowCommands: [Command execution subflow] CommandSkipped: null
22:19:10.460 [ INFO] maestro.cli.runner.CliConsoleListener.onCommandFinished: Run flow when ${year > output.CURRENT_YEAR} is true SKIPPED
22:19:10.460 [ INFO] maestro.cli.runner.CliConsoleListener.onCommandStart: Run flow when ${year < output.CURRENT_YEAR} is true RUNNING
22:19:10.462 [ INFO] maestro.orchestra.Orchestra.executeSubflowCommands: [Command execution subflow] CommandSkipped: null
22:19:10.462 [ INFO] maestro.cli.runner.CliConsoleListener.onCommandFinished: Run flow when ${year < output.CURRENT_YEAR} is true SKIPPED
22:19:10.462 [ INFO] maestro.cli.runner.CliConsoleListener.onCommandStart: Tap on "${month_name}" RUNNING
22:19:10.533 [ INFO] maestro.Maestro.tap-HgV9Ck0: Tapping on element:  UiElement(treeNode=TreeNode(attributes={text=Sept., accessibilityText=, hintText=, ignoreBoundsFiltering=false, resource-id=, clickable=false, bounds=[827,1944][925,1993], enabled=true, focused=false, checked=false, scrollable=false, selected=false, class=android.widget.TextView, important-for-accessibility=true, error=}, children=[], clickable=false, enabled=true, focused=false, checked=false, selected=false), bounds=Bounds(x=827, y=1944, width=98, height=49))
22:19:11.752 [ INFO] maestro.Maestro.tap-HgV9Ck0: Tap aimed via settled hierarchy
22:19:11.752 [ INFO] maestro.Maestro.hierarchyBasedTap-ogj28Uc: Tapping at (876, 1968) using hierarchy based logic for wait
22:19:12.780 [ INFO] maestro.Maestro.hierarchyBasedTap-ogj28Uc: Something has changed in the UI judging by view hierarchy. Proceed.
22:19:12.780 [ INFO] maestro.cli.runner.CliConsoleListener.onCommandFinished: Tap on "${month_name}" COMPLETED
22:19:12.780 [ INFO] maestro.cli.runner.CliConsoleListener.onCommandStart: Run open_monthly_history.yaml RUNNING
22:19:12.780 [ INFO] maestro.cli.runner.CliConsoleListener.onCommandStart: Apply configuration RUNNING
22:19:12.780 [ INFO] maestro.cli.runner.CliConsoleListener.onCommandFinished: Apply configuration COMPLETED
22:19:12.780 [ INFO] maestro.cli.runner.CliConsoleListener.onCommandStart: Run flow when id: screen.monthly is not visible RUNNING
22:19:13.369 [ INFO] maestro.cli.runner.CliConsoleListener.onCommandStart: Scrolling DOWN until id: recent_transactions_see_all is visible with speed 40, visibility percentage 100%, timeout 20000 ms, with centering enabled RUNNING
22:19:13.481 [ INFO] maestro.orchestra.Orchestra.scrollUntilVisible: Scrolling try count: 0, DeviceWidth: 1080, DeviceWidth: 2400
22:19:13.481 [ INFO] maestro.orchestra.Orchestra.scrollUntilVisible: Element bounds: Bounds(x=763, y=1706, width=243, height=126)
22:19:13.481 [ INFO] maestro.orchestra.Orchestra.scrollUntilVisible: Visibility Percent: 1.0
22:19:13.481 [ INFO] maestro.orchestra.Orchestra.scrollUntilVisible: Command centerElement: ScrollUntilVisibleCommand(selector=ElementSelector(textRegex=null, idRegex=recent_transactions_see_all, size=null, below=null, above=null, leftOf=null, rightOf=null, containsChild=null, containsDescendants=null, traits=null, index=null, enabled=null, optional=false, selected=null, checked=null, focused=null, childOf=null, css=null), direction=DOWN, scrollDuration=601, visibilityPercentage=100, timeout=20000, waitToSettleTimeoutMs=null, centerElement=true, originalSpeedValue=40, label=null, optional=false).centerElement
22:19:13.481 [ INFO] maestro.orchestra.Orchestra.scrollUntilVisible: visibilityPercentageNormalized: 1.0
22:19:13.521 [ INFO] maestro.Maestro.swipeFromCenter: Swiping UP from center
22:19:14.605 [ INFO] maestro.orchestra.Orchestra.scrollUntilVisible: Scrolling try count: 1, DeviceWidth: 1080, DeviceWidth: 2400
22:19:14.605 [ INFO] maestro.orchestra.Orchestra.scrollUntilVisible: Element bounds: Bounds(x=763, y=1706, width=243, height=126)
22:19:14.605 [ INFO] maestro.orchestra.Orchestra.scrollUntilVisible: Visibility Percent: 1.0
22:19:14.605 [ INFO] maestro.orchestra.Orchestra.scrollUntilVisible: Command centerElement: ScrollUntilVisibleCommand(selector=ElementSelector(textRegex=null, idRegex=recent_transactions_see_all, size=null, below=null, above=null, leftOf=null, rightOf=null, containsChild=null, containsDescendants=null, traits=null, index=null, enabled=null, optional=false, selected=null, checked=null, focused=null, childOf=null, css=null), direction=DOWN, scrollDuration=601, visibilityPercentage=100, timeout=20000, waitToSettleTimeoutMs=null, centerElement=true, originalSpeedValue=40, label=null, optional=false).centerElement
22:19:14.605 [ INFO] maestro.orchestra.Orchestra.scrollUntilVisible: visibilityPercentageNormalized: 1.0
22:19:14.645 [ INFO] maestro.Maestro.swipeFromCenter: Swiping UP from center
22:19:15.581 [ INFO] maestro.orchestra.Orchestra.scrollUntilVisible: Scrolling try count: 2, DeviceWidth: 1080, DeviceWidth: 2400
22:19:15.581 [ INFO] maestro.orchestra.Orchestra.scrollUntilVisible: Element bounds: Bounds(x=763, y=1706, width=243, height=126)
22:19:15.581 [ INFO] maestro.orchestra.Orchestra.scrollUntilVisible: Visibility Percent: 1.0
22:19:15.581 [ INFO] maestro.orchestra.Orchestra.scrollUntilVisible: Command centerElement: ScrollUntilVisibleCommand(selector=ElementSelector(textRegex=null, idRegex=recent_transactions_see_all, size=null, below=null, above=null, leftOf=null, rightOf=null, containsChild=null, containsDescendants=null, traits=null, index=null, enabled=null, optional=false, selected=null, checked=null, focused=null, childOf=null, css=null), direction=DOWN, scrollDuration=601, visibilityPercentage=100, timeout=20000, waitToSettleTimeoutMs=null, centerElement=true, originalSpeedValue=40, label=null, optional=false).centerElement
22:19:15.581 [ INFO] maestro.orchestra.Orchestra.scrollUntilVisible: visibilityPercentageNormalized: 1.0
22:19:15.621 [ INFO] maestro.Maestro.swipeFromCenter: Swiping UP from center
22:19:16.661 [ INFO] maestro.orchestra.Orchestra.scrollUntilVisible: Scrolling try count: 3, DeviceWidth: 1080, DeviceWidth: 2400
22:19:16.661 [ INFO] maestro.orchestra.Orchestra.scrollUntilVisible: Element bounds: Bounds(x=763, y=1706, width=243, height=126)
22:19:16.661 [ INFO] maestro.orchestra.Orchestra.scrollUntilVisible: Visibility Percent: 1.0
22:19:16.661 [ INFO] maestro.orchestra.Orchestra.scrollUntilVisible: Command centerElement: ScrollUntilVisibleCommand(selector=ElementSelector(textRegex=null, idRegex=recent_transactions_see_all, size=null, below=null, above=null, leftOf=null, rightOf=null, containsChild=null, containsDescendants=null, traits=null, index=null, enabled=null, optional=false, selected=null, checked=null, focused=null, childOf=null, css=null), direction=DOWN, scrollDuration=601, visibilityPercentage=100, timeout=20000, waitToSettleTimeoutMs=null, centerElement=true, originalSpeedValue=40, label=null, optional=false).centerElement
22:19:16.661 [ INFO] maestro.orchestra.Orchestra.scrollUntilVisible: visibilityPercentageNormalized: 1.0
22:19:16.701 [ INFO] maestro.Maestro.swipeFromCenter: Swiping UP from center
22:19:17.757 [ INFO] maestro.orchestra.Orchestra.scrollUntilVisible: Scrolling try count: 4, DeviceWidth: 1080, DeviceWidth: 2400
22:19:17.757 [ INFO] maestro.orchestra.Orchestra.scrollUntilVisible: Element bounds: Bounds(x=763, y=1706, width=243, height=126)
22:19:17.757 [ INFO] maestro.orchestra.Orchestra.scrollUntilVisible: Visibility Percent: 1.0
22:19:17.757 [ INFO] maestro.orchestra.Orchestra.scrollUntilVisible: Command centerElement: ScrollUntilVisibleCommand(selector=ElementSelector(textRegex=null, idRegex=recent_transactions_see_all, size=null, below=null, above=null, leftOf=null, rightOf=null, containsChild=null, containsDescendants=null, traits=null, index=null, enabled=null, optional=false, selected=null, checked=null, focused=null, childOf=null, css=null), direction=DOWN, scrollDuration=601, visibilityPercentage=100, timeout=20000, waitToSettleTimeoutMs=null, centerElement=true, originalSpeedValue=40, label=null, optional=false).centerElement
22:19:17.757 [ INFO] maestro.orchestra.Orchestra.scrollUntilVisible: visibilityPercentageNormalized: 1.0
22:19:17.798 [ INFO] maestro.Maestro.swipeFromCenter: Swiping UP from center
22:19:18.829 [ INFO] maestro.orchestra.Orchestra.scrollUntilVisible: Scrolling try count: 5, DeviceWidth: 1080, DeviceWidth: 2400
22:19:18.829 [ INFO] maestro.orchestra.Orchestra.scrollUntilVisible: Element bounds: Bounds(x=763, y=1706, width=243, height=126)
22:19:18.829 [ INFO] maestro.orchestra.Orchestra.scrollUntilVisible: Visibility Percent: 1.0
22:19:18.829 [ INFO] maestro.orchestra.Orchestra.scrollUntilVisible: Command centerElement: ScrollUntilVisibleCommand(selector=ElementSelector(textRegex=null, idRegex=recent_transactions_see_all, size=null, below=null, above=null, leftOf=null, rightOf=null, containsChild=null, containsDescendants=null, traits=null, index=null, enabled=null, optional=false, selected=null, checked=null, focused=null, childOf=null, css=null), direction=DOWN, scrollDuration=601, visibilityPercentage=100, timeout=20000, waitToSettleTimeoutMs=null, centerElement=true, originalSpeedValue=40, label=null, optional=false).centerElement
22:19:18.829 [ INFO] maestro.orchestra.Orchestra.scrollUntilVisible: visibilityPercentageNormalized: 1.0
22:19:18.829 [ INFO] maestro.cli.runner.CliConsoleListener.onCommandFinished: Scrolling DOWN until id: recent_transactions_see_all is visible with speed 40, visibility percentage 100%, timeout 20000 ms, with centering enabled COMPLETED
22:19:18.829 [ INFO] maestro.cli.runner.CliConsoleListener.onCommandStart: Tap on id: recent_transactions_see_all RUNNING
22:19:18.893 [ INFO] maestro.Maestro.tap-HgV9Ck0: Tapping on element:  UiElement(treeNode=TreeNode(attributes={text=, accessibilityText=, hintText=, ignoreBoundsFiltering=false, resource-id=recent_transactions_see_all, clickable=true, bounds=[763,1706][1006,1832], enabled=true, focused=false, checked=false, scrollable=false, selected=false, class=android.view.View, important-for-accessibility=true, error=}, children=[TreeNode(attributes={text=Voir tout, accessibilityText=, hintText=, ignoreBoundsFiltering=false, resource-id=, clickable=false, bounds=[795,1742][932,1795], enabled=true, focused=false, checked=false, scrollable=false, selected=false, class=android.widget.TextView, important-for-accessibility=true, error=}, children=[], clickable=false, enabled=true, focused=false, checked=false, selected=false), TreeNode(attributes={text=, accessibilityText=, hintText=, ignoreBoundsFiltering=false, resource-id=, clickable=false, bounds=[763,1716][1006,1821], enabled=true, focused=false, checked=false, scrollable=false, selected=false, class=android.widget.Button, important-for-accessibility=true, error=}, children=[], clickable=false, enabled=true, focused=false, checked=false, selected=false)], clickable=true, enabled=true, focused=false, checked=false, selected=false), bounds=Bounds(x=763, y=1706, width=243, height=126))
22:19:20.112 [ INFO] maestro.Maestro.tap-HgV9Ck0: Tap aimed via settled hierarchy
22:19:20.113 [ INFO] maestro.Maestro.hierarchyBasedTap-ogj28Uc: Tapping at (884, 1769) using hierarchy based logic for wait
22:19:20.700 [ INFO] maestro.Maestro.hierarchyBasedTap-ogj28Uc: Something has changed in the UI judging by view hierarchy. Proceed.
22:19:20.701 [ INFO] maestro.cli.runner.CliConsoleListener.onCommandFinished: Tap on id: recent_transactions_see_all COMPLETED
22:19:20.701 [ INFO] maestro.cli.runner.CliConsoleListener.onCommandStart: Assert that id: screen.monthly is visible RUNNING
22:19:20.804 [ INFO] maestro.cli.runner.CliConsoleListener.onCommandFinished: Assert that id: screen.monthly is visible COMPLETED
22:19:20.805 [ INFO] maestro.cli.runner.CliConsoleListener.onCommandFinished: Run flow when id: screen.monthly is not visible COMPLETED
22:19:20.805 [ INFO] maestro.cli.runner.CliConsoleListener.onCommandStart: Wait for animation to end within 5000 ms RUNNING
22:19:20.805 [ INFO] maestro.Maestro.waitForAnimationToEnd$lambda$53: Waiting for animation to end with timeout 5000
22:19:20.805 [TRACE] maestro.utils.ScreenshotUtils.takeScreenshot: Taking screenshot to byte array
22:19:20.805 [TRACE] maestro.utils.ScreenshotUtils.takeScreenshot: Taking screenshot to output sink
22:19:21.022 [TRACE] maestro.utils.ScreenshotUtils.takeScreenshot: Taking screenshot to byte array
22:19:21.022 [TRACE] maestro.utils.ScreenshotUtils.takeScreenshot: Taking screenshot to output sink
22:19:21.527 [ INFO] maestro.cli.runner.CliConsoleListener.onCommandFinished: Wait for animation to end within 5000 ms COMPLETED
22:19:21.527 [ INFO] maestro.cli.runner.CliConsoleListener.onCommandFinished: Run open_monthly_history.yaml COMPLETED
22:19:21.527 [ INFO] maestro.cli.runner.CliConsoleListener.onCommandFinished: Run ../../.maestro/subflows/change_month.yaml COMPLETED
22:19:21.527 [ INFO] maestro.cli.runner.CliConsoleListener.onCommandStart: Scrolling DOWN until "Loyer updated" is visible with speed 40, visibility percentage 100%, timeout 20000 ms, with centering disabled RUNNING
22:19:21.596 [ INFO] maestro.orchestra.Orchestra.scrollUntilVisible: Scrolling try count: 0, DeviceWidth: 1080, DeviceWidth: 2400
22:19:21.596 [ INFO] maestro.orchestra.Orchestra.scrollUntilVisible: Element bounds: Bounds(x=238, y=1171, width=267, height=49)
22:19:21.596 [ INFO] maestro.orchestra.Orchestra.scrollUntilVisible: Visibility Percent: 1.0
22:19:21.596 [ INFO] maestro.orchestra.Orchestra.scrollUntilVisible: Command centerElement: ScrollUntilVisibleCommand(selector=ElementSelector(textRegex=Loyer updated, idRegex=null, size=null, below=null, above=null, leftOf=null, rightOf=null, containsChild=null, containsDescendants=null, traits=null, index=null, enabled=null, optional=false, selected=null, checked=null, focused=null, childOf=null, css=null), direction=DOWN, scrollDuration=601, visibilityPercentage=100, timeout=20000, waitToSettleTimeoutMs=null, centerElement=false, originalSpeedValue=40, label=null, optional=false).centerElement
22:19:21.596 [ INFO] maestro.orchestra.Orchestra.scrollUntilVisible: visibilityPercentageNormalized: 1.0
22:19:21.597 [ INFO] maestro.cli.runner.CliConsoleListener.onCommandFinished: Scrolling DOWN until "Loyer updated" is visible with speed 40, visibility percentage 100%, timeout 20000 ms, with centering disabled COMPLETED
22:19:21.597 [ INFO] maestro.cli.runner.CliConsoleListener.onCommandStart: Scroll vertically RUNNING
22:19:21.597 [ INFO] maestro.Maestro.scrollVertical: Scrolling vertically
22:19:22.232 [ INFO] maestro.cli.runner.CliConsoleListener.onCommandFinished: Scroll vertically COMPLETED
22:19:22.232 [ INFO] maestro.cli.runner.CliConsoleListener.onCommandStart: Assert that "Loyer" is not visible RUNNING
22:19:22.840 [ INFO] maestro.cli.runner.CliConsoleListener.onCommandFinished: Assert that "Loyer" is not visible COMPLETED
