22:15:39.117 [ INFO] maestro.cli.runner.CliConsoleListener.onCommandStart: Define variables RUNNING
22:15:39.122 [ INFO] maestro.cli.runner.CliConsoleListener.onCommandFinished: Define variables COMPLETED
22:15:39.123 [ INFO] maestro.cli.runner.CliConsoleListener.onCommandStart: Apply configuration RUNNING
22:15:39.123 [ INFO] maestro.cli.runner.CliConsoleListener.onCommandFinished: Apply configuration COMPLETED
22:15:39.124 [ INFO] maestro.cli.runner.CliConsoleListener.onCommandStart: Run ../../.maestro/subflows/bootstrap_monthly.yaml RUNNING
22:15:39.125 [ INFO] maestro.cli.runner.CliConsoleListener.onCommandStart: Apply configuration RUNNING
22:15:39.125 [ INFO] maestro.cli.runner.CliConsoleListener.onCommandFinished: Apply configuration COMPLETED
22:15:39.126 [ INFO] maestro.cli.runner.CliConsoleListener.onCommandStart: Run ../../scripts/dates.js RUNNING
22:15:40.791 [ INFO] maestro.orchestra.Orchestra.executeCommands$lambda$23$lambda$21: JsConsole: Maestro Dates Initialized: Prev=septembre / Sept. / 09 (2026)
22:15:40.793 [ INFO] maestro.orchestra.Orchestra.executeCommands$lambda$23$lambda$21: JsConsole: Maestro Dates Initialized: Curr=octobre / Oct. / 10 (2026)
22:15:40.795 [ INFO] maestro.orchestra.Orchestra.executeCommands$lambda$23$lambda$21: JsConsole: Maestro Dates Initialized: Next=novembre / Nov. / 11 (2026)
22:15:40.796 [ INFO] maestro.cli.runner.CliConsoleListener.onCommandFinished: Run ../../scripts/dates.js COMPLETED
22:15:40.797 [ INFO] maestro.cli.runner.CliConsoleListener.onCommandStart: Launch app "com.lop.budget" with clear state RUNNING
22:15:40.799 [ INFO] maestro.Maestro.clearAppState$lambda$8: Clearing app state com.lop.budget
22:15:43.502 [ INFO] maestro.Maestro.launchApp$lambda$5: Launching app com.lop.budget
22:15:43.502 [ INFO] maestro.Maestro.launchApp$lambda$5: Stopping com.lop.budget app during launch
22:15:44.145 [ INFO] maestro.cli.runner.CliConsoleListener.onCommandFinished: Launch app "com.lop.budget" with clear state COMPLETED
22:15:44.145 [ INFO] maestro.cli.runner.CliConsoleListener.onCommandStart: Run open_monthly_history.yaml RUNNING
22:15:44.145 [ INFO] maestro.cli.runner.CliConsoleListener.onCommandStart: Apply configuration RUNNING
22:15:44.146 [ INFO] maestro.cli.runner.CliConsoleListener.onCommandFinished: Apply configuration COMPLETED
22:15:44.147 [ INFO] maestro.cli.runner.CliConsoleListener.onCommandStart: Run flow when id: screen.monthly is not visible RUNNING
22:15:45.582 [ INFO] maestro.cli.runner.CliConsoleListener.onCommandStart: Scrolling DOWN until id: recent_transactions_see_all is visible with speed 40, visibility percentage 100%, timeout 20000 ms, with centering enabled RUNNING
22:15:46.985 [ WARN] maestro.orchestra.Orchestra.scrollUntilVisible: Error: maestro.MaestroException$ElementNotFound: Element not found: Id matching regex: recent_transactions_see_all
22:15:47.027 [ INFO] maestro.Maestro.swipeFromCenter: Swiping UP from center
22:15:55.163 [ INFO] maestro.orchestra.Orchestra.scrollUntilVisible: Scrolling try count: 0, DeviceWidth: 1080, DeviceWidth: 2400
22:15:55.169 [ INFO] maestro.orchestra.Orchestra.scrollUntilVisible: Element bounds: Bounds(x=763, y=2033, width=243, height=126)
22:15:55.170 [ INFO] maestro.orchestra.Orchestra.scrollUntilVisible: Visibility Percent: 1.0
22:15:55.205 [ INFO] maestro.orchestra.Orchestra.scrollUntilVisible: Command centerElement: ScrollUntilVisibleCommand(selector=ElementSelector(textRegex=null, idRegex=recent_transactions_see_all, size=null, below=null, above=null, leftOf=null, rightOf=null, containsChild=null, containsDescendants=null, traits=null, index=null, enabled=null, optional=false, selected=null, checked=null, focused=null, childOf=null, css=null), direction=DOWN, scrollDuration=601, visibilityPercentage=100, timeout=20000, waitToSettleTimeoutMs=null, centerElement=true, originalSpeedValue=40, label=null, optional=false).centerElement
22:15:55.207 [ INFO] maestro.orchestra.Orchestra.scrollUntilVisible: visibilityPercentageNormalized: 1.0
22:15:55.295 [ INFO] maestro.Maestro.swipeFromCenter: Swiping UP from center
22:15:58.128 [ INFO] maestro.orchestra.Orchestra.scrollUntilVisible: Scrolling try count: 1, DeviceWidth: 1080, DeviceWidth: 2400
22:15:58.128 [ INFO] maestro.orchestra.Orchestra.scrollUntilVisible: Element bounds: Bounds(x=763, y=1361, width=243, height=126)
22:15:58.129 [ INFO] maestro.orchestra.Orchestra.scrollUntilVisible: Visibility Percent: 1.0
22:15:58.129 [ INFO] maestro.orchestra.Orchestra.scrollUntilVisible: Command centerElement: ScrollUntilVisibleCommand(selector=ElementSelector(textRegex=null, idRegex=recent_transactions_see_all, size=null, below=null, above=null, leftOf=null, rightOf=null, containsChild=null, containsDescendants=null, traits=null, index=null, enabled=null, optional=false, selected=null, checked=null, focused=null, childOf=null, css=null), direction=DOWN, scrollDuration=601, visibilityPercentage=100, timeout=20000, waitToSettleTimeoutMs=null, centerElement=true, originalSpeedValue=40, label=null, optional=false).centerElement
22:15:58.129 [ INFO] maestro.orchestra.Orchestra.scrollUntilVisible: visibilityPercentageNormalized: 1.0
22:15:58.130 [ INFO] maestro.cli.runner.CliConsoleListener.onCommandFinished: Scrolling DOWN until id: recent_transactions_see_all is visible with speed 40, visibility percentage 100%, timeout 20000 ms, with centering enabled COMPLETED
22:15:58.133 [ INFO] maestro.cli.runner.CliConsoleListener.onCommandStart: Tap on id: recent_transactions_see_all RUNNING
22:15:59.170 [ INFO] maestro.Maestro.tap-HgV9Ck0: Tapping on element:  UiElement(treeNode=TreeNode(attributes={text=, accessibilityText=, hintText=, ignoreBoundsFiltering=false, resource-id=recent_transactions_see_all, clickable=true, bounds=[763,1361][1006,1487], enabled=true, focused=false, checked=false, scrollable=false, selected=false, class=android.view.View, important-for-accessibility=true, error=}, children=[TreeNode(attributes={text=Voir tout, accessibilityText=, hintText=, ignoreBoundsFiltering=false, resource-id=, clickable=false, bounds=[795,1397][932,1450], enabled=true, focused=false, checked=false, scrollable=false, selected=false, class=android.widget.TextView, important-for-accessibility=true, error=}, children=[], clickable=false, enabled=true, focused=false, checked=false, selected=false), TreeNode(attributes={text=, accessibilityText=, hintText=, ignoreBoundsFiltering=false, resource-id=, clickable=false, bounds=[763,1371][1006,1476], enabled=true, focused=false, checked=false, scrollable=false, selected=false, class=android.widget.Button, important-for-accessibility=true, error=}, children=[], clickable=false, enabled=true, focused=false, checked=false, selected=false)], clickable=true, enabled=true, focused=false, checked=false, selected=false), bounds=Bounds(x=763, y=1361, width=243, height=126))
22:16:00.790 [ INFO] maestro.Maestro.tap-HgV9Ck0: Tap aimed via settled hierarchy
22:16:00.796 [ INFO] maestro.Maestro.hierarchyBasedTap-ogj28Uc: Tapping at (884, 1424) using hierarchy based logic for wait
22:16:02.802 [ INFO] maestro.Maestro.hierarchyBasedTap-ogj28Uc: Something has changed in the UI judging by view hierarchy. Proceed.
22:16:02.803 [ INFO] maestro.cli.runner.CliConsoleListener.onCommandFinished: Tap on id: recent_transactions_see_all COMPLETED
22:16:02.803 [ INFO] maestro.cli.runner.CliConsoleListener.onCommandStart: Assert that id: screen.monthly is visible RUNNING
22:16:03.178 [ INFO] maestro.cli.runner.CliConsoleListener.onCommandFinished: Assert that id: screen.monthly is visible COMPLETED
22:16:03.178 [ INFO] maestro.cli.runner.CliConsoleListener.onCommandFinished: Run flow when id: screen.monthly is not visible COMPLETED
22:16:03.179 [ INFO] maestro.cli.runner.CliConsoleListener.onCommandStart: Wait for animation to end within 5000 ms RUNNING
22:16:03.184 [ INFO] maestro.Maestro.waitForAnimationToEnd$lambda$53: Waiting for animation to end with timeout 5000
22:16:03.186 [TRACE] maestro.utils.ScreenshotUtils.takeScreenshot: Taking screenshot to byte array
22:16:03.187 [TRACE] maestro.utils.ScreenshotUtils.takeScreenshot: Taking screenshot to output sink
22:16:05.121 [TRACE] maestro.utils.ScreenshotUtils.takeScreenshot: Taking screenshot to byte array
22:16:05.122 [TRACE] maestro.utils.ScreenshotUtils.takeScreenshot: Taking screenshot to output sink
22:16:06.171 [ INFO] maestro.cli.runner.CliConsoleListener.onCommandFinished: Wait for animation to end within 5000 ms COMPLETED
22:16:06.171 [ INFO] maestro.cli.runner.CliConsoleListener.onCommandFinished: Run open_monthly_history.yaml COMPLETED
22:16:06.171 [ INFO] maestro.cli.runner.CliConsoleListener.onCommandFinished: Run ../../.maestro/subflows/bootstrap_monthly.yaml COMPLETED
22:16:06.172 [ INFO] maestro.cli.runner.CliConsoleListener.onCommandStart: Run ../../.maestro/subflows/go_to_home.yaml RUNNING
22:16:06.173 [ INFO] maestro.cli.runner.CliConsoleListener.onCommandStart: Apply configuration RUNNING
22:16:06.174 [ INFO] maestro.cli.runner.CliConsoleListener.onCommandFinished: Apply configuration COMPLETED
22:16:06.174 [ INFO] maestro.cli.runner.CliConsoleListener.onCommandStart: Repeat while id: home.month.picker is not visible RUNNING
22:16:06.796 [ INFO] maestro.cli.runner.CliConsoleListener.onCommandStart: Tap on id: common.btn.back RUNNING
22:16:06.920 [ INFO] maestro.Maestro.tap-HgV9Ck0: Tapping on element:  UiElement(treeNode=TreeNode(attributes={text=, accessibilityText=, hintText=, ignoreBoundsFiltering=false, resource-id=common.btn.back, clickable=true, bounds=[12,150][138,276], enabled=true, focused=false, checked=false, scrollable=false, selected=false, class=android.view.View, important-for-accessibility=true, error=}, children=[TreeNode(attributes={text=, accessibilityText=Retour, hintText=, ignoreBoundsFiltering=false, resource-id=, clickable=false, bounds=[43,181][106,244], enabled=true, focused=false, checked=false, scrollable=false, selected=false, class=android.view.View, important-for-accessibility=true, error=}, children=[], clickable=false, enabled=true, focused=false, checked=false, selected=false), TreeNode(attributes={text=, accessibilityText=, hintText=, ignoreBoundsFiltering=false, resource-id=, clickable=false, bounds=[22,160][127,265], enabled=true, focused=false, checked=false, scrollable=false, selected=false, class=android.widget.Button, important-for-accessibility=true, error=}, children=[], clickable=false, enabled=true, focused=false, checked=false, selected=false)], clickable=true, enabled=true, focused=false, checked=false, selected=false), bounds=Bounds(x=12, y=150, width=126, height=126))
22:16:08.214 [ INFO] maestro.Maestro.tap-HgV9Ck0: Tap aimed via settled hierarchy
22:16:08.215 [ INFO] maestro.Maestro.hierarchyBasedTap-ogj28Uc: Tapping at (75, 213) using hierarchy based logic for wait
22:16:09.755 [ INFO] maestro.Maestro.hierarchyBasedTap-ogj28Uc: Something has changed in the UI judging by view hierarchy. Proceed.
22:16:09.755 [ INFO] maestro.cli.runner.CliConsoleListener.onCommandFinished: Tap on id: common.btn.back COMPLETED
22:16:16.766 [ INFO] maestro.cli.runner.CliConsoleListener.onCommandFinished: Repeat while id: home.month.picker is not visible COMPLETED
22:16:16.766 [ INFO] maestro.cli.runner.CliConsoleListener.onCommandFinished: Run ../../.maestro/subflows/go_to_home.yaml COMPLETED
22:16:16.766 [ INFO] maestro.cli.runner.CliConsoleListener.onCommandStart: Run console.log("TC-81-1 : ouverture du menu d'ajout puis choix Dépense")
 RUNNING
22:16:16.767 [ INFO] maestro.cli.runner.CliConsoleListener.onCommandFinished: Run console.log("TC-81-1 : ouverture du menu d'ajout puis choix Dépense")
 COMPLETED
22:16:16.768 [ INFO] maestro.cli.runner.CliConsoleListener.onCommandStart: Tap on id: nav.add.button RUNNING
22:16:16.981 [ INFO] maestro.Maestro.tap-HgV9Ck0: Tapping on element:  UiElement(treeNode=TreeNode(attributes={text=, accessibilityText=, hintText=, ignoreBoundsFiltering=false, resource-id=nav.add.button, clickable=true, bounds=[816,2095][963,2242], enabled=true, focused=false, checked=false, scrollable=false, selected=false, class=android.view.View, important-for-accessibility=true, error=}, children=[TreeNode(attributes={text=, accessibilityText=Ajouter, hintText=, ignoreBoundsFiltering=false, resource-id=, clickable=false, bounds=[853,2132][927,2206], enabled=true, focused=false, checked=false, scrollable=false, selected=false, class=android.view.View, important-for-accessibility=true, error=}, children=[], clickable=false, enabled=true, focused=false, checked=false, selected=false)], clickable=true, enabled=true, focused=false, checked=false, selected=false), bounds=Bounds(x=816, y=2095, width=147, height=147))
22:16:18.696 [ INFO] maestro.Maestro.tap-HgV9Ck0: Tap aimed via settled hierarchy
22:16:18.698 [ INFO] maestro.Maestro.hierarchyBasedTap-ogj28Uc: Tapping at (889, 2168) using hierarchy based logic for wait
22:16:20.512 [ INFO] maestro.Maestro.hierarchyBasedTap-ogj28Uc: Something has changed in the UI judging by view hierarchy. Proceed.
22:16:20.512 [ INFO] maestro.cli.runner.CliConsoleListener.onCommandFinished: Tap on id: nav.add.button COMPLETED
22:16:20.512 [ INFO] maestro.cli.runner.CliConsoleListener.onCommandStart: Assert that id: add.action.sheet is visible RUNNING
22:16:20.711 [ INFO] maestro.cli.runner.CliConsoleListener.onCommandFinished: Assert that id: add.action.sheet is visible COMPLETED
22:16:20.712 [ INFO] maestro.cli.runner.CliConsoleListener.onCommandStart: Tap on id: add.action.expense RUNNING
22:16:20.990 [ INFO] maestro.Maestro.tap-HgV9Ck0: Tapping on element:  UiElement(treeNode=TreeNode(attributes={text=, accessibilityText=, hintText=, ignoreBoundsFiltering=false, resource-id=add.action.expense, clickable=true, bounds=[95,1942][524,2242], enabled=true, focused=false, checked=false, scrollable=false, selected=false, class=android.view.View, important-for-accessibility=true, error=}, children=[TreeNode(attributes={text=, accessibilityText=, hintText=, ignoreBoundsFiltering=false, resource-id=, clickable=false, bounds=[241,1989][378,2126], enabled=true, focused=false, checked=false, scrollable=false, selected=false, class=android.view.View, important-for-accessibility=false, error=}, children=[TreeNode(attributes={text=, accessibilityText=Dépense, hintText=, ignoreBoundsFiltering=false, resource-id=, clickable=false, bounds=[276,2024][344,2092], enabled=true, focused=false, checked=false, scrollable=false, selected=false, class=android.view.View, important-for-accessibility=true, error=}, children=[], clickable=false, enabled=true, focused=false, checked=false, selected=false)], clickable=false, enabled=true, focused=false, checked=false, selected=false), TreeNode(attributes={text=Dépense, accessibilityText=, hintText=, ignoreBoundsFiltering=false, resource-id=, clickable=false, bounds=[240,2152][379,2195], enabled=true, focused=false, checked=false, scrollable=false, selected=false, class=android.widget.TextView, important-for-accessibility=true, error=}, children=[], clickable=false, enabled=true, focused=false, checked=false, selected=false)], clickable=true, enabled=true, focused=false, checked=false, selected=false), bounds=Bounds(x=95, y=1942, width=429, height=300))
22:16:22.293 [ INFO] maestro.Maestro.tap-HgV9Ck0: Tap aimed via settled hierarchy
22:16:22.295 [ INFO] maestro.Maestro.hierarchyBasedTap-ogj28Uc: Tapping at (309, 2092) using hierarchy based logic for wait
22:16:25.712 [ INFO] maestro.Maestro.hierarchyBasedTap-ogj28Uc: Something has changed in the UI judging by view hierarchy. Proceed.
22:16:25.712 [ INFO] maestro.cli.runner.CliConsoleListener.onCommandFinished: Tap on id: add.action.expense COMPLETED
22:16:25.713 [ INFO] maestro.cli.runner.CliConsoleListener.onCommandStart: Assert that "Choisir une catégorie" is visible RUNNING
22:16:25.775 [ INFO] maestro.cli.runner.CliConsoleListener.onCommandFinished: Assert that "Choisir une catégorie" is visible COMPLETED
22:16:25.775 [ INFO] maestro.cli.runner.CliConsoleListener.onCommandStart: Assert that "Alimentation" is visible RUNNING
22:16:25.935 [ INFO] maestro.cli.runner.CliConsoleListener.onCommandFinished: Assert that "Alimentation" is visible COMPLETED
22:16:25.935 [ INFO] maestro.cli.runner.CliConsoleListener.onCommandStart: Assert that "Revenus" is not visible RUNNING
22:16:26.547 [ INFO] maestro.cli.runner.CliConsoleListener.onCommandFinished: Assert that "Revenus" is not visible COMPLETED
22:16:26.548 [ INFO] maestro.cli.runner.CliConsoleListener.onCommandStart: Run console.log("TC-81-1 : CA-01 vérifié — le picker n'expose que des catégories de dépense")
 RUNNING
22:16:26.548 [ INFO] maestro.cli.runner.CliConsoleListener.onCommandFinished: Run console.log("TC-81-1 : CA-01 vérifié — le picker n'expose que des catégories de dépense")
 COMPLETED
22:16:26.548 [ INFO] maestro.cli.runner.CliConsoleListener.onCommandStart: Tap on "Chercher une catégorie..." RUNNING
22:16:26.661 [ INFO] maestro.Maestro.tap-HgV9Ck0: Tapping on element:  UiElement(treeNode=TreeNode(attributes={text=Chercher une catégorie..., accessibilityText=, hintText=, ignoreBoundsFiltering=false, resource-id=, clickable=false, bounds=[190,1108][653,1171], enabled=true, focused=false, checked=false, scrollable=false, selected=false, class=android.widget.TextView, important-for-accessibility=true, error=}, children=[], clickable=false, enabled=true, focused=false, checked=false, selected=false), bounds=Bounds(x=190, y=1108, width=463, height=63))
22:16:28.241 [ INFO] maestro.Maestro.tap-HgV9Ck0: Tap aimed via settled hierarchy
22:16:28.242 [ INFO] maestro.Maestro.hierarchyBasedTap-ogj28Uc: Tapping at (421, 1139) using hierarchy based logic for wait
22:16:29.532 [ INFO] maestro.Maestro.hierarchyBasedTap-ogj28Uc: Something has changed in the UI judging by view hierarchy. Proceed.
22:16:29.533 [ INFO] maestro.cli.runner.CliConsoleListener.onCommandFinished: Tap on "Chercher une catégorie..." COMPLETED
22:16:29.534 [ INFO] maestro.cli.runner.CliConsoleListener.onCommandStart: Input text Pharmacie RUNNING
22:16:29.535 [ INFO] maestro.Maestro.inputText: Inputting text: Pharmacie
22:16:37.945 [ INFO] maestro.cli.runner.CliConsoleListener.onCommandFinished: Input text Pharmacie COMPLETED
22:16:37.945 [ INFO] maestro.cli.runner.CliConsoleListener.onCommandStart: Hide Keyboard RUNNING
22:16:37.947 [ INFO] maestro.Maestro.hideKeyboard$lambda$12: Hiding Keyboard
22:16:39.693 [ INFO] maestro.cli.runner.CliConsoleListener.onCommandFinished: Hide Keyboard COMPLETED
22:16:39.694 [ INFO] maestro.cli.runner.CliConsoleListener.onCommandStart: Tap on "Pharmacie", Index: 1 RUNNING
22:16:39.899 [ INFO] maestro.Maestro.tap-HgV9Ck0: Tapping on element:  UiElement(treeNode=TreeNode(attributes={text=Pharmacie, accessibilityText=, hintText=, ignoreBoundsFiltering=false, resource-id=, clickable=false, bounds=[79,2200][240,2242], enabled=true, focused=false, checked=false, scrollable=false, selected=false, class=android.widget.TextView, important-for-accessibility=true, error=}, children=[], clickable=false, enabled=true, focused=false, checked=false, selected=false), bounds=Bounds(x=79, y=2200, width=161, height=42))
22:16:41.279 [ INFO] maestro.Maestro.tap-HgV9Ck0: Tap aimed via settled hierarchy
22:16:41.280 [ INFO] maestro.Maestro.hierarchyBasedTap-ogj28Uc: Tapping at (159, 2221) using hierarchy based logic for wait
22:16:42.889 [ INFO] maestro.Maestro.hierarchyBasedTap-ogj28Uc: Something has changed in the UI judging by view hierarchy. Proceed.
22:16:42.890 [ INFO] maestro.cli.runner.CliConsoleListener.onCommandFinished: Tap on "Pharmacie", Index: 1 COMPLETED
22:16:42.890 [ INFO] maestro.cli.runner.CliConsoleListener.onCommandStart: Assert that id: screen.transaction.edit is visible RUNNING
22:16:43.254 [ INFO] maestro.cli.runner.CliConsoleListener.onCommandFinished: Assert that id: screen.transaction.edit is visible COMPLETED
22:16:43.256 [ INFO] maestro.cli.runner.CliConsoleListener.onCommandStart: Assert that id: transaction.edit.type.expense is visible RUNNING
22:16:43.503 [ INFO] maestro.cli.runner.CliConsoleListener.onCommandFinished: Assert that id: transaction.edit.type.expense is visible COMPLETED
22:16:43.503 [ INFO] maestro.cli.runner.CliConsoleListener.onCommandStart: Tap on id: transaction.edit.field.title RUNNING
22:16:43.657 [ INFO] maestro.Maestro.tap-HgV9Ck0: Tapping on element:  UiElement(treeNode=TreeNode(attributes={text=, accessibilityText=, hintText=, ignoreBoundsFiltering=false, resource-id=transaction.edit.field.title, clickable=true, bounds=[100,991][980,1138], enabled=true, focused=false, checked=false, scrollable=false, selected=false, class=android.widget.EditText, important-for-accessibility=true, error=}, children=[TreeNode(attributes={text=, accessibilityText=, hintText=, ignoreBoundsFiltering=false, resource-id=, clickable=false, bounds=[100,991][980,1138], enabled=true, focused=false, checked=false, scrollable=false, selected=false, class=android.view.View, important-for-accessibility=false, error=}, children=[], clickable=false, enabled=true, focused=false, checked=false, selected=false), TreeNode(attributes={text=, accessibilityText=, hintText=, ignoreBoundsFiltering=false, resource-id=, clickable=false, bounds=[142,1002][938,1128], enabled=true, focused=false, checked=false, scrollable=false, selected=false, class=android.view.View, important-for-accessibility=false, error=}, children=[], clickable=false, enabled=true, focused=false, checked=false, selected=false)], clickable=true, enabled=true, focused=false, checked=false, selected=false), bounds=Bounds(x=100, y=991, width=880, height=147))
22:16:44.993 [ INFO] maestro.Maestro.tap-HgV9Ck0: Tap aimed via settled hierarchy
22:16:44.996 [ INFO] maestro.Maestro.hierarchyBasedTap-ogj28Uc: Tapping at (540, 1064) using hierarchy based logic for wait
22:16:47.109 [ INFO] maestro.Maestro.hierarchyBasedTap-ogj28Uc: Something has changed in the UI judging by view hierarchy. Proceed.
22:16:47.110 [ INFO] maestro.cli.runner.CliConsoleListener.onCommandFinished: Tap on id: transaction.edit.field.title COMPLETED
22:16:47.110 [ INFO] maestro.cli.runner.CliConsoleListener.onCommandStart: Input text TC-create-ponctuel RUNNING
22:16:47.110 [ INFO] maestro.Maestro.inputText: Inputting text: TC-create-ponctuel
22:16:52.344 [ INFO] maestro.cli.runner.CliConsoleListener.onCommandFinished: Input text TC-create-ponctuel COMPLETED
22:16:52.344 [ INFO] maestro.cli.runner.CliConsoleListener.onCommandStart: Hide Keyboard RUNNING
22:16:52.346 [ INFO] maestro.Maestro.hideKeyboard$lambda$12: Hiding Keyboard
22:16:53.466 [ INFO] maestro.cli.runner.CliConsoleListener.onCommandFinished: Hide Keyboard COMPLETED
22:16:53.467 [ INFO] maestro.cli.runner.CliConsoleListener.onCommandStart: Tap on id: transaction.edit.field.amount RUNNING
22:16:53.526 [ INFO] maestro.Maestro.tap-HgV9Ck0: Tapping on element:  UiElement(treeNode=TreeNode(attributes={text=, accessibilityText=, hintText=, ignoreBoundsFiltering=false, resource-id=transaction.edit.field.amount, clickable=true, bounds=[100,702][980,891], enabled=true, focused=false, checked=false, scrollable=false, selected=false, class=android.widget.EditText, important-for-accessibility=true, error=}, children=[TreeNode(attributes={text=, accessibilityText=, hintText=, ignoreBoundsFiltering=false, resource-id=, clickable=false, bounds=[100,702][980,891], enabled=true, focused=false, checked=false, scrollable=false, selected=false, class=android.view.View, important-for-accessibility=false, error=}, children=[], clickable=false, enabled=true, focused=false, checked=false, selected=false), TreeNode(attributes={text=−, accessibilityText=, hintText=, ignoreBoundsFiltering=false, resource-id=, clickable=false, bounds=[139,745][188,850], enabled=true, focused=false, checked=false, scrollable=false, selected=false, class=android.widget.TextView, important-for-accessibility=true, error=}, children=[], clickable=false, enabled=true, focused=false, checked=false, selected=false), TreeNode(attributes={text=, accessibilityText=, hintText=, ignoreBoundsFiltering=false, resource-id=, clickable=false, bounds=[237,734][843,860], enabled=true, focused=false, checked=false, scrollable=false, selected=false, class=android.view.View, important-for-accessibility=false, error=}, children=[], clickable=false, enabled=true, focused=false, checked=false, selected=false), TreeNode(attributes={text=€, accessibilityText=, hintText=, ignoreBoundsFiltering=false, resource-id=, clickable=false, bounds=[902,766][932,828], enabled=true, focused=false, checked=false, scrollable=false, selected=false, class=android.widget.TextView, important-for-accessibility=true, error=}, children=[], clickable=false, enabled=true, focused=false, checked=false, selected=false)], clickable=true, enabled=true, focused=false, checked=false, selected=false), bounds=Bounds(x=100, y=702, width=880, height=189))
22:16:54.716 [ INFO] maestro.Maestro.tap-HgV9Ck0: Tap aimed via settled hierarchy
22:16:54.717 [ INFO] maestro.Maestro.hierarchyBasedTap-ogj28Uc: Tapping at (540, 796) using hierarchy based logic for wait
22:16:56.539 [ INFO] maestro.Maestro.hierarchyBasedTap-ogj28Uc: Something has changed in the UI judging by view hierarchy. Proceed.
22:16:56.539 [ INFO] maestro.cli.runner.CliConsoleListener.onCommandFinished: Tap on id: transaction.edit.field.amount COMPLETED
22:16:56.539 [ INFO] maestro.cli.runner.CliConsoleListener.onCommandStart: Input text 12.34 RUNNING
22:16:56.540 [ INFO] maestro.Maestro.inputText: Inputting text: 12.34
22:16:57.609 [ INFO] maestro.cli.runner.CliConsoleListener.onCommandFinished: Input text 12.34 COMPLETED
22:16:57.609 [ INFO] maestro.cli.runner.CliConsoleListener.onCommandStart: Hide Keyboard RUNNING
22:16:57.610 [ INFO] maestro.Maestro.hideKeyboard$lambda$12: Hiding Keyboard
22:16:58.531 [ INFO] maestro.cli.runner.CliConsoleListener.onCommandFinished: Hide Keyboard COMPLETED
22:16:58.532 [ INFO] maestro.cli.runner.CliConsoleListener.onCommandStart: Scrolling DOWN until id: transaction.edit.block.recurrence is visible with speed 40, visibility percentage 100%, timeout 20000 ms, with centering disabled RUNNING
22:16:59.226 [ WARN] maestro.orchestra.Orchestra.scrollUntilVisible: Error: maestro.MaestroException$ElementNotFound: Element not found: Id matching regex: transaction.edit.block.recurrence
22:16:59.269 [ INFO] maestro.Maestro.swipeFromCenter: Swiping UP from center
22:17:00.844 [ WARN] maestro.orchestra.Orchestra.scrollUntilVisible: Error: maestro.MaestroException$ElementNotFound: Element not found: Id matching regex: transaction.edit.block.recurrence
22:17:00.885 [ INFO] maestro.Maestro.swipeFromCenter: Swiping UP from center
22:17:01.952 [ INFO] maestro.orchestra.Orchestra.scrollUntilVisible: Scrolling try count: 0, DeviceWidth: 1080, DeviceWidth: 2400
22:17:01.952 [ INFO] maestro.orchestra.Orchestra.scrollUntilVisible: Element bounds: Bounds(x=53, y=1850, width=974, height=287)
22:17:01.953 [ INFO] maestro.orchestra.Orchestra.scrollUntilVisible: Visibility Percent: 1.0
22:17:01.953 [ INFO] maestro.orchestra.Orchestra.scrollUntilVisible: Command centerElement: ScrollUntilVisibleCommand(selector=ElementSelector(textRegex=null, idRegex=transaction.edit.block.recurrence, size=null, below=null, above=null, leftOf=null, rightOf=null, containsChild=null, containsDescendants=null, traits=null, index=null, enabled=null, optional=false, selected=null, checked=null, focused=null, childOf=null, css=null), direction=DOWN, scrollDuration=601, visibilityPercentage=100, timeout=20000, waitToSettleTimeoutMs=null, centerElement=false, originalSpeedValue=40, label=null, optional=false).centerElement
22:17:01.953 [ INFO] maestro.orchestra.Orchestra.scrollUntilVisible: visibilityPercentageNormalized: 1.0
22:17:01.953 [ INFO] maestro.cli.runner.CliConsoleListener.onCommandFinished: Scrolling DOWN until id: transaction.edit.block.recurrence is visible with speed 40, visibility percentage 100%, timeout 20000 ms, with centering disabled COMPLETED
22:17:01.953 [ INFO] maestro.cli.runner.CliConsoleListener.onCommandStart: Assert that "Ne se répète pas" is visible RUNNING
22:17:02.040 [ INFO] maestro.cli.runner.CliConsoleListener.onCommandFinished: Assert that "Ne se répète pas" is visible COMPLETED
22:17:02.040 [ INFO] maestro.cli.runner.CliConsoleListener.onCommandStart: Tap on id: common.btn.save RUNNING
22:17:02.151 [ INFO] maestro.Maestro.tap-HgV9Ck0: Tapping on element:  UiElement(treeNode=TreeNode(attributes={text=, accessibilityText=, hintText=, ignoreBoundsFiltering=false, resource-id=common.btn.save, clickable=true, bounds=[53,2137][1027,2284], enabled=true, focused=false, checked=false, scrollable=false, selected=false, class=android.view.View, important-for-accessibility=true, error=}, children=[TreeNode(attributes={text=Enregistrer, accessibilityText=, hintText=, ignoreBoundsFiltering=false, resource-id=, clickable=false, bounds=[452,2184][629,2237], enabled=true, focused=false, checked=false, scrollable=false, selected=false, class=android.widget.TextView, important-for-accessibility=true, error=}, children=[], clickable=false, enabled=true, focused=false, checked=false, selected=false), TreeNode(attributes={text=, accessibilityText=, hintText=, ignoreBoundsFiltering=false, resource-id=, clickable=false, bounds=[53,2137][1027,2284], enabled=true, focused=false, checked=false, scrollable=false, selected=false, class=android.widget.Button, important-for-accessibility=true, error=}, children=[], clickable=false, enabled=true, focused=false, checked=false, selected=false)], clickable=true, enabled=true, focused=false, checked=false, selected=false), bounds=Bounds(x=53, y=2137, width=974, height=147))
22:17:04.050 [ INFO] maestro.Maestro.tap-HgV9Ck0: Tap aimed via settled hierarchy
22:17:04.051 [ INFO] maestro.Maestro.hierarchyBasedTap-ogj28Uc: Tapping at (540, 2210) using hierarchy based logic for wait
22:17:05.258 [ INFO] maestro.Maestro.hierarchyBasedTap-ogj28Uc: Something has changed in the UI judging by view hierarchy. Proceed.
22:17:05.258 [ INFO] maestro.cli.runner.CliConsoleListener.onCommandFinished: Tap on id: common.btn.save COMPLETED
22:17:05.258 [ INFO] maestro.cli.runner.CliConsoleListener.onCommandStart: Assert that id: screen.transaction.edit is not visible RUNNING
22:17:05.950 [ INFO] maestro.cli.runner.CliConsoleListener.onCommandFinished: Assert that id: screen.transaction.edit is not visible COMPLETED
22:17:05.950 [ INFO] maestro.cli.runner.CliConsoleListener.onCommandStart: Assert that id: screen.transaction.detail is visible RUNNING
22:17:06.052 [ INFO] maestro.cli.runner.CliConsoleListener.onCommandFinished: Assert that id: screen.transaction.detail is visible COMPLETED
22:17:06.052 [ INFO] maestro.cli.runner.CliConsoleListener.onCommandStart: Assert that "TC-create-ponctuel" is visible RUNNING
22:17:06.195 [ INFO] maestro.cli.runner.CliConsoleListener.onCommandFinished: Assert that "TC-create-ponctuel" is visible COMPLETED
22:17:06.196 [ INFO] maestro.cli.runner.CliConsoleListener.onCommandStart: Assert that ".*12,34.*" is visible RUNNING
22:17:06.279 [ INFO] maestro.cli.runner.CliConsoleListener.onCommandFinished: Assert that ".*12,34.*" is visible COMPLETED
22:17:06.279 [ INFO] maestro.cli.runner.CliConsoleListener.onCommandStart: Run console.log("TC-81-1 : CA-11 vérifié sur l'écran de détail")
 RUNNING
22:17:06.279 [ INFO] maestro.cli.runner.CliConsoleListener.onCommandFinished: Run console.log("TC-81-1 : CA-11 vérifié sur l'écran de détail")
 COMPLETED
22:17:06.280 [ INFO] maestro.cli.runner.CliConsoleListener.onCommandStart: Tap on id: transaction.detail.edit RUNNING
22:17:06.383 [ INFO] maestro.Maestro.tap-HgV9Ck0: Tapping on element:  UiElement(treeNode=TreeNode(attributes={text=, accessibilityText=, hintText=, ignoreBoundsFiltering=false, resource-id=transaction.detail.edit, clickable=true, bounds=[775,339][901,465], enabled=true, focused=false, checked=false, scrollable=false, selected=false, class=android.view.View, important-for-accessibility=true, error=}, children=[TreeNode(attributes={text=, accessibilityText=Modifier, hintText=, ignoreBoundsFiltering=false, resource-id=, clickable=false, bounds=[806,370][869,433], enabled=true, focused=false, checked=false, scrollable=false, selected=false, class=android.view.View, important-for-accessibility=true, error=}, children=[], clickable=false, enabled=true, focused=false, checked=false, selected=false)], clickable=true, enabled=true, focused=false, checked=false, selected=false), bounds=Bounds(x=775, y=339, width=126, height=126))
22:17:07.615 [ INFO] maestro.Maestro.tap-HgV9Ck0: Tap aimed via settled hierarchy
22:17:07.616 [ INFO] maestro.Maestro.hierarchyBasedTap-ogj28Uc: Tapping at (838, 402) using hierarchy based logic for wait
22:17:08.570 [ INFO] maestro.Maestro.hierarchyBasedTap-ogj28Uc: Something has changed in the UI judging by view hierarchy. Proceed.
22:17:08.571 [ INFO] maestro.cli.runner.CliConsoleListener.onCommandFinished: Tap on id: transaction.detail.edit COMPLETED
22:17:08.571 [ INFO] maestro.cli.runner.CliConsoleListener.onCommandStart: Assert that id: screen.transaction.edit is visible RUNNING
22:17:08.688 [ INFO] maestro.cli.runner.CliConsoleListener.onCommandFinished: Assert that id: screen.transaction.edit is visible COMPLETED
22:17:08.688 [ INFO] maestro.cli.runner.CliConsoleListener.onCommandStart: Assert that id: recurring.edit.scope.sheet is not visible RUNNING
22:17:09.306 [ INFO] maestro.cli.runner.CliConsoleListener.onCommandFinished: Assert that id: recurring.edit.scope.sheet is not visible COMPLETED
22:17:09.307 [ INFO] maestro.cli.runner.CliConsoleListener.onCommandStart: Run console.log("TC-81-1 : CA-06 vérifié — aucune portée récurrente sur une ponctuelle")
 RUNNING
22:17:09.307 [ INFO] maestro.cli.runner.CliConsoleListener.onCommandFinished: Run console.log("TC-81-1 : CA-06 vérifié — aucune portée récurrente sur une ponctuelle")
 COMPLETED
22:17:09.307 [ INFO] maestro.cli.runner.CliConsoleListener.onCommandStart: Tap on id: common.btn.back RUNNING
22:17:09.411 [ INFO] maestro.Maestro.tap-HgV9Ck0: Tapping on element:  UiElement(treeNode=TreeNode(attributes={text=, accessibilityText=, hintText=, ignoreBoundsFiltering=false, resource-id=common.btn.back, clickable=true, bounds=[12,150][138,276], enabled=true, focused=false, checked=false, scrollable=false, selected=false, class=android.view.View, important-for-accessibility=true, error=}, children=[TreeNode(attributes={text=, accessibilityText=Retour, hintText=, ignoreBoundsFiltering=false, resource-id=, clickable=false, bounds=[43,181][106,244], enabled=true, focused=false, checked=false, scrollable=false, selected=false, class=android.view.View, important-for-accessibility=true, error=}, children=[], clickable=false, enabled=true, focused=false, checked=false, selected=false), TreeNode(attributes={text=, accessibilityText=, hintText=, ignoreBoundsFiltering=false, resource-id=, clickable=false, bounds=[22,160][127,265], enabled=true, focused=false, checked=false, scrollable=false, selected=false, class=android.widget.Button, important-for-accessibility=true, error=}, children=[], clickable=false, enabled=true, focused=false, checked=false, selected=false)], clickable=true, enabled=true, focused=false, checked=false, selected=false), bounds=Bounds(x=12, y=150, width=126, height=126))
22:17:10.638 [ INFO] maestro.Maestro.tap-HgV9Ck0: Tap aimed via settled hierarchy
22:17:10.639 [ INFO] maestro.Maestro.hierarchyBasedTap-ogj28Uc: Tapping at (75, 213) using hierarchy based logic for wait
22:17:11.203 [ INFO] maestro.Maestro.hierarchyBasedTap-ogj28Uc: Something has changed in the UI judging by view hierarchy. Proceed.
22:17:11.204 [ INFO] maestro.cli.runner.CliConsoleListener.onCommandFinished: Tap on id: common.btn.back COMPLETED
22:17:11.204 [ INFO] maestro.cli.runner.CliConsoleListener.onCommandStart: Run ../../.maestro/subflows/go_to_home.yaml RUNNING
22:17:11.204 [ INFO] maestro.cli.runner.CliConsoleListener.onCommandStart: Apply configuration RUNNING
22:17:11.204 [ INFO] maestro.cli.runner.CliConsoleListener.onCommandFinished: Apply configuration COMPLETED
22:17:11.205 [ INFO] maestro.cli.runner.CliConsoleListener.onCommandStart: Repeat while id: home.month.picker is not visible RUNNING
22:17:11.826 [ INFO] maestro.cli.runner.CliConsoleListener.onCommandStart: Tap on id: common.btn.back RUNNING
22:17:11.975 [ INFO] maestro.Maestro.tap-HgV9Ck0: Tapping on element:  UiElement(treeNode=TreeNode(attributes={text=, accessibilityText=, hintText=, ignoreBoundsFiltering=false, resource-id=common.btn.back, clickable=true, bounds=[12,150][138,276], enabled=true, focused=false, checked=false, scrollable=false, selected=false, class=android.view.View, important-for-accessibility=true, error=}, children=[TreeNode(attributes={text=, accessibilityText=Retour, hintText=, ignoreBoundsFiltering=false, resource-id=, clickable=false, bounds=[43,181][106,244], enabled=true, focused=false, checked=false, scrollable=false, selected=false, class=android.view.View, important-for-accessibility=true, error=}, children=[], clickable=false, enabled=true, focused=false, checked=false, selected=false), TreeNode(attributes={text=, accessibilityText=, hintText=, ignoreBoundsFiltering=false, resource-id=, clickable=false, bounds=[22,160][127,265], enabled=true, focused=false, checked=false, scrollable=false, selected=false, class=android.widget.Button, important-for-accessibility=true, error=}, children=[], clickable=false, enabled=true, focused=false, checked=false, selected=false)], clickable=true, enabled=true, focused=false, checked=false, selected=false), bounds=Bounds(x=12, y=150, width=126, height=126))
22:17:13.206 [ INFO] maestro.Maestro.tap-HgV9Ck0: Tap aimed via settled hierarchy
22:17:13.207 [ INFO] maestro.Maestro.hierarchyBasedTap-ogj28Uc: Tapping at (75, 213) using hierarchy based logic for wait
22:17:13.996 [ INFO] maestro.Maestro.hierarchyBasedTap-ogj28Uc: Something has changed in the UI judging by view hierarchy. Proceed.
22:17:13.996 [ INFO] maestro.cli.runner.CliConsoleListener.onCommandFinished: Tap on id: common.btn.back COMPLETED
22:17:21.087 [ INFO] maestro.cli.runner.CliConsoleListener.onCommandFinished: Repeat while id: home.month.picker is not visible COMPLETED
22:17:21.087 [ INFO] maestro.cli.runner.CliConsoleListener.onCommandFinished: Run ../../.maestro/subflows/go_to_home.yaml COMPLETED
22:17:21.087 [ INFO] maestro.cli.runner.CliConsoleListener.onCommandStart: Run ../../.maestro/subflows/open_monthly_history.yaml RUNNING
22:17:21.088 [ INFO] maestro.cli.runner.CliConsoleListener.onCommandStart: Apply configuration RUNNING
22:17:21.088 [ INFO] maestro.cli.runner.CliConsoleListener.onCommandFinished: Apply configuration COMPLETED
22:17:21.088 [ INFO] maestro.cli.runner.CliConsoleListener.onCommandStart: Run flow when id: screen.monthly is not visible RUNNING
22:17:21.711 [ INFO] maestro.cli.runner.CliConsoleListener.onCommandStart: Scrolling DOWN until id: recent_transactions_see_all is visible with speed 40, visibility percentage 100%, timeout 20000 ms, with centering enabled RUNNING
22:17:21.805 [ INFO] maestro.orchestra.Orchestra.scrollUntilVisible: Scrolling try count: 0, DeviceWidth: 1080, DeviceWidth: 2400
22:17:21.805 [ INFO] maestro.orchestra.Orchestra.scrollUntilVisible: Element bounds: Bounds(x=763, y=1361, width=243, height=126)
22:17:21.806 [ INFO] maestro.orchestra.Orchestra.scrollUntilVisible: Visibility Percent: 1.0
22:17:21.806 [ INFO] maestro.orchestra.Orchestra.scrollUntilVisible: Command centerElement: ScrollUntilVisibleCommand(selector=ElementSelector(textRegex=null, idRegex=recent_transactions_see_all, size=null, below=null, above=null, leftOf=null, rightOf=null, containsChild=null, containsDescendants=null, traits=null, index=null, enabled=null, optional=false, selected=null, checked=null, focused=null, childOf=null, css=null), direction=DOWN, scrollDuration=601, visibilityPercentage=100, timeout=20000, waitToSettleTimeoutMs=null, centerElement=true, originalSpeedValue=40, label=null, optional=false).centerElement
22:17:21.806 [ INFO] maestro.orchestra.Orchestra.scrollUntilVisible: visibilityPercentageNormalized: 1.0
22:17:21.806 [ INFO] maestro.cli.runner.CliConsoleListener.onCommandFinished: Scrolling DOWN until id: recent_transactions_see_all is visible with speed 40, visibility percentage 100%, timeout 20000 ms, with centering enabled COMPLETED
22:17:21.806 [ INFO] maestro.cli.runner.CliConsoleListener.onCommandStart: Tap on id: recent_transactions_see_all RUNNING
22:17:21.924 [ INFO] maestro.Maestro.tap-HgV9Ck0: Tapping on element:  UiElement(treeNode=TreeNode(attributes={text=, accessibilityText=, hintText=, ignoreBoundsFiltering=false, resource-id=recent_transactions_see_all, clickable=true, bounds=[763,1361][1006,1487], enabled=true, focused=false, checked=false, scrollable=false, selected=false, class=android.view.View, important-for-accessibility=true, error=}, children=[TreeNode(attributes={text=Voir tout, accessibilityText=, hintText=, ignoreBoundsFiltering=false, resource-id=, clickable=false, bounds=[795,1397][932,1450], enabled=true, focused=false, checked=false, scrollable=false, selected=false, class=android.widget.TextView, important-for-accessibility=true, error=}, children=[], clickable=false, enabled=true, focused=false, checked=false, selected=false), TreeNode(attributes={text=, accessibilityText=, hintText=, ignoreBoundsFiltering=false, resource-id=, clickable=false, bounds=[763,1371][1006,1476], enabled=true, focused=false, checked=false, scrollable=false, selected=false, class=android.widget.Button, important-for-accessibility=true, error=}, children=[], clickable=false, enabled=true, focused=false, checked=false, selected=false)], clickable=true, enabled=true, focused=false, checked=false, selected=false), bounds=Bounds(x=763, y=1361, width=243, height=126))
22:17:23.212 [ INFO] maestro.Maestro.tap-HgV9Ck0: Tap aimed via settled hierarchy
22:17:23.213 [ INFO] maestro.Maestro.hierarchyBasedTap-ogj28Uc: Tapping at (884, 1424) using hierarchy based logic for wait
22:17:24.240 [ INFO] maestro.Maestro.hierarchyBasedTap-ogj28Uc: Something has changed in the UI judging by view hierarchy. Proceed.
22:17:24.240 [ INFO] maestro.cli.runner.CliConsoleListener.onCommandFinished: Tap on id: recent_transactions_see_all COMPLETED
22:17:24.240 [ INFO] maestro.cli.runner.CliConsoleListener.onCommandStart: Assert that id: screen.monthly is visible RUNNING
22:17:24.316 [ INFO] maestro.cli.runner.CliConsoleListener.onCommandFinished: Assert that id: screen.monthly is visible COMPLETED
22:17:24.316 [ INFO] maestro.cli.runner.CliConsoleListener.onCommandFinished: Run flow when id: screen.monthly is not visible COMPLETED
22:17:24.317 [ INFO] maestro.cli.runner.CliConsoleListener.onCommandStart: Wait for animation to end within 5000 ms RUNNING
22:17:24.317 [ INFO] maestro.Maestro.waitForAnimationToEnd$lambda$53: Waiting for animation to end with timeout 5000
22:17:24.317 [TRACE] maestro.utils.ScreenshotUtils.takeScreenshot: Taking screenshot to byte array
22:17:24.317 [TRACE] maestro.utils.ScreenshotUtils.takeScreenshot: Taking screenshot to output sink
22:17:24.504 [TRACE] maestro.utils.ScreenshotUtils.takeScreenshot: Taking screenshot to byte array
22:17:24.505 [TRACE] maestro.utils.ScreenshotUtils.takeScreenshot: Taking screenshot to output sink
22:17:24.892 [ INFO] maestro.cli.runner.CliConsoleListener.onCommandFinished: Wait for animation to end within 5000 ms COMPLETED
22:17:24.893 [ INFO] maestro.cli.runner.CliConsoleListener.onCommandFinished: Run ../../.maestro/subflows/open_monthly_history.yaml COMPLETED
22:17:24.893 [ INFO] maestro.cli.runner.CliConsoleListener.onCommandStart: Scrolling DOWN until "TC-create-ponctuel" is visible with speed 40, visibility percentage 100%, timeout 20000 ms, with centering disabled RUNNING
22:17:24.979 [ INFO] maestro.orchestra.Orchestra.scrollUntilVisible: Scrolling try count: 0, DeviceWidth: 1080, DeviceWidth: 2400
22:17:24.979 [ INFO] maestro.orchestra.Orchestra.scrollUntilVisible: Element bounds: Bounds(x=238, y=1993, width=355, height=49)
22:17:24.980 [ INFO] maestro.orchestra.Orchestra.scrollUntilVisible: Visibility Percent: 1.0
22:17:24.980 [ INFO] maestro.orchestra.Orchestra.scrollUntilVisible: Command centerElement: ScrollUntilVisibleCommand(selector=ElementSelector(textRegex=TC-create-ponctuel, idRegex=null, size=null, below=null, above=null, leftOf=null, rightOf=null, containsChild=null, containsDescendants=null, traits=null, index=null, enabled=null, optional=false, selected=null, checked=null, focused=null, childOf=null, css=null), direction=DOWN, scrollDuration=601, visibilityPercentage=100, timeout=20000, waitToSettleTimeoutMs=null, centerElement=false, originalSpeedValue=40, label=null, optional=false).centerElement
22:17:24.980 [ INFO] maestro.orchestra.Orchestra.scrollUntilVisible: visibilityPercentageNormalized: 1.0
22:17:24.980 [ INFO] maestro.cli.runner.CliConsoleListener.onCommandFinished: Scrolling DOWN until "TC-create-ponctuel" is visible with speed 40, visibility percentage 100%, timeout 20000 ms, with centering disabled COMPLETED
22:17:24.980 [ INFO] maestro.cli.runner.CliConsoleListener.onCommandStart: Assert that "TC-create-ponctuel" is visible RUNNING
22:17:25.087 [ INFO] maestro.cli.runner.CliConsoleListener.onCommandFinished: Assert that "TC-create-ponctuel" is visible COMPLETED
22:17:25.087 [ INFO] maestro.cli.runner.CliConsoleListener.onCommandStart: Assert that "TC-create-ponctuel", Index: 1 is not visible RUNNING
22:17:25.735 [ INFO] maestro.cli.runner.CliConsoleListener.onCommandFinished: Assert that "TC-create-ponctuel", Index: 1 is not visible COMPLETED
