21:00:28.644 [ INFO] maestro.cli.runner.CliConsoleListener.onCommandStart: Define variables RUNNING
21:00:28.644 [ INFO] maestro.cli.runner.CliConsoleListener.onCommandFinished: Define variables COMPLETED
21:00:28.645 [ INFO] maestro.cli.runner.CliConsoleListener.onCommandStart: Apply configuration RUNNING
21:00:28.645 [ INFO] maestro.cli.runner.CliConsoleListener.onCommandFinished: Apply configuration COMPLETED
21:00:28.645 [ INFO] maestro.cli.runner.CliConsoleListener.onCommandStart: Launch app "com.lop.budget" with clear state RUNNING
21:00:28.645 [ INFO] maestro.Maestro.clearAppState$lambda$8: Clearing app state com.lop.budget
21:00:31.105 [ INFO] maestro.Maestro.launchApp$lambda$5: Launching app com.lop.budget
21:00:31.105 [ INFO] maestro.Maestro.launchApp$lambda$5: Stopping com.lop.budget app during launch
21:00:31.180 [ INFO] maestro.cli.runner.CliConsoleListener.onCommandFinished: Launch app "com.lop.budget" with clear state COMPLETED
21:00:31.182 [ INFO] maestro.cli.runner.CliConsoleListener.onCommandStart: Assert that id: screen.home is visible RUNNING
21:00:35.916 [ INFO] maestro.cli.runner.CliConsoleListener.onCommandFinished: Assert that id: screen.home is visible COMPLETED
21:00:35.916 [ INFO] maestro.cli.runner.CliConsoleListener.onCommandStart: Tap on id: nav.settings.button RUNNING
21:00:36.023 [ INFO] maestro.Maestro.tap-HgV9Ck0: Tapping on element:  UiElement(treeNode=TreeNode(attributes={text=, accessibilityText=, hintText=, ignoreBoundsFiltering=false, resource-id=nav.settings.button, clickable=true, bounds=[912,181][1038,307], enabled=true, focused=false, checked=false, scrollable=false, selected=false, class=android.view.View, important-for-accessibility=true, error=}, children=[TreeNode(attributes={text=, accessibilityText=Réglages, hintText=, ignoreBoundsFiltering=false, resource-id=, clickable=false, bounds=[948,217][1001,270], enabled=true, focused=false, checked=false, scrollable=false, selected=false, class=android.view.View, important-for-accessibility=true, error=}, children=[], clickable=false, enabled=true, focused=false, checked=false, selected=false)], clickable=true, enabled=true, focused=false, checked=false, selected=false), bounds=Bounds(x=912, y=181, width=126, height=126))
21:00:37.212 [ INFO] maestro.Maestro.tap-HgV9Ck0: Tap aimed via settled hierarchy
21:00:37.213 [ INFO] maestro.Maestro.hierarchyBasedTap-ogj28Uc: Tapping at (975, 244) using hierarchy based logic for wait
21:00:38.102 [ INFO] maestro.Maestro.hierarchyBasedTap-ogj28Uc: Something has changed in the UI judging by view hierarchy. Proceed.
21:00:38.103 [ INFO] maestro.cli.runner.CliConsoleListener.onCommandFinished: Tap on id: nav.settings.button COMPLETED
21:00:38.103 [ INFO] maestro.cli.runner.CliConsoleListener.onCommandStart: Tap on id: settings.switch.notif_detection RUNNING
21:00:38.239 [ INFO] maestro.Maestro.tap-HgV9Ck0: Tapping on element:  UiElement(treeNode=TreeNode(attributes={text=, accessibilityText=, hintText=, ignoreBoundsFiltering=false, resource-id=settings.switch.notif_detection, clickable=true, bounds=[843,1582][980,1708], enabled=true, focused=false, checked=false, scrollable=false, selected=false, class=android.view.View, important-for-accessibility=true, error=}, children=[TreeNode(attributes={text=, accessibilityText=, hintText=, ignoreBoundsFiltering=false, resource-id=, clickable=false, bounds=[822,1582][948,1708], enabled=true, focused=false, checked=false, scrollable=false, selected=false, class=android.view.View, important-for-accessibility=false, error=}, children=[], clickable=false, enabled=true, focused=false, checked=false, selected=false), TreeNode(attributes={text=, accessibilityText=, hintText=, ignoreBoundsFiltering=false, resource-id=, clickable=false, bounds=[843,1603][980,1687], enabled=true, focused=false, checked=false, scrollable=false, selected=false, class=android.view.View, important-for-accessibility=true, error=}, children=[], clickable=false, enabled=true, focused=false, checked=false, selected=false)], clickable=true, enabled=true, focused=false, checked=false, selected=false), bounds=Bounds(x=843, y=1582, width=137, height=126))
21:00:39.402 [ INFO] maestro.Maestro.tap-HgV9Ck0: Tap aimed via settled hierarchy
21:00:39.402 [ INFO] maestro.Maestro.hierarchyBasedTap-ogj28Uc: Tapping at (911, 1645) using hierarchy based logic for wait
21:00:40.345 [ INFO] maestro.Maestro.hierarchyBasedTap-ogj28Uc: Something has changed in the UI judging by view hierarchy. Proceed.
21:00:40.345 [ INFO] maestro.cli.runner.CliConsoleListener.onCommandFinished: Tap on id: settings.switch.notif_detection COMPLETED
21:00:40.345 [ INFO] maestro.cli.runner.CliConsoleListener.onCommandStart: Press back RUNNING
21:00:40.346 [ INFO] maestro.Maestro.backPress: Pressing back
21:00:41.066 [ INFO] maestro.cli.runner.CliConsoleListener.onCommandFinished: Press back COMPLETED
21:00:41.066 [ INFO] maestro.cli.runner.CliConsoleListener.onCommandStart: Assert that id: screen.home is visible RUNNING
21:00:41.152 [ INFO] maestro.cli.runner.CliConsoleListener.onCommandFinished: Assert that id: screen.home is visible COMPLETED
21:00:41.152 [ INFO] maestro.cli.runner.CliConsoleListener.onCommandStart: Run ../../scripts/post_notification.js RUNNING
21:00:41.597 [ INFO] maestro.cli.runner.CliConsoleListener.onCommandFinished: Run ../../scripts/post_notification.js COMPLETED
21:00:41.597 [ INFO] maestro.cli.runner.CliConsoleListener.onCommandStart: Tap on id: nav.detected.button RUNNING
21:00:41.665 [ INFO] maestro.Maestro.tap-HgV9Ck0: Tapping on element:  UiElement(treeNode=TreeNode(attributes={text=, accessibilityText=, hintText=, ignoreBoundsFiltering=false, resource-id=nav.detected.button, clickable=true, bounds=[786,181][912,307], enabled=true, focused=false, checked=false, scrollable=false, selected=false, class=android.view.View, important-for-accessibility=true, error=}, children=[], clickable=true, enabled=true, focused=false, checked=false, selected=false), bounds=Bounds(x=786, y=181, width=126, height=126))
21:00:43.248 [ INFO] maestro.Maestro.tap-HgV9Ck0: Tap aimed via settled hierarchy
21:00:43.248 [ INFO] maestro.Maestro.hierarchyBasedTap-ogj28Uc: Tapping at (849, 244) using hierarchy based logic for wait
21:00:45.459 [ INFO] maestro.Maestro.hierarchyBasedTap-ogj28Uc: Something has changed in the UI judging by view hierarchy. Proceed.
21:00:45.460 [ INFO] maestro.cli.runner.CliConsoleListener.onCommandFinished: Tap on id: nav.detected.button COMPLETED
21:00:45.460 [ INFO] maestro.cli.runner.CliConsoleListener.onCommandStart: Assert that id: screen.detected is visible RUNNING
21:00:45.588 [ INFO] maestro.cli.runner.CliConsoleListener.onCommandFinished: Assert that id: screen.detected is visible COMPLETED
21:00:45.588 [ INFO] maestro.cli.runner.CliConsoleListener.onCommandStart: Assert that "MG ORGANISATION" is visible RUNNING
21:00:45.669 [ INFO] maestro.cli.runner.CliConsoleListener.onCommandFinished: Assert that "MG ORGANISATION" is visible COMPLETED
