23:27:36.983 [ INFO] maestro.cli.runner.CliConsoleListener.onCommandStart: Define variables RUNNING
23:27:36.983 [ INFO] maestro.cli.runner.CliConsoleListener.onCommandFinished: Define variables COMPLETED
23:27:36.983 [ INFO] maestro.cli.runner.CliConsoleListener.onCommandStart: Apply configuration RUNNING
23:27:36.983 [ INFO] maestro.cli.runner.CliConsoleListener.onCommandFinished: Apply configuration COMPLETED
23:27:36.983 [ INFO] maestro.cli.runner.CliConsoleListener.onCommandStart: Run ../../.maestro/subflows/bootstrap_monthly.yaml RUNNING
23:27:36.984 [ INFO] maestro.cli.runner.CliConsoleListener.onCommandStart: Apply configuration RUNNING
23:27:36.984 [ INFO] maestro.cli.runner.CliConsoleListener.onCommandFinished: Apply configuration COMPLETED
23:27:36.984 [ INFO] maestro.cli.runner.CliConsoleListener.onCommandStart: Run ../../scripts/dates.js RUNNING
23:27:37.012 [ INFO] maestro.orchestra.Orchestra.executeCommands$lambda$23$lambda$21: JsConsole: Maestro Dates Initialized: Prev=août / Août / 08 (2026)
23:27:37.013 [ INFO] maestro.orchestra.Orchestra.executeCommands$lambda$23$lambda$21: JsConsole: Maestro Dates Initialized: Curr=septembre / Sept. / 09 (2026)
23:27:37.014 [ INFO] maestro.orchestra.Orchestra.executeCommands$lambda$23$lambda$21: JsConsole: Maestro Dates Initialized: Next=octobre / Oct. / 10 (2026)
23:27:37.014 [ INFO] maestro.cli.runner.CliConsoleListener.onCommandFinished: Run ../../scripts/dates.js COMPLETED
23:27:37.014 [ INFO] maestro.cli.runner.CliConsoleListener.onCommandStart: Launch app "com.lop.budget" with clear state RUNNING
23:27:37.015 [ INFO] maestro.Maestro.clearAppState$lambda$8: Clearing app state com.lop.budget
23:27:38.838 [ INFO] maestro.Maestro.launchApp$lambda$5: Launching app com.lop.budget
23:27:38.839 [ INFO] maestro.Maestro.launchApp$lambda$5: Stopping com.lop.budget app during launch
23:27:38.925 [ INFO] maestro.cli.runner.CliConsoleListener.onCommandFinished: Launch app "com.lop.budget" with clear state COMPLETED
23:27:38.925 [ INFO] maestro.cli.runner.CliConsoleListener.onCommandStart: Run open_monthly_history.yaml RUNNING
23:27:38.925 [ INFO] maestro.cli.runner.CliConsoleListener.onCommandStart: Apply configuration RUNNING
23:27:38.925 [ INFO] maestro.cli.runner.CliConsoleListener.onCommandFinished: Apply configuration COMPLETED
23:27:38.925 [ INFO] maestro.cli.runner.CliConsoleListener.onCommandStart: Run flow when id: screen.monthly is not visible RUNNING
23:27:39.580 [ INFO] maestro.cli.runner.CliConsoleListener.onCommandStart: Scrolling DOWN until id: recent_transactions_see_all is visible with speed 40, visibility percentage 100%, timeout 20000 ms, with centering enabled RUNNING
23:27:40.162 [ WARN] maestro.orchestra.Orchestra.scrollUntilVisible: Error: maestro.MaestroException$ElementNotFound: Element not found: Id matching regex: recent_transactions_see_all
23:27:40.208 [ INFO] maestro.Maestro.swipeFromCenter: Swiping UP from center
23:27:44.520 [ INFO] maestro.orchestra.Orchestra.scrollUntilVisible: Scrolling try count: 0, DeviceWidth: 1080, DeviceWidth: 2400
23:27:44.520 [ INFO] maestro.orchestra.Orchestra.scrollUntilVisible: Element bounds: Bounds(x=763, y=2033, width=243, height=126)
23:27:44.520 [ INFO] maestro.orchestra.Orchestra.scrollUntilVisible: Visibility Percent: 1.0
23:27:44.520 [ INFO] maestro.orchestra.Orchestra.scrollUntilVisible: Command centerElement: ScrollUntilVisibleCommand(selector=ElementSelector(textRegex=null, idRegex=recent_transactions_see_all, size=null, below=null, above=null, leftOf=null, rightOf=null, containsChild=null, containsDescendants=null, traits=null, index=null, enabled=null, optional=false, selected=null, checked=null, focused=null, childOf=null, css=null), direction=DOWN, scrollDuration=601, visibilityPercentage=100, timeout=20000, waitToSettleTimeoutMs=null, centerElement=true, originalSpeedValue=40, label=null, optional=false).centerElement
23:27:44.520 [ INFO] maestro.orchestra.Orchestra.scrollUntilVisible: visibilityPercentageNormalized: 1.0
23:27:44.524 [ INFO] maestro.Maestro.swipeFromCenter: Swiping UP from center
23:27:45.698 [ INFO] maestro.orchestra.Orchestra.scrollUntilVisible: Scrolling try count: 1, DeviceWidth: 1080, DeviceWidth: 2400
23:27:45.698 [ INFO] maestro.orchestra.Orchestra.scrollUntilVisible: Element bounds: Bounds(x=763, y=1304, width=243, height=126)
23:27:45.698 [ INFO] maestro.orchestra.Orchestra.scrollUntilVisible: Visibility Percent: 1.0
23:27:45.698 [ INFO] maestro.orchestra.Orchestra.scrollUntilVisible: Command centerElement: ScrollUntilVisibleCommand(selector=ElementSelector(textRegex=null, idRegex=recent_transactions_see_all, size=null, below=null, above=null, leftOf=null, rightOf=null, containsChild=null, containsDescendants=null, traits=null, index=null, enabled=null, optional=false, selected=null, checked=null, focused=null, childOf=null, css=null), direction=DOWN, scrollDuration=601, visibilityPercentage=100, timeout=20000, waitToSettleTimeoutMs=null, centerElement=true, originalSpeedValue=40, label=null, optional=false).centerElement
23:27:45.698 [ INFO] maestro.orchestra.Orchestra.scrollUntilVisible: visibilityPercentageNormalized: 1.0
23:27:45.698 [ INFO] maestro.cli.runner.CliConsoleListener.onCommandFinished: Scrolling DOWN until id: recent_transactions_see_all is visible with speed 40, visibility percentage 100%, timeout 20000 ms, with centering enabled COMPLETED
23:27:45.698 [ INFO] maestro.cli.runner.CliConsoleListener.onCommandStart: Tap on id: recent_transactions_see_all RUNNING
23:27:45.803 [ INFO] maestro.Maestro.tap-HgV9Ck0: Tapping on element:  UiElement(treeNode=TreeNode(attributes={text=, accessibilityText=, hintText=, ignoreBoundsFiltering=false, resource-id=recent_transactions_see_all, clickable=true, bounds=[763,1304][1006,1430], enabled=true, focused=false, checked=false, scrollable=false, selected=false, class=android.view.View, important-for-accessibility=true, error=}, children=[TreeNode(attributes={text=Voir tout, accessibilityText=, hintText=, ignoreBoundsFiltering=false, resource-id=, clickable=false, bounds=[795,1340][932,1393], enabled=true, focused=false, checked=false, scrollable=false, selected=false, class=android.widget.TextView, important-for-accessibility=true, error=}, children=[], clickable=false, enabled=true, focused=false, checked=false, selected=false), TreeNode(attributes={text=, accessibilityText=, hintText=, ignoreBoundsFiltering=false, resource-id=, clickable=false, bounds=[763,1314][1006,1419], enabled=true, focused=false, checked=false, scrollable=false, selected=false, class=android.widget.Button, important-for-accessibility=true, error=}, children=[], clickable=false, enabled=true, focused=false, checked=false, selected=false)], clickable=true, enabled=true, focused=false, checked=false, selected=false), bounds=Bounds(x=763, y=1304, width=243, height=126))
23:27:47.106 [ INFO] maestro.Maestro.tap-HgV9Ck0: Tap aimed via settled hierarchy
23:27:47.107 [ INFO] maestro.Maestro.hierarchyBasedTap-ogj28Uc: Tapping at (884, 1367) using hierarchy based logic for wait
23:27:48.248 [ INFO] maestro.Maestro.hierarchyBasedTap-ogj28Uc: Something has changed in the UI judging by view hierarchy. Proceed.
23:27:48.248 [ INFO] maestro.cli.runner.CliConsoleListener.onCommandFinished: Tap on id: recent_transactions_see_all COMPLETED
23:27:48.248 [ INFO] maestro.cli.runner.CliConsoleListener.onCommandStart: Assert that id: screen.monthly is visible RUNNING
23:27:48.366 [ INFO] maestro.cli.runner.CliConsoleListener.onCommandFinished: Assert that id: screen.monthly is visible COMPLETED
23:27:48.366 [ INFO] maestro.cli.runner.CliConsoleListener.onCommandFinished: Run flow when id: screen.monthly is not visible COMPLETED
23:27:48.366 [ INFO] maestro.cli.runner.CliConsoleListener.onCommandStart: Wait for animation to end within 5000 ms RUNNING
23:27:48.367 [ INFO] maestro.Maestro.waitForAnimationToEnd$lambda$53: Waiting for animation to end with timeout 5000
23:27:48.367 [TRACE] maestro.utils.ScreenshotUtils.takeScreenshot: Taking screenshot to byte array
23:27:48.367 [TRACE] maestro.utils.ScreenshotUtils.takeScreenshot: Taking screenshot to output sink
23:27:48.581 [TRACE] maestro.utils.ScreenshotUtils.takeScreenshot: Taking screenshot to byte array
23:27:48.581 [TRACE] maestro.utils.ScreenshotUtils.takeScreenshot: Taking screenshot to output sink
23:27:48.978 [ INFO] maestro.cli.runner.CliConsoleListener.onCommandFinished: Wait for animation to end within 5000 ms COMPLETED
23:27:48.978 [ INFO] maestro.cli.runner.CliConsoleListener.onCommandFinished: Run open_monthly_history.yaml COMPLETED
23:27:48.978 [ INFO] maestro.cli.runner.CliConsoleListener.onCommandFinished: Run ../../.maestro/subflows/bootstrap_monthly.yaml COMPLETED
23:27:48.978 [ INFO] maestro.cli.runner.CliConsoleListener.onCommandStart: Run console.log("Given une occurrence de la série récurrente 'Loyer' est visible sur le mois courant")
 RUNNING
23:27:48.978 [ INFO] maestro.cli.runner.CliConsoleListener.onCommandFinished: Run console.log("Given une occurrence de la série récurrente 'Loyer' est visible sur le mois courant")
 COMPLETED
23:27:48.978 [ INFO] maestro.cli.runner.CliConsoleListener.onCommandStart: Assert that "Loyer" is visible RUNNING
23:27:49.064 [ INFO] maestro.cli.runner.CliConsoleListener.onCommandFinished: Assert that "Loyer" is visible COMPLETED
23:27:49.064 [ INFO] maestro.cli.runner.CliConsoleListener.onCommandStart: Run console.log("When l’utilisateur déclenche le marquage payé depuis 'bouton Payer du popup d’appui long'")
 RUNNING
23:27:49.064 [ INFO] maestro.cli.runner.CliConsoleListener.onCommandFinished: Run console.log("When l’utilisateur déclenche le marquage payé depuis 'bouton Payer du popup d’appui long'")
 COMPLETED
23:27:49.064 [ INFO] maestro.cli.runner.CliConsoleListener.onCommandStart: Long press on "Loyer" RUNNING
23:27:49.154 [ INFO] maestro.Maestro.tap-HgV9Ck0: Tapping on element:  UiElement(treeNode=TreeNode(attributes={text=Loyer, accessibilityText=, hintText=, ignoreBoundsFiltering=false, resource-id=transaction.item.title, clickable=false, bounds=[238,1761][341,1810], enabled=true, focused=false, checked=false, scrollable=false, selected=false, class=android.widget.TextView, important-for-accessibility=true, error=}, children=[], clickable=false, enabled=true, focused=false, checked=false, selected=false), bounds=Bounds(x=238, y=1761, width=103, height=49))
23:27:50.343 [ INFO] maestro.Maestro.tap-HgV9Ck0: Tap aimed via settled hierarchy
23:27:50.343 [ INFO] maestro.Maestro.hierarchyBasedTap-ogj28Uc: Tapping at (289, 1785) using hierarchy based logic for wait
23:27:53.497 [ INFO] maestro.Maestro.hierarchyBasedTap-ogj28Uc: Something has changed in the UI judging by view hierarchy. Proceed.
23:27:53.497 [ INFO] maestro.cli.runner.CliConsoleListener.onCommandFinished: Long press on "Loyer" COMPLETED
23:27:53.497 [ INFO] maestro.cli.runner.CliConsoleListener.onCommandStart: Assert that "Payer" is visible RUNNING
23:27:53.556 [ INFO] maestro.cli.runner.CliConsoleListener.onCommandFinished: Assert that "Payer" is visible COMPLETED
23:27:53.556 [ INFO] maestro.cli.runner.CliConsoleListener.onCommandStart: Tap on "Payer" RUNNING
23:27:53.577 [ INFO] maestro.Maestro.tap-HgV9Ck0: Tapping on element:  UiElement(treeNode=TreeNode(attributes={text=, accessibilityText=Payer, hintText=, ignoreBoundsFiltering=false, resource-id=, clickable=false, bounds=[274,1401][337,1464], enabled=true, focused=false, checked=false, scrollable=false, selected=false, class=android.view.View, important-for-accessibility=true, error=}, children=[], clickable=false, enabled=true, focused=false, checked=false, selected=false), bounds=Bounds(x=274, y=1401, width=63, height=63))
23:27:54.796 [ INFO] maestro.Maestro.tap-HgV9Ck0: Tap aimed via settled hierarchy
23:27:54.797 [ INFO] maestro.Maestro.hierarchyBasedTap-ogj28Uc: Tapping at (305, 1432) using hierarchy based logic for wait
23:27:55.321 [ INFO] maestro.Maestro.hierarchyBasedTap-ogj28Uc: Something has changed in the UI judging by view hierarchy. Proceed.
23:27:55.321 [ INFO] maestro.cli.runner.CliConsoleListener.onCommandFinished: Tap on "Payer" COMPLETED
23:27:55.321 [ INFO] maestro.cli.runner.CliConsoleListener.onCommandStart: Run console.log("Then aucune bottom sheet de choix de portée n’est affichée")
 RUNNING
23:27:55.321 [ INFO] maestro.cli.runner.CliConsoleListener.onCommandFinished: Run console.log("Then aucune bottom sheet de choix de portée n’est affichée")
 COMPLETED
23:27:55.321 [ INFO] maestro.cli.runner.CliConsoleListener.onCommandStart: Assert that "Modifier la transaction ?" is not visible RUNNING
23:27:55.960 [ INFO] maestro.cli.runner.CliConsoleListener.onCommandFinished: Assert that "Modifier la transaction ?" is not visible COMPLETED
23:27:55.960 [ INFO] maestro.cli.runner.CliConsoleListener.onCommandStart: Run console.log("And l’occurrence ciblée affiche le statut payé")
 RUNNING
23:27:55.960 [ INFO] maestro.cli.runner.CliConsoleListener.onCommandFinished: Run console.log("And l’occurrence ciblée affiche le statut payé")
 COMPLETED
23:27:55.961 [ INFO] maestro.cli.runner.CliConsoleListener.onCommandStart: Tap on "Loyer" RUNNING
23:27:56.041 [ INFO] maestro.Maestro.tap-HgV9Ck0: Tapping on element:  UiElement(treeNode=TreeNode(attributes={text=Loyer, accessibilityText=, hintText=, ignoreBoundsFiltering=false, resource-id=transaction.item.title, clickable=false, bounds=[238,1529][341,1578], enabled=true, focused=false, checked=false, scrollable=false, selected=false, class=android.widget.TextView, important-for-accessibility=true, error=}, children=[], clickable=false, enabled=true, focused=false, checked=false, selected=false), bounds=Bounds(x=238, y=1529, width=103, height=49))
23:27:57.273 [ INFO] maestro.Maestro.tap-HgV9Ck0: Tap aimed via settled hierarchy
23:27:57.273 [ INFO] maestro.Maestro.hierarchyBasedTap-ogj28Uc: Tapping at (289, 1553) using hierarchy based logic for wait
23:27:57.813 [ INFO] maestro.Maestro.hierarchyBasedTap-ogj28Uc: Something has changed in the UI judging by view hierarchy. Proceed.
23:27:57.813 [ INFO] maestro.cli.runner.CliConsoleListener.onCommandFinished: Tap on "Loyer" COMPLETED
23:27:57.814 [ INFO] maestro.cli.runner.CliConsoleListener.onCommandStart: Scrolling DOWN until "Marquer comme non payé" is visible with speed 40, visibility percentage 100%, timeout 20000 ms, with centering disabled RUNNING
23:27:58.499 [ WARN] maestro.orchestra.Orchestra.scrollUntilVisible: Error: maestro.MaestroException$ElementNotFound: Element not found: Text matching regex: Marquer comme non payé
23:27:58.541 [ INFO] maestro.Maestro.swipeFromCenter: Swiping UP from center
23:27:59.506 [ INFO] maestro.orchestra.Orchestra.scrollUntilVisible: Scrolling try count: 0, DeviceWidth: 1080, DeviceWidth: 2400
23:27:59.506 [ INFO] maestro.orchestra.Orchestra.scrollUntilVisible: Element bounds: Bounds(x=336, y=2174, width=492, height=63)
23:27:59.506 [ INFO] maestro.orchestra.Orchestra.scrollUntilVisible: Visibility Percent: 1.0
23:27:59.506 [ INFO] maestro.orchestra.Orchestra.scrollUntilVisible: Command centerElement: ScrollUntilVisibleCommand(selector=ElementSelector(textRegex=Marquer comme non payé, idRegex=null, size=null, below=null, above=null, leftOf=null, rightOf=null, containsChild=null, containsDescendants=null, traits=null, index=null, enabled=null, optional=false, selected=null, checked=null, focused=null, childOf=null, css=null), direction=DOWN, scrollDuration=601, visibilityPercentage=100, timeout=20000, waitToSettleTimeoutMs=null, centerElement=false, originalSpeedValue=40, label=null, optional=false).centerElement
23:27:59.506 [ INFO] maestro.orchestra.Orchestra.scrollUntilVisible: visibilityPercentageNormalized: 1.0
23:27:59.506 [ INFO] maestro.cli.runner.CliConsoleListener.onCommandFinished: Scrolling DOWN until "Marquer comme non payé" is visible with speed 40, visibility percentage 100%, timeout 20000 ms, with centering disabled COMPLETED
23:27:59.506 [ INFO] maestro.cli.runner.CliConsoleListener.onCommandStart: Run console.log("And l’icône de série récurrente est toujours visible dans le bloc Loyer")
 RUNNING
23:27:59.506 [ INFO] maestro.cli.runner.CliConsoleListener.onCommandFinished: Run console.log("And l’icône de série récurrente est toujours visible dans le bloc Loyer")
 COMPLETED
23:27:59.506 [ INFO] maestro.cli.runner.CliConsoleListener.onCommandStart: Scrolling UP until id: transaction.detail.edit is visible with speed 40, visibility percentage 100%, timeout 20000 ms, with centering disabled RUNNING
23:28:00.197 [ WARN] maestro.orchestra.Orchestra.scrollUntilVisible: Error: maestro.MaestroException$ElementNotFound: Element not found: Id matching regex: transaction.detail.edit
23:28:00.239 [ INFO] maestro.Maestro.swipeFromCenter: Swiping DOWN from center
23:28:01.530 [ INFO] maestro.orchestra.Orchestra.scrollUntilVisible: Scrolling try count: 0, DeviceWidth: 1080, DeviceWidth: 2400
23:28:01.530 [ INFO] maestro.orchestra.Orchestra.scrollUntilVisible: Element bounds: Bounds(x=775, y=339, width=126, height=126)
23:28:01.530 [ INFO] maestro.orchestra.Orchestra.scrollUntilVisible: Visibility Percent: 1.0
23:28:01.530 [ INFO] maestro.orchestra.Orchestra.scrollUntilVisible: Command centerElement: ScrollUntilVisibleCommand(selector=ElementSelector(textRegex=null, idRegex=transaction.detail.edit, size=null, below=null, above=null, leftOf=null, rightOf=null, containsChild=null, containsDescendants=null, traits=null, index=null, enabled=null, optional=false, selected=null, checked=null, focused=null, childOf=null, css=null), direction=UP, scrollDuration=601, visibilityPercentage=100, timeout=20000, waitToSettleTimeoutMs=null, centerElement=false, originalSpeedValue=40, label=null, optional=false).centerElement
23:28:01.530 [ INFO] maestro.orchestra.Orchestra.scrollUntilVisible: visibilityPercentageNormalized: 1.0
23:28:01.530 [ INFO] maestro.cli.runner.CliConsoleListener.onCommandFinished: Scrolling UP until id: transaction.detail.edit is visible with speed 40, visibility percentage 100%, timeout 20000 ms, with centering disabled COMPLETED
23:28:01.530 [ INFO] maestro.cli.runner.CliConsoleListener.onCommandStart: Tap on id: common.btn.back RUNNING
23:28:01.649 [ INFO] maestro.Maestro.tap-HgV9Ck0: Tapping on element:  UiElement(treeNode=TreeNode(attributes={text=, accessibilityText=, hintText=, ignoreBoundsFiltering=false, resource-id=common.btn.back, clickable=true, bounds=[12,150][138,276], enabled=true, focused=false, checked=false, scrollable=false, selected=false, class=android.view.View, important-for-accessibility=true, error=}, children=[TreeNode(attributes={text=, accessibilityText=Retour, hintText=, ignoreBoundsFiltering=false, resource-id=, clickable=false, bounds=[43,181][106,244], enabled=true, focused=false, checked=false, scrollable=false, selected=false, class=android.view.View, important-for-accessibility=true, error=}, children=[], clickable=false, enabled=true, focused=false, checked=false, selected=false), TreeNode(attributes={text=, accessibilityText=, hintText=, ignoreBoundsFiltering=false, resource-id=, clickable=false, bounds=[22,160][127,265], enabled=true, focused=false, checked=false, scrollable=false, selected=false, class=android.widget.Button, important-for-accessibility=true, error=}, children=[], clickable=false, enabled=true, focused=false, checked=false, selected=false)], clickable=true, enabled=true, focused=false, checked=false, selected=false), bounds=Bounds(x=12, y=150, width=126, height=126))
23:28:02.873 [ INFO] maestro.Maestro.tap-HgV9Ck0: Tap aimed via settled hierarchy
23:28:02.873 [ INFO] maestro.Maestro.hierarchyBasedTap-ogj28Uc: Tapping at (75, 213) using hierarchy based logic for wait
23:28:03.501 [ INFO] maestro.Maestro.hierarchyBasedTap-ogj28Uc: Something has changed in the UI judging by view hierarchy. Proceed.
23:28:03.502 [ INFO] maestro.cli.runner.CliConsoleListener.onCommandFinished: Tap on id: common.btn.back COMPLETED
23:28:03.502 [ INFO] maestro.cli.runner.CliConsoleListener.onCommandStart: Assert that "Récurrent", Right of "Loyer" is visible RUNNING
23:28:03.611 [ INFO] maestro.cli.runner.CliConsoleListener.onCommandFinished: Assert that "Récurrent", Right of "Loyer" is visible COMPLETED
