10:11:49.978 [ INFO] maestro.cli.runner.CliConsoleListener.onCommandStart: Define variables RUNNING
10:11:49.979 [ INFO] maestro.cli.runner.CliConsoleListener.onCommandFinished: Define variables COMPLETED
10:11:49.979 [ INFO] maestro.cli.runner.CliConsoleListener.onCommandStart: Apply configuration RUNNING
10:11:49.979 [ INFO] maestro.cli.runner.CliConsoleListener.onCommandFinished: Apply configuration COMPLETED
10:11:49.979 [ INFO] maestro.cli.runner.CliConsoleListener.onCommandStart: Launch app "com.lop.budget" with clear state RUNNING
10:11:49.980 [ INFO] maestro.Maestro.clearAppState$lambda$8: Clearing app state com.lop.budget
10:11:52.287 [ INFO] maestro.Maestro.launchApp$lambda$5: Launching app com.lop.budget
10:11:52.288 [ INFO] maestro.Maestro.launchApp$lambda$5: Stopping com.lop.budget app during launch
10:11:52.357 [ INFO] maestro.cli.runner.CliConsoleListener.onCommandFinished: Launch app "com.lop.budget" with clear state COMPLETED
10:11:52.357 [ INFO] maestro.cli.runner.CliConsoleListener.onCommandStart: Assert that id: screen.home is visible RUNNING
10:11:57.196 [ INFO] maestro.cli.runner.CliConsoleListener.onCommandFinished: Assert that id: screen.home is visible COMPLETED
10:11:57.196 [ INFO] maestro.cli.runner.CliConsoleListener.onCommandStart: Tap on id: nav.settings.button RUNNING
10:11:57.313 [ INFO] maestro.Maestro.tap-HgV9Ck0: Tapping on element:  UiElement(treeNode=TreeNode(attributes={text=, accessibilityText=, hintText=, ignoreBoundsFiltering=false, resource-id=nav.settings.button, clickable=true, bounds=[912,181][1038,307], enabled=true, focused=false, checked=false, scrollable=false, selected=false, class=android.view.View, important-for-accessibility=true, error=}, children=[TreeNode(attributes={text=, accessibilityText=Réglages, hintText=, ignoreBoundsFiltering=false, resource-id=, clickable=false, bounds=[948,217][1001,270], enabled=true, focused=false, checked=false, scrollable=false, selected=false, class=android.view.View, important-for-accessibility=true, error=}, children=[], clickable=false, enabled=true, focused=false, checked=false, selected=false)], clickable=true, enabled=true, focused=false, checked=false, selected=false), bounds=Bounds(x=912, y=181, width=126, height=126))
10:11:58.529 [ INFO] maestro.Maestro.tap-HgV9Ck0: Tap aimed via settled hierarchy
10:11:58.529 [ INFO] maestro.Maestro.hierarchyBasedTap-ogj28Uc: Tapping at (975, 244) using hierarchy based logic for wait
10:11:59.709 [ INFO] maestro.Maestro.hierarchyBasedTap-ogj28Uc: Something has changed in the UI judging by view hierarchy. Proceed.
10:11:59.710 [ INFO] maestro.cli.runner.CliConsoleListener.onCommandFinished: Tap on id: nav.settings.button COMPLETED
10:11:59.710 [ INFO] maestro.cli.runner.CliConsoleListener.onCommandStart: Tap on id: settings.switch.notif_detection RUNNING
10:11:59.834 [ INFO] maestro.Maestro.tap-HgV9Ck0: Tapping on element:  UiElement(treeNode=TreeNode(attributes={text=, accessibilityText=, hintText=, ignoreBoundsFiltering=false, resource-id=settings.switch.notif_detection, clickable=true, bounds=[843,1582][980,1708], enabled=true, focused=false, checked=false, scrollable=false, selected=false, class=android.view.View, important-for-accessibility=true, error=}, children=[TreeNode(attributes={text=, accessibilityText=, hintText=, ignoreBoundsFiltering=false, resource-id=, clickable=false, bounds=[822,1582][948,1708], enabled=true, focused=false, checked=false, scrollable=false, selected=false, class=android.view.View, important-for-accessibility=false, error=}, children=[], clickable=false, enabled=true, focused=false, checked=false, selected=false), TreeNode(attributes={text=, accessibilityText=, hintText=, ignoreBoundsFiltering=false, resource-id=, clickable=false, bounds=[843,1603][980,1687], enabled=true, focused=false, checked=false, scrollable=false, selected=false, class=android.view.View, important-for-accessibility=true, error=}, children=[], clickable=false, enabled=true, focused=false, checked=false, selected=false)], clickable=true, enabled=true, focused=false, checked=false, selected=false), bounds=Bounds(x=843, y=1582, width=137, height=126))
10:12:01.363 [ INFO] maestro.Maestro.tap-HgV9Ck0: Tap aimed via settled hierarchy
10:12:01.364 [ INFO] maestro.Maestro.hierarchyBasedTap-ogj28Uc: Tapping at (911, 1645) using hierarchy based logic for wait
10:12:02.356 [ INFO] maestro.Maestro.hierarchyBasedTap-ogj28Uc: Something has changed in the UI judging by view hierarchy. Proceed.
10:12:02.357 [ INFO] maestro.cli.runner.CliConsoleListener.onCommandFinished: Tap on id: settings.switch.notif_detection COMPLETED
10:12:02.357 [ INFO] maestro.cli.runner.CliConsoleListener.onCommandStart: Press back RUNNING
10:12:02.358 [ INFO] maestro.Maestro.backPress: Pressing back
10:12:02.984 [ INFO] maestro.cli.runner.CliConsoleListener.onCommandFinished: Press back COMPLETED
10:12:02.984 [ INFO] maestro.cli.runner.CliConsoleListener.onCommandStart: Assert that id: screen.home is visible RUNNING
10:12:03.063 [ INFO] maestro.cli.runner.CliConsoleListener.onCommandFinished: Assert that id: screen.home is visible COMPLETED
10:12:03.063 [ INFO] maestro.cli.runner.CliConsoleListener.onCommandStart: Run ../../scripts/post_notification.js RUNNING
10:12:03.510 [ INFO] maestro.cli.runner.CliConsoleListener.onCommandFinished: Run ../../scripts/post_notification.js COMPLETED
10:12:03.510 [ INFO] maestro.cli.runner.CliConsoleListener.onCommandStart: Tap on id: nav.detected.button RUNNING
10:12:03.598 [ INFO] maestro.Maestro.tap-HgV9Ck0: Tapping on element:  UiElement(treeNode=TreeNode(attributes={text=, accessibilityText=, hintText=, ignoreBoundsFiltering=false, resource-id=nav.detected.button, clickable=true, bounds=[786,181][912,307], enabled=true, focused=false, checked=false, scrollable=false, selected=false, class=android.view.View, important-for-accessibility=true, error=}, children=[], clickable=true, enabled=true, focused=false, checked=false, selected=false), bounds=Bounds(x=786, y=181, width=126, height=126))
10:12:05.150 [ INFO] maestro.Maestro.tap-HgV9Ck0: Tap aimed via settled hierarchy
10:12:05.150 [ INFO] maestro.Maestro.hierarchyBasedTap-ogj28Uc: Tapping at (849, 244) using hierarchy based logic for wait
10:12:07.603 [ INFO] maestro.Maestro.hierarchyBasedTap-ogj28Uc: Something has changed in the UI judging by view hierarchy. Proceed.
10:12:07.603 [ INFO] maestro.cli.runner.CliConsoleListener.onCommandFinished: Tap on id: nav.detected.button COMPLETED
10:12:07.603 [ INFO] maestro.cli.runner.CliConsoleListener.onCommandStart: Assert that id: screen.detected is visible RUNNING
10:12:07.722 [ INFO] maestro.cli.runner.CliConsoleListener.onCommandFinished: Assert that id: screen.detected is visible COMPLETED
10:12:07.722 [ INFO] maestro.cli.runner.CliConsoleListener.onCommandStart: Assert that "MG ORGANISATION" is visible RUNNING
10:12:07.847 [ INFO] maestro.cli.runner.CliConsoleListener.onCommandFinished: Assert that "MG ORGANISATION" is visible COMPLETED
