20:38:41.087 [ INFO] maestro.cli.runner.CliConsoleListener.onCommandStart: Define variables RUNNING
20:38:41.097 [ INFO] maestro.cli.runner.CliConsoleListener.onCommandFinished: Define variables COMPLETED
20:38:41.099 [ INFO] maestro.cli.runner.CliConsoleListener.onCommandStart: Apply configuration RUNNING
20:38:41.100 [ INFO] maestro.cli.runner.CliConsoleListener.onCommandFinished: Apply configuration COMPLETED
20:38:41.100 [ INFO] maestro.cli.runner.CliConsoleListener.onCommandStart: Launch app "com.lop.budget" with clear state RUNNING
20:38:41.102 [ INFO] maestro.Maestro.clearAppState$lambda$8: Clearing app state com.lop.budget
20:38:43.842 [ INFO] maestro.Maestro.launchApp$lambda$5: Launching app com.lop.budget
20:38:43.842 [ INFO] maestro.Maestro.launchApp$lambda$5: Stopping com.lop.budget app during launch
20:38:44.188 [ INFO] maestro.cli.runner.CliConsoleListener.onCommandFinished: Launch app "com.lop.budget" with clear state COMPLETED
20:38:44.190 [ INFO] maestro.cli.runner.CliConsoleListener.onCommandStart: Assert that id: screen.home is visible RUNNING
20:38:55.491 [ INFO] maestro.cli.runner.CliConsoleListener.onCommandFinished: Assert that id: screen.home is visible COMPLETED
20:38:55.492 [ INFO] maestro.cli.runner.CliConsoleListener.onCommandStart: Tap on id: nav.settings.button RUNNING
20:38:55.970 [ INFO] maestro.Maestro.tap-HgV9Ck0: Tapping on element:  UiElement(treeNode=TreeNode(attributes={text=, accessibilityText=, hintText=, ignoreBoundsFiltering=false, resource-id=nav.settings.button, clickable=true, bounds=[912,181][1038,307], enabled=true, focused=false, checked=false, scrollable=false, selected=false, class=android.view.View, important-for-accessibility=true, error=}, children=[TreeNode(attributes={text=, accessibilityText=Réglages, hintText=, ignoreBoundsFiltering=false, resource-id=, clickable=false, bounds=[948,217][1001,270], enabled=true, focused=false, checked=false, scrollable=false, selected=false, class=android.view.View, important-for-accessibility=true, error=}, children=[], clickable=false, enabled=true, focused=false, checked=false, selected=false)], clickable=true, enabled=true, focused=false, checked=false, selected=false), bounds=Bounds(x=912, y=181, width=126, height=126))
20:38:58.955 [ INFO] maestro.Maestro.tap-HgV9Ck0: Tap aimed via settled hierarchy
20:38:58.963 [ INFO] maestro.Maestro.hierarchyBasedTap-ogj28Uc: Tapping at (975, 244) using hierarchy based logic for wait
20:39:01.405 [ INFO] maestro.Maestro.hierarchyBasedTap-ogj28Uc: Something has changed in the UI judging by view hierarchy. Proceed.
20:39:01.406 [ INFO] maestro.cli.runner.CliConsoleListener.onCommandFinished: Tap on id: nav.settings.button COMPLETED
20:39:01.406 [ INFO] maestro.cli.runner.CliConsoleListener.onCommandStart: Tap on id: settings.switch.notif_detection RUNNING
20:39:01.784 [ INFO] maestro.Maestro.tap-HgV9Ck0: Tapping on element:  UiElement(treeNode=TreeNode(attributes={text=, accessibilityText=, hintText=, ignoreBoundsFiltering=false, resource-id=settings.switch.notif_detection, clickable=true, bounds=[843,1582][980,1708], enabled=true, focused=false, checked=false, scrollable=false, selected=false, class=android.view.View, important-for-accessibility=true, error=}, children=[TreeNode(attributes={text=, accessibilityText=, hintText=, ignoreBoundsFiltering=false, resource-id=, clickable=false, bounds=[822,1582][948,1708], enabled=true, focused=false, checked=false, scrollable=false, selected=false, class=android.view.View, important-for-accessibility=false, error=}, children=[], clickable=false, enabled=true, focused=false, checked=false, selected=false), TreeNode(attributes={text=, accessibilityText=, hintText=, ignoreBoundsFiltering=false, resource-id=, clickable=false, bounds=[843,1603][980,1687], enabled=true, focused=false, checked=false, scrollable=false, selected=false, class=android.view.View, important-for-accessibility=true, error=}, children=[], clickable=false, enabled=true, focused=false, checked=false, selected=false)], clickable=true, enabled=true, focused=false, checked=false, selected=false), bounds=Bounds(x=843, y=1582, width=137, height=126))
20:39:03.239 [ INFO] maestro.Maestro.tap-HgV9Ck0: Tap aimed via settled hierarchy
20:39:03.242 [ INFO] maestro.Maestro.hierarchyBasedTap-ogj28Uc: Tapping at (911, 1645) using hierarchy based logic for wait
20:39:04.648 [ INFO] maestro.Maestro.hierarchyBasedTap-ogj28Uc: Something has changed in the UI judging by view hierarchy. Proceed.
20:39:04.648 [ INFO] maestro.cli.runner.CliConsoleListener.onCommandFinished: Tap on id: settings.switch.notif_detection COMPLETED
20:39:04.648 [ INFO] maestro.cli.runner.CliConsoleListener.onCommandStart: Press back RUNNING
20:39:04.649 [ INFO] maestro.Maestro.backPress: Pressing back
20:39:07.010 [ INFO] maestro.cli.runner.CliConsoleListener.onCommandFinished: Press back COMPLETED
20:39:07.010 [ INFO] maestro.cli.runner.CliConsoleListener.onCommandStart: Assert that id: screen.home is visible RUNNING
20:39:07.317 [ INFO] maestro.cli.runner.CliConsoleListener.onCommandFinished: Assert that id: screen.home is visible COMPLETED
20:39:07.318 [ INFO] maestro.cli.runner.CliConsoleListener.onCommandStart: Run ../../scripts/post_notification.js RUNNING
20:39:09.154 [ INFO] maestro.cli.runner.CliConsoleListener.onCommandFinished: Run ../../scripts/post_notification.js COMPLETED
20:39:09.155 [ INFO] maestro.cli.runner.CliConsoleListener.onCommandStart: Tap on id: nav.detected.button RUNNING
20:39:09.401 [ INFO] maestro.Maestro.tap-HgV9Ck0: Tapping on element:  UiElement(treeNode=TreeNode(attributes={text=, accessibilityText=, hintText=, ignoreBoundsFiltering=false, resource-id=nav.detected.button, clickable=true, bounds=[786,181][912,307], enabled=true, focused=false, checked=false, scrollable=false, selected=false, class=android.view.View, important-for-accessibility=true, error=}, children=[], clickable=true, enabled=true, focused=false, checked=false, selected=false), bounds=Bounds(x=786, y=181, width=126, height=126))
20:39:10.911 [ INFO] maestro.Maestro.tap-HgV9Ck0: Tap aimed via settled hierarchy
20:39:10.913 [ INFO] maestro.Maestro.hierarchyBasedTap-ogj28Uc: Tapping at (849, 244) using hierarchy based logic for wait
20:39:12.235 [ INFO] maestro.Maestro.hierarchyBasedTap-ogj28Uc: Something has changed in the UI judging by view hierarchy. Proceed.
20:39:12.235 [ INFO] maestro.cli.runner.CliConsoleListener.onCommandFinished: Tap on id: nav.detected.button COMPLETED
20:39:12.235 [ INFO] maestro.cli.runner.CliConsoleListener.onCommandStart: Assert that id: screen.detected is visible RUNNING
20:39:13.145 [ INFO] maestro.cli.runner.CliConsoleListener.onCommandFinished: Assert that id: screen.detected is visible COMPLETED
20:39:13.147 [ INFO] maestro.cli.runner.CliConsoleListener.onCommandStart: Assert that "MG ORGANISATION" is visible RUNNING
20:39:14.208 [ INFO] maestro.cli.runner.CliConsoleListener.onCommandFinished: Assert that "MG ORGANISATION" is visible COMPLETED
