17:28:17.890 [ INFO] maestro.cli.runner.CliConsoleListener.onCommandStart: Define variables RUNNING
17:28:17.897 [ INFO] maestro.cli.runner.CliConsoleListener.onCommandFinished: Define variables COMPLETED
17:28:17.901 [ INFO] maestro.cli.runner.CliConsoleListener.onCommandStart: Apply configuration RUNNING
17:28:17.901 [ INFO] maestro.cli.runner.CliConsoleListener.onCommandFinished: Apply configuration COMPLETED
17:28:17.901 [ INFO] maestro.cli.runner.CliConsoleListener.onCommandStart: Run ../../.maestro/subflows/bootstrap_monthly.yaml RUNNING
17:28:17.908 [ INFO] maestro.cli.runner.CliConsoleListener.onCommandStart: Apply configuration RUNNING
17:28:17.908 [ INFO] maestro.cli.runner.CliConsoleListener.onCommandFinished: Apply configuration COMPLETED
17:28:17.909 [ INFO] maestro.cli.runner.CliConsoleListener.onCommandStart: Run ../../scripts/dates.js RUNNING
17:28:19.669 [ INFO] maestro.orchestra.Orchestra.executeCommands$lambda$23$lambda$21: JsConsole: Maestro Dates Initialized: Prev=août / Août / 08 (2026)
17:28:19.670 [ INFO] maestro.orchestra.Orchestra.executeCommands$lambda$23$lambda$21: JsConsole: Maestro Dates Initialized: Curr=septembre / Sept. / 09 (2026)
17:28:19.671 [ INFO] maestro.orchestra.Orchestra.executeCommands$lambda$23$lambda$21: JsConsole: Maestro Dates Initialized: Next=octobre / Oct. / 10 (2026)
17:28:19.672 [ INFO] maestro.cli.runner.CliConsoleListener.onCommandFinished: Run ../../scripts/dates.js COMPLETED
17:28:19.673 [ INFO] maestro.cli.runner.CliConsoleListener.onCommandStart: Launch app "com.lop.budget" with clear state RUNNING
17:28:19.674 [ INFO] maestro.Maestro.clearAppState$lambda$8: Clearing app state com.lop.budget
17:28:20.690 [ INFO] maestro.Maestro.launchApp$lambda$5: Launching app com.lop.budget
17:28:20.691 [ INFO] maestro.Maestro.launchApp$lambda$5: Stopping com.lop.budget app during launch
17:28:20.712 [ WARN] maestro.orchestra.debug.ArtifactsGenerator.captureStepHierarchy: Failed to capture step hierarchy
maestro.android.DeviceServerDiedException: Device server died during 'deviceInfo' on emulator-5554 (746ms since last byte, connection age 11664ms): StatusRuntimeException: UNAVAILABLE
	at maestro.android.AndroidDeviceConnection.onGrpcDeath(AndroidDeviceConnection.kt:319)
	at maestro.android.AndroidDeviceConnection.mapTransport(AndroidDeviceConnection.kt:306)
	at maestro.android.AndroidDeviceConnection.execute(AndroidDeviceConnection.kt:122)
	at maestro.drivers.AndroidDriver.deviceInfo(AndroidDriver.kt:202)
	at maestro.ViewHierarchy$Companion.from-8JJjmZI(ViewHierarchy.kt:28)
	at maestro.Maestro$viewHierarchy$2.invoke-prqvCes(Maestro.kt:530)
	at maestro.Maestro$viewHierarchy$2.invoke(Maestro.kt:529)
	at kotlinx.coroutines.InterruptibleKt.runInterruptibleInExpectedContext(Interruptible.kt:48)
	at kotlinx.coroutines.InterruptibleKt.access$runInterruptibleInExpectedContext(Interruptible.kt:1)
	at kotlinx.coroutines.InterruptibleKt$runInterruptible$2.invokeSuspend(Interruptible.kt:40)
	at kotlin.coroutines.jvm.internal.BaseContinuationImpl.resumeWith(ContinuationImpl.kt:34)
	at kotlinx.coroutines.DispatchedTask.run(DispatchedTask.kt:100)
	at kotlinx.coroutines.internal.LimitedDispatcher$Worker.run(LimitedDispatcher.kt:124)
	at kotlinx.coroutines.scheduling.TaskImpl.run(Tasks.kt:89)
	at kotlinx.coroutines.scheduling.CoroutineScheduler.runSafely(CoroutineScheduler.kt:586)
	at kotlinx.coroutines.scheduling.CoroutineScheduler$Worker.executeTask(CoroutineScheduler.kt:820)
	at kotlinx.coroutines.scheduling.CoroutineScheduler$Worker.runWorker(CoroutineScheduler.kt:717)
	at kotlinx.coroutines.scheduling.CoroutineScheduler$Worker.run(CoroutineScheduler.kt:704)
Caused by: io.grpc.StatusRuntimeException: UNAVAILABLE
	at io.grpc.stub.ClientCalls.toStatusRuntimeException(ClientCalls.java:275)
	at io.grpc.stub.ClientCalls.getUnchecked(ClientCalls.java:256)
	at io.grpc.stub.ClientCalls.blockingUnaryCall(ClientCalls.java:169)
	at maestro_android.MaestroDriverGrpc$MaestroDriverBlockingStub.deviceInfo(MaestroDriverGrpc.java:740)
	at maestro.drivers.AndroidDriver.deviceInfo$lambda$4(AndroidDriver.kt:202)
	at maestro.android.AndroidDeviceConnection.execute(AndroidDeviceConnection.kt:120)
	... 15 more
Caused by: java.io.IOException: Command failed (host:transport:emulator-5554): device offline
	at dadb.adbserver.AdbServer.send$dadb(AdbServer.kt:103)
	at dadb.adbserver.AdbServerDadb.open(AdbServer.kt:148)
	at maestro.android.AndroidDeviceConnection.buildChannel$lambda$2(AndroidDeviceConnection.kt:98)
	at maestro.android.RawAdbSocket.connect(AdbSocketFactory.kt:206)
	at java.base/java.net.Socket.connect(Socket.java:583)
	at maestro.android.AdbSocketFactory.createSocket(AdbSocketFactory.kt:57)
	at maestro.android.AdbSocketFactory.createSocket(AdbSocketFactory.kt:63)
	at io.grpc.okhttp.OkHttpClientTransport$3.run(OkHttpClientTransport.java:535)
	at io.grpc.internal.SerializingExecutor.run(SerializingExecutor.java:133)
	at java.base/java.util.concurrent.ThreadPoolExecutor.runWorker(ThreadPoolExecutor.java:1136)
	at java.base/java.util.concurrent.ThreadPoolExecutor$Worker.run(ThreadPoolExecutor.java:635)
	at java.base/java.lang.Thread.run(Thread.java:840)
17:28:20.715 [ INFO] maestro.Maestro.takeScreenshot: Taking screenshot
17:28:20.717 [TRACE] maestro.utils.ScreenshotUtils.takeScreenshot: Taking screenshot to output sink
17:28:20.734 [ WARN] maestro.orchestra.debug.ArtifactsGenerator.captureScreenshot: Failed to capture screenshot screenshots/step-006-launchApp-com.lop.budget.png
17:28:20.735 [ INFO] maestro.cli.runner.CliConsoleListener.onCommandFinished: Launch app "com.lop.budget" with clear state FAILED
17:28:20.740 [ERROR] maestro.orchestra.Orchestra.executeCommands: [Command execution] CommandFailed: Command failed (host:transport:emulator-5554): device offline
17:28:20.745 [ INFO] maestro.Maestro.takeScreenshot: Taking screenshot
17:28:20.745 [TRACE] maestro.utils.ScreenshotUtils.takeScreenshot: Taking screenshot to output sink
17:28:20.747 [ WARN] maestro.orchestra.debug.ArtifactsGenerator.captureScreenshot: Failed to capture screenshot screenshots/step-003-runFlow.png
17:28:20.747 [ INFO] maestro.cli.runner.CliConsoleListener.onCommandFinished: Run ../../.maestro/subflows/bootstrap_monthly.yaml FAILED
