20:01:48.046 [ INFO] maestro.cli.runner.CliConsoleListener.onCommandStart: Define variables RUNNING
20:01:48.046 [ INFO] maestro.cli.runner.CliConsoleListener.onCommandFinished: Define variables COMPLETED
20:01:48.047 [ INFO] maestro.cli.runner.CliConsoleListener.onCommandStart: Apply configuration RUNNING
20:01:48.047 [ INFO] maestro.cli.runner.CliConsoleListener.onCommandFinished: Apply configuration COMPLETED
20:01:48.047 [ INFO] maestro.cli.runner.CliConsoleListener.onCommandStart: Run ../../.maestro/subflows/bootstrap_monthly.yaml RUNNING
20:01:48.047 [ INFO] maestro.cli.runner.CliConsoleListener.onCommandStart: Apply configuration RUNNING
20:01:48.047 [ INFO] maestro.cli.runner.CliConsoleListener.onCommandFinished: Apply configuration COMPLETED
20:01:48.047 [ INFO] maestro.cli.runner.CliConsoleListener.onCommandStart: Run ../../scripts/dates.js RUNNING
20:01:48.075 [ INFO] maestro.orchestra.Orchestra.executeCommands$lambda$23$lambda$21: JsConsole: Maestro Dates Initialized: Prev=août / Août / 08 (2026)
20:01:48.075 [ INFO] maestro.orchestra.Orchestra.executeCommands$lambda$23$lambda$21: JsConsole: Maestro Dates Initialized: Curr=septembre / Sept. / 09 (2026)
20:01:48.076 [ INFO] maestro.orchestra.Orchestra.executeCommands$lambda$23$lambda$21: JsConsole: Maestro Dates Initialized: Next=octobre / Oct. / 10 (2026)
20:01:48.076 [ INFO] maestro.cli.runner.CliConsoleListener.onCommandFinished: Run ../../scripts/dates.js COMPLETED
20:01:48.077 [ INFO] maestro.cli.runner.CliConsoleListener.onCommandStart: Launch app "com.lop.budget" with clear state RUNNING
20:01:48.077 [ INFO] maestro.Maestro.clearAppState$lambda$8: Clearing app state com.lop.budget
20:01:50.019 [ INFO] maestro.Maestro.launchApp$lambda$5: Launching app com.lop.budget
20:01:50.019 [ INFO] maestro.Maestro.launchApp$lambda$5: Stopping com.lop.budget app during launch
20:01:50.072 [ INFO] maestro.cli.runner.CliConsoleListener.onCommandFinished: Launch app "com.lop.budget" with clear state COMPLETED
20:01:50.072 [ INFO] maestro.cli.runner.CliConsoleListener.onCommandStart: Run open_monthly_history.yaml RUNNING
20:01:50.072 [ INFO] maestro.cli.runner.CliConsoleListener.onCommandStart: Apply configuration RUNNING
20:01:50.072 [ INFO] maestro.cli.runner.CliConsoleListener.onCommandFinished: Apply configuration COMPLETED
20:01:50.073 [ INFO] maestro.cli.runner.CliConsoleListener.onCommandStart: Run flow when id: screen.monthly is not visible RUNNING
20:01:50.725 [ INFO] maestro.cli.runner.CliConsoleListener.onCommandStart: Scrolling DOWN until id: recent_transactions_see_all is visible with speed 40, visibility percentage 100%, timeout 20000 ms, with centering enabled RUNNING
20:01:51.360 [ WARN] maestro.orchestra.Orchestra.scrollUntilVisible: Error: maestro.MaestroException$ElementNotFound: Element not found: Id matching regex: recent_transactions_see_all
20:01:51.368 [ INFO] maestro.Maestro.swipeFromCenter: Swiping UP from center
20:01:55.360 [ INFO] maestro.orchestra.Orchestra.scrollUntilVisible: Scrolling try count: 0, DeviceWidth: 1080, DeviceWidth: 2400
20:01:55.360 [ INFO] maestro.orchestra.Orchestra.scrollUntilVisible: Element bounds: Bounds(x=763, y=2033, width=243, height=126)
20:01:55.360 [ INFO] maestro.orchestra.Orchestra.scrollUntilVisible: Visibility Percent: 1.0
20:01:55.360 [ INFO] maestro.orchestra.Orchestra.scrollUntilVisible: Command centerElement: ScrollUntilVisibleCommand(selector=ElementSelector(textRegex=null, idRegex=recent_transactions_see_all, size=null, below=null, above=null, leftOf=null, rightOf=null, containsChild=null, containsDescendants=null, traits=null, index=null, enabled=null, optional=false, selected=null, checked=null, focused=null, childOf=null, css=null), direction=DOWN, scrollDuration=601, visibilityPercentage=100, timeout=20000, waitToSettleTimeoutMs=null, centerElement=true, originalSpeedValue=40, label=null, optional=false).centerElement
20:01:55.360 [ INFO] maestro.orchestra.Orchestra.scrollUntilVisible: visibilityPercentageNormalized: 1.0
20:01:55.364 [ INFO] maestro.Maestro.swipeFromCenter: Swiping UP from center
20:01:56.540 [ INFO] maestro.orchestra.Orchestra.scrollUntilVisible: Scrolling try count: 1, DeviceWidth: 1080, DeviceWidth: 2400
20:01:56.540 [ INFO] maestro.orchestra.Orchestra.scrollUntilVisible: Element bounds: Bounds(x=763, y=1304, width=243, height=126)
20:01:56.540 [ INFO] maestro.orchestra.Orchestra.scrollUntilVisible: Visibility Percent: 1.0
20:01:56.540 [ INFO] maestro.orchestra.Orchestra.scrollUntilVisible: Command centerElement: ScrollUntilVisibleCommand(selector=ElementSelector(textRegex=null, idRegex=recent_transactions_see_all, size=null, below=null, above=null, leftOf=null, rightOf=null, containsChild=null, containsDescendants=null, traits=null, index=null, enabled=null, optional=false, selected=null, checked=null, focused=null, childOf=null, css=null), direction=DOWN, scrollDuration=601, visibilityPercentage=100, timeout=20000, waitToSettleTimeoutMs=null, centerElement=true, originalSpeedValue=40, label=null, optional=false).centerElement
20:01:56.540 [ INFO] maestro.orchestra.Orchestra.scrollUntilVisible: visibilityPercentageNormalized: 1.0
20:01:56.540 [ INFO] maestro.cli.runner.CliConsoleListener.onCommandFinished: Scrolling DOWN until id: recent_transactions_see_all is visible with speed 40, visibility percentage 100%, timeout 20000 ms, with centering enabled COMPLETED
20:01:56.540 [ INFO] maestro.cli.runner.CliConsoleListener.onCommandStart: Tap on id: recent_transactions_see_all RUNNING
20:01:56.641 [ INFO] maestro.Maestro.tap-HgV9Ck0: Tapping on element:  UiElement(treeNode=TreeNode(attributes={text=, accessibilityText=, hintText=, ignoreBoundsFiltering=false, resource-id=recent_transactions_see_all, clickable=true, bounds=[763,1304][1006,1430], enabled=true, focused=false, checked=false, scrollable=false, selected=false, class=android.view.View, important-for-accessibility=true, error=}, children=[TreeNode(attributes={text=Voir tout, accessibilityText=, hintText=, ignoreBoundsFiltering=false, resource-id=, clickable=false, bounds=[795,1340][932,1393], enabled=true, focused=false, checked=false, scrollable=false, selected=false, class=android.widget.TextView, important-for-accessibility=true, error=}, children=[], clickable=false, enabled=true, focused=false, checked=false, selected=false), TreeNode(attributes={text=, accessibilityText=, hintText=, ignoreBoundsFiltering=false, resource-id=, clickable=false, bounds=[763,1314][1006,1419], enabled=true, focused=false, checked=false, scrollable=false, selected=false, class=android.widget.Button, important-for-accessibility=true, error=}, children=[], clickable=false, enabled=true, focused=false, checked=false, selected=false)], clickable=true, enabled=true, focused=false, checked=false, selected=false), bounds=Bounds(x=763, y=1304, width=243, height=126))
20:01:57.887 [ INFO] maestro.Maestro.tap-HgV9Ck0: Tap aimed via settled hierarchy
20:01:57.888 [ INFO] maestro.Maestro.hierarchyBasedTap-ogj28Uc: Tapping at (884, 1367) using hierarchy based logic for wait
20:01:59.075 [ INFO] maestro.Maestro.hierarchyBasedTap-ogj28Uc: Something has changed in the UI judging by view hierarchy. Proceed.
20:01:59.075 [ INFO] maestro.cli.runner.CliConsoleListener.onCommandFinished: Tap on id: recent_transactions_see_all COMPLETED
20:01:59.075 [ INFO] maestro.cli.runner.CliConsoleListener.onCommandStart: Assert that id: screen.monthly is visible RUNNING
20:01:59.188 [ INFO] maestro.cli.runner.CliConsoleListener.onCommandFinished: Assert that id: screen.monthly is visible COMPLETED
20:01:59.188 [ INFO] maestro.cli.runner.CliConsoleListener.onCommandFinished: Run flow when id: screen.monthly is not visible COMPLETED
20:01:59.188 [ INFO] maestro.cli.runner.CliConsoleListener.onCommandStart: Wait for animation to end within 5000 ms RUNNING
20:01:59.189 [ INFO] maestro.Maestro.waitForAnimationToEnd$lambda$53: Waiting for animation to end with timeout 5000
20:01:59.189 [TRACE] maestro.utils.ScreenshotUtils.takeScreenshot: Taking screenshot to byte array
20:01:59.189 [TRACE] maestro.utils.ScreenshotUtils.takeScreenshot: Taking screenshot to output sink
20:01:59.404 [TRACE] maestro.utils.ScreenshotUtils.takeScreenshot: Taking screenshot to byte array
20:01:59.404 [TRACE] maestro.utils.ScreenshotUtils.takeScreenshot: Taking screenshot to output sink
20:01:59.778 [ INFO] maestro.cli.runner.CliConsoleListener.onCommandFinished: Wait for animation to end within 5000 ms COMPLETED
20:01:59.778 [ INFO] maestro.cli.runner.CliConsoleListener.onCommandFinished: Run open_monthly_history.yaml COMPLETED
20:01:59.778 [ INFO] maestro.cli.runner.CliConsoleListener.onCommandFinished: Run ../../.maestro/subflows/bootstrap_monthly.yaml COMPLETED
20:01:59.778 [ INFO] maestro.cli.runner.CliConsoleListener.onCommandStart: Assert that id: screen.monthly is visible RUNNING
20:01:59.858 [ INFO] maestro.cli.runner.CliConsoleListener.onCommandFinished: Assert that id: screen.monthly is visible COMPLETED
20:01:59.858 [ INFO] maestro.cli.runner.CliConsoleListener.onCommandStart: Assert that "Tous les types" is visible RUNNING
20:01:59.985 [ INFO] maestro.cli.runner.CliConsoleListener.onCommandFinished: Assert that "Tous les types" is visible COMPLETED
20:01:59.985 [ INFO] maestro.cli.runner.CliConsoleListener.onCommandStart: Assert that "Tous les statuts" is visible RUNNING
20:02:00.112 [ INFO] maestro.cli.runner.CliConsoleListener.onCommandFinished: Assert that "Tous les statuts" is visible COMPLETED
20:02:00.113 [ INFO] maestro.cli.runner.CliConsoleListener.onCommandStart: Scrolling DOWN until "Courses Hebdomadaires" is visible with speed 40, visibility percentage 100%, timeout 20000 ms, with centering disabled RUNNING
20:02:00.215 [ INFO] maestro.orchestra.Orchestra.scrollUntilVisible: Scrolling try count: 0, DeviceWidth: 1080, DeviceWidth: 2400
20:02:00.216 [ INFO] maestro.orchestra.Orchestra.scrollUntilVisible: Element bounds: Bounds(x=238, y=1761, width=463, height=49)
20:02:00.216 [ INFO] maestro.orchestra.Orchestra.scrollUntilVisible: Visibility Percent: 1.0
20:02:00.216 [ INFO] maestro.orchestra.Orchestra.scrollUntilVisible: Command centerElement: ScrollUntilVisibleCommand(selector=ElementSelector(textRegex=Courses Hebdomadaires, idRegex=null, size=null, below=null, above=null, leftOf=null, rightOf=null, containsChild=null, containsDescendants=null, traits=null, index=null, enabled=null, optional=false, selected=null, checked=null, focused=null, childOf=null, css=null), direction=DOWN, scrollDuration=601, visibilityPercentage=100, timeout=20000, waitToSettleTimeoutMs=null, centerElement=false, originalSpeedValue=40, label=null, optional=false).centerElement
20:02:00.216 [ INFO] maestro.orchestra.Orchestra.scrollUntilVisible: visibilityPercentageNormalized: 1.0
20:02:00.216 [ INFO] maestro.cli.runner.CliConsoleListener.onCommandFinished: Scrolling DOWN until "Courses Hebdomadaires" is visible with speed 40, visibility percentage 100%, timeout 20000 ms, with centering disabled COMPLETED
20:02:00.216 [ INFO] maestro.cli.runner.CliConsoleListener.onCommandStart: Scrolling DOWN until "Loyer" is visible with speed 40, visibility percentage 100%, timeout 20000 ms, with centering disabled RUNNING
20:02:00.348 [ INFO] maestro.orchestra.Orchestra.scrollUntilVisible: Scrolling try count: 0, DeviceWidth: 1080, DeviceWidth: 2400
20:02:00.348 [ INFO] maestro.orchestra.Orchestra.scrollUntilVisible: Element bounds: Bounds(x=238, y=1171, width=103, height=49)
20:02:00.348 [ INFO] maestro.orchestra.Orchestra.scrollUntilVisible: Visibility Percent: 1.0
20:02:00.348 [ INFO] maestro.orchestra.Orchestra.scrollUntilVisible: Command centerElement: ScrollUntilVisibleCommand(selector=ElementSelector(textRegex=Loyer, idRegex=null, size=null, below=null, above=null, leftOf=null, rightOf=null, containsChild=null, containsDescendants=null, traits=null, index=null, enabled=null, optional=false, selected=null, checked=null, focused=null, childOf=null, css=null), direction=DOWN, scrollDuration=601, visibilityPercentage=100, timeout=20000, waitToSettleTimeoutMs=null, centerElement=false, originalSpeedValue=40, label=null, optional=false).centerElement
20:02:00.348 [ INFO] maestro.orchestra.Orchestra.scrollUntilVisible: visibilityPercentageNormalized: 1.0
20:02:00.349 [ INFO] maestro.cli.runner.CliConsoleListener.onCommandFinished: Scrolling DOWN until "Loyer" is visible with speed 40, visibility percentage 100%, timeout 20000 ms, with centering disabled COMPLETED
20:02:00.349 [ INFO] maestro.cli.runner.CliConsoleListener.onCommandStart: Scrolling DOWN until "Salaire" is visible with speed 40, visibility percentage 100%, timeout 20000 ms, with centering disabled RUNNING
20:02:00.468 [ INFO] maestro.orchestra.Orchestra.scrollUntilVisible: Scrolling try count: 0, DeviceWidth: 1080, DeviceWidth: 2400
20:02:00.469 [ INFO] maestro.orchestra.Orchestra.scrollUntilVisible: Element bounds: Bounds(x=238, y=1403, width=127, height=49)
20:02:00.469 [ INFO] maestro.orchestra.Orchestra.scrollUntilVisible: Visibility Percent: 1.0
20:02:00.469 [ INFO] maestro.orchestra.Orchestra.scrollUntilVisible: Command centerElement: ScrollUntilVisibleCommand(selector=ElementSelector(textRegex=Salaire, idRegex=null, size=null, below=null, above=null, leftOf=null, rightOf=null, containsChild=null, containsDescendants=null, traits=null, index=null, enabled=null, optional=false, selected=null, checked=null, focused=null, childOf=null, css=null), direction=DOWN, scrollDuration=601, visibilityPercentage=100, timeout=20000, waitToSettleTimeoutMs=null, centerElement=false, originalSpeedValue=40, label=null, optional=false).centerElement
20:02:00.469 [ INFO] maestro.orchestra.Orchestra.scrollUntilVisible: visibilityPercentageNormalized: 1.0
20:02:00.469 [ INFO] maestro.cli.runner.CliConsoleListener.onCommandFinished: Scrolling DOWN until "Salaire" is visible with speed 40, visibility percentage 100%, timeout 20000 ms, with centering disabled COMPLETED
20:02:00.469 [ INFO] maestro.cli.runner.CliConsoleListener.onCommandStart: Scrolling UP until id: monthly.filter.type is visible with speed 40, visibility percentage 100%, timeout 20000 ms, with centering disabled RUNNING
20:02:00.681 [ INFO] maestro.orchestra.Orchestra.scrollUntilVisible: Scrolling try count: 0, DeviceWidth: 1080, DeviceWidth: 2400
20:02:00.681 [ INFO] maestro.orchestra.Orchestra.scrollUntilVisible: Element bounds: Bounds(x=53, y=640, width=363, height=126)
20:02:00.681 [ INFO] maestro.orchestra.Orchestra.scrollUntilVisible: Visibility Percent: 1.0
20:02:00.681 [ INFO] maestro.orchestra.Orchestra.scrollUntilVisible: Command centerElement: ScrollUntilVisibleCommand(selector=ElementSelector(textRegex=null, idRegex=monthly.filter.type, size=null, below=null, above=null, leftOf=null, rightOf=null, containsChild=null, containsDescendants=null, traits=null, index=null, enabled=null, optional=false, selected=null, checked=null, focused=null, childOf=null, css=null), direction=UP, scrollDuration=601, visibilityPercentage=100, timeout=20000, waitToSettleTimeoutMs=null, centerElement=false, originalSpeedValue=40, label=null, optional=false).centerElement
20:02:00.681 [ INFO] maestro.orchestra.Orchestra.scrollUntilVisible: visibilityPercentageNormalized: 1.0
20:02:00.681 [ INFO] maestro.cli.runner.CliConsoleListener.onCommandFinished: Scrolling UP until id: monthly.filter.type is visible with speed 40, visibility percentage 100%, timeout 20000 ms, with centering disabled COMPLETED
20:02:00.681 [ INFO] maestro.cli.runner.CliConsoleListener.onCommandStart: Run console.log("TC-100-1 : CA-01 vérifié — revenus et dépenses, payées et planifiées, tous rendus")
 RUNNING
20:02:00.681 [ INFO] maestro.cli.runner.CliConsoleListener.onCommandFinished: Run console.log("TC-100-1 : CA-01 vérifié — revenus et dépenses, payées et planifiées, tous rendus")
 COMPLETED
20:02:00.682 [ INFO] maestro.cli.runner.CliConsoleListener.onCommandStart: Tap on id: monthly.filter.type RUNNING
20:02:00.812 [ INFO] maestro.Maestro.tap-HgV9Ck0: Tapping on element:  UiElement(treeNode=TreeNode(attributes={text=, accessibilityText=, hintText=, ignoreBoundsFiltering=false, resource-id=monthly.filter.type, clickable=true, bounds=[53,640][416,766], enabled=true, focused=false, checked=false, scrollable=false, selected=false, class=android.view.View, important-for-accessibility=true, error=}, children=[TreeNode(attributes={text=, accessibilityText=, hintText=, ignoreBoundsFiltering=false, resource-id=, clickable=false, bounds=[35,641][161,767], enabled=true, focused=false, checked=false, scrollable=false, selected=false, class=android.view.View, important-for-accessibility=false, error=}, children=[], clickable=false, enabled=true, focused=false, checked=false, selected=false), TreeNode(attributes={text=Tous les types, accessibilityText=, hintText=, ignoreBoundsFiltering=false, resource-id=, clickable=false, bounds=[142,682][374,725], enabled=true, focused=false, checked=false, scrollable=false, selected=false, class=android.widget.TextView, important-for-accessibility=true, error=}, children=[], clickable=false, enabled=true, focused=false, checked=false, selected=false), TreeNode(attributes={text=, accessibilityText=, hintText=, ignoreBoundsFiltering=false, resource-id=, clickable=false, bounds=[53,661][416,745], enabled=true, focused=false, checked=false, scrollable=false, selected=false, class=android.widget.CheckBox, important-for-accessibility=true, error=}, children=[], clickable=false, enabled=true, focused=false, checked=false, selected=false)], clickable=true, enabled=true, focused=false, checked=false, selected=false), bounds=Bounds(x=53, y=640, width=363, height=126))
20:02:02.287 [ INFO] maestro.Maestro.tap-HgV9Ck0: Tap aimed via settled hierarchy
20:02:02.287 [ INFO] maestro.Maestro.hierarchyBasedTap-ogj28Uc: Tapping at (234, 703) using hierarchy based logic for wait
20:02:03.902 [ INFO] maestro.Maestro.hierarchyBasedTap-ogj28Uc: Something has changed in the UI judging by view hierarchy. Proceed.
20:02:03.903 [ INFO] maestro.cli.runner.CliConsoleListener.onCommandFinished: Tap on id: monthly.filter.type COMPLETED
20:02:03.903 [ INFO] maestro.cli.runner.CliConsoleListener.onCommandStart: Assert that "Filtrer par type" is visible RUNNING
20:02:04.006 [ INFO] maestro.cli.runner.CliConsoleListener.onCommandFinished: Assert that "Filtrer par type" is visible COMPLETED
20:02:04.006 [ INFO] maestro.cli.runner.CliConsoleListener.onCommandStart: Assert that "Dépenses" is visible RUNNING
20:02:04.070 [ INFO] maestro.cli.runner.CliConsoleListener.onCommandFinished: Assert that "Dépenses" is visible COMPLETED
20:02:04.070 [ INFO] maestro.cli.runner.CliConsoleListener.onCommandStart: Assert that "Revenus" is visible RUNNING
20:02:04.174 [ INFO] maestro.cli.runner.CliConsoleListener.onCommandFinished: Assert that "Revenus" is visible COMPLETED
20:02:04.174 [ INFO] maestro.cli.runner.CliConsoleListener.onCommandStart: Press back RUNNING
20:02:04.175 [ INFO] maestro.Maestro.backPress: Pressing back
20:02:04.930 [ INFO] maestro.cli.runner.CliConsoleListener.onCommandFinished: Press back COMPLETED
20:02:04.930 [ INFO] maestro.cli.runner.CliConsoleListener.onCommandStart: Assert that "Filtrer par type" is not visible RUNNING
20:02:05.584 [ INFO] maestro.cli.runner.CliConsoleListener.onCommandFinished: Assert that "Filtrer par type" is not visible COMPLETED
20:02:05.584 [ INFO] maestro.cli.runner.CliConsoleListener.onCommandStart: Assert that "Tous les types" is visible RUNNING
20:02:05.657 [ INFO] maestro.cli.runner.CliConsoleListener.onCommandFinished: Assert that "Tous les types" is visible COMPLETED
20:02:05.657 [ INFO] maestro.cli.runner.CliConsoleListener.onCommandStart: Scrolling DOWN until "Salaire" is visible with speed 40, visibility percentage 100%, timeout 20000 ms, with centering disabled RUNNING
20:02:05.768 [ INFO] maestro.orchestra.Orchestra.scrollUntilVisible: Scrolling try count: 0, DeviceWidth: 1080, DeviceWidth: 2400
20:02:05.768 [ INFO] maestro.orchestra.Orchestra.scrollUntilVisible: Element bounds: Bounds(x=238, y=1403, width=127, height=49)
20:02:05.768 [ INFO] maestro.orchestra.Orchestra.scrollUntilVisible: Visibility Percent: 1.0
20:02:05.768 [ INFO] maestro.orchestra.Orchestra.scrollUntilVisible: Command centerElement: ScrollUntilVisibleCommand(selector=ElementSelector(textRegex=Salaire, idRegex=null, size=null, below=null, above=null, leftOf=null, rightOf=null, containsChild=null, containsDescendants=null, traits=null, index=null, enabled=null, optional=false, selected=null, checked=null, focused=null, childOf=null, css=null), direction=DOWN, scrollDuration=601, visibilityPercentage=100, timeout=20000, waitToSettleTimeoutMs=null, centerElement=false, originalSpeedValue=40, label=null, optional=false).centerElement
20:02:05.768 [ INFO] maestro.orchestra.Orchestra.scrollUntilVisible: visibilityPercentageNormalized: 1.0
20:02:05.768 [ INFO] maestro.cli.runner.CliConsoleListener.onCommandFinished: Scrolling DOWN until "Salaire" is visible with speed 40, visibility percentage 100%, timeout 20000 ms, with centering disabled COMPLETED
20:02:05.768 [ INFO] maestro.cli.runner.CliConsoleListener.onCommandStart: Scrolling UP until id: monthly.filter.type is visible with speed 40, visibility percentage 100%, timeout 20000 ms, with centering disabled RUNNING
20:02:05.887 [ INFO] maestro.orchestra.Orchestra.scrollUntilVisible: Scrolling try count: 0, DeviceWidth: 1080, DeviceWidth: 2400
20:02:05.887 [ INFO] maestro.orchestra.Orchestra.scrollUntilVisible: Element bounds: Bounds(x=53, y=640, width=363, height=126)
20:02:05.887 [ INFO] maestro.orchestra.Orchestra.scrollUntilVisible: Visibility Percent: 1.0
20:02:05.887 [ INFO] maestro.orchestra.Orchestra.scrollUntilVisible: Command centerElement: ScrollUntilVisibleCommand(selector=ElementSelector(textRegex=null, idRegex=monthly.filter.type, size=null, below=null, above=null, leftOf=null, rightOf=null, containsChild=null, containsDescendants=null, traits=null, index=null, enabled=null, optional=false, selected=null, checked=null, focused=null, childOf=null, css=null), direction=UP, scrollDuration=601, visibilityPercentage=100, timeout=20000, waitToSettleTimeoutMs=null, centerElement=false, originalSpeedValue=40, label=null, optional=false).centerElement
20:02:05.887 [ INFO] maestro.orchestra.Orchestra.scrollUntilVisible: visibilityPercentageNormalized: 1.0
20:02:05.887 [ INFO] maestro.cli.runner.CliConsoleListener.onCommandFinished: Scrolling UP until id: monthly.filter.type is visible with speed 40, visibility percentage 100%, timeout 20000 ms, with centering disabled COMPLETED
20:02:05.887 [ INFO] maestro.cli.runner.CliConsoleListener.onCommandStart: Run console.log("TC-100-1 : CA-02 vérifié — ouvrir la feuille ne filtre rien")
 RUNNING
20:02:05.887 [ INFO] maestro.cli.runner.CliConsoleListener.onCommandFinished: Run console.log("TC-100-1 : CA-02 vérifié — ouvrir la feuille ne filtre rien")
 COMPLETED
20:02:05.887 [ INFO] maestro.cli.runner.CliConsoleListener.onCommandStart: Tap on id: monthly.filter.type RUNNING
20:02:05.961 [ INFO] maestro.Maestro.tap-HgV9Ck0: Tapping on element:  UiElement(treeNode=TreeNode(attributes={text=, accessibilityText=, hintText=, ignoreBoundsFiltering=false, resource-id=monthly.filter.type, clickable=true, bounds=[53,640][416,766], enabled=true, focused=false, checked=false, scrollable=false, selected=false, class=android.view.View, important-for-accessibility=true, error=}, children=[TreeNode(attributes={text=, accessibilityText=, hintText=, ignoreBoundsFiltering=false, resource-id=, clickable=false, bounds=[35,641][161,767], enabled=true, focused=false, checked=false, scrollable=false, selected=false, class=android.view.View, important-for-accessibility=false, error=}, children=[], clickable=false, enabled=true, focused=false, checked=false, selected=false), TreeNode(attributes={text=Tous les types, accessibilityText=, hintText=, ignoreBoundsFiltering=false, resource-id=, clickable=false, bounds=[142,682][374,725], enabled=true, focused=false, checked=false, scrollable=false, selected=false, class=android.widget.TextView, important-for-accessibility=true, error=}, children=[], clickable=false, enabled=true, focused=false, checked=false, selected=false), TreeNode(attributes={text=, accessibilityText=, hintText=, ignoreBoundsFiltering=false, resource-id=, clickable=false, bounds=[53,661][416,745], enabled=true, focused=false, checked=false, scrollable=false, selected=false, class=android.widget.CheckBox, important-for-accessibility=true, error=}, children=[], clickable=false, enabled=true, focused=false, checked=false, selected=false)], clickable=true, enabled=true, focused=false, checked=false, selected=false), bounds=Bounds(x=53, y=640, width=363, height=126))
20:02:07.199 [ INFO] maestro.Maestro.tap-HgV9Ck0: Tap aimed via settled hierarchy
20:02:07.199 [ INFO] maestro.Maestro.hierarchyBasedTap-ogj28Uc: Tapping at (234, 703) using hierarchy based logic for wait
20:02:08.830 [ INFO] maestro.Maestro.hierarchyBasedTap-ogj28Uc: Something has changed in the UI judging by view hierarchy. Proceed.
20:02:08.830 [ INFO] maestro.cli.runner.CliConsoleListener.onCommandFinished: Tap on id: monthly.filter.type COMPLETED
20:02:08.830 [ INFO] maestro.cli.runner.CliConsoleListener.onCommandStart: Tap on "Dépenses" RUNNING
20:02:08.890 [ INFO] maestro.Maestro.tap-HgV9Ck0: Tapping on element:  UiElement(treeNode=TreeNode(attributes={text=Dépenses, accessibilityText=, hintText=, ignoreBoundsFiltering=false, resource-id=, clickable=false, bounds=[95,1997][985,2046], enabled=true, focused=false, checked=false, scrollable=false, selected=false, class=android.widget.TextView, important-for-accessibility=true, error=}, children=[], clickable=false, enabled=true, focused=false, checked=false, selected=false), bounds=Bounds(x=95, y=1997, width=890, height=49))
20:02:10.142 [ INFO] maestro.Maestro.tap-HgV9Ck0: Tap aimed via settled hierarchy
20:02:10.142 [ INFO] maestro.Maestro.hierarchyBasedTap-ogj28Uc: Tapping at (540, 2021) using hierarchy based logic for wait
20:02:11.038 [ INFO] maestro.Maestro.hierarchyBasedTap-ogj28Uc: Something has changed in the UI judging by view hierarchy. Proceed.
20:02:11.039 [ INFO] maestro.cli.runner.CliConsoleListener.onCommandFinished: Tap on "Dépenses" COMPLETED
20:02:11.039 [ INFO] maestro.cli.runner.CliConsoleListener.onCommandStart: Assert that "Filtrer par type" is not visible RUNNING
20:02:11.671 [ INFO] maestro.cli.runner.CliConsoleListener.onCommandFinished: Assert that "Filtrer par type" is not visible COMPLETED
20:02:11.671 [ INFO] maestro.cli.runner.CliConsoleListener.onCommandStart: Assert that "Dépenses" is visible RUNNING
20:02:11.743 [ INFO] maestro.cli.runner.CliConsoleListener.onCommandFinished: Assert that "Dépenses" is visible COMPLETED
20:02:11.743 [ INFO] maestro.cli.runner.CliConsoleListener.onCommandStart: Assert that "Courses Hebdomadaires" is visible RUNNING
20:02:11.887 [ INFO] maestro.cli.runner.CliConsoleListener.onCommandFinished: Assert that "Courses Hebdomadaires" is visible COMPLETED
20:02:11.888 [ INFO] maestro.cli.runner.CliConsoleListener.onCommandStart: Assert that "Loyer" is visible RUNNING
20:02:11.954 [ INFO] maestro.cli.runner.CliConsoleListener.onCommandFinished: Assert that "Loyer" is visible COMPLETED
20:02:11.954 [ INFO] maestro.cli.runner.CliConsoleListener.onCommandStart: Assert that "Salaire" is not visible RUNNING
20:02:12.537 [ INFO] maestro.cli.runner.CliConsoleListener.onCommandFinished: Assert that "Salaire" is not visible COMPLETED
20:02:12.537 [ INFO] maestro.cli.runner.CliConsoleListener.onCommandStart: Run console.log("TC-100-1 : CA-03 vérifié — la liste ne contient plus de revenu")
 RUNNING
20:02:12.537 [ INFO] maestro.cli.runner.CliConsoleListener.onCommandFinished: Run console.log("TC-100-1 : CA-03 vérifié — la liste ne contient plus de revenu")
 COMPLETED
20:02:12.537 [ INFO] maestro.cli.runner.CliConsoleListener.onCommandStart: Tap on id: monthly.filter.type RUNNING
20:02:12.611 [ INFO] maestro.Maestro.tap-HgV9Ck0: Tapping on element:  UiElement(treeNode=TreeNode(attributes={text=, accessibilityText=, hintText=, ignoreBoundsFiltering=false, resource-id=monthly.filter.type, clickable=true, bounds=[53,640][343,766], enabled=true, focused=false, checked=true, scrollable=false, selected=false, class=android.view.View, important-for-accessibility=true, error=}, children=[TreeNode(attributes={text=, accessibilityText=, hintText=, ignoreBoundsFiltering=false, resource-id=, clickable=false, bounds=[35,641][161,767], enabled=true, focused=false, checked=false, scrollable=false, selected=false, class=android.view.View, important-for-accessibility=false, error=}, children=[], clickable=false, enabled=true, focused=false, checked=false, selected=false), TreeNode(attributes={text=Dépenses, accessibilityText=, hintText=, ignoreBoundsFiltering=false, resource-id=, clickable=false, bounds=[142,682][301,725], enabled=true, focused=false, checked=false, scrollable=false, selected=false, class=android.widget.TextView, important-for-accessibility=true, error=}, children=[], clickable=false, enabled=true, focused=false, checked=false, selected=false), TreeNode(attributes={text=, accessibilityText=, hintText=, ignoreBoundsFiltering=false, resource-id=, clickable=false, bounds=[53,661][343,745], enabled=true, focused=false, checked=false, scrollable=false, selected=false, class=android.widget.CheckBox, important-for-accessibility=true, error=}, children=[], clickable=false, enabled=true, focused=false, checked=false, selected=false)], clickable=true, enabled=true, focused=false, checked=true, selected=false), bounds=Bounds(x=53, y=640, width=290, height=126))
20:02:13.827 [ INFO] maestro.Maestro.tap-HgV9Ck0: Tap aimed via settled hierarchy
20:02:13.827 [ INFO] maestro.Maestro.hierarchyBasedTap-ogj28Uc: Tapping at (198, 703) using hierarchy based logic for wait
20:02:15.511 [ INFO] maestro.Maestro.hierarchyBasedTap-ogj28Uc: Something has changed in the UI judging by view hierarchy. Proceed.
20:02:15.511 [ INFO] maestro.cli.runner.CliConsoleListener.onCommandFinished: Tap on id: monthly.filter.type COMPLETED
20:02:15.511 [ INFO] maestro.cli.runner.CliConsoleListener.onCommandStart: Tap on "Tous les types" RUNNING
20:02:15.575 [ INFO] maestro.Maestro.tap-HgV9Ck0: Tapping on element:  UiElement(treeNode=TreeNode(attributes={text=Tous les types, accessibilityText=, hintText=, ignoreBoundsFiltering=false, resource-id=, clickable=false, bounds=[95,1818][985,1867], enabled=true, focused=false, checked=false, scrollable=false, selected=false, class=android.widget.TextView, important-for-accessibility=true, error=}, children=[], clickable=false, enabled=true, focused=false, checked=false, selected=false), bounds=Bounds(x=95, y=1818, width=890, height=49))
20:02:16.786 [ INFO] maestro.Maestro.tap-HgV9Ck0: Tap aimed via settled hierarchy
20:02:16.787 [ INFO] maestro.Maestro.hierarchyBasedTap-ogj28Uc: Tapping at (540, 1842) using hierarchy based logic for wait
20:02:17.638 [ INFO] maestro.Maestro.hierarchyBasedTap-ogj28Uc: Something has changed in the UI judging by view hierarchy. Proceed.
20:02:17.639 [ INFO] maestro.cli.runner.CliConsoleListener.onCommandFinished: Tap on "Tous les types" COMPLETED
20:02:17.639 [ INFO] maestro.cli.runner.CliConsoleListener.onCommandStart: Assert that "Filtrer par type" is not visible RUNNING
20:02:18.250 [ INFO] maestro.cli.runner.CliConsoleListener.onCommandFinished: Assert that "Filtrer par type" is not visible COMPLETED
20:02:18.250 [ INFO] maestro.cli.runner.CliConsoleListener.onCommandStart: Assert that "Tous les types" is visible RUNNING
20:02:18.372 [ INFO] maestro.cli.runner.CliConsoleListener.onCommandFinished: Assert that "Tous les types" is visible COMPLETED
20:02:18.372 [ INFO] maestro.cli.runner.CliConsoleListener.onCommandStart: Scrolling DOWN until "Salaire" is visible with speed 40, visibility percentage 100%, timeout 20000 ms, with centering disabled RUNNING
20:02:18.479 [ INFO] maestro.orchestra.Orchestra.scrollUntilVisible: Scrolling try count: 0, DeviceWidth: 1080, DeviceWidth: 2400
20:02:18.480 [ INFO] maestro.orchestra.Orchestra.scrollUntilVisible: Element bounds: Bounds(x=238, y=1403, width=127, height=49)
20:02:18.480 [ INFO] maestro.orchestra.Orchestra.scrollUntilVisible: Visibility Percent: 1.0
20:02:18.480 [ INFO] maestro.orchestra.Orchestra.scrollUntilVisible: Command centerElement: ScrollUntilVisibleCommand(selector=ElementSelector(textRegex=Salaire, idRegex=null, size=null, below=null, above=null, leftOf=null, rightOf=null, containsChild=null, containsDescendants=null, traits=null, index=null, enabled=null, optional=false, selected=null, checked=null, focused=null, childOf=null, css=null), direction=DOWN, scrollDuration=601, visibilityPercentage=100, timeout=20000, waitToSettleTimeoutMs=null, centerElement=false, originalSpeedValue=40, label=null, optional=false).centerElement
20:02:18.480 [ INFO] maestro.orchestra.Orchestra.scrollUntilVisible: visibilityPercentageNormalized: 1.0
20:02:18.480 [ INFO] maestro.cli.runner.CliConsoleListener.onCommandFinished: Scrolling DOWN until "Salaire" is visible with speed 40, visibility percentage 100%, timeout 20000 ms, with centering disabled COMPLETED
20:02:18.480 [ INFO] maestro.cli.runner.CliConsoleListener.onCommandStart: Scrolling UP until id: monthly.filter.status is visible with speed 40, visibility percentage 100%, timeout 20000 ms, with centering disabled RUNNING
20:02:18.587 [ INFO] maestro.orchestra.Orchestra.scrollUntilVisible: Scrolling try count: 0, DeviceWidth: 1080, DeviceWidth: 2400
20:02:18.587 [ INFO] maestro.orchestra.Orchestra.scrollUntilVisible: Element bounds: Bounds(x=437, y=640, width=341, height=126)
20:02:18.587 [ INFO] maestro.orchestra.Orchestra.scrollUntilVisible: Visibility Percent: 1.0
20:02:18.587 [ INFO] maestro.orchestra.Orchestra.scrollUntilVisible: Command centerElement: ScrollUntilVisibleCommand(selector=ElementSelector(textRegex=null, idRegex=monthly.filter.status, size=null, below=null, above=null, leftOf=null, rightOf=null, containsChild=null, containsDescendants=null, traits=null, index=null, enabled=null, optional=false, selected=null, checked=null, focused=null, childOf=null, css=null), direction=UP, scrollDuration=601, visibilityPercentage=100, timeout=20000, waitToSettleTimeoutMs=null, centerElement=false, originalSpeedValue=40, label=null, optional=false).centerElement
20:02:18.587 [ INFO] maestro.orchestra.Orchestra.scrollUntilVisible: visibilityPercentageNormalized: 1.0
20:02:18.587 [ INFO] maestro.cli.runner.CliConsoleListener.onCommandFinished: Scrolling UP until id: monthly.filter.status is visible with speed 40, visibility percentage 100%, timeout 20000 ms, with centering disabled COMPLETED
20:02:18.587 [ INFO] maestro.cli.runner.CliConsoleListener.onCommandStart: Run console.log("TC-100-1 : CA-04 vérifié — le filtre de type est retirable depuis sa feuille")
 RUNNING
20:02:18.587 [ INFO] maestro.cli.runner.CliConsoleListener.onCommandFinished: Run console.log("TC-100-1 : CA-04 vérifié — le filtre de type est retirable depuis sa feuille")
 COMPLETED
20:02:18.588 [ INFO] maestro.cli.runner.CliConsoleListener.onCommandStart: Tap on id: monthly.filter.status RUNNING
20:02:18.695 [ INFO] maestro.Maestro.tap-HgV9Ck0: Tapping on element:  UiElement(treeNode=TreeNode(attributes={text=, accessibilityText=, hintText=, ignoreBoundsFiltering=false, resource-id=monthly.filter.status, clickable=true, bounds=[437,640][778,766], enabled=true, focused=false, checked=false, scrollable=false, selected=false, class=android.view.View, important-for-accessibility=true, error=}, children=[TreeNode(attributes={text=Tous les statuts, accessibilityText=, hintText=, ignoreBoundsFiltering=false, resource-id=, clickable=false, bounds=[479,682][736,725], enabled=true, focused=false, checked=false, scrollable=false, selected=false, class=android.widget.TextView, important-for-accessibility=true, error=}, children=[], clickable=false, enabled=true, focused=false, checked=false, selected=false), TreeNode(attributes={text=, accessibilityText=, hintText=, ignoreBoundsFiltering=false, resource-id=, clickable=false, bounds=[437,661][778,745], enabled=true, focused=false, checked=false, scrollable=false, selected=false, class=android.widget.CheckBox, important-for-accessibility=true, error=}, children=[], clickable=false, enabled=true, focused=false, checked=false, selected=false)], clickable=true, enabled=true, focused=false, checked=false, selected=false), bounds=Bounds(x=437, y=640, width=341, height=126))
20:02:19.915 [ INFO] maestro.Maestro.tap-HgV9Ck0: Tap aimed via settled hierarchy
20:02:19.916 [ INFO] maestro.Maestro.hierarchyBasedTap-ogj28Uc: Tapping at (607, 703) using hierarchy based logic for wait
20:02:21.670 [ INFO] maestro.Maestro.hierarchyBasedTap-ogj28Uc: Something has changed in the UI judging by view hierarchy. Proceed.
20:02:21.670 [ INFO] maestro.cli.runner.CliConsoleListener.onCommandFinished: Tap on id: monthly.filter.status COMPLETED
20:02:21.670 [ INFO] maestro.cli.runner.CliConsoleListener.onCommandStart: Assert that "Filtrer par statut" is visible RUNNING
20:02:21.687 [ INFO] maestro.cli.runner.CliConsoleListener.onCommandFinished: Assert that "Filtrer par statut" is visible COMPLETED
20:02:21.687 [ INFO] maestro.cli.runner.CliConsoleListener.onCommandStart: Assert that "Payé" is visible RUNNING
20:02:21.758 [ INFO] maestro.cli.runner.CliConsoleListener.onCommandFinished: Assert that "Payé" is visible COMPLETED
20:02:21.758 [ INFO] maestro.cli.runner.CliConsoleListener.onCommandStart: Assert that "Planifié" is visible RUNNING
20:02:21.830 [ INFO] maestro.cli.runner.CliConsoleListener.onCommandFinished: Assert that "Planifié" is visible COMPLETED
20:02:21.830 [ INFO] maestro.cli.runner.CliConsoleListener.onCommandStart: Tap on "Payé" RUNNING
20:02:21.893 [ INFO] maestro.Maestro.tap-HgV9Ck0: Tapping on element:  UiElement(treeNode=TreeNode(attributes={text=Payé, accessibilityText=, hintText=, ignoreBoundsFiltering=false, resource-id=, clickable=false, bounds=[95,1997][985,2046], enabled=true, focused=false, checked=false, scrollable=false, selected=false, class=android.widget.TextView, important-for-accessibility=true, error=}, children=[], clickable=false, enabled=true, focused=false, checked=false, selected=false), bounds=Bounds(x=95, y=1997, width=890, height=49))
20:02:23.066 [ INFO] maestro.Maestro.tap-HgV9Ck0: Tap aimed via settled hierarchy
20:02:23.067 [ INFO] maestro.Maestro.hierarchyBasedTap-ogj28Uc: Tapping at (540, 2021) using hierarchy based logic for wait
20:02:23.941 [ INFO] maestro.Maestro.hierarchyBasedTap-ogj28Uc: Something has changed in the UI judging by view hierarchy. Proceed.
20:02:23.941 [ INFO] maestro.cli.runner.CliConsoleListener.onCommandFinished: Tap on "Payé" COMPLETED
20:02:23.941 [ INFO] maestro.cli.runner.CliConsoleListener.onCommandStart: Assert that "Filtrer par statut" is not visible RUNNING
20:02:24.659 [ INFO] maestro.cli.runner.CliConsoleListener.onCommandFinished: Assert that "Filtrer par statut" is not visible COMPLETED
20:02:24.659 [ INFO] maestro.cli.runner.CliConsoleListener.onCommandStart: Assert that "Courses Hebdomadaires" is visible RUNNING
20:02:24.771 [ INFO] maestro.cli.runner.CliConsoleListener.onCommandFinished: Assert that "Courses Hebdomadaires" is visible COMPLETED
20:02:24.771 [ INFO] maestro.cli.runner.CliConsoleListener.onCommandStart: Assert that "Loyer" is not visible RUNNING
20:02:25.418 [ INFO] maestro.cli.runner.CliConsoleListener.onCommandFinished: Assert that "Loyer" is not visible COMPLETED
20:02:25.418 [ INFO] maestro.cli.runner.CliConsoleListener.onCommandStart: Assert that "Salaire" is not visible RUNNING
20:02:26.047 [ INFO] maestro.cli.runner.CliConsoleListener.onCommandFinished: Assert that "Salaire" is not visible COMPLETED
20:02:26.047 [ INFO] maestro.cli.runner.CliConsoleListener.onCommandStart: Tap on id: monthly.filter.status RUNNING
20:02:26.155 [ INFO] maestro.Maestro.tap-HgV9Ck0: Tapping on element:  UiElement(treeNode=TreeNode(attributes={text=, accessibilityText=, hintText=, ignoreBoundsFiltering=false, resource-id=monthly.filter.status, clickable=true, bounds=[437,640][600,766], enabled=true, focused=false, checked=true, scrollable=false, selected=false, class=android.view.View, important-for-accessibility=true, error=}, children=[TreeNode(attributes={text=Payé, accessibilityText=, hintText=, ignoreBoundsFiltering=false, resource-id=, clickable=false, bounds=[479,682][558,725], enabled=true, focused=false, checked=false, scrollable=false, selected=false, class=android.widget.TextView, important-for-accessibility=true, error=}, children=[], clickable=false, enabled=true, focused=false, checked=false, selected=false), TreeNode(attributes={text=, accessibilityText=, hintText=, ignoreBoundsFiltering=false, resource-id=, clickable=false, bounds=[437,661][600,745], enabled=true, focused=false, checked=false, scrollable=false, selected=false, class=android.widget.CheckBox, important-for-accessibility=true, error=}, children=[], clickable=false, enabled=true, focused=false, checked=false, selected=false)], clickable=true, enabled=true, focused=false, checked=true, selected=false), bounds=Bounds(x=437, y=640, width=163, height=126))
20:02:27.379 [ INFO] maestro.Maestro.tap-HgV9Ck0: Tap aimed via settled hierarchy
20:02:27.379 [ INFO] maestro.Maestro.hierarchyBasedTap-ogj28Uc: Tapping at (518, 703) using hierarchy based logic for wait
20:02:29.123 [ INFO] maestro.Maestro.hierarchyBasedTap-ogj28Uc: Something has changed in the UI judging by view hierarchy. Proceed.
20:02:29.123 [ INFO] maestro.cli.runner.CliConsoleListener.onCommandFinished: Tap on id: monthly.filter.status COMPLETED
20:02:29.123 [ INFO] maestro.cli.runner.CliConsoleListener.onCommandStart: Tap on "Tous les statuts" RUNNING
20:02:29.182 [ INFO] maestro.Maestro.tap-HgV9Ck0: Tapping on element:  UiElement(treeNode=TreeNode(attributes={text=Tous les statuts, accessibilityText=, hintText=, ignoreBoundsFiltering=false, resource-id=, clickable=false, bounds=[95,1818][985,1867], enabled=true, focused=false, checked=false, scrollable=false, selected=false, class=android.widget.TextView, important-for-accessibility=true, error=}, children=[], clickable=false, enabled=true, focused=false, checked=false, selected=false), bounds=Bounds(x=95, y=1818, width=890, height=49))
20:02:30.358 [ INFO] maestro.Maestro.tap-HgV9Ck0: Tap aimed via settled hierarchy
20:02:30.359 [ INFO] maestro.Maestro.hierarchyBasedTap-ogj28Uc: Tapping at (540, 1842) using hierarchy based logic for wait
20:02:31.399 [ INFO] maestro.Maestro.hierarchyBasedTap-ogj28Uc: Something has changed in the UI judging by view hierarchy. Proceed.
20:02:31.399 [ INFO] maestro.cli.runner.CliConsoleListener.onCommandFinished: Tap on "Tous les statuts" COMPLETED
20:02:31.399 [ INFO] maestro.cli.runner.CliConsoleListener.onCommandStart: Assert that "Loyer" is visible RUNNING
20:02:31.475 [ INFO] maestro.cli.runner.CliConsoleListener.onCommandFinished: Assert that "Loyer" is visible COMPLETED
20:02:31.475 [ INFO] maestro.cli.runner.CliConsoleListener.onCommandStart: Run console.log("TC-100-1 : CA-05 vérifié — le statut filtre puis se retire")
 RUNNING
20:02:31.475 [ INFO] maestro.cli.runner.CliConsoleListener.onCommandFinished: Run console.log("TC-100-1 : CA-05 vérifié — le statut filtre puis se retire")
 COMPLETED
20:02:31.475 [ INFO] maestro.cli.runner.CliConsoleListener.onCommandStart: Scrolling UP until id: monthly.filter.type is visible with speed 40, visibility percentage 100%, timeout 20000 ms, with centering disabled RUNNING
20:02:31.579 [ INFO] maestro.orchestra.Orchestra.scrollUntilVisible: Scrolling try count: 0, DeviceWidth: 1080, DeviceWidth: 2400
20:02:31.579 [ INFO] maestro.orchestra.Orchestra.scrollUntilVisible: Element bounds: Bounds(x=53, y=640, width=363, height=126)
20:02:31.579 [ INFO] maestro.orchestra.Orchestra.scrollUntilVisible: Visibility Percent: 1.0
20:02:31.579 [ INFO] maestro.orchestra.Orchestra.scrollUntilVisible: Command centerElement: ScrollUntilVisibleCommand(selector=ElementSelector(textRegex=null, idRegex=monthly.filter.type, size=null, below=null, above=null, leftOf=null, rightOf=null, containsChild=null, containsDescendants=null, traits=null, index=null, enabled=null, optional=false, selected=null, checked=null, focused=null, childOf=null, css=null), direction=UP, scrollDuration=601, visibilityPercentage=100, timeout=20000, waitToSettleTimeoutMs=null, centerElement=false, originalSpeedValue=40, label=null, optional=false).centerElement
20:02:31.579 [ INFO] maestro.orchestra.Orchestra.scrollUntilVisible: visibilityPercentageNormalized: 1.0
20:02:31.580 [ INFO] maestro.cli.runner.CliConsoleListener.onCommandFinished: Scrolling UP until id: monthly.filter.type is visible with speed 40, visibility percentage 100%, timeout 20000 ms, with centering disabled COMPLETED
20:02:31.580 [ INFO] maestro.cli.runner.CliConsoleListener.onCommandStart: Tap on id: monthly.filter.type RUNNING
20:02:31.687 [ INFO] maestro.Maestro.tap-HgV9Ck0: Tapping on element:  UiElement(treeNode=TreeNode(attributes={text=, accessibilityText=, hintText=, ignoreBoundsFiltering=false, resource-id=monthly.filter.type, clickable=true, bounds=[53,640][416,766], enabled=true, focused=false, checked=false, scrollable=false, selected=false, class=android.view.View, important-for-accessibility=true, error=}, children=[TreeNode(attributes={text=, accessibilityText=, hintText=, ignoreBoundsFiltering=false, resource-id=, clickable=false, bounds=[35,641][161,767], enabled=true, focused=false, checked=false, scrollable=false, selected=false, class=android.view.View, important-for-accessibility=false, error=}, children=[], clickable=false, enabled=true, focused=false, checked=false, selected=false), TreeNode(attributes={text=Tous les types, accessibilityText=, hintText=, ignoreBoundsFiltering=false, resource-id=, clickable=false, bounds=[142,682][374,725], enabled=true, focused=false, checked=false, scrollable=false, selected=false, class=android.widget.TextView, important-for-accessibility=true, error=}, children=[], clickable=false, enabled=true, focused=false, checked=false, selected=false), TreeNode(attributes={text=, accessibilityText=, hintText=, ignoreBoundsFiltering=false, resource-id=, clickable=false, bounds=[53,661][416,745], enabled=true, focused=false, checked=false, scrollable=false, selected=false, class=android.widget.CheckBox, important-for-accessibility=true, error=}, children=[], clickable=false, enabled=true, focused=false, checked=false, selected=false)], clickable=true, enabled=true, focused=false, checked=false, selected=false), bounds=Bounds(x=53, y=640, width=363, height=126))
20:02:32.915 [ INFO] maestro.Maestro.tap-HgV9Ck0: Tap aimed via settled hierarchy
20:02:32.915 [ INFO] maestro.Maestro.hierarchyBasedTap-ogj28Uc: Tapping at (234, 703) using hierarchy based logic for wait
20:02:34.510 [ INFO] maestro.Maestro.hierarchyBasedTap-ogj28Uc: Something has changed in the UI judging by view hierarchy. Proceed.
20:02:34.510 [ INFO] maestro.cli.runner.CliConsoleListener.onCommandFinished: Tap on id: monthly.filter.type COMPLETED
20:02:34.511 [ INFO] maestro.cli.runner.CliConsoleListener.onCommandStart: Tap on "Revenus" RUNNING
20:02:34.535 [ INFO] maestro.Maestro.tap-HgV9Ck0: Tapping on element:  UiElement(treeNode=TreeNode(attributes={text=Revenus, accessibilityText=, hintText=, ignoreBoundsFiltering=false, resource-id=, clickable=false, bounds=[95,2162][985,2211], enabled=true, focused=false, checked=false, scrollable=false, selected=false, class=android.widget.TextView, important-for-accessibility=true, error=}, children=[], clickable=false, enabled=true, focused=false, checked=false, selected=false), bounds=Bounds(x=95, y=2162, width=890, height=49))
20:02:35.710 [ INFO] maestro.Maestro.tap-HgV9Ck0: Tap aimed via settled hierarchy
20:02:35.711 [ INFO] maestro.Maestro.hierarchyBasedTap-ogj28Uc: Tapping at (540, 2186) using hierarchy based logic for wait
20:02:37.182 [ INFO] maestro.Maestro.hierarchyBasedTap-ogj28Uc: Something has changed in the UI judging by view hierarchy. Proceed.
20:02:37.182 [ INFO] maestro.cli.runner.CliConsoleListener.onCommandFinished: Tap on "Revenus" COMPLETED
20:02:37.183 [ INFO] maestro.cli.runner.CliConsoleListener.onCommandStart: Tap on id: monthly.filter.status RUNNING
20:02:37.295 [ INFO] maestro.Maestro.tap-HgV9Ck0: Tapping on element:  UiElement(treeNode=TreeNode(attributes={text=, accessibilityText=, hintText=, ignoreBoundsFiltering=false, resource-id=monthly.filter.status, clickable=true, bounds=[343,640][684,766], enabled=true, focused=false, checked=false, scrollable=false, selected=false, class=android.view.View, important-for-accessibility=true, error=}, children=[TreeNode(attributes={text=Tous les statuts, accessibilityText=, hintText=, ignoreBoundsFiltering=false, resource-id=, clickable=false, bounds=[385,682][642,725], enabled=true, focused=false, checked=false, scrollable=false, selected=false, class=android.widget.TextView, important-for-accessibility=true, error=}, children=[], clickable=false, enabled=true, focused=false, checked=false, selected=false), TreeNode(attributes={text=, accessibilityText=, hintText=, ignoreBoundsFiltering=false, resource-id=, clickable=false, bounds=[343,661][684,745], enabled=true, focused=false, checked=false, scrollable=false, selected=false, class=android.widget.CheckBox, important-for-accessibility=true, error=}, children=[], clickable=false, enabled=true, focused=false, checked=false, selected=false)], clickable=true, enabled=true, focused=false, checked=false, selected=false), bounds=Bounds(x=343, y=640, width=341, height=126))
20:02:38.518 [ INFO] maestro.Maestro.tap-HgV9Ck0: Tap aimed via settled hierarchy
20:02:38.519 [ INFO] maestro.Maestro.hierarchyBasedTap-ogj28Uc: Tapping at (513, 703) using hierarchy based logic for wait
20:02:40.098 [ INFO] maestro.Maestro.hierarchyBasedTap-ogj28Uc: Something has changed in the UI judging by view hierarchy. Proceed.
20:02:40.098 [ INFO] maestro.cli.runner.CliConsoleListener.onCommandFinished: Tap on id: monthly.filter.status COMPLETED
20:02:40.098 [ INFO] maestro.cli.runner.CliConsoleListener.onCommandStart: Tap on "Planifié" RUNNING
20:02:40.154 [ INFO] maestro.Maestro.tap-HgV9Ck0: Tapping on element:  UiElement(treeNode=TreeNode(attributes={text=Planifié, accessibilityText=, hintText=, ignoreBoundsFiltering=false, resource-id=, clickable=false, bounds=[95,2162][985,2211], enabled=true, focused=false, checked=false, scrollable=false, selected=false, class=android.widget.TextView, important-for-accessibility=true, error=}, children=[], clickable=false, enabled=true, focused=false, checked=false, selected=false), bounds=Bounds(x=95, y=2162, width=890, height=49))
20:02:41.334 [ INFO] maestro.Maestro.tap-HgV9Ck0: Tap aimed via settled hierarchy
20:02:41.334 [ INFO] maestro.Maestro.hierarchyBasedTap-ogj28Uc: Tapping at (540, 2186) using hierarchy based logic for wait
20:02:42.194 [ INFO] maestro.Maestro.hierarchyBasedTap-ogj28Uc: Something has changed in the UI judging by view hierarchy. Proceed.
20:02:42.194 [ INFO] maestro.cli.runner.CliConsoleListener.onCommandFinished: Tap on "Planifié" COMPLETED
20:02:42.195 [ INFO] maestro.cli.runner.CliConsoleListener.onCommandStart: Assert that "Salaire" is visible RUNNING
20:02:42.315 [ INFO] maestro.cli.runner.CliConsoleListener.onCommandFinished: Assert that "Salaire" is visible COMPLETED
20:02:42.315 [ INFO] maestro.cli.runner.CliConsoleListener.onCommandStart: Assert that "Loyer" is not visible RUNNING
20:02:43.014 [ INFO] maestro.cli.runner.CliConsoleListener.onCommandFinished: Assert that "Loyer" is not visible COMPLETED
20:02:43.014 [ INFO] maestro.cli.runner.CliConsoleListener.onCommandStart: Assert that "Courses Hebdomadaires" is not visible RUNNING
20:02:43.651 [ INFO] maestro.cli.runner.CliConsoleListener.onCommandFinished: Assert that "Courses Hebdomadaires" is not visible COMPLETED
20:02:43.651 [ INFO] maestro.cli.runner.CliConsoleListener.onCommandStart: Tap on id: monthly.filter.status RUNNING
20:02:43.763 [ INFO] maestro.Maestro.tap-HgV9Ck0: Tapping on element:  UiElement(treeNode=TreeNode(attributes={text=, accessibilityText=, hintText=, ignoreBoundsFiltering=false, resource-id=monthly.filter.status, clickable=true, bounds=[343,640][547,766], enabled=true, focused=false, checked=true, scrollable=false, selected=false, class=android.view.View, important-for-accessibility=true, error=}, children=[TreeNode(attributes={text=Planifié, accessibilityText=, hintText=, ignoreBoundsFiltering=false, resource-id=, clickable=false, bounds=[385,682][505,725], enabled=true, focused=false, checked=false, scrollable=false, selected=false, class=android.widget.TextView, important-for-accessibility=true, error=}, children=[], clickable=false, enabled=true, focused=false, checked=false, selected=false), TreeNode(attributes={text=, accessibilityText=, hintText=, ignoreBoundsFiltering=false, resource-id=, clickable=false, bounds=[343,661][547,745], enabled=true, focused=false, checked=false, scrollable=false, selected=false, class=android.widget.CheckBox, important-for-accessibility=true, error=}, children=[], clickable=false, enabled=true, focused=false, checked=false, selected=false)], clickable=true, enabled=true, focused=false, checked=true, selected=false), bounds=Bounds(x=343, y=640, width=204, height=126))
20:02:44.986 [ INFO] maestro.Maestro.tap-HgV9Ck0: Tap aimed via settled hierarchy
20:02:44.987 [ INFO] maestro.Maestro.hierarchyBasedTap-ogj28Uc: Tapping at (445, 703) using hierarchy based logic for wait
20:02:46.722 [ INFO] maestro.Maestro.hierarchyBasedTap-ogj28Uc: Something has changed in the UI judging by view hierarchy. Proceed.
20:02:46.722 [ INFO] maestro.cli.runner.CliConsoleListener.onCommandFinished: Tap on id: monthly.filter.status COMPLETED
20:02:46.722 [ INFO] maestro.cli.runner.CliConsoleListener.onCommandStart: Tap on "Tous les statuts" RUNNING
20:02:46.782 [ INFO] maestro.Maestro.tap-HgV9Ck0: Tapping on element:  UiElement(treeNode=TreeNode(attributes={text=Tous les statuts, accessibilityText=, hintText=, ignoreBoundsFiltering=false, resource-id=, clickable=false, bounds=[95,1818][985,1867], enabled=true, focused=false, checked=false, scrollable=false, selected=false, class=android.widget.TextView, important-for-accessibility=true, error=}, children=[], clickable=false, enabled=true, focused=false, checked=false, selected=false), bounds=Bounds(x=95, y=1818, width=890, height=49))
20:02:47.910 [ INFO] maestro.Maestro.tap-HgV9Ck0: Tap aimed via settled hierarchy
20:02:47.911 [ INFO] maestro.Maestro.hierarchyBasedTap-ogj28Uc: Tapping at (540, 1842) using hierarchy based logic for wait
20:02:48.790 [ INFO] maestro.Maestro.hierarchyBasedTap-ogj28Uc: Something has changed in the UI judging by view hierarchy. Proceed.
20:02:48.791 [ INFO] maestro.cli.runner.CliConsoleListener.onCommandFinished: Tap on "Tous les statuts" COMPLETED
20:02:48.791 [ INFO] maestro.cli.runner.CliConsoleListener.onCommandStart: Assert that "Revenus" is visible RUNNING
20:02:48.895 [ INFO] maestro.cli.runner.CliConsoleListener.onCommandFinished: Assert that "Revenus" is visible COMPLETED
20:02:48.895 [ INFO] maestro.cli.runner.CliConsoleListener.onCommandStart: Assert that "Salaire" is visible RUNNING
20:02:48.963 [ INFO] maestro.cli.runner.CliConsoleListener.onCommandFinished: Assert that "Salaire" is visible COMPLETED
20:02:48.963 [ INFO] maestro.cli.runner.CliConsoleListener.onCommandStart: Assert that "Loyer" is not visible RUNNING
20:02:49.572 [ INFO] maestro.cli.runner.CliConsoleListener.onCommandFinished: Assert that "Loyer" is not visible COMPLETED
20:02:49.572 [ INFO] maestro.cli.runner.CliConsoleListener.onCommandStart: Assert that "Courses Hebdomadaires" is not visible RUNNING
20:02:50.214 [ INFO] maestro.cli.runner.CliConsoleListener.onCommandFinished: Assert that "Courses Hebdomadaires" is not visible COMPLETED
20:02:50.214 [ INFO] maestro.cli.runner.CliConsoleListener.onCommandStart: Run console.log("TC-100-1 : CA-06 vérifié — les deux filtres se cumulent et se retirent séparément")
 RUNNING
20:02:50.214 [ INFO] maestro.cli.runner.CliConsoleListener.onCommandFinished: Run console.log("TC-100-1 : CA-06 vérifié — les deux filtres se cumulent et se retirent séparément")
 COMPLETED
20:02:50.214 [ INFO] maestro.cli.runner.CliConsoleListener.onCommandStart: Tap on id: monthly.filter.type RUNNING
20:02:50.287 [ INFO] maestro.Maestro.tap-HgV9Ck0: Tapping on element:  UiElement(treeNode=TreeNode(attributes={text=, accessibilityText=, hintText=, ignoreBoundsFiltering=false, resource-id=monthly.filter.type, clickable=true, bounds=[53,640][322,766], enabled=true, focused=false, checked=true, scrollable=false, selected=false, class=android.view.View, important-for-accessibility=true, error=}, children=[TreeNode(attributes={text=, accessibilityText=, hintText=, ignoreBoundsFiltering=false, resource-id=, clickable=false, bounds=[35,641][161,767], enabled=true, focused=false, checked=false, scrollable=false, selected=false, class=android.view.View, important-for-accessibility=false, error=}, children=[], clickable=false, enabled=true, focused=false, checked=false, selected=false), TreeNode(attributes={text=Revenus, accessibilityText=, hintText=, ignoreBoundsFiltering=false, resource-id=, clickable=false, bounds=[142,682][280,725], enabled=true, focused=false, checked=false, scrollable=false, selected=false, class=android.widget.TextView, important-for-accessibility=true, error=}, children=[], clickable=false, enabled=true, focused=false, checked=false, selected=false), TreeNode(attributes={text=, accessibilityText=, hintText=, ignoreBoundsFiltering=false, resource-id=, clickable=false, bounds=[53,661][322,745], enabled=true, focused=false, checked=false, scrollable=false, selected=false, class=android.widget.CheckBox, important-for-accessibility=true, error=}, children=[], clickable=false, enabled=true, focused=false, checked=false, selected=false)], clickable=true, enabled=true, focused=false, checked=true, selected=false), bounds=Bounds(x=53, y=640, width=269, height=126))
20:02:51.499 [ INFO] maestro.Maestro.tap-HgV9Ck0: Tap aimed via settled hierarchy
20:02:51.499 [ INFO] maestro.Maestro.hierarchyBasedTap-ogj28Uc: Tapping at (187, 703) using hierarchy based logic for wait
20:02:53.086 [ INFO] maestro.Maestro.hierarchyBasedTap-ogj28Uc: Something has changed in the UI judging by view hierarchy. Proceed.
20:02:53.086 [ INFO] maestro.cli.runner.CliConsoleListener.onCommandFinished: Tap on id: monthly.filter.type COMPLETED
20:02:53.086 [ INFO] maestro.cli.runner.CliConsoleListener.onCommandStart: Tap on "Tous les types" RUNNING
20:02:53.103 [ INFO] maestro.Maestro.tap-HgV9Ck0: Tapping on element:  UiElement(treeNode=TreeNode(attributes={text=Tous les types, accessibilityText=, hintText=, ignoreBoundsFiltering=false, resource-id=, clickable=false, bounds=[95,1818][985,1867], enabled=true, focused=false, checked=false, scrollable=false, selected=false, class=android.widget.TextView, important-for-accessibility=true, error=}, children=[], clickable=false, enabled=true, focused=false, checked=false, selected=false), bounds=Bounds(x=95, y=1818, width=890, height=49))
20:02:54.278 [ INFO] maestro.Maestro.tap-HgV9Ck0: Tap aimed via settled hierarchy
20:02:54.279 [ INFO] maestro.Maestro.hierarchyBasedTap-ogj28Uc: Tapping at (540, 1842) using hierarchy based logic for wait
20:02:55.215 [ INFO] maestro.Maestro.hierarchyBasedTap-ogj28Uc: Something has changed in the UI judging by view hierarchy. Proceed.
20:02:55.215 [ INFO] maestro.cli.runner.CliConsoleListener.onCommandFinished: Tap on "Tous les types" COMPLETED
20:02:55.215 [ INFO] maestro.cli.runner.CliConsoleListener.onCommandStart: Tap on id: monthly.filter.account RUNNING
20:02:55.283 [ INFO] maestro.Maestro.tap-HgV9Ck0: Tapping on element:  UiElement(treeNode=TreeNode(attributes={text=, accessibilityText=, hintText=, ignoreBoundsFiltering=false, resource-id=monthly.filter.account, clickable=true, bounds=[799,640][1056,766], enabled=true, focused=false, checked=false, scrollable=false, selected=false, class=android.view.View, important-for-accessibility=true, error=}, children=[TreeNode(attributes={text=, accessibilityText=, hintText=, ignoreBoundsFiltering=false, resource-id=, clickable=false, bounds=[781,641][907,767], enabled=true, focused=false, checked=false, scrollable=false, selected=false, class=android.view.View, important-for-accessibility=false, error=}, children=[], clickable=false, enabled=true, focused=false, checked=false, selected=false), TreeNode(attributes={text=Compte, accessibilityText=, hintText=, ignoreBoundsFiltering=false, resource-id=, clickable=false, bounds=[888,682][1014,725], enabled=true, focused=false, checked=false, scrollable=false, selected=false, class=android.widget.TextView, important-for-accessibility=true, error=}, children=[], clickable=false, enabled=true, focused=false, checked=false, selected=false), TreeNode(attributes={text=, accessibilityText=, hintText=, ignoreBoundsFiltering=false, resource-id=, clickable=false, bounds=[799,661][1027,745], enabled=true, focused=false, checked=false, scrollable=false, selected=false, class=android.widget.CheckBox, important-for-accessibility=true, error=}, children=[], clickable=false, enabled=true, focused=false, checked=false, selected=false)], clickable=true, enabled=true, focused=false, checked=false, selected=false), bounds=Bounds(x=799, y=640, width=257, height=126))
20:02:56.511 [ INFO] maestro.Maestro.tap-HgV9Ck0: Tap aimed via settled hierarchy
20:02:56.511 [ INFO] maestro.Maestro.hierarchyBasedTap-ogj28Uc: Tapping at (927, 703) using hierarchy based logic for wait
20:02:58.056 [ INFO] maestro.Maestro.hierarchyBasedTap-ogj28Uc: Something has changed in the UI judging by view hierarchy. Proceed.
20:02:58.057 [ INFO] maestro.cli.runner.CliConsoleListener.onCommandFinished: Tap on id: monthly.filter.account COMPLETED
20:02:58.057 [ INFO] maestro.cli.runner.CliConsoleListener.onCommandStart: Assert that id: picker.account.sheet is visible RUNNING
20:02:58.114 [ INFO] maestro.cli.runner.CliConsoleListener.onCommandFinished: Assert that id: picker.account.sheet is visible COMPLETED
20:02:58.114 [ INFO] maestro.cli.runner.CliConsoleListener.onCommandStart: Press back RUNNING
20:02:58.114 [ INFO] maestro.Maestro.backPress: Pressing back
20:02:58.902 [ INFO] maestro.cli.runner.CliConsoleListener.onCommandFinished: Press back COMPLETED
20:02:58.903 [ INFO] maestro.cli.runner.CliConsoleListener.onCommandStart: Assert that id: picker.account.sheet is not visible RUNNING
20:02:59.514 [ INFO] maestro.cli.runner.CliConsoleListener.onCommandFinished: Assert that id: picker.account.sheet is not visible COMPLETED
20:02:59.515 [ INFO] maestro.cli.runner.CliConsoleListener.onCommandStart: Scrolling DOWN until "Salaire" is visible with speed 40, visibility percentage 100%, timeout 20000 ms, with centering disabled RUNNING
20:02:59.631 [ INFO] maestro.orchestra.Orchestra.scrollUntilVisible: Scrolling try count: 0, DeviceWidth: 1080, DeviceWidth: 2400
20:02:59.631 [ INFO] maestro.orchestra.Orchestra.scrollUntilVisible: Element bounds: Bounds(x=238, y=1403, width=127, height=49)
20:02:59.631 [ INFO] maestro.orchestra.Orchestra.scrollUntilVisible: Visibility Percent: 1.0
20:02:59.632 [ INFO] maestro.orchestra.Orchestra.scrollUntilVisible: Command centerElement: ScrollUntilVisibleCommand(selector=ElementSelector(textRegex=Salaire, idRegex=null, size=null, below=null, above=null, leftOf=null, rightOf=null, containsChild=null, containsDescendants=null, traits=null, index=null, enabled=null, optional=false, selected=null, checked=null, focused=null, childOf=null, css=null), direction=DOWN, scrollDuration=601, visibilityPercentage=100, timeout=20000, waitToSettleTimeoutMs=null, centerElement=false, originalSpeedValue=40, label=null, optional=false).centerElement
20:02:59.632 [ INFO] maestro.orchestra.Orchestra.scrollUntilVisible: visibilityPercentageNormalized: 1.0
20:02:59.632 [ INFO] maestro.cli.runner.CliConsoleListener.onCommandFinished: Scrolling DOWN until "Salaire" is visible with speed 40, visibility percentage 100%, timeout 20000 ms, with centering disabled COMPLETED
20:02:59.632 [ INFO] maestro.cli.runner.CliConsoleListener.onCommandStart: Scrolling UP until id: monthly.filter.status is visible with speed 40, visibility percentage 100%, timeout 20000 ms, with centering disabled RUNNING
20:02:59.735 [ INFO] maestro.orchestra.Orchestra.scrollUntilVisible: Scrolling try count: 0, DeviceWidth: 1080, DeviceWidth: 2400
20:02:59.735 [ INFO] maestro.orchestra.Orchestra.scrollUntilVisible: Element bounds: Bounds(x=437, y=640, width=341, height=126)
20:02:59.735 [ INFO] maestro.orchestra.Orchestra.scrollUntilVisible: Visibility Percent: 1.0
20:02:59.735 [ INFO] maestro.orchestra.Orchestra.scrollUntilVisible: Command centerElement: ScrollUntilVisibleCommand(selector=ElementSelector(textRegex=null, idRegex=monthly.filter.status, size=null, below=null, above=null, leftOf=null, rightOf=null, containsChild=null, containsDescendants=null, traits=null, index=null, enabled=null, optional=false, selected=null, checked=null, focused=null, childOf=null, css=null), direction=UP, scrollDuration=601, visibilityPercentage=100, timeout=20000, waitToSettleTimeoutMs=null, centerElement=false, originalSpeedValue=40, label=null, optional=false).centerElement
20:02:59.735 [ INFO] maestro.orchestra.Orchestra.scrollUntilVisible: visibilityPercentageNormalized: 1.0
20:02:59.735 [ INFO] maestro.cli.runner.CliConsoleListener.onCommandFinished: Scrolling UP until id: monthly.filter.status is visible with speed 40, visibility percentage 100%, timeout 20000 ms, with centering disabled COMPLETED
20:02:59.736 [ INFO] maestro.cli.runner.CliConsoleListener.onCommandStart: Swiping in LEFT direction on id: monthly.filter.status RUNNING
20:02:59.852 [ INFO] maestro.Maestro.swipe: Swiping LEFT from point: Point(x=607, y=703)
20:03:00.528 [ INFO] maestro.cli.runner.CliConsoleListener.onCommandFinished: Swiping in LEFT direction on id: monthly.filter.status COMPLETED
20:03:00.528 [ INFO] maestro.cli.runner.CliConsoleListener.onCommandStart: Tap on id: monthly.filter.category RUNNING
20:03:00.604 [ INFO] maestro.Maestro.tap-HgV9Ck0: Tapping on element:  UiElement(treeNode=TreeNode(attributes={text=, accessibilityText=, hintText=, ignoreBoundsFiltering=false, resource-id=monthly.filter.category, clickable=true, bounds=[741,640][1027,766], enabled=true, focused=false, checked=false, scrollable=false, selected=false, class=android.view.View, important-for-accessibility=true, error=}, children=[TreeNode(attributes={text=, accessibilityText=, hintText=, ignoreBoundsFiltering=false, resource-id=, clickable=false, bounds=[723,641][849,767], enabled=true, focused=false, checked=false, scrollable=false, selected=false, class=android.view.View, important-for-accessibility=false, error=}, children=[], clickable=false, enabled=true, focused=false, checked=false, selected=false), TreeNode(attributes={text=Catégorie, accessibilityText=, hintText=, ignoreBoundsFiltering=false, resource-id=, clickable=false, bounds=[830,682][985,725], enabled=true, focused=false, checked=false, scrollable=false, selected=false, class=android.widget.TextView, important-for-accessibility=true, error=}, children=[], clickable=false, enabled=true, focused=false, checked=false, selected=false), TreeNode(attributes={text=, accessibilityText=, hintText=, ignoreBoundsFiltering=false, resource-id=, clickable=false, bounds=[741,661][1027,745], enabled=true, focused=false, checked=false, scrollable=false, selected=false, class=android.widget.CheckBox, important-for-accessibility=true, error=}, children=[], clickable=false, enabled=true, focused=false, checked=false, selected=false)], clickable=true, enabled=true, focused=false, checked=false, selected=false), bounds=Bounds(x=741, y=640, width=286, height=126))
20:03:02.076 [ INFO] maestro.Maestro.tap-HgV9Ck0: Tap aimed via settled hierarchy
20:03:02.077 [ INFO] maestro.Maestro.hierarchyBasedTap-ogj28Uc: Tapping at (884, 703) using hierarchy based logic for wait
20:03:03.795 [ INFO] maestro.Maestro.hierarchyBasedTap-ogj28Uc: Something has changed in the UI judging by view hierarchy. Proceed.
20:03:03.795 [ INFO] maestro.cli.runner.CliConsoleListener.onCommandFinished: Tap on id: monthly.filter.category COMPLETED
20:03:03.795 [ INFO] maestro.cli.runner.CliConsoleListener.onCommandStart: Assert that id: picker.category.sheet is visible RUNNING
20:03:03.868 [ INFO] maestro.cli.runner.CliConsoleListener.onCommandFinished: Assert that id: picker.category.sheet is visible COMPLETED
20:03:03.868 [ INFO] maestro.cli.runner.CliConsoleListener.onCommandStart: Press back RUNNING
20:03:03.868 [ INFO] maestro.Maestro.backPress: Pressing back
20:03:04.636 [ INFO] maestro.cli.runner.CliConsoleListener.onCommandFinished: Press back COMPLETED
20:03:04.636 [ INFO] maestro.cli.runner.CliConsoleListener.onCommandStart: Assert that id: picker.category.sheet is not visible RUNNING
20:03:05.272 [ INFO] maestro.cli.runner.CliConsoleListener.onCommandFinished: Assert that id: picker.category.sheet is not visible COMPLETED
20:03:05.272 [ INFO] maestro.cli.runner.CliConsoleListener.onCommandStart: Run console.log("TC-100-1 : CA-08 vérifié — compte et catégorie ouvrent toujours leur feuille")
 RUNNING
20:03:05.272 [ INFO] maestro.cli.runner.CliConsoleListener.onCommandFinished: Run console.log("TC-100-1 : CA-08 vérifié — compte et catégorie ouvrent toujours leur feuille")
 COMPLETED
