17:28:24.195 [ INFO] maestro.cli.runner.CliConsoleListener.onCommandStart: Define variables RUNNING
17:28:24.206 [ INFO] maestro.cli.runner.CliConsoleListener.onCommandFinished: Define variables COMPLETED
17:28:24.207 [ INFO] maestro.cli.runner.CliConsoleListener.onCommandStart: Apply configuration RUNNING
17:28:24.207 [ INFO] maestro.cli.runner.CliConsoleListener.onCommandFinished: Apply configuration COMPLETED
17:28:24.207 [ INFO] maestro.cli.runner.CliConsoleListener.onCommandStart: Run ../../.maestro/subflows/bootstrap_monthly.yaml RUNNING
17:28:24.211 [ INFO] maestro.cli.runner.CliConsoleListener.onCommandStart: Apply configuration RUNNING
17:28:24.211 [ INFO] maestro.cli.runner.CliConsoleListener.onCommandFinished: Apply configuration COMPLETED
17:28:24.211 [ INFO] maestro.cli.runner.CliConsoleListener.onCommandStart: Run ../../scripts/dates.js RUNNING
17:28:26.032 [ INFO] maestro.orchestra.Orchestra.executeCommands$lambda$23$lambda$21: JsConsole: Maestro Dates Initialized: Prev=août / Août / 08 (2026)
17:28:26.033 [ INFO] maestro.orchestra.Orchestra.executeCommands$lambda$23$lambda$21: JsConsole: Maestro Dates Initialized: Curr=septembre / Sept. / 09 (2026)
17:28:26.034 [ INFO] maestro.orchestra.Orchestra.executeCommands$lambda$23$lambda$21: JsConsole: Maestro Dates Initialized: Next=octobre / Oct. / 10 (2026)
17:28:26.035 [ INFO] maestro.cli.runner.CliConsoleListener.onCommandFinished: Run ../../scripts/dates.js COMPLETED
17:28:26.035 [ INFO] maestro.cli.runner.CliConsoleListener.onCommandStart: Launch app "com.lop.budget" with clear state RUNNING
17:28:26.037 [ INFO] maestro.Maestro.clearAppState$lambda$8: Clearing app state com.lop.budget
17:28:28.668 [ INFO] maestro.Maestro.launchApp$lambda$5: Launching app com.lop.budget
17:28:28.668 [ INFO] maestro.Maestro.launchApp$lambda$5: Stopping com.lop.budget app during launch
17:28:29.088 [ INFO] maestro.cli.runner.CliConsoleListener.onCommandFinished: Launch app "com.lop.budget" with clear state COMPLETED
17:28:29.088 [ INFO] maestro.cli.runner.CliConsoleListener.onCommandStart: Run open_monthly_history.yaml RUNNING
17:28:29.089 [ INFO] maestro.cli.runner.CliConsoleListener.onCommandStart: Apply configuration RUNNING
17:28:29.089 [ INFO] maestro.cli.runner.CliConsoleListener.onCommandFinished: Apply configuration COMPLETED
17:28:29.089 [ INFO] maestro.cli.runner.CliConsoleListener.onCommandStart: Run flow when id: screen.monthly is not visible RUNNING
17:28:31.084 [ INFO] maestro.cli.runner.CliConsoleListener.onCommandStart: Scrolling DOWN until id: recent_transactions_see_all is visible with speed 40, visibility percentage 100%, timeout 20000 ms, with centering enabled RUNNING
17:28:34.684 [ WARN] maestro.orchestra.Orchestra.scrollUntilVisible: Error: maestro.MaestroException$ElementNotFound: Element not found: Id matching regex: recent_transactions_see_all
17:28:34.768 [ INFO] maestro.Maestro.swipeFromCenter: Swiping UP from center
17:28:41.413 [ INFO] maestro.orchestra.Orchestra.scrollUntilVisible: Scrolling try count: 0, DeviceWidth: 1080, DeviceWidth: 2400
17:28:41.418 [ INFO] maestro.orchestra.Orchestra.scrollUntilVisible: Element bounds: Bounds(x=763, y=2033, width=243, height=126)
17:28:41.418 [ INFO] maestro.orchestra.Orchestra.scrollUntilVisible: Visibility Percent: 1.0
17:28:41.445 [ INFO] maestro.orchestra.Orchestra.scrollUntilVisible: Command centerElement: ScrollUntilVisibleCommand(selector=ElementSelector(textRegex=null, idRegex=recent_transactions_see_all, size=null, below=null, above=null, leftOf=null, rightOf=null, containsChild=null, containsDescendants=null, traits=null, index=null, enabled=null, optional=false, selected=null, checked=null, focused=null, childOf=null, css=null), direction=DOWN, scrollDuration=601, visibilityPercentage=100, timeout=20000, waitToSettleTimeoutMs=null, centerElement=true, originalSpeedValue=40, label=null, optional=false).centerElement
17:28:41.445 [ INFO] maestro.orchestra.Orchestra.scrollUntilVisible: visibilityPercentageNormalized: 1.0
17:28:41.539 [ INFO] maestro.Maestro.swipeFromCenter: Swiping UP from center
17:28:44.343 [ INFO] maestro.orchestra.Orchestra.scrollUntilVisible: Scrolling try count: 1, DeviceWidth: 1080, DeviceWidth: 2400
17:28:44.347 [ INFO] maestro.orchestra.Orchestra.scrollUntilVisible: Element bounds: Bounds(x=763, y=1304, width=243, height=126)
17:28:44.347 [ INFO] maestro.orchestra.Orchestra.scrollUntilVisible: Visibility Percent: 1.0
17:28:44.347 [ INFO] maestro.orchestra.Orchestra.scrollUntilVisible: Command centerElement: ScrollUntilVisibleCommand(selector=ElementSelector(textRegex=null, idRegex=recent_transactions_see_all, size=null, below=null, above=null, leftOf=null, rightOf=null, containsChild=null, containsDescendants=null, traits=null, index=null, enabled=null, optional=false, selected=null, checked=null, focused=null, childOf=null, css=null), direction=DOWN, scrollDuration=601, visibilityPercentage=100, timeout=20000, waitToSettleTimeoutMs=null, centerElement=true, originalSpeedValue=40, label=null, optional=false).centerElement
17:28:44.348 [ INFO] maestro.orchestra.Orchestra.scrollUntilVisible: visibilityPercentageNormalized: 1.0
17:28:44.348 [ INFO] maestro.cli.runner.CliConsoleListener.onCommandFinished: Scrolling DOWN until id: recent_transactions_see_all is visible with speed 40, visibility percentage 100%, timeout 20000 ms, with centering enabled COMPLETED
17:28:44.352 [ INFO] maestro.cli.runner.CliConsoleListener.onCommandStart: Tap on id: recent_transactions_see_all RUNNING
17:28:44.840 [ INFO] maestro.Maestro.tap-HgV9Ck0: Tapping on element:  UiElement(treeNode=TreeNode(attributes={text=, accessibilityText=, hintText=, ignoreBoundsFiltering=false, resource-id=recent_transactions_see_all, clickable=true, bounds=[763,1304][1006,1430], enabled=true, focused=false, checked=false, scrollable=false, selected=false, class=android.view.View, important-for-accessibility=true, error=}, children=[TreeNode(attributes={text=Voir tout, accessibilityText=, hintText=, ignoreBoundsFiltering=false, resource-id=, clickable=false, bounds=[795,1340][932,1393], enabled=true, focused=false, checked=false, scrollable=false, selected=false, class=android.widget.TextView, important-for-accessibility=true, error=}, children=[], clickable=false, enabled=true, focused=false, checked=false, selected=false), TreeNode(attributes={text=, accessibilityText=, hintText=, ignoreBoundsFiltering=false, resource-id=, clickable=false, bounds=[763,1314][1006,1419], enabled=true, focused=false, checked=false, scrollable=false, selected=false, class=android.widget.Button, important-for-accessibility=true, error=}, children=[], clickable=false, enabled=true, focused=false, checked=false, selected=false)], clickable=true, enabled=true, focused=false, checked=false, selected=false), bounds=Bounds(x=763, y=1304, width=243, height=126))
17:28:46.488 [ INFO] maestro.Maestro.tap-HgV9Ck0: Tap aimed via settled hierarchy
17:28:46.493 [ INFO] maestro.Maestro.hierarchyBasedTap-ogj28Uc: Tapping at (884, 1367) using hierarchy based logic for wait
17:28:48.343 [ INFO] maestro.Maestro.hierarchyBasedTap-ogj28Uc: Something has changed in the UI judging by view hierarchy. Proceed.
17:28:48.344 [ INFO] maestro.cli.runner.CliConsoleListener.onCommandFinished: Tap on id: recent_transactions_see_all COMPLETED
17:28:48.345 [ INFO] maestro.cli.runner.CliConsoleListener.onCommandStart: Assert that id: screen.monthly is visible RUNNING
17:28:48.494 [ INFO] maestro.cli.runner.CliConsoleListener.onCommandFinished: Assert that id: screen.monthly is visible COMPLETED
17:28:48.495 [ INFO] maestro.cli.runner.CliConsoleListener.onCommandFinished: Run flow when id: screen.monthly is not visible COMPLETED
17:28:48.496 [ INFO] maestro.cli.runner.CliConsoleListener.onCommandStart: Wait for animation to end within 5000 ms RUNNING
17:28:48.505 [ INFO] maestro.Maestro.waitForAnimationToEnd$lambda$53: Waiting for animation to end with timeout 5000
17:28:48.512 [TRACE] maestro.utils.ScreenshotUtils.takeScreenshot: Taking screenshot to byte array
17:28:48.512 [TRACE] maestro.utils.ScreenshotUtils.takeScreenshot: Taking screenshot to output sink
17:28:50.084 [TRACE] maestro.utils.ScreenshotUtils.takeScreenshot: Taking screenshot to byte array
17:28:50.085 [TRACE] maestro.utils.ScreenshotUtils.takeScreenshot: Taking screenshot to output sink
17:28:51.280 [ INFO] maestro.cli.runner.CliConsoleListener.onCommandFinished: Wait for animation to end within 5000 ms COMPLETED
17:28:51.280 [ INFO] maestro.cli.runner.CliConsoleListener.onCommandFinished: Run open_monthly_history.yaml COMPLETED
17:28:51.281 [ INFO] maestro.cli.runner.CliConsoleListener.onCommandFinished: Run ../../.maestro/subflows/bootstrap_monthly.yaml COMPLETED
17:28:51.281 [ INFO] maestro.cli.runner.CliConsoleListener.onCommandStart: Run ../../.maestro/subflows/go_to_home.yaml RUNNING
17:28:51.283 [ INFO] maestro.cli.runner.CliConsoleListener.onCommandStart: Apply configuration RUNNING
17:28:51.283 [ INFO] maestro.cli.runner.CliConsoleListener.onCommandFinished: Apply configuration COMPLETED
17:28:51.285 [ INFO] maestro.cli.runner.CliConsoleListener.onCommandStart: Repeat while id: home.month.picker is not visible RUNNING
17:28:52.585 [ INFO] maestro.cli.runner.CliConsoleListener.onCommandStart: Tap on id: common.btn.back RUNNING
17:28:52.858 [ INFO] maestro.Maestro.tap-HgV9Ck0: Tapping on element:  UiElement(treeNode=TreeNode(attributes={text=, accessibilityText=, hintText=, ignoreBoundsFiltering=false, resource-id=common.btn.back, clickable=true, bounds=[12,150][138,276], enabled=true, focused=false, checked=false, scrollable=false, selected=false, class=android.view.View, important-for-accessibility=true, error=}, children=[TreeNode(attributes={text=, accessibilityText=Retour, hintText=, ignoreBoundsFiltering=false, resource-id=, clickable=false, bounds=[43,181][106,244], enabled=true, focused=false, checked=false, scrollable=false, selected=false, class=android.view.View, important-for-accessibility=true, error=}, children=[], clickable=false, enabled=true, focused=false, checked=false, selected=false), TreeNode(attributes={text=, accessibilityText=, hintText=, ignoreBoundsFiltering=false, resource-id=, clickable=false, bounds=[22,160][127,265], enabled=true, focused=false, checked=false, scrollable=false, selected=false, class=android.widget.Button, important-for-accessibility=true, error=}, children=[], clickable=false, enabled=true, focused=false, checked=false, selected=false)], clickable=true, enabled=true, focused=false, checked=false, selected=false), bounds=Bounds(x=12, y=150, width=126, height=126))
17:28:54.344 [ INFO] maestro.Maestro.tap-HgV9Ck0: Tap aimed via settled hierarchy
17:28:54.345 [ INFO] maestro.Maestro.hierarchyBasedTap-ogj28Uc: Tapping at (75, 213) using hierarchy based logic for wait
17:28:55.949 [ INFO] maestro.Maestro.hierarchyBasedTap-ogj28Uc: Something has changed in the UI judging by view hierarchy. Proceed.
17:28:55.950 [ INFO] maestro.cli.runner.CliConsoleListener.onCommandFinished: Tap on id: common.btn.back COMPLETED
17:29:03.132 [ INFO] maestro.cli.runner.CliConsoleListener.onCommandFinished: Repeat while id: home.month.picker is not visible COMPLETED
17:29:03.133 [ INFO] maestro.cli.runner.CliConsoleListener.onCommandFinished: Run ../../.maestro/subflows/go_to_home.yaml COMPLETED
17:29:03.136 [ INFO] maestro.cli.runner.CliConsoleListener.onCommandStart: Run console.log("TC-117 amorçage : création du second compte (rôle B du JDD)")
 RUNNING
17:29:03.136 [ INFO] maestro.cli.runner.CliConsoleListener.onCommandFinished: Run console.log("TC-117 amorçage : création du second compte (rôle B du JDD)")
 COMPLETED
17:29:03.138 [ INFO] maestro.cli.runner.CliConsoleListener.onCommandStart: Tap on id: nav.settings.button RUNNING
17:29:03.507 [ INFO] maestro.Maestro.tap-HgV9Ck0: Tapping on element:  UiElement(treeNode=TreeNode(attributes={text=, accessibilityText=, hintText=, ignoreBoundsFiltering=false, resource-id=nav.settings.button, clickable=true, bounds=[912,181][1038,307], enabled=true, focused=false, checked=false, scrollable=false, selected=false, class=android.view.View, important-for-accessibility=true, error=}, children=[TreeNode(attributes={text=, accessibilityText=Réglages, hintText=, ignoreBoundsFiltering=false, resource-id=, clickable=false, bounds=[948,217][1001,270], enabled=true, focused=false, checked=false, scrollable=false, selected=false, class=android.view.View, important-for-accessibility=true, error=}, children=[], clickable=false, enabled=true, focused=false, checked=false, selected=false)], clickable=true, enabled=true, focused=false, checked=false, selected=false), bounds=Bounds(x=912, y=181, width=126, height=126))
17:29:04.779 [ INFO] maestro.Maestro.tap-HgV9Ck0: Tap aimed via settled hierarchy
17:29:04.782 [ INFO] maestro.Maestro.hierarchyBasedTap-ogj28Uc: Tapping at (975, 244) using hierarchy based logic for wait
17:29:06.178 [ INFO] maestro.Maestro.hierarchyBasedTap-ogj28Uc: Something has changed in the UI judging by view hierarchy. Proceed.
17:29:06.180 [ INFO] maestro.cli.runner.CliConsoleListener.onCommandFinished: Tap on id: nav.settings.button COMPLETED
17:29:06.180 [ INFO] maestro.cli.runner.CliConsoleListener.onCommandStart: Assert that id: screen.settings is visible RUNNING
17:29:06.368 [ INFO] maestro.cli.runner.CliConsoleListener.onCommandFinished: Assert that id: screen.settings is visible COMPLETED
17:29:06.369 [ INFO] maestro.cli.runner.CliConsoleListener.onCommandStart: Tap on id: settings.nav.accounts RUNNING
17:29:06.625 [ INFO] maestro.Maestro.tap-HgV9Ck0: Tapping on element:  UiElement(treeNode=TreeNode(attributes={text=, accessibilityText=, hintText=, ignoreBoundsFiltering=false, resource-id=settings.nav.accounts, clickable=true, bounds=[100,842][980,968], enabled=true, focused=false, checked=false, scrollable=false, selected=false, class=android.view.View, important-for-accessibility=true, error=}, children=[TreeNode(attributes={text=Gestion des comptes, accessibilityText=, hintText=, ignoreBoundsFiltering=false, resource-id=, clickable=false, bounds=[100,859][497,908], enabled=true, focused=false, checked=false, scrollable=false, selected=false, class=android.widget.TextView, important-for-accessibility=true, error=}, children=[], clickable=false, enabled=true, focused=false, checked=false, selected=false), TreeNode(attributes={text=Ajouter, modifier ou archiver vos comptes, accessibilityText=, hintText=, ignoreBoundsFiltering=false, resource-id=, clickable=false, bounds=[100,908][716,950], enabled=true, focused=false, checked=false, scrollable=false, selected=false, class=android.widget.TextView, important-for-accessibility=true, error=}, children=[], clickable=false, enabled=true, focused=false, checked=false, selected=false)], clickable=true, enabled=true, focused=false, checked=false, selected=false), bounds=Bounds(x=100, y=842, width=880, height=126))
17:29:07.953 [ INFO] maestro.Maestro.tap-HgV9Ck0: Tap aimed via settled hierarchy
17:29:07.958 [ INFO] maestro.Maestro.hierarchyBasedTap-ogj28Uc: Tapping at (540, 905) using hierarchy based logic for wait
17:29:09.223 [ INFO] maestro.Maestro.hierarchyBasedTap-ogj28Uc: Something has changed in the UI judging by view hierarchy. Proceed.
17:29:09.223 [ INFO] maestro.cli.runner.CliConsoleListener.onCommandFinished: Tap on id: settings.nav.accounts COMPLETED
17:29:09.223 [ INFO] maestro.cli.runner.CliConsoleListener.onCommandStart: Assert that id: screen.accounts is visible RUNNING
17:29:09.510 [ INFO] maestro.cli.runner.CliConsoleListener.onCommandFinished: Assert that id: screen.accounts is visible COMPLETED
17:29:09.511 [ INFO] maestro.cli.runner.CliConsoleListener.onCommandStart: Tap on id: account.btn.add RUNNING
17:29:09.685 [ INFO] maestro.Maestro.tap-HgV9Ck0: Tapping on element:  UiElement(treeNode=TreeNode(attributes={text=, accessibilityText=, hintText=, ignoreBoundsFiltering=false, resource-id=account.btn.add, clickable=true, bounds=[880,2137][1027,2284], enabled=true, focused=false, checked=false, scrollable=false, selected=false, class=android.view.View, important-for-accessibility=true, error=}, children=[TreeNode(attributes={text=, accessibilityText=Ajouter un compte, hintText=, ignoreBoundsFiltering=false, resource-id=, clickable=false, bounds=[922,2179][985,2242], enabled=true, focused=false, checked=false, scrollable=false, selected=false, class=android.view.View, important-for-accessibility=true, error=}, children=[], clickable=false, enabled=true, focused=false, checked=false, selected=false), TreeNode(attributes={text=, accessibilityText=, hintText=, ignoreBoundsFiltering=false, resource-id=, clickable=false, bounds=[880,2137][1027,2284], enabled=true, focused=false, checked=false, scrollable=false, selected=false, class=android.widget.Button, important-for-accessibility=true, error=}, children=[], clickable=false, enabled=true, focused=false, checked=false, selected=false)], clickable=true, enabled=true, focused=false, checked=false, selected=false), bounds=Bounds(x=880, y=2137, width=147, height=147))
17:29:10.920 [ INFO] maestro.Maestro.tap-HgV9Ck0: Tap aimed via settled hierarchy
17:29:10.922 [ INFO] maestro.Maestro.hierarchyBasedTap-ogj28Uc: Tapping at (953, 2210) using hierarchy based logic for wait
17:29:12.316 [ INFO] maestro.Maestro.hierarchyBasedTap-ogj28Uc: Something has changed in the UI judging by view hierarchy. Proceed.
17:29:12.318 [ INFO] maestro.cli.runner.CliConsoleListener.onCommandFinished: Tap on id: account.btn.add COMPLETED
17:29:12.318 [ INFO] maestro.cli.runner.CliConsoleListener.onCommandStart: Tap on id: account.edit.name.field RUNNING
17:29:12.439 [ INFO] maestro.Maestro.tap-HgV9Ck0: Tapping on element:  UiElement(treeNode=TreeNode(attributes={text=, accessibilityText=, hintText=, ignoreBoundsFiltering=false, resource-id=account.edit.name.field, clickable=true, bounds=[100,396][980,564], enabled=true, focused=false, checked=false, scrollable=false, selected=false, class=android.widget.EditText, important-for-accessibility=true, error=}, children=[TreeNode(attributes={text=, accessibilityText=, hintText=, ignoreBoundsFiltering=false, resource-id=, clickable=false, bounds=[100,417][980,564], enabled=true, focused=false, checked=false, scrollable=false, selected=false, class=android.view.View, important-for-accessibility=false, error=}, children=[], clickable=false, enabled=true, focused=false, checked=false, selected=false), TreeNode(attributes={text=Nom du compte, accessibilityText=, hintText=, ignoreBoundsFiltering=false, resource-id=, clickable=false, bounds=[142,459][443,522], enabled=true, focused=false, checked=false, scrollable=false, selected=false, class=android.widget.TextView, important-for-accessibility=true, error=}, children=[], clickable=false, enabled=true, focused=false, checked=false, selected=false), TreeNode(attributes={text=, accessibilityText=, hintText=, ignoreBoundsFiltering=false, resource-id=, clickable=false, bounds=[142,428][938,554], enabled=true, focused=false, checked=false, scrollable=false, selected=false, class=android.view.View, important-for-accessibility=false, error=}, children=[], clickable=false, enabled=true, focused=false, checked=false, selected=false)], clickable=true, enabled=true, focused=false, checked=false, selected=false), bounds=Bounds(x=100, y=396, width=880, height=168))
17:29:13.797 [ INFO] maestro.Maestro.tap-HgV9Ck0: Tap aimed via settled hierarchy
17:29:13.798 [ INFO] maestro.Maestro.hierarchyBasedTap-ogj28Uc: Tapping at (540, 480) using hierarchy based logic for wait
17:29:15.512 [ INFO] maestro.Maestro.hierarchyBasedTap-ogj28Uc: Something has changed in the UI judging by view hierarchy. Proceed.
17:29:15.512 [ INFO] maestro.cli.runner.CliConsoleListener.onCommandFinished: Tap on id: account.edit.name.field COMPLETED
17:29:15.513 [ INFO] maestro.cli.runner.CliConsoleListener.onCommandStart: Input text Compte B TC117 RUNNING
17:29:15.515 [ INFO] maestro.Maestro.inputText: Inputting text: Compte B TC117
17:29:24.098 [ INFO] maestro.cli.runner.CliConsoleListener.onCommandFinished: Input text Compte B TC117 COMPLETED
17:29:24.099 [ INFO] maestro.cli.runner.CliConsoleListener.onCommandStart: Hide Keyboard RUNNING
17:29:24.101 [ INFO] maestro.Maestro.hideKeyboard$lambda$12: Hiding Keyboard
17:29:25.701 [ INFO] maestro.cli.runner.CliConsoleListener.onCommandFinished: Hide Keyboard COMPLETED
17:29:25.701 [ INFO] maestro.cli.runner.CliConsoleListener.onCommandStart: Tap on id: account.edit.balance.field RUNNING
17:29:25.911 [ INFO] maestro.Maestro.tap-HgV9Ck0: Tapping on element:  UiElement(treeNode=TreeNode(attributes={text=0, accessibilityText=, hintText=, ignoreBoundsFiltering=false, resource-id=account.edit.balance.field, clickable=true, bounds=[100,1215][980,1383], enabled=true, focused=false, checked=false, scrollable=false, selected=false, class=android.widget.EditText, important-for-accessibility=true, error=}, children=[TreeNode(attributes={text=, accessibilityText=, hintText=, ignoreBoundsFiltering=false, resource-id=, clickable=false, bounds=[100,1236][980,1383], enabled=true, focused=false, checked=false, scrollable=false, selected=false, class=android.view.View, important-for-accessibility=false, error=}, children=[], clickable=false, enabled=true, focused=false, checked=false, selected=false), TreeNode(attributes={text=Solde du compte, accessibilityText=, hintText=, ignoreBoundsFiltering=false, resource-id=, clickable=false, bounds=[142,1215][389,1257], enabled=true, focused=false, checked=false, scrollable=false, selected=false, class=android.widget.TextView, important-for-accessibility=true, error=}, children=[], clickable=false, enabled=true, focused=false, checked=false, selected=false), TreeNode(attributes={text=, accessibilityText=, hintText=, ignoreBoundsFiltering=false, resource-id=, clickable=false, bounds=[142,1247][938,1373], enabled=true, focused=false, checked=false, scrollable=false, selected=false, class=android.view.View, important-for-accessibility=false, error=}, children=[], clickable=false, enabled=true, focused=false, checked=false, selected=false)], clickable=true, enabled=true, focused=false, checked=false, selected=false), bounds=Bounds(x=100, y=1215, width=880, height=168))
17:29:27.229 [ INFO] maestro.Maestro.tap-HgV9Ck0: Tap aimed via settled hierarchy
17:29:27.231 [ INFO] maestro.Maestro.hierarchyBasedTap-ogj28Uc: Tapping at (540, 1299) using hierarchy based logic for wait
17:29:29.450 [ INFO] maestro.Maestro.hierarchyBasedTap-ogj28Uc: Something has changed in the UI judging by view hierarchy. Proceed.
17:29:29.451 [ INFO] maestro.cli.runner.CliConsoleListener.onCommandFinished: Tap on id: account.edit.balance.field COMPLETED
17:29:29.451 [ INFO] maestro.cli.runner.CliConsoleListener.onCommandStart: Input text 250 RUNNING
17:29:29.451 [ INFO] maestro.Maestro.inputText: Inputting text: 250
17:29:30.566 [ INFO] maestro.cli.runner.CliConsoleListener.onCommandFinished: Input text 250 COMPLETED
17:29:30.567 [ INFO] maestro.cli.runner.CliConsoleListener.onCommandStart: Hide Keyboard RUNNING
17:29:30.567 [ INFO] maestro.Maestro.hideKeyboard$lambda$12: Hiding Keyboard
17:29:31.541 [ INFO] maestro.cli.runner.CliConsoleListener.onCommandFinished: Hide Keyboard COMPLETED
17:29:31.541 [ INFO] maestro.cli.runner.CliConsoleListener.onCommandStart: Tap on id: common.btn.save RUNNING
17:29:31.576 [ INFO] maestro.Maestro.tap-HgV9Ck0: Tapping on element:  UiElement(treeNode=TreeNode(attributes={text=, accessibilityText=, hintText=, ignoreBoundsFiltering=false, resource-id=common.btn.save, clickable=true, bounds=[53,2137][1027,2284], enabled=true, focused=false, checked=false, scrollable=false, selected=false, class=android.view.View, important-for-accessibility=true, error=}, children=[TreeNode(attributes={text=Enregistrer, accessibilityText=, hintText=, ignoreBoundsFiltering=false, resource-id=, clickable=false, bounds=[452,2184][629,2237], enabled=true, focused=false, checked=false, scrollable=false, selected=false, class=android.widget.TextView, important-for-accessibility=true, error=}, children=[], clickable=false, enabled=true, focused=false, checked=false, selected=false), TreeNode(attributes={text=, accessibilityText=, hintText=, ignoreBoundsFiltering=false, resource-id=, clickable=false, bounds=[53,2137][1027,2284], enabled=true, focused=false, checked=false, scrollable=false, selected=false, class=android.widget.Button, important-for-accessibility=true, error=}, children=[], clickable=false, enabled=true, focused=false, checked=false, selected=false)], clickable=true, enabled=true, focused=false, checked=false, selected=false), bounds=Bounds(x=53, y=2137, width=974, height=147))
17:29:32.814 [ INFO] maestro.Maestro.tap-HgV9Ck0: Tap aimed via settled hierarchy
17:29:32.815 [ INFO] maestro.Maestro.hierarchyBasedTap-ogj28Uc: Tapping at (540, 2210) using hierarchy based logic for wait
17:29:34.172 [ INFO] maestro.Maestro.hierarchyBasedTap-ogj28Uc: Something has changed in the UI judging by view hierarchy. Proceed.
17:29:34.172 [ INFO] maestro.cli.runner.CliConsoleListener.onCommandFinished: Tap on id: common.btn.save COMPLETED
17:29:34.172 [ INFO] maestro.cli.runner.CliConsoleListener.onCommandStart: Assert that "Compte B TC117" is visible RUNNING
17:29:34.243 [ INFO] maestro.cli.runner.CliConsoleListener.onCommandFinished: Assert that "Compte B TC117" is visible COMPLETED
17:29:34.243 [ INFO] maestro.cli.runner.CliConsoleListener.onCommandStart: Run ../../.maestro/subflows/go_to_home.yaml RUNNING
17:29:34.243 [ INFO] maestro.cli.runner.CliConsoleListener.onCommandStart: Apply configuration RUNNING
17:29:34.244 [ INFO] maestro.cli.runner.CliConsoleListener.onCommandFinished: Apply configuration COMPLETED
17:29:34.244 [ INFO] maestro.cli.runner.CliConsoleListener.onCommandStart: Repeat while id: home.month.picker is not visible RUNNING
17:29:34.948 [ INFO] maestro.cli.runner.CliConsoleListener.onCommandStart: Tap on id: common.btn.back RUNNING
17:29:35.056 [ INFO] maestro.Maestro.tap-HgV9Ck0: Tapping on element:  UiElement(treeNode=TreeNode(attributes={text=, accessibilityText=, hintText=, ignoreBoundsFiltering=false, resource-id=common.btn.back, clickable=true, bounds=[12,150][138,276], enabled=true, focused=false, checked=false, scrollable=false, selected=false, class=android.view.View, important-for-accessibility=true, error=}, children=[TreeNode(attributes={text=, accessibilityText=Retour, hintText=, ignoreBoundsFiltering=false, resource-id=, clickable=false, bounds=[43,181][106,244], enabled=true, focused=false, checked=false, scrollable=false, selected=false, class=android.view.View, important-for-accessibility=true, error=}, children=[], clickable=false, enabled=true, focused=false, checked=false, selected=false), TreeNode(attributes={text=, accessibilityText=, hintText=, ignoreBoundsFiltering=false, resource-id=, clickable=false, bounds=[22,160][127,265], enabled=true, focused=false, checked=false, scrollable=false, selected=false, class=android.widget.Button, important-for-accessibility=true, error=}, children=[], clickable=false, enabled=true, focused=false, checked=false, selected=false)], clickable=true, enabled=true, focused=false, checked=false, selected=false), bounds=Bounds(x=12, y=150, width=126, height=126))
17:29:36.244 [ INFO] maestro.Maestro.tap-HgV9Ck0: Tap aimed via settled hierarchy
17:29:36.244 [ INFO] maestro.Maestro.hierarchyBasedTap-ogj28Uc: Tapping at (75, 213) using hierarchy based logic for wait
17:29:36.865 [ INFO] maestro.Maestro.hierarchyBasedTap-ogj28Uc: Something has changed in the UI judging by view hierarchy. Proceed.
17:29:36.865 [ INFO] maestro.cli.runner.CliConsoleListener.onCommandFinished: Tap on id: common.btn.back COMPLETED
17:29:37.602 [ INFO] maestro.cli.runner.CliConsoleListener.onCommandReset: Tap on id: common.btn.back PENDING
17:29:37.603 [ INFO] maestro.cli.runner.CliConsoleListener.onCommandStart: Tap on id: common.btn.back RUNNING
17:29:37.718 [ INFO] maestro.Maestro.tap-HgV9Ck0: Tapping on element:  UiElement(treeNode=TreeNode(attributes={text=, accessibilityText=, hintText=, ignoreBoundsFiltering=false, resource-id=common.btn.back, clickable=true, bounds=[12,150][138,276], enabled=true, focused=false, checked=false, scrollable=false, selected=false, class=android.view.View, important-for-accessibility=true, error=}, children=[TreeNode(attributes={text=, accessibilityText=Retour, hintText=, ignoreBoundsFiltering=false, resource-id=, clickable=false, bounds=[43,181][106,244], enabled=true, focused=false, checked=false, scrollable=false, selected=false, class=android.view.View, important-for-accessibility=true, error=}, children=[], clickable=false, enabled=true, focused=false, checked=false, selected=false), TreeNode(attributes={text=, accessibilityText=, hintText=, ignoreBoundsFiltering=false, resource-id=, clickable=false, bounds=[22,160][127,265], enabled=true, focused=false, checked=false, scrollable=false, selected=false, class=android.widget.Button, important-for-accessibility=true, error=}, children=[], clickable=false, enabled=true, focused=false, checked=false, selected=false)], clickable=true, enabled=true, focused=false, checked=false, selected=false), bounds=Bounds(x=12, y=150, width=126, height=126))
17:29:38.953 [ INFO] maestro.Maestro.tap-HgV9Ck0: Tap aimed via settled hierarchy
17:29:38.954 [ INFO] maestro.Maestro.hierarchyBasedTap-ogj28Uc: Tapping at (75, 213) using hierarchy based logic for wait
17:29:40.066 [ INFO] maestro.Maestro.hierarchyBasedTap-ogj28Uc: Something has changed in the UI judging by view hierarchy. Proceed.
17:29:40.066 [ INFO] maestro.cli.runner.CliConsoleListener.onCommandFinished: Tap on id: common.btn.back COMPLETED
17:29:47.168 [ INFO] maestro.cli.runner.CliConsoleListener.onCommandFinished: Repeat while id: home.month.picker is not visible COMPLETED
17:29:47.168 [ INFO] maestro.cli.runner.CliConsoleListener.onCommandFinished: Run ../../.maestro/subflows/go_to_home.yaml COMPLETED
17:29:47.171 [ INFO] maestro.cli.runner.CliConsoleListener.onCommandStart: Run ../../.maestro/subflows/open_monthly_history.yaml RUNNING
17:29:47.171 [ INFO] maestro.cli.runner.CliConsoleListener.onCommandStart: Apply configuration RUNNING
17:29:47.171 [ INFO] maestro.cli.runner.CliConsoleListener.onCommandFinished: Apply configuration COMPLETED
17:29:47.171 [ INFO] maestro.cli.runner.CliConsoleListener.onCommandStart: Run flow when id: screen.monthly is not visible RUNNING
17:29:47.760 [ INFO] maestro.cli.runner.CliConsoleListener.onCommandStart: Scrolling DOWN until id: recent_transactions_see_all is visible with speed 40, visibility percentage 100%, timeout 20000 ms, with centering enabled RUNNING
17:29:47.842 [ INFO] maestro.orchestra.Orchestra.scrollUntilVisible: Scrolling try count: 0, DeviceWidth: 1080, DeviceWidth: 2400
17:29:47.842 [ INFO] maestro.orchestra.Orchestra.scrollUntilVisible: Element bounds: Bounds(x=763, y=1304, width=243, height=126)
17:29:47.842 [ INFO] maestro.orchestra.Orchestra.scrollUntilVisible: Visibility Percent: 1.0
17:29:47.842 [ INFO] maestro.orchestra.Orchestra.scrollUntilVisible: Command centerElement: ScrollUntilVisibleCommand(selector=ElementSelector(textRegex=null, idRegex=recent_transactions_see_all, size=null, below=null, above=null, leftOf=null, rightOf=null, containsChild=null, containsDescendants=null, traits=null, index=null, enabled=null, optional=false, selected=null, checked=null, focused=null, childOf=null, css=null), direction=DOWN, scrollDuration=601, visibilityPercentage=100, timeout=20000, waitToSettleTimeoutMs=null, centerElement=true, originalSpeedValue=40, label=null, optional=false).centerElement
17:29:47.842 [ INFO] maestro.orchestra.Orchestra.scrollUntilVisible: visibilityPercentageNormalized: 1.0
17:29:47.842 [ INFO] maestro.cli.runner.CliConsoleListener.onCommandFinished: Scrolling DOWN until id: recent_transactions_see_all is visible with speed 40, visibility percentage 100%, timeout 20000 ms, with centering enabled COMPLETED
17:29:47.843 [ INFO] maestro.cli.runner.CliConsoleListener.onCommandStart: Tap on id: recent_transactions_see_all RUNNING
17:29:47.963 [ INFO] maestro.Maestro.tap-HgV9Ck0: Tapping on element:  UiElement(treeNode=TreeNode(attributes={text=, accessibilityText=, hintText=, ignoreBoundsFiltering=false, resource-id=recent_transactions_see_all, clickable=true, bounds=[763,1304][1006,1430], enabled=true, focused=false, checked=false, scrollable=false, selected=false, class=android.view.View, important-for-accessibility=true, error=}, children=[TreeNode(attributes={text=Voir tout, accessibilityText=, hintText=, ignoreBoundsFiltering=false, resource-id=, clickable=false, bounds=[795,1340][932,1393], enabled=true, focused=false, checked=false, scrollable=false, selected=false, class=android.widget.TextView, important-for-accessibility=true, error=}, children=[], clickable=false, enabled=true, focused=false, checked=false, selected=false), TreeNode(attributes={text=, accessibilityText=, hintText=, ignoreBoundsFiltering=false, resource-id=, clickable=false, bounds=[763,1314][1006,1419], enabled=true, focused=false, checked=false, scrollable=false, selected=false, class=android.widget.Button, important-for-accessibility=true, error=}, children=[], clickable=false, enabled=true, focused=false, checked=false, selected=false)], clickable=true, enabled=true, focused=false, checked=false, selected=false), bounds=Bounds(x=763, y=1304, width=243, height=126))
17:29:49.197 [ INFO] maestro.Maestro.tap-HgV9Ck0: Tap aimed via settled hierarchy
17:29:49.198 [ INFO] maestro.Maestro.hierarchyBasedTap-ogj28Uc: Tapping at (884, 1367) using hierarchy based logic for wait
17:29:50.109 [ INFO] maestro.Maestro.hierarchyBasedTap-ogj28Uc: Something has changed in the UI judging by view hierarchy. Proceed.
17:29:50.109 [ INFO] maestro.cli.runner.CliConsoleListener.onCommandFinished: Tap on id: recent_transactions_see_all COMPLETED
17:29:50.109 [ INFO] maestro.cli.runner.CliConsoleListener.onCommandStart: Assert that id: screen.monthly is visible RUNNING
17:29:50.218 [ INFO] maestro.cli.runner.CliConsoleListener.onCommandFinished: Assert that id: screen.monthly is visible COMPLETED
17:29:50.218 [ INFO] maestro.cli.runner.CliConsoleListener.onCommandFinished: Run flow when id: screen.monthly is not visible COMPLETED
17:29:50.219 [ INFO] maestro.cli.runner.CliConsoleListener.onCommandStart: Wait for animation to end within 5000 ms RUNNING
17:29:50.219 [ INFO] maestro.Maestro.waitForAnimationToEnd$lambda$53: Waiting for animation to end with timeout 5000
17:29:50.219 [TRACE] maestro.utils.ScreenshotUtils.takeScreenshot: Taking screenshot to byte array
17:29:50.219 [TRACE] maestro.utils.ScreenshotUtils.takeScreenshot: Taking screenshot to output sink
17:29:50.443 [TRACE] maestro.utils.ScreenshotUtils.takeScreenshot: Taking screenshot to byte array
17:29:50.443 [TRACE] maestro.utils.ScreenshotUtils.takeScreenshot: Taking screenshot to output sink
17:29:50.889 [ INFO] maestro.cli.runner.CliConsoleListener.onCommandFinished: Wait for animation to end within 5000 ms COMPLETED
17:29:50.889 [ INFO] maestro.cli.runner.CliConsoleListener.onCommandFinished: Run ../../.maestro/subflows/open_monthly_history.yaml COMPLETED
17:29:50.890 [ INFO] maestro.cli.runner.CliConsoleListener.onCommandStart: Run console.log("TC-117 T-01 / CA-01 : le titre doit être visible près du montant")
 RUNNING
17:29:50.890 [ INFO] maestro.cli.runner.CliConsoleListener.onCommandFinished: Run console.log("TC-117 T-01 / CA-01 : le titre doit être visible près du montant")
 COMPLETED
17:29:50.890 [ INFO] maestro.cli.runner.CliConsoleListener.onCommandStart: Scrolling DOWN until "Courses Hebdomadaires" is visible with speed 40, visibility percentage 100%, timeout 20000 ms, with centering disabled RUNNING
17:29:50.971 [ INFO] maestro.orchestra.Orchestra.scrollUntilVisible: Scrolling try count: 0, DeviceWidth: 1080, DeviceWidth: 2400
17:29:50.971 [ INFO] maestro.orchestra.Orchestra.scrollUntilVisible: Element bounds: Bounds(x=238, y=1761, width=463, height=49)
17:29:50.971 [ INFO] maestro.orchestra.Orchestra.scrollUntilVisible: Visibility Percent: 1.0
17:29:50.972 [ INFO] maestro.orchestra.Orchestra.scrollUntilVisible: Command centerElement: ScrollUntilVisibleCommand(selector=ElementSelector(textRegex=Courses Hebdomadaires, idRegex=null, size=null, below=null, above=null, leftOf=null, rightOf=null, containsChild=null, containsDescendants=null, traits=null, index=null, enabled=null, optional=false, selected=null, checked=null, focused=null, childOf=null, css=null), direction=DOWN, scrollDuration=601, visibilityPercentage=100, timeout=20000, waitToSettleTimeoutMs=null, centerElement=false, originalSpeedValue=40, label=null, optional=false).centerElement
17:29:50.972 [ INFO] maestro.orchestra.Orchestra.scrollUntilVisible: visibilityPercentageNormalized: 1.0
17:29:50.972 [ INFO] maestro.cli.runner.CliConsoleListener.onCommandFinished: Scrolling DOWN until "Courses Hebdomadaires" is visible with speed 40, visibility percentage 100%, timeout 20000 ms, with centering disabled COMPLETED
17:29:50.972 [ INFO] maestro.cli.runner.CliConsoleListener.onCommandStart: Tap on "Courses Hebdomadaires" RUNNING
17:29:51.074 [ INFO] maestro.Maestro.tap-HgV9Ck0: Tapping on element:  UiElement(treeNode=TreeNode(attributes={text=Courses Hebdomadaires, accessibilityText=, hintText=, ignoreBoundsFiltering=false, resource-id=transaction.item.title, clickable=false, bounds=[238,1761][701,1810], enabled=true, focused=false, checked=false, scrollable=false, selected=false, class=android.widget.TextView, important-for-accessibility=true, error=}, children=[], clickable=false, enabled=true, focused=false, checked=false, selected=false), bounds=Bounds(x=238, y=1761, width=463, height=49))
17:29:52.305 [ INFO] maestro.Maestro.tap-HgV9Ck0: Tap aimed via settled hierarchy
17:29:52.305 [ INFO] maestro.Maestro.hierarchyBasedTap-ogj28Uc: Tapping at (469, 1785) using hierarchy based logic for wait
17:29:52.904 [ INFO] maestro.Maestro.hierarchyBasedTap-ogj28Uc: Something has changed in the UI judging by view hierarchy. Proceed.
17:29:52.905 [ INFO] maestro.cli.runner.CliConsoleListener.onCommandFinished: Tap on "Courses Hebdomadaires" COMPLETED
17:29:52.905 [ INFO] maestro.cli.runner.CliConsoleListener.onCommandStart: Assert that id: screen.transaction.detail is visible RUNNING
17:29:53.010 [ INFO] maestro.cli.runner.CliConsoleListener.onCommandFinished: Assert that id: screen.transaction.detail is visible COMPLETED
17:29:53.010 [ INFO] maestro.cli.runner.CliConsoleListener.onCommandStart: Assert that "Courses Hebdomadaires", id: transaction.detail.title is visible RUNNING
17:29:53.120 [ INFO] maestro.cli.runner.CliConsoleListener.onCommandFinished: Assert that "Courses Hebdomadaires", id: transaction.detail.title is visible COMPLETED
17:29:53.121 [ INFO] maestro.cli.runner.CliConsoleListener.onCommandStart: Assert that id: transaction.detail.field.amount, Below id: transaction.detail.title is visible RUNNING
17:29:53.229 [ INFO] maestro.cli.runner.CliConsoleListener.onCommandFinished: Assert that id: transaction.detail.field.amount, Below id: transaction.detail.title is visible COMPLETED
17:29:53.229 [ INFO] maestro.cli.runner.CliConsoleListener.onCommandStart: Run console.log("TC-117 T-02 / CA-02 : les six informations exigées doivent être présentes")
 RUNNING
17:29:53.230 [ INFO] maestro.cli.runner.CliConsoleListener.onCommandFinished: Run console.log("TC-117 T-02 / CA-02 : les six informations exigées doivent être présentes")
 COMPLETED
17:29:53.230 [ INFO] maestro.cli.runner.CliConsoleListener.onCommandStart: Assert that ".*84,20.*", id: transaction.detail.field.amount is visible RUNNING
17:29:53.337 [ INFO] maestro.cli.runner.CliConsoleListener.onCommandFinished: Assert that ".*84,20.*", id: transaction.detail.field.amount is visible COMPLETED
17:29:53.337 [ INFO] maestro.cli.runner.CliConsoleListener.onCommandStart: Assert that "Dépense", id: transaction.detail.field.type.value is visible RUNNING
17:29:53.434 [ INFO] maestro.cli.runner.CliConsoleListener.onCommandFinished: Assert that "Dépense", id: transaction.detail.field.type.value is visible COMPLETED
17:29:53.434 [ INFO] maestro.cli.runner.CliConsoleListener.onCommandStart: Assert that id: transaction.detail.field.date.value is visible RUNNING
17:29:53.537 [ INFO] maestro.cli.runner.CliConsoleListener.onCommandFinished: Assert that id: transaction.detail.field.date.value is visible COMPLETED
17:29:53.537 [ INFO] maestro.cli.runner.CliConsoleListener.onCommandStart: Assert that "Courses", id: transaction.detail.field.category.value is visible RUNNING
17:29:53.639 [ INFO] maestro.cli.runner.CliConsoleListener.onCommandFinished: Assert that "Courses", id: transaction.detail.field.category.value is visible COMPLETED
17:29:53.639 [ INFO] maestro.cli.runner.CliConsoleListener.onCommandStart: Assert that "Compte courant", id: transaction.detail.field.account.value is visible RUNNING
17:29:53.743 [ INFO] maestro.cli.runner.CliConsoleListener.onCommandFinished: Assert that "Compte courant", id: transaction.detail.field.account.value is visible COMPLETED
17:29:53.743 [ INFO] maestro.cli.runner.CliConsoleListener.onCommandStart: Scrolling DOWN until id: transaction.detail.toggle.paid is visible with speed 40, visibility percentage 100%, timeout 20000 ms, with centering disabled RUNNING
17:29:53.857 [ INFO] maestro.orchestra.Orchestra.scrollUntilVisible: Scrolling try count: 0, DeviceWidth: 1080, DeviceWidth: 2400
17:29:53.857 [ INFO] maestro.orchestra.Orchestra.scrollUntilVisible: Element bounds: Bounds(x=53, y=1919, width=974, height=157)
17:29:53.857 [ INFO] maestro.orchestra.Orchestra.scrollUntilVisible: Visibility Percent: 1.0
17:29:53.857 [ INFO] maestro.orchestra.Orchestra.scrollUntilVisible: Command centerElement: ScrollUntilVisibleCommand(selector=ElementSelector(textRegex=null, idRegex=transaction.detail.toggle.paid, size=null, below=null, above=null, leftOf=null, rightOf=null, containsChild=null, containsDescendants=null, traits=null, index=null, enabled=null, optional=false, selected=null, checked=null, focused=null, childOf=null, css=null), direction=DOWN, scrollDuration=601, visibilityPercentage=100, timeout=20000, waitToSettleTimeoutMs=null, centerElement=false, originalSpeedValue=40, label=null, optional=false).centerElement
17:29:53.857 [ INFO] maestro.orchestra.Orchestra.scrollUntilVisible: visibilityPercentageNormalized: 1.0
17:29:53.857 [ INFO] maestro.cli.runner.CliConsoleListener.onCommandFinished: Scrolling DOWN until id: transaction.detail.toggle.paid is visible with speed 40, visibility percentage 100%, timeout 20000 ms, with centering disabled COMPLETED
17:29:53.857 [ INFO] maestro.cli.runner.CliConsoleListener.onCommandStart: Assert that id: transaction.detail.toggle.paid is visible RUNNING
17:29:53.965 [ INFO] maestro.cli.runner.CliConsoleListener.onCommandFinished: Assert that id: transaction.detail.toggle.paid is visible COMPLETED
17:29:53.965 [ INFO] maestro.cli.runner.CliConsoleListener.onCommandStart: Assert that "Marquer comme non payé" is visible RUNNING
17:29:54.027 [ INFO] maestro.cli.runner.CliConsoleListener.onCommandFinished: Assert that "Marquer comme non payé" is visible COMPLETED
17:29:54.027 [ INFO] maestro.cli.runner.CliConsoleListener.onCommandStart: Assert that "Marquer comme payé" is not visible RUNNING
17:29:54.611 [ INFO] maestro.cli.runner.CliConsoleListener.onCommandFinished: Assert that "Marquer comme payé" is not visible COMPLETED
17:29:54.612 [ INFO] maestro.cli.runner.CliConsoleListener.onCommandStart: Scrolling UP until id: transaction.detail.title is visible with speed 40, visibility percentage 100%, timeout 20000 ms, with centering disabled RUNNING
17:29:54.735 [ INFO] maestro.orchestra.Orchestra.scrollUntilVisible: Scrolling try count: 0, DeviceWidth: 1080, DeviceWidth: 2400
17:29:54.735 [ INFO] maestro.orchestra.Orchestra.scrollUntilVisible: Element bounds: Bounds(x=252, y=748, width=576, height=62)
17:29:54.735 [ INFO] maestro.orchestra.Orchestra.scrollUntilVisible: Visibility Percent: 1.0
17:29:54.735 [ INFO] maestro.orchestra.Orchestra.scrollUntilVisible: Command centerElement: ScrollUntilVisibleCommand(selector=ElementSelector(textRegex=null, idRegex=transaction.detail.title, size=null, below=null, above=null, leftOf=null, rightOf=null, containsChild=null, containsDescendants=null, traits=null, index=null, enabled=null, optional=false, selected=null, checked=null, focused=null, childOf=null, css=null), direction=UP, scrollDuration=601, visibilityPercentage=100, timeout=20000, waitToSettleTimeoutMs=null, centerElement=false, originalSpeedValue=40, label=null, optional=false).centerElement
17:29:54.735 [ INFO] maestro.orchestra.Orchestra.scrollUntilVisible: visibilityPercentageNormalized: 1.0
17:29:54.735 [ INFO] maestro.cli.runner.CliConsoleListener.onCommandFinished: Scrolling UP until id: transaction.detail.title is visible with speed 40, visibility percentage 100%, timeout 20000 ms, with centering disabled COMPLETED
17:29:54.735 [ INFO] maestro.cli.runner.CliConsoleListener.onCommandStart: Run console.log("TC-117 T-03 / CA-11 : même affordance sur les trois champs modifiables")
 RUNNING
17:29:54.736 [ INFO] maestro.cli.runner.CliConsoleListener.onCommandFinished: Run console.log("TC-117 T-03 / CA-11 : même affordance sur les trois champs modifiables")
 COMPLETED
17:29:54.736 [ INFO] maestro.cli.runner.CliConsoleListener.onCommandStart: Assert that id: transaction.detail.field.category.edit is visible RUNNING
17:29:54.833 [ INFO] maestro.cli.runner.CliConsoleListener.onCommandFinished: Assert that id: transaction.detail.field.category.edit is visible COMPLETED
17:29:54.833 [ INFO] maestro.cli.runner.CliConsoleListener.onCommandStart: Assert that id: transaction.detail.field.date.edit is visible RUNNING
17:29:54.937 [ INFO] maestro.cli.runner.CliConsoleListener.onCommandFinished: Assert that id: transaction.detail.field.date.edit is visible COMPLETED
17:29:54.937 [ INFO] maestro.cli.runner.CliConsoleListener.onCommandStart: Assert that id: transaction.detail.field.account.edit is visible RUNNING
17:29:55.037 [ INFO] maestro.cli.runner.CliConsoleListener.onCommandFinished: Assert that id: transaction.detail.field.account.edit is visible COMPLETED
17:29:55.037 [ INFO] maestro.cli.runner.CliConsoleListener.onCommandStart: Assert that id: transaction.detail.field.type.edit is not visible RUNNING
17:29:55.677 [ INFO] maestro.cli.runner.CliConsoleListener.onCommandFinished: Assert that id: transaction.detail.field.type.edit is not visible COMPLETED
17:29:55.677 [ INFO] maestro.cli.runner.CliConsoleListener.onCommandStart: Run console.log("TC-117 T-04 / CA-06 : le champ catégorie ouvre le sélecteur de catégorie")
 RUNNING
17:29:55.677 [ INFO] maestro.cli.runner.CliConsoleListener.onCommandFinished: Run console.log("TC-117 T-04 / CA-06 : le champ catégorie ouvre le sélecteur de catégorie")
 COMPLETED
17:29:55.677 [ INFO] maestro.cli.runner.CliConsoleListener.onCommandStart: Tap on id: transaction.detail.field.category RUNNING
17:29:55.793 [ INFO] maestro.Maestro.tap-HgV9Ck0: Tapping on element:  UiElement(treeNode=TreeNode(attributes={text=, accessibilityText=, hintText=, ignoreBoundsFiltering=false, resource-id=transaction.detail.field.category, clickable=false, bounds=[100,1054][980,1224], enabled=true, focused=false, checked=false, scrollable=false, selected=false, class=android.view.View, important-for-accessibility=true, error=}, children=[TreeNode(attributes={text=, accessibilityText=, hintText=, ignoreBoundsFiltering=false, resource-id=, clickable=true, bounds=[100,1054][980,1224], enabled=true, focused=false, checked=false, scrollable=false, selected=false, class=android.view.View, important-for-accessibility=true, error=}, children=[TreeNode(attributes={text=, accessibilityText=, hintText=, ignoreBoundsFiltering=false, resource-id=, clickable=false, bounds=[124,1077][250,1203], enabled=true, focused=false, checked=false, scrollable=false, selected=false, class=android.view.View, important-for-accessibility=false, error=}, children=[], clickable=false, enabled=true, focused=false, checked=false, selected=false), TreeNode(attributes={text=Catégorie, accessibilityText=, hintText=, ignoreBoundsFiltering=false, resource-id=, clickable=false, bounds=[263,1091][406,1133], enabled=true, focused=false, checked=false, scrollable=false, selected=false, class=android.widget.TextView, important-for-accessibility=true, error=}, children=[], clickable=false, enabled=true, focused=false, checked=false, selected=false), TreeNode(attributes={text=Courses, accessibilityText=, hintText=, ignoreBoundsFiltering=false, resource-id=transaction.detail.field.category.value, clickable=false, bounds=[263,1138][419,1187], enabled=true, focused=false, checked=false, scrollable=false, selected=false, class=android.widget.TextView, important-for-accessibility=true, error=}, children=[], clickable=false, enabled=true, focused=false, checked=false, selected=false), TreeNode(attributes={text=, accessibilityText=, hintText=, ignoreBoundsFiltering=false, resource-id=transaction.detail.field.category.edit, clickable=false, bounds=[891,1116][938,1163], enabled=true, focused=false, checked=false, scrollable=false, selected=false, class=android.view.View, important-for-accessibility=false, error=}, children=[], clickable=false, enabled=true, focused=false, checked=false, selected=false)], clickable=true, enabled=true, focused=false, checked=false, selected=false)], clickable=false, enabled=true, focused=false, checked=false, selected=false), bounds=Bounds(x=100, y=1054, width=880, height=170))
17:29:57.008 [ INFO] maestro.Maestro.tap-HgV9Ck0: Tap aimed via settled hierarchy
17:29:57.009 [ INFO] maestro.Maestro.hierarchyBasedTap-ogj28Uc: Tapping at (540, 1139) using hierarchy based logic for wait
17:29:58.592 [ INFO] maestro.Maestro.hierarchyBasedTap-ogj28Uc: Something has changed in the UI judging by view hierarchy. Proceed.
17:29:58.593 [ INFO] maestro.cli.runner.CliConsoleListener.onCommandFinished: Tap on id: transaction.detail.field.category COMPLETED
17:29:58.593 [ INFO] maestro.cli.runner.CliConsoleListener.onCommandStart: Assert that id: picker.category.sheet is visible RUNNING
17:29:58.673 [ INFO] maestro.cli.runner.CliConsoleListener.onCommandFinished: Assert that id: picker.category.sheet is visible COMPLETED
17:29:58.673 [ INFO] maestro.cli.runner.CliConsoleListener.onCommandStart: Assert that id: picker.date is not visible RUNNING
17:29:59.480 [ INFO] maestro.cli.runner.CliConsoleListener.onCommandFinished: Assert that id: picker.date is not visible COMPLETED
17:29:59.480 [ INFO] maestro.cli.runner.CliConsoleListener.onCommandStart: Assert that id: picker.account.sheet is not visible RUNNING
17:30:00.114 [ INFO] maestro.cli.runner.CliConsoleListener.onCommandFinished: Assert that id: picker.account.sheet is not visible COMPLETED
17:30:00.115 [ INFO] maestro.cli.runner.CliConsoleListener.onCommandStart: Assert that id: screen.transaction.edit is not visible RUNNING
17:30:00.892 [ INFO] maestro.cli.runner.CliConsoleListener.onCommandFinished: Assert that id: screen.transaction.edit is not visible COMPLETED
17:30:00.893 [ INFO] maestro.cli.runner.CliConsoleListener.onCommandStart: Press back RUNNING
17:30:00.894 [ INFO] maestro.Maestro.backPress: Pressing back
17:30:01.604 [ INFO] maestro.cli.runner.CliConsoleListener.onCommandFinished: Press back COMPLETED
17:30:01.604 [ INFO] maestro.cli.runner.CliConsoleListener.onCommandStart: Assert that id: screen.transaction.detail is visible RUNNING
17:30:01.715 [ INFO] maestro.cli.runner.CliConsoleListener.onCommandFinished: Assert that id: screen.transaction.detail is visible COMPLETED
17:30:01.715 [ INFO] maestro.cli.runner.CliConsoleListener.onCommandStart: Run console.log("TC-117 T-04 / CA-06 : le champ date ouvre le sélecteur de date")
 RUNNING
17:30:01.716 [ INFO] maestro.cli.runner.CliConsoleListener.onCommandFinished: Run console.log("TC-117 T-04 / CA-06 : le champ date ouvre le sélecteur de date")
 COMPLETED
17:30:01.716 [ INFO] maestro.cli.runner.CliConsoleListener.onCommandStart: Tap on id: transaction.detail.field.date RUNNING
17:30:01.792 [ INFO] maestro.Maestro.tap-HgV9Ck0: Tapping on element:  UiElement(treeNode=TreeNode(attributes={text=, accessibilityText=, hintText=, ignoreBoundsFiltering=false, resource-id=transaction.detail.field.date, clickable=false, bounds=[100,1256][980,1426], enabled=true, focused=false, checked=false, scrollable=false, selected=false, class=android.view.View, important-for-accessibility=true, error=}, children=[TreeNode(attributes={text=, accessibilityText=, hintText=, ignoreBoundsFiltering=false, resource-id=, clickable=true, bounds=[100,1256][980,1426], enabled=true, focused=false, checked=false, scrollable=false, selected=false, class=android.view.View, important-for-accessibility=true, error=}, children=[TreeNode(attributes={text=Date, accessibilityText=, hintText=, ignoreBoundsFiltering=false, resource-id=, clickable=false, bounds=[232,1293][300,1335], enabled=true, focused=false, checked=false, scrollable=false, selected=false, class=android.widget.TextView, important-for-accessibility=true, error=}, children=[], clickable=false, enabled=true, focused=false, checked=false, selected=false), TreeNode(attributes={text=Mardi 22 septembre 2026, accessibilityText=, hintText=, ignoreBoundsFiltering=false, resource-id=transaction.detail.field.date.value, clickable=false, bounds=[232,1340][721,1389], enabled=true, focused=false, checked=false, scrollable=false, selected=false, class=android.widget.TextView, important-for-accessibility=true, error=}, children=[], clickable=false, enabled=true, focused=false, checked=false, selected=false), TreeNode(attributes={text=, accessibilityText=, hintText=, ignoreBoundsFiltering=false, resource-id=transaction.detail.field.date.edit, clickable=false, bounds=[891,1318][938,1365], enabled=true, focused=false, checked=false, scrollable=false, selected=false, class=android.view.View, important-for-accessibility=false, error=}, children=[], clickable=false, enabled=true, focused=false, checked=false, selected=false)], clickable=true, enabled=true, focused=false, checked=false, selected=false)], clickable=false, enabled=true, focused=false, checked=false, selected=false), bounds=Bounds(x=100, y=1256, width=880, height=170))
17:30:03.048 [ INFO] maestro.Maestro.tap-HgV9Ck0: Tap aimed via settled hierarchy
17:30:03.049 [ INFO] maestro.Maestro.hierarchyBasedTap-ogj28Uc: Tapping at (540, 1341) using hierarchy based logic for wait
17:30:04.693 [ INFO] maestro.Maestro.hierarchyBasedTap-ogj28Uc: Something has changed in the UI judging by view hierarchy. Proceed.
17:30:04.693 [ INFO] maestro.cli.runner.CliConsoleListener.onCommandFinished: Tap on id: transaction.detail.field.date COMPLETED
17:30:04.693 [ INFO] maestro.cli.runner.CliConsoleListener.onCommandStart: Assert that id: picker.date is visible RUNNING
17:30:04.824 [ INFO] maestro.cli.runner.CliConsoleListener.onCommandFinished: Assert that id: picker.date is visible COMPLETED
17:30:04.825 [ INFO] maestro.cli.runner.CliConsoleListener.onCommandStart: Assert that id: picker.category.sheet is not visible RUNNING
17:30:05.514 [ INFO] maestro.cli.runner.CliConsoleListener.onCommandFinished: Assert that id: picker.category.sheet is not visible COMPLETED
17:30:05.514 [ INFO] maestro.cli.runner.CliConsoleListener.onCommandStart: Assert that id: picker.account.sheet is not visible RUNNING
17:30:06.177 [ INFO] maestro.cli.runner.CliConsoleListener.onCommandFinished: Assert that id: picker.account.sheet is not visible COMPLETED
17:30:06.177 [ INFO] maestro.cli.runner.CliConsoleListener.onCommandStart: Assert that id: screen.transaction.edit is not visible RUNNING
17:30:06.849 [ INFO] maestro.cli.runner.CliConsoleListener.onCommandFinished: Assert that id: screen.transaction.edit is not visible COMPLETED
17:30:06.849 [ INFO] maestro.cli.runner.CliConsoleListener.onCommandStart: Tap on "Annuler" RUNNING
17:30:06.953 [ INFO] maestro.Maestro.tap-HgV9Ck0: Tapping on element:  UiElement(treeNode=TreeNode(attributes={text=Annuler, accessibilityText=, hintText=, ignoreBoundsFiltering=false, resource-id=, clickable=false, bounds=[666,1868][791,1921], enabled=true, focused=false, checked=false, scrollable=false, selected=false, class=android.widget.TextView, important-for-accessibility=true, error=}, children=[], clickable=false, enabled=true, focused=false, checked=false, selected=false), bounds=Bounds(x=666, y=1868, width=125, height=53))
17:30:08.156 [ INFO] maestro.Maestro.tap-HgV9Ck0: Tap aimed via settled hierarchy
17:30:08.157 [ INFO] maestro.Maestro.hierarchyBasedTap-ogj28Uc: Tapping at (728, 1894) using hierarchy based logic for wait
17:30:09.160 [ INFO] maestro.Maestro.hierarchyBasedTap-ogj28Uc: Something has changed in the UI judging by view hierarchy. Proceed.
17:30:09.161 [ INFO] maestro.cli.runner.CliConsoleListener.onCommandFinished: Tap on "Annuler" COMPLETED
17:30:09.161 [ INFO] maestro.cli.runner.CliConsoleListener.onCommandStart: Assert that id: screen.transaction.detail is visible RUNNING
17:30:09.265 [ INFO] maestro.cli.runner.CliConsoleListener.onCommandFinished: Assert that id: screen.transaction.detail is visible COMPLETED
17:30:09.266 [ INFO] maestro.cli.runner.CliConsoleListener.onCommandStart: Run console.log("TC-117 T-04 / CA-06 : le champ compte ouvre le sélecteur de comptes")
 RUNNING
17:30:09.266 [ INFO] maestro.cli.runner.CliConsoleListener.onCommandFinished: Run console.log("TC-117 T-04 / CA-06 : le champ compte ouvre le sélecteur de comptes")
 COMPLETED
17:30:09.266 [ INFO] maestro.cli.runner.CliConsoleListener.onCommandStart: Tap on id: transaction.detail.field.account RUNNING
17:30:09.377 [ INFO] maestro.Maestro.tap-HgV9Ck0: Tapping on element:  UiElement(treeNode=TreeNode(attributes={text=, accessibilityText=, hintText=, ignoreBoundsFiltering=false, resource-id=transaction.detail.field.account, clickable=false, bounds=[100,1458][980,1628], enabled=true, focused=false, checked=false, scrollable=false, selected=false, class=android.view.View, important-for-accessibility=true, error=}, children=[TreeNode(attributes={text=, accessibilityText=, hintText=, ignoreBoundsFiltering=false, resource-id=, clickable=true, bounds=[100,1458][980,1628], enabled=true, focused=false, checked=false, scrollable=false, selected=false, class=android.view.View, important-for-accessibility=true, error=}, children=[TreeNode(attributes={text=, accessibilityText=, hintText=, ignoreBoundsFiltering=false, resource-id=, clickable=false, bounds=[124,1481][250,1607], enabled=true, focused=false, checked=false, scrollable=false, selected=false, class=android.view.View, important-for-accessibility=false, error=}, children=[], clickable=false, enabled=true, focused=false, checked=false, selected=false), TreeNode(attributes={text=Compte, accessibilityText=, hintText=, ignoreBoundsFiltering=false, resource-id=, clickable=false, bounds=[263,1495][378,1537], enabled=true, focused=false, checked=false, scrollable=false, selected=false, class=android.widget.TextView, important-for-accessibility=true, error=}, children=[], clickable=false, enabled=true, focused=false, checked=false, selected=false), TreeNode(attributes={text=Compte courant, accessibilityText=, hintText=, ignoreBoundsFiltering=false, resource-id=transaction.detail.field.account.value, clickable=false, bounds=[263,1542][566,1591], enabled=true, focused=false, checked=false, scrollable=false, selected=false, class=android.widget.TextView, important-for-accessibility=true, error=}, children=[], clickable=false, enabled=true, focused=false, checked=false, selected=false), TreeNode(attributes={text=, accessibilityText=, hintText=, ignoreBoundsFiltering=false, resource-id=transaction.detail.field.account.edit, clickable=false, bounds=[891,1520][938,1567], enabled=true, focused=false, checked=false, scrollable=false, selected=false, class=android.view.View, important-for-accessibility=false, error=}, children=[], clickable=false, enabled=true, focused=false, checked=false, selected=false)], clickable=true, enabled=true, focused=false, checked=false, selected=false)], clickable=false, enabled=true, focused=false, checked=false, selected=false), bounds=Bounds(x=100, y=1458, width=880, height=170))
17:30:10.596 [ INFO] maestro.Maestro.tap-HgV9Ck0: Tap aimed via settled hierarchy
17:30:10.597 [ INFO] maestro.Maestro.hierarchyBasedTap-ogj28Uc: Tapping at (540, 1543) using hierarchy based logic for wait
17:30:12.188 [ INFO] maestro.Maestro.hierarchyBasedTap-ogj28Uc: Something has changed in the UI judging by view hierarchy. Proceed.
17:30:12.188 [ INFO] maestro.cli.runner.CliConsoleListener.onCommandFinished: Tap on id: transaction.detail.field.account COMPLETED
17:30:12.189 [ INFO] maestro.cli.runner.CliConsoleListener.onCommandStart: Assert that id: picker.account.sheet is visible RUNNING
17:30:12.248 [ INFO] maestro.cli.runner.CliConsoleListener.onCommandFinished: Assert that id: picker.account.sheet is visible COMPLETED
17:30:12.249 [ INFO] maestro.cli.runner.CliConsoleListener.onCommandStart: Assert that id: picker.date is not visible RUNNING
17:30:12.832 [ INFO] maestro.cli.runner.CliConsoleListener.onCommandFinished: Assert that id: picker.date is not visible COMPLETED
17:30:12.832 [ INFO] maestro.cli.runner.CliConsoleListener.onCommandStart: Assert that id: picker.category.sheet is not visible RUNNING
17:30:13.424 [ INFO] maestro.cli.runner.CliConsoleListener.onCommandFinished: Assert that id: picker.category.sheet is not visible COMPLETED
17:30:13.424 [ INFO] maestro.cli.runner.CliConsoleListener.onCommandStart: Assert that id: screen.transaction.edit is not visible RUNNING
17:30:14.064 [ INFO] maestro.cli.runner.CliConsoleListener.onCommandFinished: Assert that id: screen.transaction.edit is not visible COMPLETED
17:30:14.064 [ INFO] maestro.cli.runner.CliConsoleListener.onCommandStart: Run console.log("TC-117 T-05 / CA-07 : le compte affiché doit passer à B sans rafraîchissement")
 RUNNING
17:30:14.065 [ INFO] maestro.cli.runner.CliConsoleListener.onCommandFinished: Run console.log("TC-117 T-05 / CA-07 : le compte affiché doit passer à B sans rafraîchissement")
 COMPLETED
17:30:14.065 [ INFO] maestro.cli.runner.CliConsoleListener.onCommandStart: Tap on "Compte B TC117" RUNNING
17:30:14.160 [ INFO] maestro.Maestro.tap-HgV9Ck0: Tapping on element:  UiElement(treeNode=TreeNode(attributes={text=Compte B TC117, accessibilityText=, hintText=, ignoreBoundsFiltering=false, resource-id=, clickable=false, bounds=[227,2137][985,2186], enabled=true, focused=false, checked=false, scrollable=false, selected=false, class=android.widget.TextView, important-for-accessibility=true, error=}, children=[], clickable=false, enabled=true, focused=false, checked=false, selected=false), bounds=Bounds(x=227, y=2137, width=758, height=49))
17:30:15.336 [ INFO] maestro.Maestro.tap-HgV9Ck0: Tap aimed via settled hierarchy
17:30:15.337 [ INFO] maestro.Maestro.hierarchyBasedTap-ogj28Uc: Tapping at (606, 2161) using hierarchy based logic for wait
17:30:16.168 [ INFO] maestro.Maestro.hierarchyBasedTap-ogj28Uc: Something has changed in the UI judging by view hierarchy. Proceed.
17:30:16.169 [ INFO] maestro.cli.runner.CliConsoleListener.onCommandFinished: Tap on "Compte B TC117" COMPLETED
17:30:16.169 [ INFO] maestro.cli.runner.CliConsoleListener.onCommandStart: Assert that id: screen.transaction.detail is visible RUNNING
17:30:16.269 [ INFO] maestro.cli.runner.CliConsoleListener.onCommandFinished: Assert that id: screen.transaction.detail is visible COMPLETED
17:30:16.269 [ INFO] maestro.cli.runner.CliConsoleListener.onCommandStart: Assert that "Compte B TC117", id: transaction.detail.field.account.value is visible RUNNING
17:30:16.370 [ INFO] maestro.cli.runner.CliConsoleListener.onCommandFinished: Assert that "Compte B TC117", id: transaction.detail.field.account.value is visible COMPLETED
17:30:16.370 [ INFO] maestro.cli.runner.CliConsoleListener.onCommandStart: Assert that "Compte courant", id: transaction.detail.field.account.value is not visible RUNNING
17:30:16.978 [ INFO] maestro.cli.runner.CliConsoleListener.onCommandFinished: Assert that "Compte courant", id: transaction.detail.field.account.value is not visible COMPLETED
17:30:16.978 [ INFO] maestro.cli.runner.CliConsoleListener.onCommandStart: Run console.log("TC-117 T-06 / CA-13 : Modifier et Supprimer joignables, Modifier ouvre l'édition")
 RUNNING
17:30:16.978 [ INFO] maestro.cli.runner.CliConsoleListener.onCommandFinished: Run console.log("TC-117 T-06 / CA-13 : Modifier et Supprimer joignables, Modifier ouvre l'édition")
 COMPLETED
17:30:16.978 [ INFO] maestro.cli.runner.CliConsoleListener.onCommandStart: Assert that id: transaction.detail.edit is visible RUNNING
17:30:17.077 [ INFO] maestro.cli.runner.CliConsoleListener.onCommandFinished: Assert that id: transaction.detail.edit is visible COMPLETED
17:30:17.078 [ INFO] maestro.cli.runner.CliConsoleListener.onCommandStart: Assert that id: transaction.detail.delete is visible RUNNING
17:30:17.201 [ INFO] maestro.cli.runner.CliConsoleListener.onCommandFinished: Assert that id: transaction.detail.delete is visible COMPLETED
17:30:17.201 [ INFO] maestro.cli.runner.CliConsoleListener.onCommandStart: Tap on id: transaction.detail.edit RUNNING
17:30:17.689 [ INFO] maestro.Maestro.tap-HgV9Ck0: Tapping on element:  UiElement(treeNode=TreeNode(attributes={text=, accessibilityText=, hintText=, ignoreBoundsFiltering=false, resource-id=transaction.detail.edit, clickable=true, bounds=[775,339][901,465], enabled=true, focused=false, checked=false, scrollable=false, selected=false, class=android.view.View, important-for-accessibility=true, error=}, children=[TreeNode(attributes={text=, accessibilityText=Modifier, hintText=, ignoreBoundsFiltering=false, resource-id=, clickable=false, bounds=[806,370][869,433], enabled=true, focused=false, checked=false, scrollable=false, selected=false, class=android.view.View, important-for-accessibility=true, error=}, children=[], clickable=false, enabled=true, focused=false, checked=false, selected=false)], clickable=true, enabled=true, focused=false, checked=false, selected=false), bounds=Bounds(x=775, y=339, width=126, height=126))
17:30:18.869 [ INFO] maestro.Maestro.tap-HgV9Ck0: Tap aimed via settled hierarchy
17:30:18.869 [ INFO] maestro.Maestro.hierarchyBasedTap-ogj28Uc: Tapping at (838, 402) using hierarchy based logic for wait
17:30:19.561 [ INFO] maestro.Maestro.hierarchyBasedTap-ogj28Uc: Something has changed in the UI judging by view hierarchy. Proceed.
17:30:19.561 [ INFO] maestro.cli.runner.CliConsoleListener.onCommandFinished: Tap on id: transaction.detail.edit COMPLETED
17:30:19.561 [ INFO] maestro.cli.runner.CliConsoleListener.onCommandStart: Assert that id: screen.transaction.edit is visible RUNNING
17:30:19.629 [ INFO] maestro.cli.runner.CliConsoleListener.onCommandFinished: Assert that id: screen.transaction.edit is visible COMPLETED
