20:34:39.140 [ INFO] maestro.cli.runner.CliConsoleListener.onCommandStart: Define variables RUNNING
20:34:39.141 [ INFO] maestro.cli.runner.CliConsoleListener.onCommandFinished: Define variables COMPLETED
20:34:39.142 [ INFO] maestro.cli.runner.CliConsoleListener.onCommandStart: Apply configuration RUNNING
20:34:39.142 [ INFO] maestro.cli.runner.CliConsoleListener.onCommandFinished: Apply configuration COMPLETED
20:34:39.142 [ INFO] maestro.cli.runner.CliConsoleListener.onCommandStart: Run ../../.maestro/subflows/bootstrap_monthly.yaml RUNNING
20:34:39.145 [ INFO] maestro.cli.runner.CliConsoleListener.onCommandStart: Apply configuration RUNNING
20:34:39.145 [ INFO] maestro.cli.runner.CliConsoleListener.onCommandFinished: Apply configuration COMPLETED
20:34:39.146 [ INFO] maestro.cli.runner.CliConsoleListener.onCommandStart: Run ../../scripts/dates.js RUNNING
20:34:40.714 [ INFO] maestro.orchestra.Orchestra.executeCommands$lambda$23$lambda$21: JsConsole: Maestro Dates Initialized: Prev=août / Août / 08 (2026)
20:34:40.715 [ INFO] maestro.orchestra.Orchestra.executeCommands$lambda$23$lambda$21: JsConsole: Maestro Dates Initialized: Curr=septembre / Sept. / 09 (2026)
20:34:40.716 [ INFO] maestro.orchestra.Orchestra.executeCommands$lambda$23$lambda$21: JsConsole: Maestro Dates Initialized: Next=octobre / Oct. / 10 (2026)
20:34:40.718 [ INFO] maestro.cli.runner.CliConsoleListener.onCommandFinished: Run ../../scripts/dates.js COMPLETED
20:34:40.718 [ INFO] maestro.cli.runner.CliConsoleListener.onCommandStart: Launch app "com.lop.budget" with clear state RUNNING
20:34:40.719 [ INFO] maestro.Maestro.clearAppState$lambda$8: Clearing app state com.lop.budget
20:34:44.784 [ INFO] maestro.Maestro.launchApp$lambda$5: Launching app com.lop.budget
20:34:44.784 [ INFO] maestro.Maestro.launchApp$lambda$5: Stopping com.lop.budget app during launch
20:34:45.000 [ INFO] maestro.cli.runner.CliConsoleListener.onCommandFinished: Launch app "com.lop.budget" with clear state COMPLETED
20:34:45.001 [ INFO] maestro.cli.runner.CliConsoleListener.onCommandStart: Run open_monthly_history.yaml RUNNING
20:34:45.001 [ INFO] maestro.cli.runner.CliConsoleListener.onCommandStart: Apply configuration RUNNING
20:34:45.001 [ INFO] maestro.cli.runner.CliConsoleListener.onCommandFinished: Apply configuration COMPLETED
20:34:45.001 [ INFO] maestro.cli.runner.CliConsoleListener.onCommandStart: Run flow when id: screen.monthly is not visible RUNNING
20:34:45.965 [ INFO] maestro.cli.runner.CliConsoleListener.onCommandStart: Scrolling DOWN until id: recent_transactions_see_all is visible with speed 40, visibility percentage 100%, timeout 20000 ms, with centering enabled RUNNING
20:34:46.866 [ WARN] maestro.orchestra.Orchestra.scrollUntilVisible: Error: maestro.MaestroException$ElementNotFound: Element not found: Id matching regex: recent_transactions_see_all
20:34:46.917 [ INFO] maestro.Maestro.swipeFromCenter: Swiping UP from center
20:34:53.711 [ WARN] maestro.orchestra.Orchestra.scrollUntilVisible: Error: maestro.MaestroException$ElementNotFound: Element not found: Id matching regex: recent_transactions_see_all
20:34:53.730 [ INFO] maestro.Maestro.swipeFromCenter: Swiping UP from center
20:34:54.964 [ INFO] maestro.orchestra.Orchestra.scrollUntilVisible: Scrolling try count: 0, DeviceWidth: 1080, DeviceWidth: 2400
20:34:54.965 [ INFO] maestro.orchestra.Orchestra.scrollUntilVisible: Element bounds: Bounds(x=763, y=1304, width=243, height=126)
20:34:54.965 [ INFO] maestro.orchestra.Orchestra.scrollUntilVisible: Visibility Percent: 1.0
20:34:54.965 [ INFO] maestro.orchestra.Orchestra.scrollUntilVisible: Command centerElement: ScrollUntilVisibleCommand(selector=ElementSelector(textRegex=null, idRegex=recent_transactions_see_all, size=null, below=null, above=null, leftOf=null, rightOf=null, containsChild=null, containsDescendants=null, traits=null, index=null, enabled=null, optional=false, selected=null, checked=null, focused=null, childOf=null, css=null), direction=DOWN, scrollDuration=601, visibilityPercentage=100, timeout=20000, waitToSettleTimeoutMs=null, centerElement=true, originalSpeedValue=40, label=null, optional=false).centerElement
20:34:54.965 [ INFO] maestro.orchestra.Orchestra.scrollUntilVisible: visibilityPercentageNormalized: 1.0
20:34:54.965 [ INFO] maestro.cli.runner.CliConsoleListener.onCommandFinished: Scrolling DOWN until id: recent_transactions_see_all is visible with speed 40, visibility percentage 100%, timeout 20000 ms, with centering enabled COMPLETED
20:34:54.966 [ INFO] maestro.cli.runner.CliConsoleListener.onCommandStart: Tap on id: recent_transactions_see_all RUNNING
20:34:55.107 [ INFO] maestro.Maestro.tap-HgV9Ck0: Tapping on element:  UiElement(treeNode=TreeNode(attributes={text=, accessibilityText=, hintText=, ignoreBoundsFiltering=false, resource-id=recent_transactions_see_all, clickable=true, bounds=[763,1304][1006,1430], enabled=true, focused=false, checked=false, scrollable=false, selected=false, class=android.view.View, important-for-accessibility=true, error=}, children=[TreeNode(attributes={text=Voir tout, accessibilityText=, hintText=, ignoreBoundsFiltering=false, resource-id=, clickable=false, bounds=[795,1340][932,1393], enabled=true, focused=false, checked=false, scrollable=false, selected=false, class=android.widget.TextView, important-for-accessibility=true, error=}, children=[], clickable=false, enabled=true, focused=false, checked=false, selected=false), TreeNode(attributes={text=, accessibilityText=, hintText=, ignoreBoundsFiltering=false, resource-id=, clickable=false, bounds=[763,1314][1006,1419], enabled=true, focused=false, checked=false, scrollable=false, selected=false, class=android.widget.Button, important-for-accessibility=true, error=}, children=[], clickable=false, enabled=true, focused=false, checked=false, selected=false)], clickable=true, enabled=true, focused=false, checked=false, selected=false), bounds=Bounds(x=763, y=1304, width=243, height=126))
20:34:56.361 [ INFO] maestro.Maestro.tap-HgV9Ck0: Tap aimed via settled hierarchy
20:34:56.362 [ INFO] maestro.Maestro.hierarchyBasedTap-ogj28Uc: Tapping at (884, 1367) using hierarchy based logic for wait
20:34:57.612 [ INFO] maestro.Maestro.hierarchyBasedTap-ogj28Uc: Something has changed in the UI judging by view hierarchy. Proceed.
20:34:57.613 [ INFO] maestro.cli.runner.CliConsoleListener.onCommandFinished: Tap on id: recent_transactions_see_all COMPLETED
20:34:57.613 [ INFO] maestro.cli.runner.CliConsoleListener.onCommandStart: Assert that id: screen.monthly is visible RUNNING
20:34:57.734 [ INFO] maestro.cli.runner.CliConsoleListener.onCommandFinished: Assert that id: screen.monthly is visible COMPLETED
20:34:57.734 [ INFO] maestro.cli.runner.CliConsoleListener.onCommandFinished: Run flow when id: screen.monthly is not visible COMPLETED
20:34:57.734 [ INFO] maestro.cli.runner.CliConsoleListener.onCommandStart: Wait for animation to end within 5000 ms RUNNING
20:34:57.735 [ INFO] maestro.Maestro.waitForAnimationToEnd$lambda$53: Waiting for animation to end with timeout 5000
20:34:57.735 [TRACE] maestro.utils.ScreenshotUtils.takeScreenshot: Taking screenshot to byte array
20:34:57.735 [TRACE] maestro.utils.ScreenshotUtils.takeScreenshot: Taking screenshot to output sink
20:34:57.969 [TRACE] maestro.utils.ScreenshotUtils.takeScreenshot: Taking screenshot to byte array
20:34:57.969 [TRACE] maestro.utils.ScreenshotUtils.takeScreenshot: Taking screenshot to output sink
20:34:58.421 [ INFO] maestro.cli.runner.CliConsoleListener.onCommandFinished: Wait for animation to end within 5000 ms COMPLETED
20:34:58.421 [ INFO] maestro.cli.runner.CliConsoleListener.onCommandFinished: Run open_monthly_history.yaml COMPLETED
20:34:58.421 [ INFO] maestro.cli.runner.CliConsoleListener.onCommandFinished: Run ../../.maestro/subflows/bootstrap_monthly.yaml COMPLETED
20:34:58.421 [ INFO] maestro.cli.runner.CliConsoleListener.onCommandStart: Run console.log("Given une occurrence de la série récurrente 'Loyer' est visible sur le mois courant")
 RUNNING
20:34:58.422 [ INFO] maestro.cli.runner.CliConsoleListener.onCommandFinished: Run console.log("Given une occurrence de la série récurrente 'Loyer' est visible sur le mois courant")
 COMPLETED
20:34:58.422 [ INFO] maestro.cli.runner.CliConsoleListener.onCommandStart: Assert that "Loyer" is visible RUNNING
20:34:58.505 [ INFO] maestro.cli.runner.CliConsoleListener.onCommandFinished: Assert that "Loyer" is visible COMPLETED
20:34:58.506 [ INFO] maestro.cli.runner.CliConsoleListener.onCommandStart: Run console.log("When l’utilisateur déclenche le marquage payé depuis 'bouton Payer du popup d’appui long'")
 RUNNING
20:34:58.506 [ INFO] maestro.cli.runner.CliConsoleListener.onCommandFinished: Run console.log("When l’utilisateur déclenche le marquage payé depuis 'bouton Payer du popup d’appui long'")
 COMPLETED
20:34:58.506 [ INFO] maestro.cli.runner.CliConsoleListener.onCommandStart: Long press on "Loyer" RUNNING
20:34:58.627 [ INFO] maestro.Maestro.tap-HgV9Ck0: Tapping on element:  UiElement(treeNode=TreeNode(attributes={text=Loyer, accessibilityText=, hintText=, ignoreBoundsFiltering=false, resource-id=transaction.item.title, clickable=false, bounds=[238,1529][341,1578], enabled=true, focused=false, checked=false, scrollable=false, selected=false, class=android.widget.TextView, important-for-accessibility=true, error=}, children=[], clickable=false, enabled=true, focused=false, checked=false, selected=false), bounds=Bounds(x=238, y=1529, width=103, height=49))
20:34:59.829 [ INFO] maestro.Maestro.tap-HgV9Ck0: Tap aimed via settled hierarchy
20:34:59.830 [ INFO] maestro.Maestro.hierarchyBasedTap-ogj28Uc: Tapping at (289, 1553) using hierarchy based logic for wait
20:35:02.990 [ INFO] maestro.Maestro.hierarchyBasedTap-ogj28Uc: Something has changed in the UI judging by view hierarchy. Proceed.
20:35:02.991 [ INFO] maestro.cli.runner.CliConsoleListener.onCommandFinished: Long press on "Loyer" COMPLETED
20:35:02.991 [ INFO] maestro.cli.runner.CliConsoleListener.onCommandStart: Assert that "Payer" is visible RUNNING
20:35:03.053 [ INFO] maestro.cli.runner.CliConsoleListener.onCommandFinished: Assert that "Payer" is visible COMPLETED
20:35:03.054 [ INFO] maestro.cli.runner.CliConsoleListener.onCommandStart: Tap on "Payer" RUNNING
20:35:03.118 [ INFO] maestro.Maestro.tap-HgV9Ck0: Tapping on element:  UiElement(treeNode=TreeNode(attributes={text=, accessibilityText=Payer, hintText=, ignoreBoundsFiltering=false, resource-id=, clickable=false, bounds=[274,1401][337,1464], enabled=true, focused=false, checked=false, scrollable=false, selected=false, class=android.view.View, important-for-accessibility=true, error=}, children=[], clickable=false, enabled=true, focused=false, checked=false, selected=false), bounds=Bounds(x=274, y=1401, width=63, height=63))
20:35:04.266 [ INFO] maestro.Maestro.tap-HgV9Ck0: Tap aimed via settled hierarchy
20:35:04.267 [ INFO] maestro.Maestro.hierarchyBasedTap-ogj28Uc: Tapping at (305, 1432) using hierarchy based logic for wait
20:35:04.849 [ INFO] maestro.Maestro.hierarchyBasedTap-ogj28Uc: Something has changed in the UI judging by view hierarchy. Proceed.
20:35:04.849 [ INFO] maestro.cli.runner.CliConsoleListener.onCommandFinished: Tap on "Payer" COMPLETED
20:35:04.849 [ INFO] maestro.cli.runner.CliConsoleListener.onCommandStart: Run console.log("Then aucune bottom sheet de choix de portée n’est affichée")
 RUNNING
20:35:04.850 [ INFO] maestro.cli.runner.CliConsoleListener.onCommandFinished: Run console.log("Then aucune bottom sheet de choix de portée n’est affichée")
 COMPLETED
20:35:04.850 [ INFO] maestro.cli.runner.CliConsoleListener.onCommandStart: Assert that "Modifier la transaction ?" is not visible RUNNING
20:35:05.480 [ INFO] maestro.cli.runner.CliConsoleListener.onCommandFinished: Assert that "Modifier la transaction ?" is not visible COMPLETED
20:35:05.481 [ INFO] maestro.cli.runner.CliConsoleListener.onCommandStart: Run console.log("And l’occurrence ciblée affiche le statut payé")
 RUNNING
20:35:05.481 [ INFO] maestro.cli.runner.CliConsoleListener.onCommandFinished: Run console.log("And l’occurrence ciblée affiche le statut payé")
 COMPLETED
20:35:05.481 [ INFO] maestro.cli.runner.CliConsoleListener.onCommandStart: Tap on "Loyer" RUNNING
20:35:05.610 [ INFO] maestro.Maestro.tap-HgV9Ck0: Tapping on element:  UiElement(treeNode=TreeNode(attributes={text=Loyer, accessibilityText=, hintText=, ignoreBoundsFiltering=false, resource-id=transaction.item.title, clickable=false, bounds=[238,1529][341,1578], enabled=true, focused=false, checked=false, scrollable=false, selected=false, class=android.widget.TextView, important-for-accessibility=true, error=}, children=[], clickable=false, enabled=true, focused=false, checked=false, selected=false), bounds=Bounds(x=238, y=1529, width=103, height=49))
20:35:06.795 [ INFO] maestro.Maestro.tap-HgV9Ck0: Tap aimed via settled hierarchy
20:35:06.796 [ INFO] maestro.Maestro.hierarchyBasedTap-ogj28Uc: Tapping at (289, 1553) using hierarchy based logic for wait
20:35:07.461 [ INFO] maestro.Maestro.hierarchyBasedTap-ogj28Uc: Something has changed in the UI judging by view hierarchy. Proceed.
20:35:07.461 [ INFO] maestro.cli.runner.CliConsoleListener.onCommandFinished: Tap on "Loyer" COMPLETED
20:35:07.461 [ INFO] maestro.cli.runner.CliConsoleListener.onCommandStart: Scrolling DOWN until "Marquer comme non payé" is visible with speed 40, visibility percentage 100%, timeout 20000 ms, with centering disabled RUNNING
20:35:08.116 [ WARN] maestro.orchestra.Orchestra.scrollUntilVisible: Error: maestro.MaestroException$ElementNotFound: Element not found: Text matching regex: Marquer comme non payé
20:35:08.159 [ INFO] maestro.Maestro.swipeFromCenter: Swiping UP from center
20:35:09.174 [ INFO] maestro.orchestra.Orchestra.scrollUntilVisible: Scrolling try count: 0, DeviceWidth: 1080, DeviceWidth: 2400
20:35:09.174 [ INFO] maestro.orchestra.Orchestra.scrollUntilVisible: Element bounds: Bounds(x=336, y=2174, width=492, height=63)
20:35:09.174 [ INFO] maestro.orchestra.Orchestra.scrollUntilVisible: Visibility Percent: 1.0
20:35:09.174 [ INFO] maestro.orchestra.Orchestra.scrollUntilVisible: Command centerElement: ScrollUntilVisibleCommand(selector=ElementSelector(textRegex=Marquer comme non payé, idRegex=null, size=null, below=null, above=null, leftOf=null, rightOf=null, containsChild=null, containsDescendants=null, traits=null, index=null, enabled=null, optional=false, selected=null, checked=null, focused=null, childOf=null, css=null), direction=DOWN, scrollDuration=601, visibilityPercentage=100, timeout=20000, waitToSettleTimeoutMs=null, centerElement=false, originalSpeedValue=40, label=null, optional=false).centerElement
20:35:09.175 [ INFO] maestro.orchestra.Orchestra.scrollUntilVisible: visibilityPercentageNormalized: 1.0
20:35:09.175 [ INFO] maestro.cli.runner.CliConsoleListener.onCommandFinished: Scrolling DOWN until "Marquer comme non payé" is visible with speed 40, visibility percentage 100%, timeout 20000 ms, with centering disabled COMPLETED
20:35:09.175 [ INFO] maestro.cli.runner.CliConsoleListener.onCommandStart: Run console.log("And l’icône de série récurrente est toujours visible dans le bloc Loyer")
 RUNNING
20:35:09.175 [ INFO] maestro.cli.runner.CliConsoleListener.onCommandFinished: Run console.log("And l’icône de série récurrente est toujours visible dans le bloc Loyer")
 COMPLETED
20:35:09.175 [ INFO] maestro.cli.runner.CliConsoleListener.onCommandStart: Scrolling UP until id: transaction.detail.edit is visible with speed 40, visibility percentage 100%, timeout 20000 ms, with centering disabled RUNNING
20:35:09.925 [ WARN] maestro.orchestra.Orchestra.scrollUntilVisible: Error: maestro.MaestroException$ElementNotFound: Element not found: Id matching regex: transaction.detail.edit
20:35:09.967 [ INFO] maestro.Maestro.swipeFromCenter: Swiping DOWN from center
20:35:10.969 [ INFO] maestro.orchestra.Orchestra.scrollUntilVisible: Scrolling try count: 0, DeviceWidth: 1080, DeviceWidth: 2400
20:35:10.969 [ INFO] maestro.orchestra.Orchestra.scrollUntilVisible: Element bounds: Bounds(x=775, y=339, width=126, height=126)
20:35:10.969 [ INFO] maestro.orchestra.Orchestra.scrollUntilVisible: Visibility Percent: 1.0
20:35:10.970 [ INFO] maestro.orchestra.Orchestra.scrollUntilVisible: Command centerElement: ScrollUntilVisibleCommand(selector=ElementSelector(textRegex=null, idRegex=transaction.detail.edit, size=null, below=null, above=null, leftOf=null, rightOf=null, containsChild=null, containsDescendants=null, traits=null, index=null, enabled=null, optional=false, selected=null, checked=null, focused=null, childOf=null, css=null), direction=UP, scrollDuration=601, visibilityPercentage=100, timeout=20000, waitToSettleTimeoutMs=null, centerElement=false, originalSpeedValue=40, label=null, optional=false).centerElement
20:35:10.970 [ INFO] maestro.orchestra.Orchestra.scrollUntilVisible: visibilityPercentageNormalized: 1.0
20:35:10.970 [ INFO] maestro.cli.runner.CliConsoleListener.onCommandFinished: Scrolling UP until id: transaction.detail.edit is visible with speed 40, visibility percentage 100%, timeout 20000 ms, with centering disabled COMPLETED
20:35:10.970 [ INFO] maestro.cli.runner.CliConsoleListener.onCommandStart: Tap on id: common.btn.back RUNNING
20:35:11.036 [ INFO] maestro.Maestro.tap-HgV9Ck0: Tapping on element:  UiElement(treeNode=TreeNode(attributes={text=, accessibilityText=, hintText=, ignoreBoundsFiltering=false, resource-id=common.btn.back, clickable=true, bounds=[12,150][138,276], enabled=true, focused=false, checked=false, scrollable=false, selected=false, class=android.view.View, important-for-accessibility=true, error=}, children=[TreeNode(attributes={text=, accessibilityText=Retour, hintText=, ignoreBoundsFiltering=false, resource-id=, clickable=false, bounds=[43,181][106,244], enabled=true, focused=false, checked=false, scrollable=false, selected=false, class=android.view.View, important-for-accessibility=true, error=}, children=[], clickable=false, enabled=true, focused=false, checked=false, selected=false), TreeNode(attributes={text=, accessibilityText=, hintText=, ignoreBoundsFiltering=false, resource-id=, clickable=false, bounds=[22,160][127,265], enabled=true, focused=false, checked=false, scrollable=false, selected=false, class=android.widget.Button, important-for-accessibility=true, error=}, children=[], clickable=false, enabled=true, focused=false, checked=false, selected=false)], clickable=true, enabled=true, focused=false, checked=false, selected=false), bounds=Bounds(x=12, y=150, width=126, height=126))
20:35:12.265 [ INFO] maestro.Maestro.tap-HgV9Ck0: Tap aimed via settled hierarchy
20:35:12.266 [ INFO] maestro.Maestro.hierarchyBasedTap-ogj28Uc: Tapping at (75, 213) using hierarchy based logic for wait
20:35:12.971 [ INFO] maestro.Maestro.hierarchyBasedTap-ogj28Uc: Something has changed in the UI judging by view hierarchy. Proceed.
20:35:12.972 [ INFO] maestro.cli.runner.CliConsoleListener.onCommandFinished: Tap on id: common.btn.back COMPLETED
20:35:12.972 [ INFO] maestro.cli.runner.CliConsoleListener.onCommandStart: Assert that "Récurrent", Right of "Loyer" is visible RUNNING
20:35:13.088 [ INFO] maestro.cli.runner.CliConsoleListener.onCommandFinished: Assert that "Récurrent", Right of "Loyer" is visible COMPLETED
