14:36:57.881 [ INFO] maestro.cli.runner.CliConsoleListener.onCommandStart: Define variables RUNNING
14:36:57.881 [ INFO] maestro.cli.runner.CliConsoleListener.onCommandFinished: Define variables COMPLETED
14:36:57.882 [ INFO] maestro.cli.runner.CliConsoleListener.onCommandStart: Apply configuration RUNNING
14:36:57.882 [ INFO] maestro.cli.runner.CliConsoleListener.onCommandFinished: Apply configuration COMPLETED
14:36:57.882 [ INFO] maestro.cli.runner.CliConsoleListener.onCommandStart: Run ../../.maestro/subflows/bootstrap_monthly.yaml RUNNING
14:36:57.882 [ INFO] maestro.cli.runner.CliConsoleListener.onCommandStart: Apply configuration RUNNING
14:36:57.882 [ INFO] maestro.cli.runner.CliConsoleListener.onCommandFinished: Apply configuration COMPLETED
14:36:57.882 [ INFO] maestro.cli.runner.CliConsoleListener.onCommandStart: Run ../../scripts/dates.js RUNNING
14:36:57.911 [ INFO] maestro.orchestra.Orchestra.executeCommands$lambda$23$lambda$21: JsConsole: Maestro Dates Initialized: Prev=août / Août / 08 (2026)
14:36:57.912 [ INFO] maestro.orchestra.Orchestra.executeCommands$lambda$23$lambda$21: JsConsole: Maestro Dates Initialized: Curr=septembre / Sept. / 09 (2026)
14:36:57.912 [ INFO] maestro.orchestra.Orchestra.executeCommands$lambda$23$lambda$21: JsConsole: Maestro Dates Initialized: Next=octobre / Oct. / 10 (2026)
14:36:57.913 [ INFO] maestro.cli.runner.CliConsoleListener.onCommandFinished: Run ../../scripts/dates.js COMPLETED
14:36:57.913 [ INFO] maestro.cli.runner.CliConsoleListener.onCommandStart: Launch app "com.lop.budget" with clear state RUNNING
14:36:57.913 [ INFO] maestro.Maestro.clearAppState$lambda$8: Clearing app state com.lop.budget
14:36:59.762 [ INFO] maestro.Maestro.launchApp$lambda$5: Launching app com.lop.budget
14:36:59.763 [ INFO] maestro.Maestro.launchApp$lambda$5: Stopping com.lop.budget app during launch
14:36:59.851 [ INFO] maestro.cli.runner.CliConsoleListener.onCommandFinished: Launch app "com.lop.budget" with clear state COMPLETED
14:36:59.852 [ INFO] maestro.cli.runner.CliConsoleListener.onCommandStart: Run open_monthly_history.yaml RUNNING
14:36:59.852 [ INFO] maestro.cli.runner.CliConsoleListener.onCommandStart: Apply configuration RUNNING
14:36:59.852 [ INFO] maestro.cli.runner.CliConsoleListener.onCommandFinished: Apply configuration COMPLETED
14:36:59.852 [ INFO] maestro.cli.runner.CliConsoleListener.onCommandStart: Run flow when id: screen.monthly is not visible RUNNING
14:37:00.440 [ INFO] maestro.cli.runner.CliConsoleListener.onCommandStart: Scrolling DOWN until id: recent_transactions_see_all is visible with speed 40, visibility percentage 100%, timeout 20000 ms, with centering enabled RUNNING
14:37:01.083 [ WARN] maestro.orchestra.Orchestra.scrollUntilVisible: Error: maestro.MaestroException$ElementNotFound: Element not found: Id matching regex: recent_transactions_see_all
14:37:01.124 [ INFO] maestro.Maestro.swipeFromCenter: Swiping UP from center
14:37:04.576 [ INFO] maestro.orchestra.Orchestra.scrollUntilVisible: Scrolling try count: 0, DeviceWidth: 1080, DeviceWidth: 2400
14:37:04.576 [ INFO] maestro.orchestra.Orchestra.scrollUntilVisible: Element bounds: Bounds(x=763, y=2033, width=243, height=126)
14:37:04.576 [ INFO] maestro.orchestra.Orchestra.scrollUntilVisible: Visibility Percent: 1.0
14:37:04.576 [ INFO] maestro.orchestra.Orchestra.scrollUntilVisible: Command centerElement: ScrollUntilVisibleCommand(selector=ElementSelector(textRegex=null, idRegex=recent_transactions_see_all, size=null, below=null, above=null, leftOf=null, rightOf=null, containsChild=null, containsDescendants=null, traits=null, index=null, enabled=null, optional=false, selected=null, checked=null, focused=null, childOf=null, css=null), direction=DOWN, scrollDuration=601, visibilityPercentage=100, timeout=20000, waitToSettleTimeoutMs=null, centerElement=true, originalSpeedValue=40, label=null, optional=false).centerElement
14:37:04.576 [ INFO] maestro.orchestra.Orchestra.scrollUntilVisible: visibilityPercentageNormalized: 1.0
14:37:04.581 [ INFO] maestro.Maestro.swipeFromCenter: Swiping UP from center
14:37:05.775 [ INFO] maestro.orchestra.Orchestra.scrollUntilVisible: Scrolling try count: 1, DeviceWidth: 1080, DeviceWidth: 2400
14:37:05.775 [ INFO] maestro.orchestra.Orchestra.scrollUntilVisible: Element bounds: Bounds(x=763, y=1304, width=243, height=126)
14:37:05.775 [ INFO] maestro.orchestra.Orchestra.scrollUntilVisible: Visibility Percent: 1.0
14:37:05.775 [ INFO] maestro.orchestra.Orchestra.scrollUntilVisible: Command centerElement: ScrollUntilVisibleCommand(selector=ElementSelector(textRegex=null, idRegex=recent_transactions_see_all, size=null, below=null, above=null, leftOf=null, rightOf=null, containsChild=null, containsDescendants=null, traits=null, index=null, enabled=null, optional=false, selected=null, checked=null, focused=null, childOf=null, css=null), direction=DOWN, scrollDuration=601, visibilityPercentage=100, timeout=20000, waitToSettleTimeoutMs=null, centerElement=true, originalSpeedValue=40, label=null, optional=false).centerElement
14:37:05.775 [ INFO] maestro.orchestra.Orchestra.scrollUntilVisible: visibilityPercentageNormalized: 1.0
14:37:05.775 [ INFO] maestro.cli.runner.CliConsoleListener.onCommandFinished: Scrolling DOWN until id: recent_transactions_see_all is visible with speed 40, visibility percentage 100%, timeout 20000 ms, with centering enabled COMPLETED
14:37:05.775 [ INFO] maestro.cli.runner.CliConsoleListener.onCommandStart: Tap on id: recent_transactions_see_all RUNNING
14:37:05.883 [ INFO] maestro.Maestro.tap-HgV9Ck0: Tapping on element:  UiElement(treeNode=TreeNode(attributes={text=, accessibilityText=, hintText=, ignoreBoundsFiltering=false, resource-id=recent_transactions_see_all, clickable=true, bounds=[763,1304][1006,1430], enabled=true, focused=false, checked=false, scrollable=false, selected=false, class=android.view.View, important-for-accessibility=true, error=}, children=[TreeNode(attributes={text=Voir tout, accessibilityText=, hintText=, ignoreBoundsFiltering=false, resource-id=, clickable=false, bounds=[795,1340][932,1393], enabled=true, focused=false, checked=false, scrollable=false, selected=false, class=android.widget.TextView, important-for-accessibility=true, error=}, children=[], clickable=false, enabled=true, focused=false, checked=false, selected=false), TreeNode(attributes={text=, accessibilityText=, hintText=, ignoreBoundsFiltering=false, resource-id=, clickable=false, bounds=[763,1314][1006,1419], enabled=true, focused=false, checked=false, scrollable=false, selected=false, class=android.widget.Button, important-for-accessibility=true, error=}, children=[], clickable=false, enabled=true, focused=false, checked=false, selected=false)], clickable=true, enabled=true, focused=false, checked=false, selected=false), bounds=Bounds(x=763, y=1304, width=243, height=126))
14:37:07.113 [ INFO] maestro.Maestro.tap-HgV9Ck0: Tap aimed via settled hierarchy
14:37:07.114 [ INFO] maestro.Maestro.hierarchyBasedTap-ogj28Uc: Tapping at (884, 1367) using hierarchy based logic for wait
14:37:08.313 [ INFO] maestro.Maestro.hierarchyBasedTap-ogj28Uc: Something has changed in the UI judging by view hierarchy. Proceed.
14:37:08.313 [ INFO] maestro.cli.runner.CliConsoleListener.onCommandFinished: Tap on id: recent_transactions_see_all COMPLETED
14:37:08.313 [ INFO] maestro.cli.runner.CliConsoleListener.onCommandStart: Assert that id: screen.monthly is visible RUNNING
14:37:08.438 [ INFO] maestro.cli.runner.CliConsoleListener.onCommandFinished: Assert that id: screen.monthly is visible COMPLETED
14:37:08.438 [ INFO] maestro.cli.runner.CliConsoleListener.onCommandFinished: Run flow when id: screen.monthly is not visible COMPLETED
14:37:08.438 [ INFO] maestro.cli.runner.CliConsoleListener.onCommandStart: Wait for animation to end within 5000 ms RUNNING
14:37:08.438 [ INFO] maestro.Maestro.waitForAnimationToEnd$lambda$53: Waiting for animation to end with timeout 5000
14:37:08.439 [TRACE] maestro.utils.ScreenshotUtils.takeScreenshot: Taking screenshot to byte array
14:37:08.439 [TRACE] maestro.utils.ScreenshotUtils.takeScreenshot: Taking screenshot to output sink
14:37:08.652 [TRACE] maestro.utils.ScreenshotUtils.takeScreenshot: Taking screenshot to byte array
14:37:08.652 [TRACE] maestro.utils.ScreenshotUtils.takeScreenshot: Taking screenshot to output sink
14:37:09.028 [ INFO] maestro.cli.runner.CliConsoleListener.onCommandFinished: Wait for animation to end within 5000 ms COMPLETED
14:37:09.029 [ INFO] maestro.cli.runner.CliConsoleListener.onCommandFinished: Run open_monthly_history.yaml COMPLETED
14:37:09.029 [ INFO] maestro.cli.runner.CliConsoleListener.onCommandFinished: Run ../../.maestro/subflows/bootstrap_monthly.yaml COMPLETED
14:37:09.029 [ INFO] maestro.cli.runner.CliConsoleListener.onCommandStart: Assert that id: screen.monthly is visible RUNNING
14:37:09.077 [ INFO] maestro.cli.runner.CliConsoleListener.onCommandFinished: Assert that id: screen.monthly is visible COMPLETED
14:37:09.077 [ INFO] maestro.cli.runner.CliConsoleListener.onCommandStart: Assert that "Tous les types" is visible RUNNING
14:37:09.158 [ INFO] maestro.cli.runner.CliConsoleListener.onCommandFinished: Assert that "Tous les types" is visible COMPLETED
14:37:09.158 [ INFO] maestro.cli.runner.CliConsoleListener.onCommandStart: Assert that "Tous les statuts" is visible RUNNING
14:37:09.234 [ INFO] maestro.cli.runner.CliConsoleListener.onCommandFinished: Assert that "Tous les statuts" is visible COMPLETED
14:37:09.234 [ INFO] maestro.cli.runner.CliConsoleListener.onCommandStart: Scrolling DOWN until "Courses Hebdomadaires" is visible with speed 40, visibility percentage 100%, timeout 20000 ms, with centering disabled RUNNING
14:37:09.353 [ INFO] maestro.orchestra.Orchestra.scrollUntilVisible: Scrolling try count: 0, DeviceWidth: 1080, DeviceWidth: 2400
14:37:09.353 [ INFO] maestro.orchestra.Orchestra.scrollUntilVisible: Element bounds: Bounds(x=238, y=1761, width=463, height=49)
14:37:09.354 [ INFO] maestro.orchestra.Orchestra.scrollUntilVisible: Visibility Percent: 1.0
14:37:09.354 [ INFO] maestro.orchestra.Orchestra.scrollUntilVisible: Command centerElement: ScrollUntilVisibleCommand(selector=ElementSelector(textRegex=Courses Hebdomadaires, idRegex=null, size=null, below=null, above=null, leftOf=null, rightOf=null, containsChild=null, containsDescendants=null, traits=null, index=null, enabled=null, optional=false, selected=null, checked=null, focused=null, childOf=null, css=null), direction=DOWN, scrollDuration=601, visibilityPercentage=100, timeout=20000, waitToSettleTimeoutMs=null, centerElement=false, originalSpeedValue=40, label=null, optional=false).centerElement
14:37:09.354 [ INFO] maestro.orchestra.Orchestra.scrollUntilVisible: visibilityPercentageNormalized: 1.0
14:37:09.354 [ INFO] maestro.cli.runner.CliConsoleListener.onCommandFinished: Scrolling DOWN until "Courses Hebdomadaires" is visible with speed 40, visibility percentage 100%, timeout 20000 ms, with centering disabled COMPLETED
14:37:09.354 [ INFO] maestro.cli.runner.CliConsoleListener.onCommandStart: Scrolling DOWN until "Loyer" is visible with speed 40, visibility percentage 100%, timeout 20000 ms, with centering disabled RUNNING
14:37:09.481 [ INFO] maestro.orchestra.Orchestra.scrollUntilVisible: Scrolling try count: 0, DeviceWidth: 1080, DeviceWidth: 2400
14:37:09.481 [ INFO] maestro.orchestra.Orchestra.scrollUntilVisible: Element bounds: Bounds(x=238, y=1171, width=103, height=49)
14:37:09.482 [ INFO] maestro.orchestra.Orchestra.scrollUntilVisible: Visibility Percent: 1.0
14:37:09.482 [ INFO] maestro.orchestra.Orchestra.scrollUntilVisible: Command centerElement: ScrollUntilVisibleCommand(selector=ElementSelector(textRegex=Loyer, idRegex=null, size=null, below=null, above=null, leftOf=null, rightOf=null, containsChild=null, containsDescendants=null, traits=null, index=null, enabled=null, optional=false, selected=null, checked=null, focused=null, childOf=null, css=null), direction=DOWN, scrollDuration=601, visibilityPercentage=100, timeout=20000, waitToSettleTimeoutMs=null, centerElement=false, originalSpeedValue=40, label=null, optional=false).centerElement
14:37:09.482 [ INFO] maestro.orchestra.Orchestra.scrollUntilVisible: visibilityPercentageNormalized: 1.0
14:37:09.482 [ INFO] maestro.cli.runner.CliConsoleListener.onCommandFinished: Scrolling DOWN until "Loyer" is visible with speed 40, visibility percentage 100%, timeout 20000 ms, with centering disabled COMPLETED
14:37:09.482 [ INFO] maestro.cli.runner.CliConsoleListener.onCommandStart: Scrolling DOWN until "Salaire" is visible with speed 40, visibility percentage 100%, timeout 20000 ms, with centering disabled RUNNING
14:37:09.613 [ INFO] maestro.orchestra.Orchestra.scrollUntilVisible: Scrolling try count: 0, DeviceWidth: 1080, DeviceWidth: 2400
14:37:09.614 [ INFO] maestro.orchestra.Orchestra.scrollUntilVisible: Element bounds: Bounds(x=238, y=1403, width=127, height=49)
14:37:09.614 [ INFO] maestro.orchestra.Orchestra.scrollUntilVisible: Visibility Percent: 1.0
14:37:09.614 [ INFO] maestro.orchestra.Orchestra.scrollUntilVisible: Command centerElement: ScrollUntilVisibleCommand(selector=ElementSelector(textRegex=Salaire, idRegex=null, size=null, below=null, above=null, leftOf=null, rightOf=null, containsChild=null, containsDescendants=null, traits=null, index=null, enabled=null, optional=false, selected=null, checked=null, focused=null, childOf=null, css=null), direction=DOWN, scrollDuration=601, visibilityPercentage=100, timeout=20000, waitToSettleTimeoutMs=null, centerElement=false, originalSpeedValue=40, label=null, optional=false).centerElement
14:37:09.614 [ INFO] maestro.orchestra.Orchestra.scrollUntilVisible: visibilityPercentageNormalized: 1.0
14:37:09.614 [ INFO] maestro.cli.runner.CliConsoleListener.onCommandFinished: Scrolling DOWN until "Salaire" is visible with speed 40, visibility percentage 100%, timeout 20000 ms, with centering disabled COMPLETED
14:37:09.614 [ INFO] maestro.cli.runner.CliConsoleListener.onCommandStart: Scrolling UP until id: monthly.filter.type is visible with speed 40, visibility percentage 100%, timeout 20000 ms, with centering disabled RUNNING
14:37:09.729 [ INFO] maestro.orchestra.Orchestra.scrollUntilVisible: Scrolling try count: 0, DeviceWidth: 1080, DeviceWidth: 2400
14:37:09.729 [ INFO] maestro.orchestra.Orchestra.scrollUntilVisible: Element bounds: Bounds(x=53, y=640, width=363, height=126)
14:37:09.729 [ INFO] maestro.orchestra.Orchestra.scrollUntilVisible: Visibility Percent: 1.0
14:37:09.730 [ INFO] maestro.orchestra.Orchestra.scrollUntilVisible: Command centerElement: ScrollUntilVisibleCommand(selector=ElementSelector(textRegex=null, idRegex=monthly.filter.type, size=null, below=null, above=null, leftOf=null, rightOf=null, containsChild=null, containsDescendants=null, traits=null, index=null, enabled=null, optional=false, selected=null, checked=null, focused=null, childOf=null, css=null), direction=UP, scrollDuration=601, visibilityPercentage=100, timeout=20000, waitToSettleTimeoutMs=null, centerElement=false, originalSpeedValue=40, label=null, optional=false).centerElement
14:37:09.730 [ INFO] maestro.orchestra.Orchestra.scrollUntilVisible: visibilityPercentageNormalized: 1.0
14:37:09.730 [ INFO] maestro.cli.runner.CliConsoleListener.onCommandFinished: Scrolling UP until id: monthly.filter.type is visible with speed 40, visibility percentage 100%, timeout 20000 ms, with centering disabled COMPLETED
14:37:09.730 [ INFO] maestro.cli.runner.CliConsoleListener.onCommandStart: Run console.log("TC-100-1 : CA-01 vérifié — revenus et dépenses, payées et planifiées, tous rendus")
 RUNNING
14:37:09.730 [ INFO] maestro.cli.runner.CliConsoleListener.onCommandFinished: Run console.log("TC-100-1 : CA-01 vérifié — revenus et dépenses, payées et planifiées, tous rendus")
 COMPLETED
14:37:09.730 [ INFO] maestro.cli.runner.CliConsoleListener.onCommandStart: Tap on id: monthly.filter.type RUNNING
14:37:09.841 [ INFO] maestro.Maestro.tap-HgV9Ck0: Tapping on element:  UiElement(treeNode=TreeNode(attributes={text=, accessibilityText=, hintText=, ignoreBoundsFiltering=false, resource-id=monthly.filter.type, clickable=true, bounds=[53,640][416,766], enabled=true, focused=false, checked=false, scrollable=false, selected=false, class=android.view.View, important-for-accessibility=true, error=}, children=[TreeNode(attributes={text=, accessibilityText=, hintText=, ignoreBoundsFiltering=false, resource-id=, clickable=false, bounds=[35,641][161,767], enabled=true, focused=false, checked=false, scrollable=false, selected=false, class=android.view.View, important-for-accessibility=false, error=}, children=[], clickable=false, enabled=true, focused=false, checked=false, selected=false), TreeNode(attributes={text=Tous les types, accessibilityText=, hintText=, ignoreBoundsFiltering=false, resource-id=, clickable=false, bounds=[142,682][374,725], enabled=true, focused=false, checked=false, scrollable=false, selected=false, class=android.widget.TextView, important-for-accessibility=true, error=}, children=[], clickable=false, enabled=true, focused=false, checked=false, selected=false), TreeNode(attributes={text=, accessibilityText=, hintText=, ignoreBoundsFiltering=false, resource-id=, clickable=false, bounds=[53,661][416,745], enabled=true, focused=false, checked=false, scrollable=false, selected=false, class=android.widget.CheckBox, important-for-accessibility=true, error=}, children=[], clickable=false, enabled=true, focused=false, checked=false, selected=false)], clickable=true, enabled=true, focused=false, checked=false, selected=false), bounds=Bounds(x=53, y=640, width=363, height=126))
14:37:11.026 [ INFO] maestro.Maestro.tap-HgV9Ck0: Tap aimed via settled hierarchy
14:37:11.027 [ INFO] maestro.Maestro.hierarchyBasedTap-ogj28Uc: Tapping at (234, 703) using hierarchy based logic for wait
14:37:12.456 [ INFO] maestro.Maestro.hierarchyBasedTap-ogj28Uc: Something has changed in the UI judging by view hierarchy. Proceed.
14:37:12.457 [ INFO] maestro.cli.runner.CliConsoleListener.onCommandFinished: Tap on id: monthly.filter.type COMPLETED
14:37:12.457 [ INFO] maestro.cli.runner.CliConsoleListener.onCommandStart: Assert that "Filtrer par type" is visible RUNNING
14:37:12.521 [ INFO] maestro.cli.runner.CliConsoleListener.onCommandFinished: Assert that "Filtrer par type" is visible COMPLETED
14:37:12.521 [ INFO] maestro.cli.runner.CliConsoleListener.onCommandStart: Assert that "Dépenses" is visible RUNNING
14:37:12.579 [ INFO] maestro.cli.runner.CliConsoleListener.onCommandFinished: Assert that "Dépenses" is visible COMPLETED
14:37:12.579 [ INFO] maestro.cli.runner.CliConsoleListener.onCommandStart: Assert that "Revenus" is visible RUNNING
14:37:12.637 [ INFO] maestro.cli.runner.CliConsoleListener.onCommandFinished: Assert that "Revenus" is visible COMPLETED
14:37:12.637 [ INFO] maestro.cli.runner.CliConsoleListener.onCommandStart: Press back RUNNING
14:37:12.638 [ INFO] maestro.Maestro.backPress: Pressing back
14:37:13.345 [ INFO] maestro.cli.runner.CliConsoleListener.onCommandFinished: Press back COMPLETED
14:37:13.345 [ INFO] maestro.cli.runner.CliConsoleListener.onCommandStart: Assert that "Filtrer par type" is not visible RUNNING
14:37:14.077 [ INFO] maestro.cli.runner.CliConsoleListener.onCommandFinished: Assert that "Filtrer par type" is not visible COMPLETED
14:37:14.077 [ INFO] maestro.cli.runner.CliConsoleListener.onCommandStart: Assert that "Tous les types" is visible RUNNING
14:37:14.194 [ INFO] maestro.cli.runner.CliConsoleListener.onCommandFinished: Assert that "Tous les types" is visible COMPLETED
14:37:14.194 [ INFO] maestro.cli.runner.CliConsoleListener.onCommandStart: Scrolling DOWN until "Salaire" is visible with speed 40, visibility percentage 100%, timeout 20000 ms, with centering disabled RUNNING
14:37:14.318 [ INFO] maestro.orchestra.Orchestra.scrollUntilVisible: Scrolling try count: 0, DeviceWidth: 1080, DeviceWidth: 2400
14:37:14.318 [ INFO] maestro.orchestra.Orchestra.scrollUntilVisible: Element bounds: Bounds(x=238, y=1403, width=127, height=49)
14:37:14.318 [ INFO] maestro.orchestra.Orchestra.scrollUntilVisible: Visibility Percent: 1.0
14:37:14.318 [ INFO] maestro.orchestra.Orchestra.scrollUntilVisible: Command centerElement: ScrollUntilVisibleCommand(selector=ElementSelector(textRegex=Salaire, idRegex=null, size=null, below=null, above=null, leftOf=null, rightOf=null, containsChild=null, containsDescendants=null, traits=null, index=null, enabled=null, optional=false, selected=null, checked=null, focused=null, childOf=null, css=null), direction=DOWN, scrollDuration=601, visibilityPercentage=100, timeout=20000, waitToSettleTimeoutMs=null, centerElement=false, originalSpeedValue=40, label=null, optional=false).centerElement
14:37:14.318 [ INFO] maestro.orchestra.Orchestra.scrollUntilVisible: visibilityPercentageNormalized: 1.0
14:37:14.318 [ INFO] maestro.cli.runner.CliConsoleListener.onCommandFinished: Scrolling DOWN until "Salaire" is visible with speed 40, visibility percentage 100%, timeout 20000 ms, with centering disabled COMPLETED
14:37:14.318 [ INFO] maestro.cli.runner.CliConsoleListener.onCommandStart: Scrolling UP until id: monthly.filter.type is visible with speed 40, visibility percentage 100%, timeout 20000 ms, with centering disabled RUNNING
14:37:14.443 [ INFO] maestro.orchestra.Orchestra.scrollUntilVisible: Scrolling try count: 0, DeviceWidth: 1080, DeviceWidth: 2400
14:37:14.443 [ INFO] maestro.orchestra.Orchestra.scrollUntilVisible: Element bounds: Bounds(x=53, y=640, width=363, height=126)
14:37:14.443 [ INFO] maestro.orchestra.Orchestra.scrollUntilVisible: Visibility Percent: 1.0
14:37:14.443 [ INFO] maestro.orchestra.Orchestra.scrollUntilVisible: Command centerElement: ScrollUntilVisibleCommand(selector=ElementSelector(textRegex=null, idRegex=monthly.filter.type, size=null, below=null, above=null, leftOf=null, rightOf=null, containsChild=null, containsDescendants=null, traits=null, index=null, enabled=null, optional=false, selected=null, checked=null, focused=null, childOf=null, css=null), direction=UP, scrollDuration=601, visibilityPercentage=100, timeout=20000, waitToSettleTimeoutMs=null, centerElement=false, originalSpeedValue=40, label=null, optional=false).centerElement
14:37:14.443 [ INFO] maestro.orchestra.Orchestra.scrollUntilVisible: visibilityPercentageNormalized: 1.0
14:37:14.443 [ INFO] maestro.cli.runner.CliConsoleListener.onCommandFinished: Scrolling UP until id: monthly.filter.type is visible with speed 40, visibility percentage 100%, timeout 20000 ms, with centering disabled COMPLETED
14:37:14.443 [ INFO] maestro.cli.runner.CliConsoleListener.onCommandStart: Run console.log("TC-100-1 : CA-02 vérifié — ouvrir la feuille ne filtre rien")
 RUNNING
14:37:14.443 [ INFO] maestro.cli.runner.CliConsoleListener.onCommandFinished: Run console.log("TC-100-1 : CA-02 vérifié — ouvrir la feuille ne filtre rien")
 COMPLETED
14:37:14.443 [ INFO] maestro.cli.runner.CliConsoleListener.onCommandStart: Tap on id: monthly.filter.type RUNNING
14:37:14.518 [ INFO] maestro.Maestro.tap-HgV9Ck0: Tapping on element:  UiElement(treeNode=TreeNode(attributes={text=, accessibilityText=, hintText=, ignoreBoundsFiltering=false, resource-id=monthly.filter.type, clickable=true, bounds=[53,640][416,766], enabled=true, focused=false, checked=false, scrollable=false, selected=false, class=android.view.View, important-for-accessibility=true, error=}, children=[TreeNode(attributes={text=, accessibilityText=, hintText=, ignoreBoundsFiltering=false, resource-id=, clickable=false, bounds=[35,641][161,767], enabled=true, focused=false, checked=false, scrollable=false, selected=false, class=android.view.View, important-for-accessibility=false, error=}, children=[], clickable=false, enabled=true, focused=false, checked=false, selected=false), TreeNode(attributes={text=Tous les types, accessibilityText=, hintText=, ignoreBoundsFiltering=false, resource-id=, clickable=false, bounds=[142,682][374,725], enabled=true, focused=false, checked=false, scrollable=false, selected=false, class=android.widget.TextView, important-for-accessibility=true, error=}, children=[], clickable=false, enabled=true, focused=false, checked=false, selected=false), TreeNode(attributes={text=, accessibilityText=, hintText=, ignoreBoundsFiltering=false, resource-id=, clickable=false, bounds=[53,661][416,745], enabled=true, focused=false, checked=false, scrollable=false, selected=false, class=android.widget.CheckBox, important-for-accessibility=true, error=}, children=[], clickable=false, enabled=true, focused=false, checked=false, selected=false)], clickable=true, enabled=true, focused=false, checked=false, selected=false), bounds=Bounds(x=53, y=640, width=363, height=126))
14:37:15.697 [ INFO] maestro.Maestro.tap-HgV9Ck0: Tap aimed via settled hierarchy
14:37:15.698 [ INFO] maestro.Maestro.hierarchyBasedTap-ogj28Uc: Tapping at (234, 703) using hierarchy based logic for wait
14:37:17.304 [ INFO] maestro.Maestro.hierarchyBasedTap-ogj28Uc: Something has changed in the UI judging by view hierarchy. Proceed.
14:37:17.304 [ INFO] maestro.cli.runner.CliConsoleListener.onCommandFinished: Tap on id: monthly.filter.type COMPLETED
14:37:17.304 [ INFO] maestro.cli.runner.CliConsoleListener.onCommandStart: Tap on "Dépenses" RUNNING
14:37:17.323 [ INFO] maestro.Maestro.tap-HgV9Ck0: Tapping on element:  UiElement(treeNode=TreeNode(attributes={text=Dépenses, accessibilityText=, hintText=, ignoreBoundsFiltering=false, resource-id=, clickable=false, bounds=[95,1997][985,2046], enabled=true, focused=false, checked=false, scrollable=false, selected=false, class=android.widget.TextView, important-for-accessibility=true, error=}, children=[], clickable=false, enabled=true, focused=false, checked=false, selected=false), bounds=Bounds(x=95, y=1997, width=890, height=49))
14:37:18.536 [ INFO] maestro.Maestro.tap-HgV9Ck0: Tap aimed via settled hierarchy
14:37:18.537 [ INFO] maestro.Maestro.hierarchyBasedTap-ogj28Uc: Tapping at (540, 2021) using hierarchy based logic for wait
14:37:19.489 [ INFO] maestro.Maestro.hierarchyBasedTap-ogj28Uc: Something has changed in the UI judging by view hierarchy. Proceed.
14:37:19.489 [ INFO] maestro.cli.runner.CliConsoleListener.onCommandFinished: Tap on "Dépenses" COMPLETED
14:37:19.489 [ INFO] maestro.cli.runner.CliConsoleListener.onCommandStart: Assert that "Filtrer par type" is not visible RUNNING
14:37:20.105 [ INFO] maestro.cli.runner.CliConsoleListener.onCommandFinished: Assert that "Filtrer par type" is not visible COMPLETED
14:37:20.105 [ INFO] maestro.cli.runner.CliConsoleListener.onCommandStart: Assert that "Dépenses" is visible RUNNING
14:37:20.184 [ INFO] maestro.cli.runner.CliConsoleListener.onCommandFinished: Assert that "Dépenses" is visible COMPLETED
14:37:20.184 [ INFO] maestro.cli.runner.CliConsoleListener.onCommandStart: Assert that "Courses Hebdomadaires" is visible RUNNING
14:37:20.298 [ INFO] maestro.cli.runner.CliConsoleListener.onCommandFinished: Assert that "Courses Hebdomadaires" is visible COMPLETED
14:37:20.298 [ INFO] maestro.cli.runner.CliConsoleListener.onCommandStart: Assert that "Loyer" is visible RUNNING
14:37:20.368 [ INFO] maestro.cli.runner.CliConsoleListener.onCommandFinished: Assert that "Loyer" is visible COMPLETED
14:37:20.368 [ INFO] maestro.cli.runner.CliConsoleListener.onCommandStart: Assert that "Salaire" is not visible RUNNING
14:37:20.998 [ INFO] maestro.cli.runner.CliConsoleListener.onCommandFinished: Assert that "Salaire" is not visible COMPLETED
14:37:20.998 [ INFO] maestro.cli.runner.CliConsoleListener.onCommandStart: Run console.log("TC-100-1 : CA-03 vérifié — la liste ne contient plus de revenu")
 RUNNING
14:37:20.998 [ INFO] maestro.cli.runner.CliConsoleListener.onCommandFinished: Run console.log("TC-100-1 : CA-03 vérifié — la liste ne contient plus de revenu")
 COMPLETED
14:37:20.998 [ INFO] maestro.cli.runner.CliConsoleListener.onCommandStart: Tap on id: monthly.filter.type RUNNING
14:37:21.106 [ INFO] maestro.Maestro.tap-HgV9Ck0: Tapping on element:  UiElement(treeNode=TreeNode(attributes={text=, accessibilityText=, hintText=, ignoreBoundsFiltering=false, resource-id=monthly.filter.type, clickable=true, bounds=[53,640][343,766], enabled=true, focused=false, checked=true, scrollable=false, selected=false, class=android.view.View, important-for-accessibility=true, error=}, children=[TreeNode(attributes={text=, accessibilityText=, hintText=, ignoreBoundsFiltering=false, resource-id=, clickable=false, bounds=[35,641][161,767], enabled=true, focused=false, checked=false, scrollable=false, selected=false, class=android.view.View, important-for-accessibility=false, error=}, children=[], clickable=false, enabled=true, focused=false, checked=false, selected=false), TreeNode(attributes={text=Dépenses, accessibilityText=, hintText=, ignoreBoundsFiltering=false, resource-id=, clickable=false, bounds=[142,682][301,725], enabled=true, focused=false, checked=false, scrollable=false, selected=false, class=android.widget.TextView, important-for-accessibility=true, error=}, children=[], clickable=false, enabled=true, focused=false, checked=false, selected=false), TreeNode(attributes={text=, accessibilityText=, hintText=, ignoreBoundsFiltering=false, resource-id=, clickable=false, bounds=[53,661][343,745], enabled=true, focused=false, checked=false, scrollable=false, selected=false, class=android.widget.CheckBox, important-for-accessibility=true, error=}, children=[], clickable=false, enabled=true, focused=false, checked=false, selected=false)], clickable=true, enabled=true, focused=false, checked=true, selected=false), bounds=Bounds(x=53, y=640, width=290, height=126))
14:37:22.334 [ INFO] maestro.Maestro.tap-HgV9Ck0: Tap aimed via settled hierarchy
14:37:22.334 [ INFO] maestro.Maestro.hierarchyBasedTap-ogj28Uc: Tapping at (198, 703) using hierarchy based logic for wait
14:37:23.922 [ INFO] maestro.Maestro.hierarchyBasedTap-ogj28Uc: Something has changed in the UI judging by view hierarchy. Proceed.
14:37:23.922 [ INFO] maestro.cli.runner.CliConsoleListener.onCommandFinished: Tap on id: monthly.filter.type COMPLETED
14:37:23.922 [ INFO] maestro.cli.runner.CliConsoleListener.onCommandStart: Tap on "Tous les types" RUNNING
14:37:23.981 [ INFO] maestro.Maestro.tap-HgV9Ck0: Tapping on element:  UiElement(treeNode=TreeNode(attributes={text=Tous les types, accessibilityText=, hintText=, ignoreBoundsFiltering=false, resource-id=, clickable=false, bounds=[95,1818][985,1867], enabled=true, focused=false, checked=false, scrollable=false, selected=false, class=android.widget.TextView, important-for-accessibility=true, error=}, children=[], clickable=false, enabled=true, focused=false, checked=false, selected=false), bounds=Bounds(x=95, y=1818, width=890, height=49))
14:37:25.112 [ INFO] maestro.Maestro.tap-HgV9Ck0: Tap aimed via settled hierarchy
14:37:25.113 [ INFO] maestro.Maestro.hierarchyBasedTap-ogj28Uc: Tapping at (540, 1842) using hierarchy based logic for wait
14:37:26.097 [ INFO] maestro.Maestro.hierarchyBasedTap-ogj28Uc: Something has changed in the UI judging by view hierarchy. Proceed.
14:37:26.098 [ INFO] maestro.cli.runner.CliConsoleListener.onCommandFinished: Tap on "Tous les types" COMPLETED
14:37:26.098 [ INFO] maestro.cli.runner.CliConsoleListener.onCommandStart: Assert that "Filtrer par type" is not visible RUNNING
14:37:26.745 [ INFO] maestro.cli.runner.CliConsoleListener.onCommandFinished: Assert that "Filtrer par type" is not visible COMPLETED
14:37:26.745 [ INFO] maestro.cli.runner.CliConsoleListener.onCommandStart: Assert that "Tous les types" is visible RUNNING
14:37:26.854 [ INFO] maestro.cli.runner.CliConsoleListener.onCommandFinished: Assert that "Tous les types" is visible COMPLETED
14:37:26.854 [ INFO] maestro.cli.runner.CliConsoleListener.onCommandStart: Scrolling DOWN until "Salaire" is visible with speed 40, visibility percentage 100%, timeout 20000 ms, with centering disabled RUNNING
14:37:26.935 [ INFO] maestro.orchestra.Orchestra.scrollUntilVisible: Scrolling try count: 0, DeviceWidth: 1080, DeviceWidth: 2400
14:37:26.935 [ INFO] maestro.orchestra.Orchestra.scrollUntilVisible: Element bounds: Bounds(x=238, y=1403, width=127, height=49)
14:37:26.935 [ INFO] maestro.orchestra.Orchestra.scrollUntilVisible: Visibility Percent: 1.0
14:37:26.935 [ INFO] maestro.orchestra.Orchestra.scrollUntilVisible: Command centerElement: ScrollUntilVisibleCommand(selector=ElementSelector(textRegex=Salaire, idRegex=null, size=null, below=null, above=null, leftOf=null, rightOf=null, containsChild=null, containsDescendants=null, traits=null, index=null, enabled=null, optional=false, selected=null, checked=null, focused=null, childOf=null, css=null), direction=DOWN, scrollDuration=601, visibilityPercentage=100, timeout=20000, waitToSettleTimeoutMs=null, centerElement=false, originalSpeedValue=40, label=null, optional=false).centerElement
14:37:26.935 [ INFO] maestro.orchestra.Orchestra.scrollUntilVisible: visibilityPercentageNormalized: 1.0
14:37:26.935 [ INFO] maestro.cli.runner.CliConsoleListener.onCommandFinished: Scrolling DOWN until "Salaire" is visible with speed 40, visibility percentage 100%, timeout 20000 ms, with centering disabled COMPLETED
14:37:26.935 [ INFO] maestro.cli.runner.CliConsoleListener.onCommandStart: Scrolling UP until id: monthly.filter.status is visible with speed 40, visibility percentage 100%, timeout 20000 ms, with centering disabled RUNNING
14:37:27.046 [ INFO] maestro.orchestra.Orchestra.scrollUntilVisible: Scrolling try count: 0, DeviceWidth: 1080, DeviceWidth: 2400
14:37:27.046 [ INFO] maestro.orchestra.Orchestra.scrollUntilVisible: Element bounds: Bounds(x=437, y=640, width=341, height=126)
14:37:27.046 [ INFO] maestro.orchestra.Orchestra.scrollUntilVisible: Visibility Percent: 1.0
14:37:27.046 [ INFO] maestro.orchestra.Orchestra.scrollUntilVisible: Command centerElement: ScrollUntilVisibleCommand(selector=ElementSelector(textRegex=null, idRegex=monthly.filter.status, size=null, below=null, above=null, leftOf=null, rightOf=null, containsChild=null, containsDescendants=null, traits=null, index=null, enabled=null, optional=false, selected=null, checked=null, focused=null, childOf=null, css=null), direction=UP, scrollDuration=601, visibilityPercentage=100, timeout=20000, waitToSettleTimeoutMs=null, centerElement=false, originalSpeedValue=40, label=null, optional=false).centerElement
14:37:27.046 [ INFO] maestro.orchestra.Orchestra.scrollUntilVisible: visibilityPercentageNormalized: 1.0
14:37:27.046 [ INFO] maestro.cli.runner.CliConsoleListener.onCommandFinished: Scrolling UP until id: monthly.filter.status is visible with speed 40, visibility percentage 100%, timeout 20000 ms, with centering disabled COMPLETED
14:37:27.046 [ INFO] maestro.cli.runner.CliConsoleListener.onCommandStart: Run console.log("TC-100-1 : CA-04 vérifié — le filtre de type est retirable depuis sa feuille")
 RUNNING
14:37:27.046 [ INFO] maestro.cli.runner.CliConsoleListener.onCommandFinished: Run console.log("TC-100-1 : CA-04 vérifié — le filtre de type est retirable depuis sa feuille")
 COMPLETED
14:37:27.046 [ INFO] maestro.cli.runner.CliConsoleListener.onCommandStart: Tap on id: monthly.filter.status RUNNING
14:37:27.161 [ INFO] maestro.Maestro.tap-HgV9Ck0: Tapping on element:  UiElement(treeNode=TreeNode(attributes={text=, accessibilityText=, hintText=, ignoreBoundsFiltering=false, resource-id=monthly.filter.status, clickable=true, bounds=[437,640][778,766], enabled=true, focused=false, checked=false, scrollable=false, selected=false, class=android.view.View, important-for-accessibility=true, error=}, children=[TreeNode(attributes={text=Tous les statuts, accessibilityText=, hintText=, ignoreBoundsFiltering=false, resource-id=, clickable=false, bounds=[479,682][736,725], enabled=true, focused=false, checked=false, scrollable=false, selected=false, class=android.widget.TextView, important-for-accessibility=true, error=}, children=[], clickable=false, enabled=true, focused=false, checked=false, selected=false), TreeNode(attributes={text=, accessibilityText=, hintText=, ignoreBoundsFiltering=false, resource-id=, clickable=false, bounds=[437,661][778,745], enabled=true, focused=false, checked=false, scrollable=false, selected=false, class=android.widget.CheckBox, important-for-accessibility=true, error=}, children=[], clickable=false, enabled=true, focused=false, checked=false, selected=false)], clickable=true, enabled=true, focused=false, checked=false, selected=false), bounds=Bounds(x=437, y=640, width=341, height=126))
14:37:28.697 [ INFO] maestro.Maestro.tap-HgV9Ck0: Tap aimed via settled hierarchy
14:37:28.697 [ INFO] maestro.Maestro.hierarchyBasedTap-ogj28Uc: Tapping at (607, 703) using hierarchy based logic for wait
14:37:30.295 [ INFO] maestro.Maestro.hierarchyBasedTap-ogj28Uc: Something has changed in the UI judging by view hierarchy. Proceed.
14:37:30.296 [ INFO] maestro.cli.runner.CliConsoleListener.onCommandFinished: Tap on id: monthly.filter.status COMPLETED
14:37:30.296 [ INFO] maestro.cli.runner.CliConsoleListener.onCommandStart: Assert that "Filtrer par statut" is visible RUNNING
14:37:30.357 [ INFO] maestro.cli.runner.CliConsoleListener.onCommandFinished: Assert that "Filtrer par statut" is visible COMPLETED
14:37:30.357 [ INFO] maestro.cli.runner.CliConsoleListener.onCommandStart: Assert that "Payé" is visible RUNNING
14:37:30.417 [ INFO] maestro.cli.runner.CliConsoleListener.onCommandFinished: Assert that "Payé" is visible COMPLETED
14:37:30.417 [ INFO] maestro.cli.runner.CliConsoleListener.onCommandStart: Assert that "Planifié" is visible RUNNING
14:37:30.512 [ INFO] maestro.cli.runner.CliConsoleListener.onCommandFinished: Assert that "Planifié" is visible COMPLETED
14:37:30.513 [ INFO] maestro.cli.runner.CliConsoleListener.onCommandStart: Tap on "Payé" RUNNING
14:37:30.573 [ INFO] maestro.Maestro.tap-HgV9Ck0: Tapping on element:  UiElement(treeNode=TreeNode(attributes={text=Payé, accessibilityText=, hintText=, ignoreBoundsFiltering=false, resource-id=, clickable=false, bounds=[95,1997][985,2046], enabled=true, focused=false, checked=false, scrollable=false, selected=false, class=android.widget.TextView, important-for-accessibility=true, error=}, children=[], clickable=false, enabled=true, focused=false, checked=false, selected=false), bounds=Bounds(x=95, y=1997, width=890, height=49))
14:37:31.788 [ INFO] maestro.Maestro.tap-HgV9Ck0: Tap aimed via settled hierarchy
14:37:31.789 [ INFO] maestro.Maestro.hierarchyBasedTap-ogj28Uc: Tapping at (540, 2021) using hierarchy based logic for wait
14:37:32.621 [ INFO] maestro.Maestro.hierarchyBasedTap-ogj28Uc: Something has changed in the UI judging by view hierarchy. Proceed.
14:37:32.621 [ INFO] maestro.cli.runner.CliConsoleListener.onCommandFinished: Tap on "Payé" COMPLETED
14:37:32.622 [ INFO] maestro.cli.runner.CliConsoleListener.onCommandStart: Assert that "Filtrer par statut" is not visible RUNNING
14:37:33.242 [ INFO] maestro.cli.runner.CliConsoleListener.onCommandFinished: Assert that "Filtrer par statut" is not visible COMPLETED
14:37:33.242 [ INFO] maestro.cli.runner.CliConsoleListener.onCommandStart: Assert that "Courses Hebdomadaires" is visible RUNNING
14:37:33.345 [ INFO] maestro.cli.runner.CliConsoleListener.onCommandFinished: Assert that "Courses Hebdomadaires" is visible COMPLETED
14:37:33.346 [ INFO] maestro.cli.runner.CliConsoleListener.onCommandStart: Assert that "Loyer" is not visible RUNNING
14:37:34.005 [ INFO] maestro.cli.runner.CliConsoleListener.onCommandFinished: Assert that "Loyer" is not visible COMPLETED
14:37:34.005 [ INFO] maestro.cli.runner.CliConsoleListener.onCommandStart: Assert that "Salaire" is not visible RUNNING
14:37:34.681 [ INFO] maestro.cli.runner.CliConsoleListener.onCommandFinished: Assert that "Salaire" is not visible COMPLETED
14:37:34.681 [ INFO] maestro.cli.runner.CliConsoleListener.onCommandStart: Tap on id: monthly.filter.status RUNNING
14:37:34.785 [ INFO] maestro.Maestro.tap-HgV9Ck0: Tapping on element:  UiElement(treeNode=TreeNode(attributes={text=, accessibilityText=, hintText=, ignoreBoundsFiltering=false, resource-id=monthly.filter.status, clickable=true, bounds=[437,640][600,766], enabled=true, focused=false, checked=true, scrollable=false, selected=false, class=android.view.View, important-for-accessibility=true, error=}, children=[TreeNode(attributes={text=Payé, accessibilityText=, hintText=, ignoreBoundsFiltering=false, resource-id=, clickable=false, bounds=[479,682][558,725], enabled=true, focused=false, checked=false, scrollable=false, selected=false, class=android.widget.TextView, important-for-accessibility=true, error=}, children=[], clickable=false, enabled=true, focused=false, checked=false, selected=false), TreeNode(attributes={text=, accessibilityText=, hintText=, ignoreBoundsFiltering=false, resource-id=, clickable=false, bounds=[437,661][600,745], enabled=true, focused=false, checked=false, scrollable=false, selected=false, class=android.widget.CheckBox, important-for-accessibility=true, error=}, children=[], clickable=false, enabled=true, focused=false, checked=false, selected=false)], clickable=true, enabled=true, focused=false, checked=true, selected=false), bounds=Bounds(x=437, y=640, width=163, height=126))
14:37:36.009 [ INFO] maestro.Maestro.tap-HgV9Ck0: Tap aimed via settled hierarchy
14:37:36.010 [ INFO] maestro.Maestro.hierarchyBasedTap-ogj28Uc: Tapping at (518, 703) using hierarchy based logic for wait
14:37:37.720 [ INFO] maestro.Maestro.hierarchyBasedTap-ogj28Uc: Something has changed in the UI judging by view hierarchy. Proceed.
14:37:37.720 [ INFO] maestro.cli.runner.CliConsoleListener.onCommandFinished: Tap on id: monthly.filter.status COMPLETED
14:37:37.720 [ INFO] maestro.cli.runner.CliConsoleListener.onCommandStart: Tap on "Tous les statuts" RUNNING
14:37:37.736 [ INFO] maestro.Maestro.tap-HgV9Ck0: Tapping on element:  UiElement(treeNode=TreeNode(attributes={text=Tous les statuts, accessibilityText=, hintText=, ignoreBoundsFiltering=false, resource-id=, clickable=false, bounds=[95,1818][985,1867], enabled=true, focused=false, checked=false, scrollable=false, selected=false, class=android.widget.TextView, important-for-accessibility=true, error=}, children=[], clickable=false, enabled=true, focused=false, checked=false, selected=false), bounds=Bounds(x=95, y=1818, width=890, height=49))
14:37:38.948 [ INFO] maestro.Maestro.tap-HgV9Ck0: Tap aimed via settled hierarchy
14:37:38.949 [ INFO] maestro.Maestro.hierarchyBasedTap-ogj28Uc: Tapping at (540, 1842) using hierarchy based logic for wait
14:37:39.849 [ INFO] maestro.Maestro.hierarchyBasedTap-ogj28Uc: Something has changed in the UI judging by view hierarchy. Proceed.
14:37:39.849 [ INFO] maestro.cli.runner.CliConsoleListener.onCommandFinished: Tap on "Tous les statuts" COMPLETED
14:37:39.849 [ INFO] maestro.cli.runner.CliConsoleListener.onCommandStart: Assert that "Loyer" is visible RUNNING
14:37:39.966 [ INFO] maestro.cli.runner.CliConsoleListener.onCommandFinished: Assert that "Loyer" is visible COMPLETED
14:37:39.966 [ INFO] maestro.cli.runner.CliConsoleListener.onCommandStart: Run console.log("TC-100-1 : CA-05 vérifié — le statut filtre puis se retire")
 RUNNING
14:37:39.966 [ INFO] maestro.cli.runner.CliConsoleListener.onCommandFinished: Run console.log("TC-100-1 : CA-05 vérifié — le statut filtre puis se retire")
 COMPLETED
14:37:39.966 [ INFO] maestro.cli.runner.CliConsoleListener.onCommandStart: Scrolling UP until id: monthly.filter.type is visible with speed 40, visibility percentage 100%, timeout 20000 ms, with centering disabled RUNNING
14:37:40.082 [ INFO] maestro.orchestra.Orchestra.scrollUntilVisible: Scrolling try count: 0, DeviceWidth: 1080, DeviceWidth: 2400
14:37:40.082 [ INFO] maestro.orchestra.Orchestra.scrollUntilVisible: Element bounds: Bounds(x=53, y=640, width=363, height=126)
14:37:40.082 [ INFO] maestro.orchestra.Orchestra.scrollUntilVisible: Visibility Percent: 1.0
14:37:40.082 [ INFO] maestro.orchestra.Orchestra.scrollUntilVisible: Command centerElement: ScrollUntilVisibleCommand(selector=ElementSelector(textRegex=null, idRegex=monthly.filter.type, size=null, below=null, above=null, leftOf=null, rightOf=null, containsChild=null, containsDescendants=null, traits=null, index=null, enabled=null, optional=false, selected=null, checked=null, focused=null, childOf=null, css=null), direction=UP, scrollDuration=601, visibilityPercentage=100, timeout=20000, waitToSettleTimeoutMs=null, centerElement=false, originalSpeedValue=40, label=null, optional=false).centerElement
14:37:40.082 [ INFO] maestro.orchestra.Orchestra.scrollUntilVisible: visibilityPercentageNormalized: 1.0
14:37:40.082 [ INFO] maestro.cli.runner.CliConsoleListener.onCommandFinished: Scrolling UP until id: monthly.filter.type is visible with speed 40, visibility percentage 100%, timeout 20000 ms, with centering disabled COMPLETED
14:37:40.082 [ INFO] maestro.cli.runner.CliConsoleListener.onCommandStart: Tap on id: monthly.filter.type RUNNING
14:37:40.190 [ INFO] maestro.Maestro.tap-HgV9Ck0: Tapping on element:  UiElement(treeNode=TreeNode(attributes={text=, accessibilityText=, hintText=, ignoreBoundsFiltering=false, resource-id=monthly.filter.type, clickable=true, bounds=[53,640][416,766], enabled=true, focused=false, checked=false, scrollable=false, selected=false, class=android.view.View, important-for-accessibility=true, error=}, children=[TreeNode(attributes={text=, accessibilityText=, hintText=, ignoreBoundsFiltering=false, resource-id=, clickable=false, bounds=[35,641][161,767], enabled=true, focused=false, checked=false, scrollable=false, selected=false, class=android.view.View, important-for-accessibility=false, error=}, children=[], clickable=false, enabled=true, focused=false, checked=false, selected=false), TreeNode(attributes={text=Tous les types, accessibilityText=, hintText=, ignoreBoundsFiltering=false, resource-id=, clickable=false, bounds=[142,682][374,725], enabled=true, focused=false, checked=false, scrollable=false, selected=false, class=android.widget.TextView, important-for-accessibility=true, error=}, children=[], clickable=false, enabled=true, focused=false, checked=false, selected=false), TreeNode(attributes={text=, accessibilityText=, hintText=, ignoreBoundsFiltering=false, resource-id=, clickable=false, bounds=[53,661][416,745], enabled=true, focused=false, checked=false, scrollable=false, selected=false, class=android.widget.CheckBox, important-for-accessibility=true, error=}, children=[], clickable=false, enabled=true, focused=false, checked=false, selected=false)], clickable=true, enabled=true, focused=false, checked=false, selected=false), bounds=Bounds(x=53, y=640, width=363, height=126))
14:37:41.413 [ INFO] maestro.Maestro.tap-HgV9Ck0: Tap aimed via settled hierarchy
14:37:41.414 [ INFO] maestro.Maestro.hierarchyBasedTap-ogj28Uc: Tapping at (234, 703) using hierarchy based logic for wait
14:37:42.985 [ INFO] maestro.Maestro.hierarchyBasedTap-ogj28Uc: Something has changed in the UI judging by view hierarchy. Proceed.
14:37:42.985 [ INFO] maestro.cli.runner.CliConsoleListener.onCommandFinished: Tap on id: monthly.filter.type COMPLETED
14:37:42.985 [ INFO] maestro.cli.runner.CliConsoleListener.onCommandStart: Tap on "Revenus" RUNNING
14:37:43.089 [ INFO] maestro.Maestro.tap-HgV9Ck0: Tapping on element:  UiElement(treeNode=TreeNode(attributes={text=Revenus, accessibilityText=, hintText=, ignoreBoundsFiltering=false, resource-id=, clickable=false, bounds=[95,2162][985,2211], enabled=true, focused=false, checked=false, scrollable=false, selected=false, class=android.widget.TextView, important-for-accessibility=true, error=}, children=[], clickable=false, enabled=true, focused=false, checked=false, selected=false), bounds=Bounds(x=95, y=2162, width=890, height=49))
14:37:44.304 [ INFO] maestro.Maestro.tap-HgV9Ck0: Tap aimed via settled hierarchy
14:37:44.305 [ INFO] maestro.Maestro.hierarchyBasedTap-ogj28Uc: Tapping at (540, 2186) using hierarchy based logic for wait
14:37:45.195 [ INFO] maestro.Maestro.hierarchyBasedTap-ogj28Uc: Something has changed in the UI judging by view hierarchy. Proceed.
14:37:45.195 [ INFO] maestro.cli.runner.CliConsoleListener.onCommandFinished: Tap on "Revenus" COMPLETED
14:37:45.195 [ INFO] maestro.cli.runner.CliConsoleListener.onCommandStart: Tap on id: monthly.filter.status RUNNING
14:37:45.301 [ INFO] maestro.Maestro.tap-HgV9Ck0: Tapping on element:  UiElement(treeNode=TreeNode(attributes={text=, accessibilityText=, hintText=, ignoreBoundsFiltering=false, resource-id=monthly.filter.status, clickable=true, bounds=[343,640][684,766], enabled=true, focused=false, checked=false, scrollable=false, selected=false, class=android.view.View, important-for-accessibility=true, error=}, children=[TreeNode(attributes={text=Tous les statuts, accessibilityText=, hintText=, ignoreBoundsFiltering=false, resource-id=, clickable=false, bounds=[385,682][642,725], enabled=true, focused=false, checked=false, scrollable=false, selected=false, class=android.widget.TextView, important-for-accessibility=true, error=}, children=[], clickable=false, enabled=true, focused=false, checked=false, selected=false), TreeNode(attributes={text=, accessibilityText=, hintText=, ignoreBoundsFiltering=false, resource-id=, clickable=false, bounds=[343,661][684,745], enabled=true, focused=false, checked=false, scrollable=false, selected=false, class=android.widget.CheckBox, important-for-accessibility=true, error=}, children=[], clickable=false, enabled=true, focused=false, checked=false, selected=false)], clickable=true, enabled=true, focused=false, checked=false, selected=false), bounds=Bounds(x=343, y=640, width=341, height=126))
14:37:46.517 [ INFO] maestro.Maestro.tap-HgV9Ck0: Tap aimed via settled hierarchy
14:37:46.517 [ INFO] maestro.Maestro.hierarchyBasedTap-ogj28Uc: Tapping at (513, 703) using hierarchy based logic for wait
14:37:48.116 [ INFO] maestro.Maestro.hierarchyBasedTap-ogj28Uc: Something has changed in the UI judging by view hierarchy. Proceed.
14:37:48.117 [ INFO] maestro.cli.runner.CliConsoleListener.onCommandFinished: Tap on id: monthly.filter.status COMPLETED
14:37:48.117 [ INFO] maestro.cli.runner.CliConsoleListener.onCommandStart: Tap on "Planifié" RUNNING
14:37:48.177 [ INFO] maestro.Maestro.tap-HgV9Ck0: Tapping on element:  UiElement(treeNode=TreeNode(attributes={text=Planifié, accessibilityText=, hintText=, ignoreBoundsFiltering=false, resource-id=, clickable=false, bounds=[95,2162][985,2211], enabled=true, focused=false, checked=false, scrollable=false, selected=false, class=android.widget.TextView, important-for-accessibility=true, error=}, children=[], clickable=false, enabled=true, focused=false, checked=false, selected=false), bounds=Bounds(x=95, y=2162, width=890, height=49))
14:37:49.388 [ INFO] maestro.Maestro.tap-HgV9Ck0: Tap aimed via settled hierarchy
14:37:49.389 [ INFO] maestro.Maestro.hierarchyBasedTap-ogj28Uc: Tapping at (540, 2186) using hierarchy based logic for wait
14:37:50.197 [ INFO] maestro.Maestro.hierarchyBasedTap-ogj28Uc: Something has changed in the UI judging by view hierarchy. Proceed.
14:37:50.197 [ INFO] maestro.cli.runner.CliConsoleListener.onCommandFinished: Tap on "Planifié" COMPLETED
14:37:50.197 [ INFO] maestro.cli.runner.CliConsoleListener.onCommandStart: Assert that "Salaire" is visible RUNNING
14:37:50.257 [ INFO] maestro.cli.runner.CliConsoleListener.onCommandFinished: Assert that "Salaire" is visible COMPLETED
14:37:50.257 [ INFO] maestro.cli.runner.CliConsoleListener.onCommandStart: Assert that "Loyer" is not visible RUNNING
14:37:50.863 [ INFO] maestro.cli.runner.CliConsoleListener.onCommandFinished: Assert that "Loyer" is not visible COMPLETED
14:37:50.863 [ INFO] maestro.cli.runner.CliConsoleListener.onCommandStart: Assert that "Courses Hebdomadaires" is not visible RUNNING
14:37:51.483 [ INFO] maestro.cli.runner.CliConsoleListener.onCommandFinished: Assert that "Courses Hebdomadaires" is not visible COMPLETED
14:37:51.483 [ INFO] maestro.cli.runner.CliConsoleListener.onCommandStart: Tap on id: monthly.filter.status RUNNING
14:37:51.610 [ INFO] maestro.Maestro.tap-HgV9Ck0: Tapping on element:  UiElement(treeNode=TreeNode(attributes={text=, accessibilityText=, hintText=, ignoreBoundsFiltering=false, resource-id=monthly.filter.status, clickable=true, bounds=[343,640][547,766], enabled=true, focused=false, checked=true, scrollable=false, selected=false, class=android.view.View, important-for-accessibility=true, error=}, children=[TreeNode(attributes={text=Planifié, accessibilityText=, hintText=, ignoreBoundsFiltering=false, resource-id=, clickable=false, bounds=[385,682][505,725], enabled=true, focused=false, checked=false, scrollable=false, selected=false, class=android.widget.TextView, important-for-accessibility=true, error=}, children=[], clickable=false, enabled=true, focused=false, checked=false, selected=false), TreeNode(attributes={text=, accessibilityText=, hintText=, ignoreBoundsFiltering=false, resource-id=, clickable=false, bounds=[343,661][547,745], enabled=true, focused=false, checked=false, scrollable=false, selected=false, class=android.widget.CheckBox, important-for-accessibility=true, error=}, children=[], clickable=false, enabled=true, focused=false, checked=false, selected=false)], clickable=true, enabled=true, focused=false, checked=true, selected=false), bounds=Bounds(x=343, y=640, width=204, height=126))
14:37:52.881 [ INFO] maestro.Maestro.tap-HgV9Ck0: Tap aimed via settled hierarchy
14:37:52.882 [ INFO] maestro.Maestro.hierarchyBasedTap-ogj28Uc: Tapping at (445, 703) using hierarchy based logic for wait
14:37:54.528 [ INFO] maestro.Maestro.hierarchyBasedTap-ogj28Uc: Something has changed in the UI judging by view hierarchy. Proceed.
14:37:54.529 [ INFO] maestro.cli.runner.CliConsoleListener.onCommandFinished: Tap on id: monthly.filter.status COMPLETED
14:37:54.529 [ INFO] maestro.cli.runner.CliConsoleListener.onCommandStart: Tap on "Tous les statuts" RUNNING
14:37:54.585 [ INFO] maestro.Maestro.tap-HgV9Ck0: Tapping on element:  UiElement(treeNode=TreeNode(attributes={text=Tous les statuts, accessibilityText=, hintText=, ignoreBoundsFiltering=false, resource-id=, clickable=false, bounds=[95,1818][985,1867], enabled=true, focused=false, checked=false, scrollable=false, selected=false, class=android.widget.TextView, important-for-accessibility=true, error=}, children=[], clickable=false, enabled=true, focused=false, checked=false, selected=false), bounds=Bounds(x=95, y=1818, width=890, height=49))
14:37:55.792 [ INFO] maestro.Maestro.tap-HgV9Ck0: Tap aimed via settled hierarchy
14:37:55.793 [ INFO] maestro.Maestro.hierarchyBasedTap-ogj28Uc: Tapping at (540, 1842) using hierarchy based logic for wait
14:37:56.621 [ INFO] maestro.Maestro.hierarchyBasedTap-ogj28Uc: Something has changed in the UI judging by view hierarchy. Proceed.
14:37:56.621 [ INFO] maestro.cli.runner.CliConsoleListener.onCommandFinished: Tap on "Tous les statuts" COMPLETED
14:37:56.621 [ INFO] maestro.cli.runner.CliConsoleListener.onCommandStart: Assert that "Revenus" is visible RUNNING
14:37:56.694 [ INFO] maestro.cli.runner.CliConsoleListener.onCommandFinished: Assert that "Revenus" is visible COMPLETED
14:37:56.694 [ INFO] maestro.cli.runner.CliConsoleListener.onCommandStart: Assert that "Salaire" is visible RUNNING
14:37:56.762 [ INFO] maestro.cli.runner.CliConsoleListener.onCommandFinished: Assert that "Salaire" is visible COMPLETED
14:37:56.762 [ INFO] maestro.cli.runner.CliConsoleListener.onCommandStart: Assert that "Loyer" is not visible RUNNING
14:37:57.413 [ INFO] maestro.cli.runner.CliConsoleListener.onCommandFinished: Assert that "Loyer" is not visible COMPLETED
14:37:57.413 [ INFO] maestro.cli.runner.CliConsoleListener.onCommandStart: Assert that "Courses Hebdomadaires" is not visible RUNNING
14:37:58.127 [ INFO] maestro.cli.runner.CliConsoleListener.onCommandFinished: Assert that "Courses Hebdomadaires" is not visible COMPLETED
14:37:58.127 [ INFO] maestro.cli.runner.CliConsoleListener.onCommandStart: Run console.log("TC-100-1 : CA-06 vérifié — les deux filtres se cumulent et se retirent séparément")
 RUNNING
14:37:58.128 [ INFO] maestro.cli.runner.CliConsoleListener.onCommandFinished: Run console.log("TC-100-1 : CA-06 vérifié — les deux filtres se cumulent et se retirent séparément")
 COMPLETED
14:37:58.128 [ INFO] maestro.cli.runner.CliConsoleListener.onCommandStart: Tap on id: monthly.filter.type RUNNING
14:37:58.246 [ INFO] maestro.Maestro.tap-HgV9Ck0: Tapping on element:  UiElement(treeNode=TreeNode(attributes={text=, accessibilityText=, hintText=, ignoreBoundsFiltering=false, resource-id=monthly.filter.type, clickable=true, bounds=[53,640][322,766], enabled=true, focused=false, checked=true, scrollable=false, selected=false, class=android.view.View, important-for-accessibility=true, error=}, children=[TreeNode(attributes={text=, accessibilityText=, hintText=, ignoreBoundsFiltering=false, resource-id=, clickable=false, bounds=[35,641][161,767], enabled=true, focused=false, checked=false, scrollable=false, selected=false, class=android.view.View, important-for-accessibility=false, error=}, children=[], clickable=false, enabled=true, focused=false, checked=false, selected=false), TreeNode(attributes={text=Revenus, accessibilityText=, hintText=, ignoreBoundsFiltering=false, resource-id=, clickable=false, bounds=[142,682][280,725], enabled=true, focused=false, checked=false, scrollable=false, selected=false, class=android.widget.TextView, important-for-accessibility=true, error=}, children=[], clickable=false, enabled=true, focused=false, checked=false, selected=false), TreeNode(attributes={text=, accessibilityText=, hintText=, ignoreBoundsFiltering=false, resource-id=, clickable=false, bounds=[53,661][322,745], enabled=true, focused=false, checked=false, scrollable=false, selected=false, class=android.widget.CheckBox, important-for-accessibility=true, error=}, children=[], clickable=false, enabled=true, focused=false, checked=false, selected=false)], clickable=true, enabled=true, focused=false, checked=true, selected=false), bounds=Bounds(x=53, y=640, width=269, height=126))
14:37:59.417 [ INFO] maestro.Maestro.tap-HgV9Ck0: Tap aimed via settled hierarchy
14:37:59.418 [ INFO] maestro.Maestro.hierarchyBasedTap-ogj28Uc: Tapping at (187, 703) using hierarchy based logic for wait
14:38:01.045 [ INFO] maestro.Maestro.hierarchyBasedTap-ogj28Uc: Something has changed in the UI judging by view hierarchy. Proceed.
14:38:01.045 [ INFO] maestro.cli.runner.CliConsoleListener.onCommandFinished: Tap on id: monthly.filter.type COMPLETED
14:38:01.045 [ INFO] maestro.cli.runner.CliConsoleListener.onCommandStart: Tap on "Tous les types" RUNNING
14:38:01.063 [ INFO] maestro.Maestro.tap-HgV9Ck0: Tapping on element:  UiElement(treeNode=TreeNode(attributes={text=Tous les types, accessibilityText=, hintText=, ignoreBoundsFiltering=false, resource-id=, clickable=false, bounds=[95,1818][985,1867], enabled=true, focused=false, checked=false, scrollable=false, selected=false, class=android.widget.TextView, important-for-accessibility=true, error=}, children=[], clickable=false, enabled=true, focused=false, checked=false, selected=false), bounds=Bounds(x=95, y=1818, width=890, height=49))
14:38:02.497 [ INFO] maestro.Maestro.tap-HgV9Ck0: Tap aimed via settled hierarchy
14:38:02.497 [ INFO] maestro.Maestro.hierarchyBasedTap-ogj28Uc: Tapping at (540, 1842) using hierarchy based logic for wait
14:38:03.413 [ INFO] maestro.Maestro.hierarchyBasedTap-ogj28Uc: Something has changed in the UI judging by view hierarchy. Proceed.
14:38:03.413 [ INFO] maestro.cli.runner.CliConsoleListener.onCommandFinished: Tap on "Tous les types" COMPLETED
14:38:03.413 [ INFO] maestro.cli.runner.CliConsoleListener.onCommandStart: Tap on id: monthly.filter.account RUNNING
14:38:03.490 [ INFO] maestro.Maestro.tap-HgV9Ck0: Tapping on element:  UiElement(treeNode=TreeNode(attributes={text=, accessibilityText=, hintText=, ignoreBoundsFiltering=false, resource-id=monthly.filter.account, clickable=true, bounds=[799,640][1056,766], enabled=true, focused=false, checked=false, scrollable=false, selected=false, class=android.view.View, important-for-accessibility=true, error=}, children=[TreeNode(attributes={text=, accessibilityText=, hintText=, ignoreBoundsFiltering=false, resource-id=, clickable=false, bounds=[781,641][907,767], enabled=true, focused=false, checked=false, scrollable=false, selected=false, class=android.view.View, important-for-accessibility=false, error=}, children=[], clickable=false, enabled=true, focused=false, checked=false, selected=false), TreeNode(attributes={text=Compte, accessibilityText=, hintText=, ignoreBoundsFiltering=false, resource-id=, clickable=false, bounds=[888,682][1014,725], enabled=true, focused=false, checked=false, scrollable=false, selected=false, class=android.widget.TextView, important-for-accessibility=true, error=}, children=[], clickable=false, enabled=true, focused=false, checked=false, selected=false), TreeNode(attributes={text=, accessibilityText=, hintText=, ignoreBoundsFiltering=false, resource-id=, clickable=false, bounds=[799,661][1027,745], enabled=true, focused=false, checked=false, scrollable=false, selected=false, class=android.widget.CheckBox, important-for-accessibility=true, error=}, children=[], clickable=false, enabled=true, focused=false, checked=false, selected=false)], clickable=true, enabled=true, focused=false, checked=false, selected=false), bounds=Bounds(x=799, y=640, width=257, height=126))
14:38:04.709 [ INFO] maestro.Maestro.tap-HgV9Ck0: Tap aimed via settled hierarchy
14:38:04.710 [ INFO] maestro.Maestro.hierarchyBasedTap-ogj28Uc: Tapping at (927, 703) using hierarchy based logic for wait
14:38:06.328 [ INFO] maestro.Maestro.hierarchyBasedTap-ogj28Uc: Something has changed in the UI judging by view hierarchy. Proceed.
14:38:06.329 [ INFO] maestro.cli.runner.CliConsoleListener.onCommandFinished: Tap on id: monthly.filter.account COMPLETED
14:38:06.329 [ INFO] maestro.cli.runner.CliConsoleListener.onCommandStart: Assert that "Sélectionner un compte" is visible RUNNING
14:38:06.393 [ INFO] maestro.cli.runner.CliConsoleListener.onCommandFinished: Assert that "Sélectionner un compte" is visible COMPLETED
14:38:06.393 [ INFO] maestro.cli.runner.CliConsoleListener.onCommandStart: Press back RUNNING
14:38:06.393 [ INFO] maestro.Maestro.backPress: Pressing back
14:38:07.095 [ INFO] maestro.cli.runner.CliConsoleListener.onCommandFinished: Press back COMPLETED
14:38:07.095 [ INFO] maestro.cli.runner.CliConsoleListener.onCommandStart: Assert that "Sélectionner un compte" is not visible RUNNING
14:38:07.733 [ INFO] maestro.cli.runner.CliConsoleListener.onCommandFinished: Assert that "Sélectionner un compte" is not visible COMPLETED
14:38:07.733 [ INFO] maestro.cli.runner.CliConsoleListener.onCommandStart: Scrolling DOWN until "Salaire" is visible with speed 40, visibility percentage 100%, timeout 20000 ms, with centering disabled RUNNING
14:38:07.842 [ INFO] maestro.orchestra.Orchestra.scrollUntilVisible: Scrolling try count: 0, DeviceWidth: 1080, DeviceWidth: 2400
14:38:07.842 [ INFO] maestro.orchestra.Orchestra.scrollUntilVisible: Element bounds: Bounds(x=238, y=1403, width=127, height=49)
14:38:07.842 [ INFO] maestro.orchestra.Orchestra.scrollUntilVisible: Visibility Percent: 1.0
14:38:07.842 [ INFO] maestro.orchestra.Orchestra.scrollUntilVisible: Command centerElement: ScrollUntilVisibleCommand(selector=ElementSelector(textRegex=Salaire, idRegex=null, size=null, below=null, above=null, leftOf=null, rightOf=null, containsChild=null, containsDescendants=null, traits=null, index=null, enabled=null, optional=false, selected=null, checked=null, focused=null, childOf=null, css=null), direction=DOWN, scrollDuration=601, visibilityPercentage=100, timeout=20000, waitToSettleTimeoutMs=null, centerElement=false, originalSpeedValue=40, label=null, optional=false).centerElement
14:38:07.842 [ INFO] maestro.orchestra.Orchestra.scrollUntilVisible: visibilityPercentageNormalized: 1.0
14:38:07.842 [ INFO] maestro.cli.runner.CliConsoleListener.onCommandFinished: Scrolling DOWN until "Salaire" is visible with speed 40, visibility percentage 100%, timeout 20000 ms, with centering disabled COMPLETED
14:38:07.842 [ INFO] maestro.cli.runner.CliConsoleListener.onCommandStart: Run console.log("TC-100-1 : CA-08 vérifié — compte et catégorie ouvrent toujours leur feuille")
 RUNNING
14:38:07.842 [ INFO] maestro.cli.runner.CliConsoleListener.onCommandFinished: Run console.log("TC-100-1 : CA-08 vérifié — compte et catégorie ouvrent toujours leur feuille")
 COMPLETED
