12:30:53.693 [ INFO] maestro.cli.runner.CliConsoleListener.onCommandStart: Define variables RUNNING
12:30:53.703 [ INFO] maestro.cli.runner.CliConsoleListener.onCommandFinished: Define variables COMPLETED
12:30:53.707 [ INFO] maestro.cli.runner.CliConsoleListener.onCommandStart: Apply configuration RUNNING
12:30:53.707 [ INFO] maestro.cli.runner.CliConsoleListener.onCommandFinished: Apply configuration COMPLETED
12:30:53.708 [ INFO] maestro.cli.runner.CliConsoleListener.onCommandStart: Run ../../.maestro/subflows/bootstrap_monthly.yaml RUNNING
12:30:53.709 [ INFO] maestro.cli.runner.CliConsoleListener.onCommandStart: Apply configuration RUNNING
12:30:53.709 [ INFO] maestro.cli.runner.CliConsoleListener.onCommandFinished: Apply configuration COMPLETED
12:30:53.712 [ INFO] maestro.cli.runner.CliConsoleListener.onCommandStart: Run ../../scripts/dates.js RUNNING
12:30:55.551 [ INFO] maestro.orchestra.Orchestra.executeCommands$lambda$23$lambda$21: JsConsole: Maestro Dates Initialized: Prev=août / Août / 08 (2026)
12:30:55.554 [ INFO] maestro.orchestra.Orchestra.executeCommands$lambda$23$lambda$21: JsConsole: Maestro Dates Initialized: Curr=septembre / Sept. / 09 (2026)
12:30:55.556 [ INFO] maestro.orchestra.Orchestra.executeCommands$lambda$23$lambda$21: JsConsole: Maestro Dates Initialized: Next=octobre / Oct. / 10 (2026)
12:30:55.558 [ INFO] maestro.cli.runner.CliConsoleListener.onCommandFinished: Run ../../scripts/dates.js COMPLETED
12:30:55.558 [ INFO] maestro.cli.runner.CliConsoleListener.onCommandStart: Launch app "com.lop.budget" with clear state RUNNING
12:30:55.562 [ INFO] maestro.Maestro.clearAppState$lambda$8: Clearing app state com.lop.budget
12:30:58.499 [ INFO] maestro.Maestro.launchApp$lambda$5: Launching app com.lop.budget
12:30:58.499 [ INFO] maestro.Maestro.launchApp$lambda$5: Stopping com.lop.budget app during launch
12:30:58.892 [ INFO] maestro.cli.runner.CliConsoleListener.onCommandFinished: Launch app "com.lop.budget" with clear state COMPLETED
12:30:58.893 [ INFO] maestro.cli.runner.CliConsoleListener.onCommandStart: Run open_monthly_history.yaml RUNNING
12:30:58.896 [ INFO] maestro.cli.runner.CliConsoleListener.onCommandStart: Apply configuration RUNNING
12:30:58.896 [ INFO] maestro.cli.runner.CliConsoleListener.onCommandFinished: Apply configuration COMPLETED
12:30:58.897 [ INFO] maestro.cli.runner.CliConsoleListener.onCommandStart: Run flow when id: screen.monthly is not visible RUNNING
12:31:00.818 [ INFO] maestro.cli.runner.CliConsoleListener.onCommandStart: Scrolling DOWN until id: recent_transactions_see_all is visible with speed 40, visibility percentage 100%, timeout 20000 ms, with centering enabled RUNNING
12:31:03.276 [ WARN] maestro.orchestra.Orchestra.scrollUntilVisible: Error: maestro.MaestroException$ElementNotFound: Element not found: Id matching regex: recent_transactions_see_all
12:31:03.338 [ INFO] maestro.Maestro.swipeFromCenter: Swiping UP from center
12:31:10.149 [ INFO] maestro.orchestra.Orchestra.scrollUntilVisible: Scrolling try count: 0, DeviceWidth: 1080, DeviceWidth: 2400
12:31:10.158 [ INFO] maestro.orchestra.Orchestra.scrollUntilVisible: Element bounds: Bounds(x=763, y=2033, width=243, height=126)
12:31:10.159 [ INFO] maestro.orchestra.Orchestra.scrollUntilVisible: Visibility Percent: 1.0
12:31:10.206 [ INFO] maestro.orchestra.Orchestra.scrollUntilVisible: Command centerElement: ScrollUntilVisibleCommand(selector=ElementSelector(textRegex=null, idRegex=recent_transactions_see_all, size=null, below=null, above=null, leftOf=null, rightOf=null, containsChild=null, containsDescendants=null, traits=null, index=null, enabled=null, optional=false, selected=null, checked=null, focused=null, childOf=null, css=null), direction=DOWN, scrollDuration=601, visibilityPercentage=100, timeout=20000, waitToSettleTimeoutMs=null, centerElement=true, originalSpeedValue=40, label=null, optional=false).centerElement
12:31:10.209 [ INFO] maestro.orchestra.Orchestra.scrollUntilVisible: visibilityPercentageNormalized: 1.0
12:31:10.288 [ INFO] maestro.Maestro.swipeFromCenter: Swiping UP from center
12:31:12.595 [ INFO] maestro.orchestra.Orchestra.scrollUntilVisible: Scrolling try count: 1, DeviceWidth: 1080, DeviceWidth: 2400
12:31:12.595 [ INFO] maestro.orchestra.Orchestra.scrollUntilVisible: Element bounds: Bounds(x=763, y=1304, width=243, height=126)
12:31:12.595 [ INFO] maestro.orchestra.Orchestra.scrollUntilVisible: Visibility Percent: 1.0
12:31:12.596 [ INFO] maestro.orchestra.Orchestra.scrollUntilVisible: Command centerElement: ScrollUntilVisibleCommand(selector=ElementSelector(textRegex=null, idRegex=recent_transactions_see_all, size=null, below=null, above=null, leftOf=null, rightOf=null, containsChild=null, containsDescendants=null, traits=null, index=null, enabled=null, optional=false, selected=null, checked=null, focused=null, childOf=null, css=null), direction=DOWN, scrollDuration=601, visibilityPercentage=100, timeout=20000, waitToSettleTimeoutMs=null, centerElement=true, originalSpeedValue=40, label=null, optional=false).centerElement
12:31:12.596 [ INFO] maestro.orchestra.Orchestra.scrollUntilVisible: visibilityPercentageNormalized: 1.0
12:31:12.596 [ INFO] maestro.cli.runner.CliConsoleListener.onCommandFinished: Scrolling DOWN until id: recent_transactions_see_all is visible with speed 40, visibility percentage 100%, timeout 20000 ms, with centering enabled COMPLETED
12:31:12.601 [ INFO] maestro.cli.runner.CliConsoleListener.onCommandStart: Tap on id: recent_transactions_see_all RUNNING
12:31:12.871 [ INFO] maestro.Maestro.tap-HgV9Ck0: Tapping on element:  UiElement(treeNode=TreeNode(attributes={text=, accessibilityText=, hintText=, ignoreBoundsFiltering=false, resource-id=recent_transactions_see_all, clickable=true, bounds=[763,1304][1006,1430], enabled=true, focused=false, checked=false, scrollable=false, selected=false, class=android.view.View, important-for-accessibility=true, error=}, children=[TreeNode(attributes={text=Voir tout, accessibilityText=, hintText=, ignoreBoundsFiltering=false, resource-id=, clickable=false, bounds=[795,1340][932,1393], enabled=true, focused=false, checked=false, scrollable=false, selected=false, class=android.widget.TextView, important-for-accessibility=true, error=}, children=[], clickable=false, enabled=true, focused=false, checked=false, selected=false), TreeNode(attributes={text=, accessibilityText=, hintText=, ignoreBoundsFiltering=false, resource-id=, clickable=false, bounds=[763,1314][1006,1419], enabled=true, focused=false, checked=false, scrollable=false, selected=false, class=android.widget.Button, important-for-accessibility=true, error=}, children=[], clickable=false, enabled=true, focused=false, checked=false, selected=false)], clickable=true, enabled=true, focused=false, checked=false, selected=false), bounds=Bounds(x=763, y=1304, width=243, height=126))
12:31:14.384 [ INFO] maestro.Maestro.tap-HgV9Ck0: Tap aimed via settled hierarchy
12:31:14.390 [ INFO] maestro.Maestro.hierarchyBasedTap-ogj28Uc: Tapping at (884, 1367) using hierarchy based logic for wait
12:31:16.803 [ INFO] maestro.Maestro.hierarchyBasedTap-ogj28Uc: Something has changed in the UI judging by view hierarchy. Proceed.
12:31:16.804 [ INFO] maestro.cli.runner.CliConsoleListener.onCommandFinished: Tap on id: recent_transactions_see_all COMPLETED
12:31:16.804 [ INFO] maestro.cli.runner.CliConsoleListener.onCommandStart: Assert that id: screen.monthly is visible RUNNING
12:31:17.092 [ INFO] maestro.cli.runner.CliConsoleListener.onCommandFinished: Assert that id: screen.monthly is visible COMPLETED
12:31:17.093 [ INFO] maestro.cli.runner.CliConsoleListener.onCommandFinished: Run flow when id: screen.monthly is not visible COMPLETED
12:31:17.093 [ INFO] maestro.cli.runner.CliConsoleListener.onCommandStart: Wait for animation to end within 5000 ms RUNNING
12:31:17.097 [ INFO] maestro.Maestro.waitForAnimationToEnd$lambda$53: Waiting for animation to end with timeout 5000
12:31:17.104 [TRACE] maestro.utils.ScreenshotUtils.takeScreenshot: Taking screenshot to byte array
12:31:17.104 [TRACE] maestro.utils.ScreenshotUtils.takeScreenshot: Taking screenshot to output sink
12:31:18.792 [TRACE] maestro.utils.ScreenshotUtils.takeScreenshot: Taking screenshot to byte array
12:31:18.793 [TRACE] maestro.utils.ScreenshotUtils.takeScreenshot: Taking screenshot to output sink
12:31:21.388 [ INFO] maestro.cli.runner.CliConsoleListener.onCommandFinished: Wait for animation to end within 5000 ms COMPLETED
12:31:21.388 [ INFO] maestro.cli.runner.CliConsoleListener.onCommandFinished: Run open_monthly_history.yaml COMPLETED
12:31:21.388 [ INFO] maestro.cli.runner.CliConsoleListener.onCommandFinished: Run ../../.maestro/subflows/bootstrap_monthly.yaml COMPLETED
12:31:21.389 [ INFO] maestro.cli.runner.CliConsoleListener.onCommandStart: Run console.log("SINGLE : prefill occurrence, récurrence masquée, effet limité au mois courant")
 RUNNING
12:31:21.389 [ INFO] maestro.cli.runner.CliConsoleListener.onCommandFinished: Run console.log("SINGLE : prefill occurrence, récurrence masquée, effet limité au mois courant")
 COMPLETED
12:31:21.389 [ INFO] maestro.cli.runner.CliConsoleListener.onCommandStart: Run ../../.maestro/subflows/navigate_to_edit.yaml RUNNING
12:31:21.390 [ INFO] maestro.cli.runner.CliConsoleListener.onCommandStart: Define variables RUNNING
12:31:21.390 [ INFO] maestro.cli.runner.CliConsoleListener.onCommandFinished: Define variables COMPLETED
12:31:21.391 [ INFO] maestro.cli.runner.CliConsoleListener.onCommandStart: Apply configuration RUNNING
12:31:21.391 [ INFO] maestro.cli.runner.CliConsoleListener.onCommandFinished: Apply configuration COMPLETED
12:31:21.391 [ INFO] maestro.cli.runner.CliConsoleListener.onCommandStart: Tap on "${transactionName}" RUNNING
12:31:21.688 [ INFO] maestro.Maestro.tap-HgV9Ck0: Tapping on element:  UiElement(treeNode=TreeNode(attributes={text=Loyer, accessibilityText=, hintText=, ignoreBoundsFiltering=false, resource-id=transaction.item.title, clickable=false, bounds=[238,1171][341,1220], enabled=true, focused=false, checked=false, scrollable=false, selected=false, class=android.widget.TextView, important-for-accessibility=true, error=}, children=[], clickable=false, enabled=true, focused=false, checked=false, selected=false), bounds=Bounds(x=238, y=1171, width=103, height=49))
12:31:23.103 [ INFO] maestro.Maestro.tap-HgV9Ck0: Tap aimed via settled hierarchy
12:31:23.105 [ INFO] maestro.Maestro.hierarchyBasedTap-ogj28Uc: Tapping at (289, 1195) using hierarchy based logic for wait
12:31:24.424 [ INFO] maestro.Maestro.hierarchyBasedTap-ogj28Uc: Something has changed in the UI judging by view hierarchy. Proceed.
12:31:24.425 [ INFO] maestro.cli.runner.CliConsoleListener.onCommandFinished: Tap on "${transactionName}" COMPLETED
12:31:24.425 [ INFO] maestro.cli.runner.CliConsoleListener.onCommandStart: Assert that id: screen.transaction.detail is visible RUNNING
12:31:24.684 [ INFO] maestro.cli.runner.CliConsoleListener.onCommandFinished: Assert that id: screen.transaction.detail is visible COMPLETED
12:31:24.684 [ INFO] maestro.cli.runner.CliConsoleListener.onCommandStart: Tap on id: transaction.detail.edit RUNNING
12:31:25.037 [ INFO] maestro.Maestro.tap-HgV9Ck0: Tapping on element:  UiElement(treeNode=TreeNode(attributes={text=, accessibilityText=, hintText=, ignoreBoundsFiltering=false, resource-id=transaction.detail.edit, clickable=true, bounds=[775,339][901,465], enabled=true, focused=false, checked=false, scrollable=false, selected=false, class=android.view.View, important-for-accessibility=true, error=}, children=[TreeNode(attributes={text=, accessibilityText=Modifier, hintText=, ignoreBoundsFiltering=false, resource-id=, clickable=false, bounds=[806,370][869,433], enabled=true, focused=false, checked=false, scrollable=false, selected=false, class=android.view.View, important-for-accessibility=true, error=}, children=[], clickable=false, enabled=true, focused=false, checked=false, selected=false)], clickable=true, enabled=true, focused=false, checked=false, selected=false), bounds=Bounds(x=775, y=339, width=126, height=126))
12:31:26.326 [ INFO] maestro.Maestro.tap-HgV9Ck0: Tap aimed via settled hierarchy
12:31:26.327 [ INFO] maestro.Maestro.hierarchyBasedTap-ogj28Uc: Tapping at (838, 402) using hierarchy based logic for wait
12:31:28.396 [ INFO] maestro.Maestro.hierarchyBasedTap-ogj28Uc: Something has changed in the UI judging by view hierarchy. Proceed.
12:31:28.397 [ INFO] maestro.cli.runner.CliConsoleListener.onCommandFinished: Tap on id: transaction.detail.edit COMPLETED
12:31:28.397 [ INFO] maestro.cli.runner.CliConsoleListener.onCommandStart: Assert that "Modifier la transaction ?" is visible RUNNING
12:31:28.693 [ INFO] maestro.cli.runner.CliConsoleListener.onCommandFinished: Assert that "Modifier la transaction ?" is visible COMPLETED
12:31:28.694 [ INFO] maestro.cli.runner.CliConsoleListener.onCommandStart: Tap on "${scopeSelection}" RUNNING
12:31:28.837 [ INFO] maestro.Maestro.tap-HgV9Ck0: Tapping on element:  UiElement(treeNode=TreeNode(attributes={text=Cette occurrence uniquement, accessibilityText=, hintText=, ignoreBoundsFiltering=false, resource-id=, clickable=false, bounds=[180,1437][736,1486], enabled=true, focused=false, checked=false, scrollable=false, selected=false, class=android.widget.TextView, important-for-accessibility=true, error=}, children=[], clickable=false, enabled=true, focused=false, checked=false, selected=false), bounds=Bounds(x=180, y=1437, width=556, height=49))
12:31:30.098 [ INFO] maestro.Maestro.tap-HgV9Ck0: Tap aimed via settled hierarchy
12:31:30.099 [ INFO] maestro.Maestro.hierarchyBasedTap-ogj28Uc: Tapping at (458, 1461) using hierarchy based logic for wait
12:31:32.728 [ INFO] maestro.Maestro.hierarchyBasedTap-ogj28Uc: Something has changed in the UI judging by view hierarchy. Proceed.
12:31:32.728 [ INFO] maestro.cli.runner.CliConsoleListener.onCommandFinished: Tap on "${scopeSelection}" COMPLETED
12:31:32.728 [ INFO] maestro.cli.runner.CliConsoleListener.onCommandStart: Assert that id: common.btn.save is visible RUNNING
12:31:32.868 [ INFO] maestro.cli.runner.CliConsoleListener.onCommandFinished: Assert that id: common.btn.save is visible COMPLETED
12:31:32.868 [ INFO] maestro.cli.runner.CliConsoleListener.onCommandFinished: Run ../../.maestro/subflows/navigate_to_edit.yaml COMPLETED
12:31:32.868 [ INFO] maestro.cli.runner.CliConsoleListener.onCommandStart: Run ../../.maestro/subflows/assert_edit_form_prefilled.yaml RUNNING
12:31:32.872 [ INFO] maestro.cli.runner.CliConsoleListener.onCommandStart: Define variables RUNNING
12:31:32.872 [ INFO] maestro.cli.runner.CliConsoleListener.onCommandFinished: Define variables COMPLETED
12:31:32.873 [ INFO] maestro.cli.runner.CliConsoleListener.onCommandStart: Apply configuration RUNNING
12:31:32.873 [ INFO] maestro.cli.runner.CliConsoleListener.onCommandFinished: Apply configuration COMPLETED
12:31:32.875 [ INFO] maestro.cli.runner.CliConsoleListener.onCommandStart: Assert that "${title}", id: transaction.edit.field.title is visible RUNNING
12:31:33.126 [ INFO] maestro.cli.runner.CliConsoleListener.onCommandFinished: Assert that "${title}", id: transaction.edit.field.title is visible COMPLETED
12:31:33.127 [ INFO] maestro.cli.runner.CliConsoleListener.onCommandStart: Assert that "${amount}", id: transaction.edit.field.amount is visible RUNNING
12:31:33.463 [ INFO] maestro.cli.runner.CliConsoleListener.onCommandFinished: Assert that "${amount}", id: transaction.edit.field.amount is visible COMPLETED
12:31:33.464 [ INFO] maestro.cli.runner.CliConsoleListener.onCommandStart: Assert that "${type || "Dépense ✅"}" is visible RUNNING
12:31:33.873 [ INFO] maestro.cli.runner.CliConsoleListener.onCommandFinished: Assert that "${type || "Dépense ✅"}" is visible COMPLETED
12:31:33.874 [ INFO] maestro.cli.runner.CliConsoleListener.onCommandStart: Assert that "${category}" is visible RUNNING
12:31:34.173 [ INFO] maestro.cli.runner.CliConsoleListener.onCommandFinished: Assert that "${category}" is visible COMPLETED
12:31:34.176 [ INFO] maestro.cli.runner.CliConsoleListener.onCommandStart: Assert that "${account}" is visible RUNNING
12:31:34.622 [ INFO] maestro.cli.runner.CliConsoleListener.onCommandFinished: Assert that "${account}" is visible COMPLETED
12:31:34.623 [ INFO] maestro.cli.runner.CliConsoleListener.onCommandFinished: Run ../../.maestro/subflows/assert_edit_form_prefilled.yaml COMPLETED
12:31:34.625 [ INFO] maestro.cli.runner.CliConsoleListener.onCommandStart: Repeat 3 times RUNNING
12:31:34.627 [ INFO] maestro.cli.runner.CliConsoleListener.onCommandStart: Scroll vertically RUNNING
12:31:34.628 [ INFO] maestro.Maestro.scrollVertical: Scrolling vertically
12:31:35.907 [ INFO] maestro.cli.runner.CliConsoleListener.onCommandFinished: Scroll vertically COMPLETED
12:31:35.907 [ INFO] maestro.cli.runner.CliConsoleListener.onCommandReset: Scroll vertically PENDING
12:31:35.907 [ INFO] maestro.cli.runner.CliConsoleListener.onCommandStart: Scroll vertically RUNNING
12:31:35.908 [ INFO] maestro.Maestro.scrollVertical: Scrolling vertically
12:31:37.383 [ INFO] maestro.cli.runner.CliConsoleListener.onCommandFinished: Scroll vertically COMPLETED
12:31:37.384 [ INFO] maestro.cli.runner.CliConsoleListener.onCommandReset: Scroll vertically PENDING
12:31:37.385 [ INFO] maestro.cli.runner.CliConsoleListener.onCommandStart: Scroll vertically RUNNING
12:31:37.386 [ INFO] maestro.Maestro.scrollVertical: Scrolling vertically
12:31:38.857 [ INFO] maestro.cli.runner.CliConsoleListener.onCommandFinished: Scroll vertically COMPLETED
12:31:38.858 [ INFO] maestro.cli.runner.CliConsoleListener.onCommandFinished: Repeat 3 times COMPLETED
12:31:38.858 [ INFO] maestro.cli.runner.CliConsoleListener.onCommandStart: Assert that id: transaction.edit.block.recurrence is not visible RUNNING
12:31:39.499 [ INFO] maestro.cli.runner.CliConsoleListener.onCommandFinished: Assert that id: transaction.edit.block.recurrence is not visible COMPLETED
12:31:39.500 [ INFO] maestro.cli.runner.CliConsoleListener.onCommandStart: Scrolling UP until id: transaction.edit.field.title is visible with speed 40, visibility percentage 100%, timeout 20000 ms, with centering disabled RUNNING
12:31:40.707 [ WARN] maestro.orchestra.Orchestra.scrollUntilVisible: Error: maestro.MaestroException$ElementNotFound: Element not found: Id matching regex: transaction.edit.field.title
12:31:40.731 [ INFO] maestro.Maestro.swipeFromCenter: Swiping DOWN from center
12:31:43.278 [ INFO] maestro.orchestra.Orchestra.scrollUntilVisible: Scrolling try count: 0, DeviceWidth: 1080, DeviceWidth: 2400
12:31:43.278 [ INFO] maestro.orchestra.Orchestra.scrollUntilVisible: Element bounds: Bounds(x=100, y=616, width=880, height=147)
12:31:43.278 [ INFO] maestro.orchestra.Orchestra.scrollUntilVisible: Visibility Percent: 1.0
12:31:43.278 [ INFO] maestro.orchestra.Orchestra.scrollUntilVisible: Command centerElement: ScrollUntilVisibleCommand(selector=ElementSelector(textRegex=null, idRegex=transaction.edit.field.title, size=null, below=null, above=null, leftOf=null, rightOf=null, containsChild=null, containsDescendants=null, traits=null, index=null, enabled=null, optional=false, selected=null, checked=null, focused=null, childOf=null, css=null), direction=UP, scrollDuration=601, visibilityPercentage=100, timeout=20000, waitToSettleTimeoutMs=null, centerElement=false, originalSpeedValue=40, label=null, optional=false).centerElement
12:31:43.280 [ INFO] maestro.orchestra.Orchestra.scrollUntilVisible: visibilityPercentageNormalized: 1.0
12:31:43.280 [ INFO] maestro.cli.runner.CliConsoleListener.onCommandFinished: Scrolling UP until id: transaction.edit.field.title is visible with speed 40, visibility percentage 100%, timeout 20000 ms, with centering disabled COMPLETED
12:31:43.280 [ INFO] maestro.cli.runner.CliConsoleListener.onCommandStart: Run ../../.maestro/subflows/update_amount.yaml RUNNING
12:31:43.282 [ INFO] maestro.cli.runner.CliConsoleListener.onCommandStart: Define variables RUNNING
12:31:43.282 [ INFO] maestro.cli.runner.CliConsoleListener.onCommandFinished: Define variables COMPLETED
12:31:43.282 [ INFO] maestro.cli.runner.CliConsoleListener.onCommandStart: Apply configuration RUNNING
12:31:43.282 [ INFO] maestro.cli.runner.CliConsoleListener.onCommandFinished: Apply configuration COMPLETED
12:31:43.282 [ INFO] maestro.cli.runner.CliConsoleListener.onCommandStart: Run clear_text_field.yaml RUNNING
12:31:43.284 [ INFO] maestro.cli.runner.CliConsoleListener.onCommandStart: Define variables RUNNING
12:31:43.291 [ INFO] maestro.cli.runner.CliConsoleListener.onCommandFinished: Define variables COMPLETED
12:31:43.291 [ INFO] maestro.cli.runner.CliConsoleListener.onCommandStart: Apply configuration RUNNING
12:31:43.292 [ INFO] maestro.cli.runner.CliConsoleListener.onCommandFinished: Apply configuration COMPLETED
12:31:43.292 [ INFO] maestro.cli.runner.CliConsoleListener.onCommandStart: Tap on id: ${target_id} RUNNING
12:31:43.405 [ INFO] maestro.Maestro.tap-HgV9Ck0: Tapping on element:  UiElement(treeNode=TreeNode(attributes={text=Loyer, accessibilityText=, hintText=, ignoreBoundsFiltering=false, resource-id=transaction.edit.field.title, clickable=true, bounds=[100,616][980,763], enabled=true, focused=false, checked=false, scrollable=false, selected=false, class=android.widget.EditText, important-for-accessibility=true, error=}, children=[TreeNode(attributes={text=, accessibilityText=, hintText=, ignoreBoundsFiltering=false, resource-id=, clickable=false, bounds=[100,616][980,763], enabled=true, focused=false, checked=false, scrollable=false, selected=false, class=android.view.View, important-for-accessibility=false, error=}, children=[], clickable=false, enabled=true, focused=false, checked=false, selected=false), TreeNode(attributes={text=, accessibilityText=, hintText=, ignoreBoundsFiltering=false, resource-id=, clickable=false, bounds=[142,627][938,753], enabled=true, focused=false, checked=false, scrollable=false, selected=false, class=android.view.View, important-for-accessibility=false, error=}, children=[], clickable=false, enabled=true, focused=false, checked=false, selected=false)], clickable=true, enabled=true, focused=false, checked=false, selected=false), bounds=Bounds(x=100, y=616, width=880, height=147))
12:31:44.753 [ INFO] maestro.Maestro.tap-HgV9Ck0: Tap aimed via settled hierarchy
12:31:44.754 [ INFO] maestro.Maestro.hierarchyBasedTap-ogj28Uc: Tapping at (540, 689) using hierarchy based logic for wait
12:31:47.755 [ INFO] maestro.Maestro.hierarchyBasedTap-ogj28Uc: Something has changed in the UI judging by view hierarchy. Proceed.
12:31:47.755 [ INFO] maestro.cli.runner.CliConsoleListener.onCommandFinished: Tap on id: ${target_id} COMPLETED
12:31:47.755 [ INFO] maestro.cli.runner.CliConsoleListener.onCommandStart: Long press on id: ${target_id} RUNNING
12:31:48.389 [ INFO] maestro.Maestro.tap-HgV9Ck0: Tapping on element:  UiElement(treeNode=TreeNode(attributes={text=Loyer, accessibilityText=, hintText=, ignoreBoundsFiltering=false, resource-id=transaction.edit.field.title, clickable=true, bounds=[100,616][980,763], enabled=true, focused=true, checked=false, scrollable=false, selected=false, class=android.widget.EditText, important-for-accessibility=true, error=}, children=[TreeNode(attributes={text=, accessibilityText=, hintText=, ignoreBoundsFiltering=false, resource-id=, clickable=false, bounds=[100,616][980,763], enabled=true, focused=false, checked=false, scrollable=false, selected=false, class=android.view.View, important-for-accessibility=false, error=}, children=[], clickable=false, enabled=true, focused=false, checked=false, selected=false), TreeNode(attributes={text=, accessibilityText=, hintText=, ignoreBoundsFiltering=false, resource-id=, clickable=false, bounds=[142,665][938,714], enabled=true, focused=false, checked=false, scrollable=false, selected=false, class=android.view.View, important-for-accessibility=false, error=}, children=[], clickable=false, enabled=true, focused=false, checked=false, selected=false)], clickable=true, enabled=true, focused=true, checked=false, selected=false), bounds=Bounds(x=100, y=616, width=880, height=147))
12:31:51.619 [ INFO] maestro.Maestro.tap-HgV9Ck0: Tap aimed via settled hierarchy
12:31:51.621 [ INFO] maestro.Maestro.hierarchyBasedTap-ogj28Uc: Tapping at (540, 689) using hierarchy based logic for wait
12:31:57.426 [ INFO] maestro.Maestro.hierarchyBasedTap-ogj28Uc: Something has changed in the UI judging by view hierarchy. Proceed.
12:31:57.426 [ INFO] maestro.cli.runner.CliConsoleListener.onCommandFinished: Long press on id: ${target_id} COMPLETED
12:31:57.426 [ INFO] maestro.cli.runner.CliConsoleListener.onCommandStart: Assert that (Optional) "Tout sélectionner|Select all" is visible RUNNING
12:31:58.348 [ INFO] maestro.cli.runner.CliConsoleListener.onCommandFinished: Assert that (Optional) "Tout sélectionner|Select all" is visible COMPLETED
12:31:58.349 [ INFO] maestro.cli.runner.CliConsoleListener.onCommandStart: Run flow when "Tout sélectionner|Select all" is not visible RUNNING
12:32:04.486 [ INFO] maestro.orchestra.Orchestra.executeSubflowCommands: [Command execution subflow] CommandSkipped: null
12:32:04.487 [ INFO] maestro.cli.runner.CliConsoleListener.onCommandFinished: Run flow when "Tout sélectionner|Select all" is not visible SKIPPED
12:32:04.487 [ INFO] maestro.cli.runner.CliConsoleListener.onCommandStart: Tap on "Tout sélectionner|Select all" RUNNING
12:32:04.656 [ INFO] maestro.Maestro.tap-HgV9Ck0: Tapping on element:  UiElement(treeNode=TreeNode(attributes={text=Select all, accessibilityText=, hintText=, ignoreBoundsFiltering=false, resource-id=android:id/floating_toolbar_menu_item_text, clickable=false, bounds=[85,518][234,644], enabled=true, focused=false, checked=false, scrollable=false, selected=false, class=android.widget.TextView, important-for-accessibility=false, error=}, children=[], clickable=false, enabled=true, focused=false, checked=false, selected=false), bounds=Bounds(x=85, y=518, width=149, height=126))
12:32:05.973 [ INFO] maestro.Maestro.tap-HgV9Ck0: Tap aimed via settled hierarchy
12:32:05.974 [ INFO] maestro.Maestro.hierarchyBasedTap-ogj28Uc: Tapping at (159, 581) using hierarchy based logic for wait
12:32:08.799 [ INFO] maestro.Maestro.hierarchyBasedTap-ogj28Uc: Something has changed in the UI judging by view hierarchy. Proceed.
12:32:08.800 [ INFO] maestro.cli.runner.CliConsoleListener.onCommandFinished: Tap on "Tout sélectionner|Select all" COMPLETED
12:32:08.800 [ INFO] maestro.cli.runner.CliConsoleListener.onCommandStart: Erase 1 characters RUNNING
12:32:08.802 [ INFO] maestro.Maestro.eraseText$lambda$52: Erasing 1 characters
12:32:10.010 [ INFO] maestro.cli.runner.CliConsoleListener.onCommandFinished: Erase 1 characters COMPLETED
12:32:10.011 [ INFO] maestro.cli.runner.CliConsoleListener.onCommandFinished: Run clear_text_field.yaml COMPLETED
12:32:10.011 [ INFO] maestro.cli.runner.CliConsoleListener.onCommandStart: Input text ${new_value} RUNNING
12:32:10.015 [ INFO] maestro.Maestro.inputText: Inputting text: Loyer updated
12:32:14.689 [ INFO] maestro.cli.runner.CliConsoleListener.onCommandFinished: Input text ${new_value} COMPLETED
12:32:14.689 [ INFO] maestro.cli.runner.CliConsoleListener.onCommandStart: Hide Keyboard RUNNING
12:32:14.692 [ INFO] maestro.Maestro.hideKeyboard$lambda$12: Hiding Keyboard
12:32:15.782 [ INFO] maestro.cli.runner.CliConsoleListener.onCommandFinished: Hide Keyboard COMPLETED
12:32:15.782 [ INFO] maestro.cli.runner.CliConsoleListener.onCommandStart: Tap on id: common.btn.save RUNNING
12:32:15.878 [ INFO] maestro.Maestro.tap-HgV9Ck0: Tapping on element:  UiElement(treeNode=TreeNode(attributes={text=, accessibilityText=, hintText=, ignoreBoundsFiltering=false, resource-id=common.btn.save, clickable=true, bounds=[53,2200][1027,2347], enabled=true, focused=false, checked=false, scrollable=false, selected=false, class=android.view.View, important-for-accessibility=true, error=}, children=[TreeNode(attributes={text=Enregistrer, accessibilityText=, hintText=, ignoreBoundsFiltering=false, resource-id=, clickable=false, bounds=[452,2247][629,2300], enabled=true, focused=false, checked=false, scrollable=false, selected=false, class=android.widget.TextView, important-for-accessibility=true, error=}, children=[], clickable=false, enabled=true, focused=false, checked=false, selected=false), TreeNode(attributes={text=, accessibilityText=, hintText=, ignoreBoundsFiltering=false, resource-id=, clickable=false, bounds=[53,2200][1027,2347], enabled=true, focused=false, checked=false, scrollable=false, selected=false, class=android.widget.Button, important-for-accessibility=true, error=}, children=[], clickable=false, enabled=true, focused=false, checked=false, selected=false)], clickable=true, enabled=true, focused=false, checked=false, selected=false), bounds=Bounds(x=53, y=2200, width=974, height=147))
12:32:17.122 [ INFO] maestro.Maestro.tap-HgV9Ck0: Tap aimed via settled hierarchy
12:32:17.123 [ INFO] maestro.Maestro.hierarchyBasedTap-ogj28Uc: Tapping at (540, 2273) using hierarchy based logic for wait
12:32:18.514 [ INFO] maestro.Maestro.hierarchyBasedTap-ogj28Uc: Something has changed in the UI judging by view hierarchy. Proceed.
12:32:18.514 [ INFO] maestro.cli.runner.CliConsoleListener.onCommandFinished: Tap on id: common.btn.save COMPLETED
12:32:18.514 [ INFO] maestro.cli.runner.CliConsoleListener.onCommandFinished: Run ../../.maestro/subflows/update_amount.yaml COMPLETED
12:32:18.515 [ INFO] maestro.cli.runner.CliConsoleListener.onCommandStart: Assert that id: screen.transaction.detail is visible RUNNING
12:32:18.644 [ INFO] maestro.cli.runner.CliConsoleListener.onCommandFinished: Assert that id: screen.transaction.detail is visible COMPLETED
12:32:18.644 [ INFO] maestro.cli.runner.CliConsoleListener.onCommandStart: Assert that "Loyer updated" is visible RUNNING
12:32:18.763 [ INFO] maestro.cli.runner.CliConsoleListener.onCommandFinished: Assert that "Loyer updated" is visible COMPLETED
12:32:18.763 [ INFO] maestro.cli.runner.CliConsoleListener.onCommandStart: Run ../../.maestro/subflows/change_month.yaml RUNNING
12:32:18.764 [ INFO] maestro.cli.runner.CliConsoleListener.onCommandStart: Define variables RUNNING
12:32:18.769 [ INFO] maestro.cli.runner.CliConsoleListener.onCommandFinished: Define variables COMPLETED
12:32:18.769 [ INFO] maestro.cli.runner.CliConsoleListener.onCommandStart: Apply configuration RUNNING
12:32:18.769 [ INFO] maestro.cli.runner.CliConsoleListener.onCommandFinished: Apply configuration COMPLETED
12:32:18.770 [ INFO] maestro.cli.runner.CliConsoleListener.onCommandStart: Run console.log("Subflow Navigation -> Month: " + month_name + " Year: " + year);
 RUNNING
12:32:18.770 [ INFO] maestro.cli.runner.CliConsoleListener.onCommandFinished: Run console.log("Subflow Navigation -> Month: " + month_name + " Year: " + year);
 COMPLETED
12:32:18.770 [ INFO] maestro.cli.runner.CliConsoleListener.onCommandStart: Repeat while id: home.month.picker is not visible RUNNING
12:32:19.453 [ INFO] maestro.cli.runner.CliConsoleListener.onCommandStart: Tap on id: common.btn.back RUNNING
12:32:19.532 [ INFO] maestro.Maestro.tap-HgV9Ck0: Tapping on element:  UiElement(treeNode=TreeNode(attributes={text=, accessibilityText=, hintText=, ignoreBoundsFiltering=false, resource-id=common.btn.back, clickable=true, bounds=[12,150][138,276], enabled=true, focused=false, checked=false, scrollable=false, selected=false, class=android.view.View, important-for-accessibility=true, error=}, children=[TreeNode(attributes={text=, accessibilityText=Retour, hintText=, ignoreBoundsFiltering=false, resource-id=, clickable=false, bounds=[43,181][106,244], enabled=true, focused=false, checked=false, scrollable=false, selected=false, class=android.view.View, important-for-accessibility=true, error=}, children=[], clickable=false, enabled=true, focused=false, checked=false, selected=false), TreeNode(attributes={text=, accessibilityText=, hintText=, ignoreBoundsFiltering=false, resource-id=, clickable=false, bounds=[22,160][127,265], enabled=true, focused=false, checked=false, scrollable=false, selected=false, class=android.widget.Button, important-for-accessibility=true, error=}, children=[], clickable=false, enabled=true, focused=false, checked=false, selected=false)], clickable=true, enabled=true, focused=false, checked=false, selected=false), bounds=Bounds(x=12, y=150, width=126, height=126))
12:32:20.774 [ INFO] maestro.Maestro.tap-HgV9Ck0: Tap aimed via settled hierarchy
12:32:20.775 [ INFO] maestro.Maestro.hierarchyBasedTap-ogj28Uc: Tapping at (75, 213) using hierarchy based logic for wait
12:32:21.671 [ INFO] maestro.Maestro.hierarchyBasedTap-ogj28Uc: Something has changed in the UI judging by view hierarchy. Proceed.
12:32:21.671 [ INFO] maestro.cli.runner.CliConsoleListener.onCommandFinished: Tap on id: common.btn.back COMPLETED
12:32:22.322 [ INFO] maestro.cli.runner.CliConsoleListener.onCommandReset: Tap on id: common.btn.back PENDING
12:32:22.322 [ INFO] maestro.cli.runner.CliConsoleListener.onCommandStart: Tap on id: common.btn.back RUNNING
12:32:22.434 [ INFO] maestro.Maestro.tap-HgV9Ck0: Tapping on element:  UiElement(treeNode=TreeNode(attributes={text=, accessibilityText=, hintText=, ignoreBoundsFiltering=false, resource-id=common.btn.back, clickable=true, bounds=[12,150][138,276], enabled=true, focused=false, checked=false, scrollable=false, selected=false, class=android.view.View, important-for-accessibility=true, error=}, children=[TreeNode(attributes={text=, accessibilityText=Retour, hintText=, ignoreBoundsFiltering=false, resource-id=, clickable=false, bounds=[43,181][106,244], enabled=true, focused=false, checked=false, scrollable=false, selected=false, class=android.view.View, important-for-accessibility=true, error=}, children=[], clickable=false, enabled=true, focused=false, checked=false, selected=false), TreeNode(attributes={text=, accessibilityText=, hintText=, ignoreBoundsFiltering=false, resource-id=, clickable=false, bounds=[22,160][127,265], enabled=true, focused=false, checked=false, scrollable=false, selected=false, class=android.widget.Button, important-for-accessibility=true, error=}, children=[], clickable=false, enabled=true, focused=false, checked=false, selected=false)], clickable=true, enabled=true, focused=false, checked=false, selected=false), bounds=Bounds(x=12, y=150, width=126, height=126))
12:32:23.690 [ INFO] maestro.Maestro.tap-HgV9Ck0: Tap aimed via settled hierarchy
12:32:23.691 [ INFO] maestro.Maestro.hierarchyBasedTap-ogj28Uc: Tapping at (75, 213) using hierarchy based logic for wait
12:32:24.831 [ INFO] maestro.Maestro.hierarchyBasedTap-ogj28Uc: Something has changed in the UI judging by view hierarchy. Proceed.
12:32:24.831 [ INFO] maestro.cli.runner.CliConsoleListener.onCommandFinished: Tap on id: common.btn.back COMPLETED
12:32:31.862 [ INFO] maestro.cli.runner.CliConsoleListener.onCommandFinished: Repeat while id: home.month.picker is not visible COMPLETED
12:32:31.863 [ INFO] maestro.cli.runner.CliConsoleListener.onCommandStart: Tap on id: home.month.picker RUNNING
12:32:32.093 [ INFO] maestro.Maestro.tap-HgV9Ck0: Tapping on element:  UiElement(treeNode=TreeNode(attributes={text=, accessibilityText=, hintText=, ignoreBoundsFiltering=false, resource-id=home.month.picker, clickable=true, bounds=[53,181][444,307], enabled=true, focused=false, checked=false, scrollable=false, selected=false, class=android.view.View, important-for-accessibility=true, error=}, children=[TreeNode(attributes={text=Septembre 2026, accessibilityText=, hintText=, ignoreBoundsFiltering=false, resource-id=, clickable=false, bounds=[143,217][412,270], enabled=true, focused=false, checked=false, scrollable=false, selected=false, class=android.widget.TextView, important-for-accessibility=true, error=}, children=[], clickable=false, enabled=true, focused=false, checked=false, selected=false)], clickable=true, enabled=true, focused=false, checked=false, selected=false), bounds=Bounds(x=53, y=181, width=391, height=126))
12:32:33.393 [ INFO] maestro.Maestro.tap-HgV9Ck0: Tap aimed via settled hierarchy
12:32:33.393 [ INFO] maestro.Maestro.hierarchyBasedTap-ogj28Uc: Tapping at (248, 244) using hierarchy based logic for wait
12:32:34.971 [ INFO] maestro.Maestro.hierarchyBasedTap-ogj28Uc: Something has changed in the UI judging by view hierarchy. Proceed.
12:32:34.971 [ INFO] maestro.cli.runner.CliConsoleListener.onCommandFinished: Tap on id: home.month.picker COMPLETED
12:32:34.971 [ INFO] maestro.cli.runner.CliConsoleListener.onCommandStart: Run flow when ${year > output.CURRENT_YEAR} is true RUNNING
12:32:34.982 [ INFO] maestro.orchestra.Orchestra.executeSubflowCommands: [Command execution subflow] CommandSkipped: null
12:32:34.982 [ INFO] maestro.cli.runner.CliConsoleListener.onCommandFinished: Run flow when ${year > output.CURRENT_YEAR} is true SKIPPED
12:32:34.982 [ INFO] maestro.cli.runner.CliConsoleListener.onCommandStart: Run flow when ${year < output.CURRENT_YEAR} is true RUNNING
12:32:34.988 [ INFO] maestro.orchestra.Orchestra.executeSubflowCommands: [Command execution subflow] CommandSkipped: null
12:32:34.988 [ INFO] maestro.cli.runner.CliConsoleListener.onCommandFinished: Run flow when ${year < output.CURRENT_YEAR} is true SKIPPED
12:32:34.989 [ INFO] maestro.cli.runner.CliConsoleListener.onCommandStart: Tap on "${month_name}" RUNNING
12:32:35.033 [ INFO] maestro.Maestro.tap-HgV9Ck0: Tapping on element:  UiElement(treeNode=TreeNode(attributes={text=Oct., accessibilityText=, hintText=, ignoreBoundsFiltering=false, resource-id=, clickable=false, bounds=[167,2123][244,2172], enabled=true, focused=false, checked=false, scrollable=false, selected=false, class=android.widget.TextView, important-for-accessibility=true, error=}, children=[], clickable=false, enabled=true, focused=false, checked=false, selected=false), bounds=Bounds(x=167, y=2123, width=77, height=49))
12:32:36.238 [ INFO] maestro.Maestro.tap-HgV9Ck0: Tap aimed via settled hierarchy
12:32:36.239 [ INFO] maestro.Maestro.hierarchyBasedTap-ogj28Uc: Tapping at (205, 2147) using hierarchy based logic for wait
12:32:37.304 [ INFO] maestro.Maestro.hierarchyBasedTap-ogj28Uc: Something has changed in the UI judging by view hierarchy. Proceed.
12:32:37.304 [ INFO] maestro.cli.runner.CliConsoleListener.onCommandFinished: Tap on "${month_name}" COMPLETED
12:32:37.305 [ INFO] maestro.cli.runner.CliConsoleListener.onCommandStart: Run open_monthly_history.yaml RUNNING
12:32:37.305 [ INFO] maestro.cli.runner.CliConsoleListener.onCommandStart: Apply configuration RUNNING
12:32:37.305 [ INFO] maestro.cli.runner.CliConsoleListener.onCommandFinished: Apply configuration COMPLETED
12:32:37.305 [ INFO] maestro.cli.runner.CliConsoleListener.onCommandStart: Run flow when id: screen.monthly is not visible RUNNING
12:32:38.104 [ INFO] maestro.cli.runner.CliConsoleListener.onCommandStart: Scrolling DOWN until id: recent_transactions_see_all is visible with speed 40, visibility percentage 100%, timeout 20000 ms, with centering enabled RUNNING
12:32:38.189 [ INFO] maestro.orchestra.Orchestra.scrollUntilVisible: Scrolling try count: 0, DeviceWidth: 1080, DeviceWidth: 2400
12:32:38.189 [ INFO] maestro.orchestra.Orchestra.scrollUntilVisible: Element bounds: Bounds(x=763, y=1505, width=243, height=126)
12:32:38.189 [ INFO] maestro.orchestra.Orchestra.scrollUntilVisible: Visibility Percent: 1.0
12:32:38.190 [ INFO] maestro.orchestra.Orchestra.scrollUntilVisible: Command centerElement: ScrollUntilVisibleCommand(selector=ElementSelector(textRegex=null, idRegex=recent_transactions_see_all, size=null, below=null, above=null, leftOf=null, rightOf=null, containsChild=null, containsDescendants=null, traits=null, index=null, enabled=null, optional=false, selected=null, checked=null, focused=null, childOf=null, css=null), direction=DOWN, scrollDuration=601, visibilityPercentage=100, timeout=20000, waitToSettleTimeoutMs=null, centerElement=true, originalSpeedValue=40, label=null, optional=false).centerElement
12:32:38.190 [ INFO] maestro.orchestra.Orchestra.scrollUntilVisible: visibilityPercentageNormalized: 1.0
12:32:38.190 [ INFO] maestro.cli.runner.CliConsoleListener.onCommandFinished: Scrolling DOWN until id: recent_transactions_see_all is visible with speed 40, visibility percentage 100%, timeout 20000 ms, with centering enabled COMPLETED
12:32:38.190 [ INFO] maestro.cli.runner.CliConsoleListener.onCommandStart: Tap on id: recent_transactions_see_all RUNNING
12:32:38.273 [ INFO] maestro.Maestro.tap-HgV9Ck0: Tapping on element:  UiElement(treeNode=TreeNode(attributes={text=, accessibilityText=, hintText=, ignoreBoundsFiltering=false, resource-id=recent_transactions_see_all, clickable=true, bounds=[763,1505][1006,1631], enabled=true, focused=false, checked=false, scrollable=false, selected=false, class=android.view.View, important-for-accessibility=true, error=}, children=[TreeNode(attributes={text=Voir tout, accessibilityText=, hintText=, ignoreBoundsFiltering=false, resource-id=, clickable=false, bounds=[795,1541][932,1594], enabled=true, focused=false, checked=false, scrollable=false, selected=false, class=android.widget.TextView, important-for-accessibility=true, error=}, children=[], clickable=false, enabled=true, focused=false, checked=false, selected=false), TreeNode(attributes={text=, accessibilityText=, hintText=, ignoreBoundsFiltering=false, resource-id=, clickable=false, bounds=[763,1515][1006,1620], enabled=true, focused=false, checked=false, scrollable=false, selected=false, class=android.widget.Button, important-for-accessibility=true, error=}, children=[], clickable=false, enabled=true, focused=false, checked=false, selected=false)], clickable=true, enabled=true, focused=false, checked=false, selected=false), bounds=Bounds(x=763, y=1505, width=243, height=126))
12:32:39.565 [ INFO] maestro.Maestro.tap-HgV9Ck0: Tap aimed via settled hierarchy
12:32:39.566 [ INFO] maestro.Maestro.hierarchyBasedTap-ogj28Uc: Tapping at (884, 1568) using hierarchy based logic for wait
12:32:40.578 [ INFO] maestro.Maestro.hierarchyBasedTap-ogj28Uc: Something has changed in the UI judging by view hierarchy. Proceed.
12:32:40.578 [ INFO] maestro.cli.runner.CliConsoleListener.onCommandFinished: Tap on id: recent_transactions_see_all COMPLETED
12:32:40.579 [ INFO] maestro.cli.runner.CliConsoleListener.onCommandStart: Assert that id: screen.monthly is visible RUNNING
12:32:40.696 [ INFO] maestro.cli.runner.CliConsoleListener.onCommandFinished: Assert that id: screen.monthly is visible COMPLETED
12:32:40.696 [ INFO] maestro.cli.runner.CliConsoleListener.onCommandFinished: Run flow when id: screen.monthly is not visible COMPLETED
12:32:40.696 [ INFO] maestro.cli.runner.CliConsoleListener.onCommandStart: Wait for animation to end within 5000 ms RUNNING
12:32:40.697 [ INFO] maestro.Maestro.waitForAnimationToEnd$lambda$53: Waiting for animation to end with timeout 5000
12:32:40.697 [TRACE] maestro.utils.ScreenshotUtils.takeScreenshot: Taking screenshot to byte array
12:32:40.697 [TRACE] maestro.utils.ScreenshotUtils.takeScreenshot: Taking screenshot to output sink
12:32:40.922 [TRACE] maestro.utils.ScreenshotUtils.takeScreenshot: Taking screenshot to byte array
12:32:40.922 [TRACE] maestro.utils.ScreenshotUtils.takeScreenshot: Taking screenshot to output sink
12:32:41.424 [ INFO] maestro.cli.runner.CliConsoleListener.onCommandFinished: Wait for animation to end within 5000 ms COMPLETED
12:32:41.424 [ INFO] maestro.cli.runner.CliConsoleListener.onCommandFinished: Run open_monthly_history.yaml COMPLETED
12:32:41.424 [ INFO] maestro.cli.runner.CliConsoleListener.onCommandFinished: Run ../../.maestro/subflows/change_month.yaml COMPLETED
12:32:41.424 [ INFO] maestro.cli.runner.CliConsoleListener.onCommandStart: Scrolling DOWN until "Loyer" is visible with speed 40, visibility percentage 100%, timeout 20000 ms, with centering disabled RUNNING
12:32:41.477 [ INFO] maestro.orchestra.Orchestra.scrollUntilVisible: Scrolling try count: 0, DeviceWidth: 1080, DeviceWidth: 2400
12:32:41.477 [ INFO] maestro.orchestra.Orchestra.scrollUntilVisible: Element bounds: Bounds(x=238, y=1171, width=103, height=49)
12:32:41.477 [ INFO] maestro.orchestra.Orchestra.scrollUntilVisible: Visibility Percent: 1.0
12:32:41.477 [ INFO] maestro.orchestra.Orchestra.scrollUntilVisible: Command centerElement: ScrollUntilVisibleCommand(selector=ElementSelector(textRegex=Loyer, idRegex=null, size=null, below=null, above=null, leftOf=null, rightOf=null, containsChild=null, containsDescendants=null, traits=null, index=null, enabled=null, optional=false, selected=null, checked=null, focused=null, childOf=null, css=null), direction=DOWN, scrollDuration=601, visibilityPercentage=100, timeout=20000, waitToSettleTimeoutMs=null, centerElement=false, originalSpeedValue=40, label=null, optional=false).centerElement
12:32:41.477 [ INFO] maestro.orchestra.Orchestra.scrollUntilVisible: visibilityPercentageNormalized: 1.0
12:32:41.477 [ INFO] maestro.cli.runner.CliConsoleListener.onCommandFinished: Scrolling DOWN until "Loyer" is visible with speed 40, visibility percentage 100%, timeout 20000 ms, with centering disabled COMPLETED
12:32:41.478 [ INFO] maestro.cli.runner.CliConsoleListener.onCommandStart: Scroll vertically RUNNING
12:32:41.478 [ INFO] maestro.Maestro.scrollVertical: Scrolling vertically
12:32:42.154 [ INFO] maestro.cli.runner.CliConsoleListener.onCommandFinished: Scroll vertically COMPLETED
12:32:42.154 [ INFO] maestro.cli.runner.CliConsoleListener.onCommandStart: Assert that "Loyer updated" is not visible RUNNING
12:32:42.830 [ INFO] maestro.cli.runner.CliConsoleListener.onCommandFinished: Assert that "Loyer updated" is not visible COMPLETED
12:32:42.830 [ INFO] maestro.cli.runner.CliConsoleListener.onCommandStart: Run ../../.maestro/subflows/change_month.yaml RUNNING
12:32:42.831 [ INFO] maestro.cli.runner.CliConsoleListener.onCommandStart: Define variables RUNNING
12:32:42.835 [ INFO] maestro.cli.runner.CliConsoleListener.onCommandFinished: Define variables COMPLETED
12:32:42.835 [ INFO] maestro.cli.runner.CliConsoleListener.onCommandStart: Apply configuration RUNNING
12:32:42.835 [ INFO] maestro.cli.runner.CliConsoleListener.onCommandFinished: Apply configuration COMPLETED
12:32:42.835 [ INFO] maestro.cli.runner.CliConsoleListener.onCommandStart: Run console.log("Subflow Navigation -> Month: " + month_name + " Year: " + year);
 RUNNING
12:32:42.835 [ INFO] maestro.cli.runner.CliConsoleListener.onCommandFinished: Run console.log("Subflow Navigation -> Month: " + month_name + " Year: " + year);
 COMPLETED
12:32:42.835 [ INFO] maestro.cli.runner.CliConsoleListener.onCommandStart: Repeat while id: home.month.picker is not visible RUNNING
12:32:43.521 [ INFO] maestro.cli.runner.CliConsoleListener.onCommandStart: Tap on id: common.btn.back RUNNING
12:32:43.642 [ INFO] maestro.Maestro.tap-HgV9Ck0: Tapping on element:  UiElement(treeNode=TreeNode(attributes={text=, accessibilityText=, hintText=, ignoreBoundsFiltering=false, resource-id=common.btn.back, clickable=true, bounds=[12,150][138,276], enabled=true, focused=false, checked=false, scrollable=false, selected=false, class=android.view.View, important-for-accessibility=true, error=}, children=[TreeNode(attributes={text=, accessibilityText=Retour, hintText=, ignoreBoundsFiltering=false, resource-id=, clickable=false, bounds=[43,181][106,244], enabled=true, focused=false, checked=false, scrollable=false, selected=false, class=android.view.View, important-for-accessibility=true, error=}, children=[], clickable=false, enabled=true, focused=false, checked=false, selected=false), TreeNode(attributes={text=, accessibilityText=, hintText=, ignoreBoundsFiltering=false, resource-id=, clickable=false, bounds=[22,160][127,265], enabled=true, focused=false, checked=false, scrollable=false, selected=false, class=android.widget.Button, important-for-accessibility=true, error=}, children=[], clickable=false, enabled=true, focused=false, checked=false, selected=false)], clickable=true, enabled=true, focused=false, checked=false, selected=false), bounds=Bounds(x=12, y=150, width=126, height=126))
12:32:44.870 [ INFO] maestro.Maestro.tap-HgV9Ck0: Tap aimed via settled hierarchy
12:32:44.871 [ INFO] maestro.Maestro.hierarchyBasedTap-ogj28Uc: Tapping at (75, 213) using hierarchy based logic for wait
12:32:45.619 [ INFO] maestro.Maestro.hierarchyBasedTap-ogj28Uc: Something has changed in the UI judging by view hierarchy. Proceed.
12:32:45.619 [ INFO] maestro.cli.runner.CliConsoleListener.onCommandFinished: Tap on id: common.btn.back COMPLETED
12:32:52.670 [ INFO] maestro.cli.runner.CliConsoleListener.onCommandFinished: Repeat while id: home.month.picker is not visible COMPLETED
12:32:52.670 [ INFO] maestro.cli.runner.CliConsoleListener.onCommandStart: Tap on id: home.month.picker RUNNING
12:32:52.753 [ INFO] maestro.Maestro.tap-HgV9Ck0: Tapping on element:  UiElement(treeNode=TreeNode(attributes={text=, accessibilityText=, hintText=, ignoreBoundsFiltering=false, resource-id=home.month.picker, clickable=true, bounds=[53,181][396,307], enabled=true, focused=false, checked=false, scrollable=false, selected=false, class=android.view.View, important-for-accessibility=true, error=}, children=[TreeNode(attributes={text=Octobre 2026, accessibilityText=, hintText=, ignoreBoundsFiltering=false, resource-id=, clickable=false, bounds=[143,217][364,270], enabled=true, focused=false, checked=false, scrollable=false, selected=false, class=android.widget.TextView, important-for-accessibility=true, error=}, children=[], clickable=false, enabled=true, focused=false, checked=false, selected=false)], clickable=true, enabled=true, focused=false, checked=false, selected=false), bounds=Bounds(x=53, y=181, width=343, height=126))
12:32:54.016 [ INFO] maestro.Maestro.tap-HgV9Ck0: Tap aimed via settled hierarchy
12:32:54.017 [ INFO] maestro.Maestro.hierarchyBasedTap-ogj28Uc: Tapping at (224, 244) using hierarchy based logic for wait
12:32:55.694 [ INFO] maestro.Maestro.hierarchyBasedTap-ogj28Uc: Something has changed in the UI judging by view hierarchy. Proceed.
12:32:55.695 [ INFO] maestro.cli.runner.CliConsoleListener.onCommandFinished: Tap on id: home.month.picker COMPLETED
12:32:55.695 [ INFO] maestro.cli.runner.CliConsoleListener.onCommandStart: Run flow when ${year > output.CURRENT_YEAR} is true RUNNING
12:32:55.697 [ INFO] maestro.orchestra.Orchestra.executeSubflowCommands: [Command execution subflow] CommandSkipped: null
12:32:55.697 [ INFO] maestro.cli.runner.CliConsoleListener.onCommandFinished: Run flow when ${year > output.CURRENT_YEAR} is true SKIPPED
12:32:55.698 [ INFO] maestro.cli.runner.CliConsoleListener.onCommandStart: Run flow when ${year < output.CURRENT_YEAR} is true RUNNING
12:32:55.700 [ INFO] maestro.orchestra.Orchestra.executeSubflowCommands: [Command execution subflow] CommandSkipped: null
12:32:55.700 [ INFO] maestro.cli.runner.CliConsoleListener.onCommandFinished: Run flow when ${year < output.CURRENT_YEAR} is true SKIPPED
12:32:55.700 [ INFO] maestro.cli.runner.CliConsoleListener.onCommandStart: Tap on "${month_name}" RUNNING
12:32:55.771 [ INFO] maestro.Maestro.tap-HgV9Ck0: Tapping on element:  UiElement(treeNode=TreeNode(attributes={text=Août, accessibilityText=, hintText=, ignoreBoundsFiltering=false, resource-id=, clickable=false, bounds=[496,1944][585,1993], enabled=true, focused=false, checked=false, scrollable=false, selected=false, class=android.widget.TextView, important-for-accessibility=true, error=}, children=[], clickable=false, enabled=true, focused=false, checked=false, selected=false), bounds=Bounds(x=496, y=1944, width=89, height=49))
12:32:56.998 [ INFO] maestro.Maestro.tap-HgV9Ck0: Tap aimed via settled hierarchy
12:32:56.999 [ INFO] maestro.Maestro.hierarchyBasedTap-ogj28Uc: Tapping at (540, 1968) using hierarchy based logic for wait
12:32:58.198 [ INFO] maestro.Maestro.hierarchyBasedTap-ogj28Uc: Something has changed in the UI judging by view hierarchy. Proceed.
12:32:58.199 [ INFO] maestro.cli.runner.CliConsoleListener.onCommandFinished: Tap on "${month_name}" COMPLETED
12:32:58.199 [ INFO] maestro.cli.runner.CliConsoleListener.onCommandStart: Run open_monthly_history.yaml RUNNING
12:32:58.199 [ INFO] maestro.cli.runner.CliConsoleListener.onCommandStart: Apply configuration RUNNING
12:32:58.199 [ INFO] maestro.cli.runner.CliConsoleListener.onCommandFinished: Apply configuration COMPLETED
12:32:58.199 [ INFO] maestro.cli.runner.CliConsoleListener.onCommandStart: Run flow when id: screen.monthly is not visible RUNNING
12:32:58.906 [ INFO] maestro.cli.runner.CliConsoleListener.onCommandStart: Scrolling DOWN until id: recent_transactions_see_all is visible with speed 40, visibility percentage 100%, timeout 20000 ms, with centering enabled RUNNING
12:32:59.031 [ INFO] maestro.orchestra.Orchestra.scrollUntilVisible: Scrolling try count: 0, DeviceWidth: 1080, DeviceWidth: 2400
12:32:59.031 [ INFO] maestro.orchestra.Orchestra.scrollUntilVisible: Element bounds: Bounds(x=763, y=1706, width=243, height=126)
12:32:59.031 [ INFO] maestro.orchestra.Orchestra.scrollUntilVisible: Visibility Percent: 1.0
12:32:59.031 [ INFO] maestro.orchestra.Orchestra.scrollUntilVisible: Command centerElement: ScrollUntilVisibleCommand(selector=ElementSelector(textRegex=null, idRegex=recent_transactions_see_all, size=null, below=null, above=null, leftOf=null, rightOf=null, containsChild=null, containsDescendants=null, traits=null, index=null, enabled=null, optional=false, selected=null, checked=null, focused=null, childOf=null, css=null), direction=DOWN, scrollDuration=601, visibilityPercentage=100, timeout=20000, waitToSettleTimeoutMs=null, centerElement=true, originalSpeedValue=40, label=null, optional=false).centerElement
12:32:59.031 [ INFO] maestro.orchestra.Orchestra.scrollUntilVisible: visibilityPercentageNormalized: 1.0
12:32:59.073 [ INFO] maestro.Maestro.swipeFromCenter: Swiping UP from center
12:33:00.195 [ INFO] maestro.orchestra.Orchestra.scrollUntilVisible: Scrolling try count: 1, DeviceWidth: 1080, DeviceWidth: 2400
12:33:00.195 [ INFO] maestro.orchestra.Orchestra.scrollUntilVisible: Element bounds: Bounds(x=763, y=1706, width=243, height=126)
12:33:00.195 [ INFO] maestro.orchestra.Orchestra.scrollUntilVisible: Visibility Percent: 1.0
12:33:00.195 [ INFO] maestro.orchestra.Orchestra.scrollUntilVisible: Command centerElement: ScrollUntilVisibleCommand(selector=ElementSelector(textRegex=null, idRegex=recent_transactions_see_all, size=null, below=null, above=null, leftOf=null, rightOf=null, containsChild=null, containsDescendants=null, traits=null, index=null, enabled=null, optional=false, selected=null, checked=null, focused=null, childOf=null, css=null), direction=DOWN, scrollDuration=601, visibilityPercentage=100, timeout=20000, waitToSettleTimeoutMs=null, centerElement=true, originalSpeedValue=40, label=null, optional=false).centerElement
12:33:00.195 [ INFO] maestro.orchestra.Orchestra.scrollUntilVisible: visibilityPercentageNormalized: 1.0
12:33:00.238 [ INFO] maestro.Maestro.swipeFromCenter: Swiping UP from center
12:33:01.479 [ INFO] maestro.orchestra.Orchestra.scrollUntilVisible: Scrolling try count: 2, DeviceWidth: 1080, DeviceWidth: 2400
12:33:01.479 [ INFO] maestro.orchestra.Orchestra.scrollUntilVisible: Element bounds: Bounds(x=763, y=1706, width=243, height=126)
12:33:01.479 [ INFO] maestro.orchestra.Orchestra.scrollUntilVisible: Visibility Percent: 1.0
12:33:01.479 [ INFO] maestro.orchestra.Orchestra.scrollUntilVisible: Command centerElement: ScrollUntilVisibleCommand(selector=ElementSelector(textRegex=null, idRegex=recent_transactions_see_all, size=null, below=null, above=null, leftOf=null, rightOf=null, containsChild=null, containsDescendants=null, traits=null, index=null, enabled=null, optional=false, selected=null, checked=null, focused=null, childOf=null, css=null), direction=DOWN, scrollDuration=601, visibilityPercentage=100, timeout=20000, waitToSettleTimeoutMs=null, centerElement=true, originalSpeedValue=40, label=null, optional=false).centerElement
12:33:01.479 [ INFO] maestro.orchestra.Orchestra.scrollUntilVisible: visibilityPercentageNormalized: 1.0
12:33:01.522 [ INFO] maestro.Maestro.swipeFromCenter: Swiping UP from center
12:33:02.703 [ INFO] maestro.orchestra.Orchestra.scrollUntilVisible: Scrolling try count: 3, DeviceWidth: 1080, DeviceWidth: 2400
12:33:02.703 [ INFO] maestro.orchestra.Orchestra.scrollUntilVisible: Element bounds: Bounds(x=763, y=1706, width=243, height=126)
12:33:02.703 [ INFO] maestro.orchestra.Orchestra.scrollUntilVisible: Visibility Percent: 1.0
12:33:02.703 [ INFO] maestro.orchestra.Orchestra.scrollUntilVisible: Command centerElement: ScrollUntilVisibleCommand(selector=ElementSelector(textRegex=null, idRegex=recent_transactions_see_all, size=null, below=null, above=null, leftOf=null, rightOf=null, containsChild=null, containsDescendants=null, traits=null, index=null, enabled=null, optional=false, selected=null, checked=null, focused=null, childOf=null, css=null), direction=DOWN, scrollDuration=601, visibilityPercentage=100, timeout=20000, waitToSettleTimeoutMs=null, centerElement=true, originalSpeedValue=40, label=null, optional=false).centerElement
12:33:02.703 [ INFO] maestro.orchestra.Orchestra.scrollUntilVisible: visibilityPercentageNormalized: 1.0
12:33:02.745 [ INFO] maestro.Maestro.swipeFromCenter: Swiping UP from center
12:33:03.827 [ INFO] maestro.orchestra.Orchestra.scrollUntilVisible: Scrolling try count: 4, DeviceWidth: 1080, DeviceWidth: 2400
12:33:03.827 [ INFO] maestro.orchestra.Orchestra.scrollUntilVisible: Element bounds: Bounds(x=763, y=1706, width=243, height=126)
12:33:03.827 [ INFO] maestro.orchestra.Orchestra.scrollUntilVisible: Visibility Percent: 1.0
12:33:03.828 [ INFO] maestro.orchestra.Orchestra.scrollUntilVisible: Command centerElement: ScrollUntilVisibleCommand(selector=ElementSelector(textRegex=null, idRegex=recent_transactions_see_all, size=null, below=null, above=null, leftOf=null, rightOf=null, containsChild=null, containsDescendants=null, traits=null, index=null, enabled=null, optional=false, selected=null, checked=null, focused=null, childOf=null, css=null), direction=DOWN, scrollDuration=601, visibilityPercentage=100, timeout=20000, waitToSettleTimeoutMs=null, centerElement=true, originalSpeedValue=40, label=null, optional=false).centerElement
12:33:03.828 [ INFO] maestro.orchestra.Orchestra.scrollUntilVisible: visibilityPercentageNormalized: 1.0
12:33:03.869 [ INFO] maestro.Maestro.swipeFromCenter: Swiping UP from center
12:33:04.978 [ INFO] maestro.orchestra.Orchestra.scrollUntilVisible: Scrolling try count: 5, DeviceWidth: 1080, DeviceWidth: 2400
12:33:04.978 [ INFO] maestro.orchestra.Orchestra.scrollUntilVisible: Element bounds: Bounds(x=763, y=1706, width=243, height=126)
12:33:04.979 [ INFO] maestro.orchestra.Orchestra.scrollUntilVisible: Visibility Percent: 1.0
12:33:04.979 [ INFO] maestro.orchestra.Orchestra.scrollUntilVisible: Command centerElement: ScrollUntilVisibleCommand(selector=ElementSelector(textRegex=null, idRegex=recent_transactions_see_all, size=null, below=null, above=null, leftOf=null, rightOf=null, containsChild=null, containsDescendants=null, traits=null, index=null, enabled=null, optional=false, selected=null, checked=null, focused=null, childOf=null, css=null), direction=DOWN, scrollDuration=601, visibilityPercentage=100, timeout=20000, waitToSettleTimeoutMs=null, centerElement=true, originalSpeedValue=40, label=null, optional=false).centerElement
12:33:04.979 [ INFO] maestro.orchestra.Orchestra.scrollUntilVisible: visibilityPercentageNormalized: 1.0
12:33:04.979 [ INFO] maestro.cli.runner.CliConsoleListener.onCommandFinished: Scrolling DOWN until id: recent_transactions_see_all is visible with speed 40, visibility percentage 100%, timeout 20000 ms, with centering enabled COMPLETED
12:33:04.979 [ INFO] maestro.cli.runner.CliConsoleListener.onCommandStart: Tap on id: recent_transactions_see_all RUNNING
12:33:05.091 [ INFO] maestro.Maestro.tap-HgV9Ck0: Tapping on element:  UiElement(treeNode=TreeNode(attributes={text=, accessibilityText=, hintText=, ignoreBoundsFiltering=false, resource-id=recent_transactions_see_all, clickable=true, bounds=[763,1706][1006,1832], enabled=true, focused=false, checked=false, scrollable=false, selected=false, class=android.view.View, important-for-accessibility=true, error=}, children=[TreeNode(attributes={text=Voir tout, accessibilityText=, hintText=, ignoreBoundsFiltering=false, resource-id=, clickable=false, bounds=[795,1742][932,1795], enabled=true, focused=false, checked=false, scrollable=false, selected=false, class=android.widget.TextView, important-for-accessibility=true, error=}, children=[], clickable=false, enabled=true, focused=false, checked=false, selected=false), TreeNode(attributes={text=, accessibilityText=, hintText=, ignoreBoundsFiltering=false, resource-id=, clickable=false, bounds=[763,1716][1006,1821], enabled=true, focused=false, checked=false, scrollable=false, selected=false, class=android.widget.Button, important-for-accessibility=true, error=}, children=[], clickable=false, enabled=true, focused=false, checked=false, selected=false)], clickable=true, enabled=true, focused=false, checked=false, selected=false), bounds=Bounds(x=763, y=1706, width=243, height=126))
12:33:06.334 [ INFO] maestro.Maestro.tap-HgV9Ck0: Tap aimed via settled hierarchy
12:33:06.335 [ INFO] maestro.Maestro.hierarchyBasedTap-ogj28Uc: Tapping at (884, 1769) using hierarchy based logic for wait
12:33:07.054 [ INFO] maestro.Maestro.hierarchyBasedTap-ogj28Uc: Something has changed in the UI judging by view hierarchy. Proceed.
12:33:07.055 [ INFO] maestro.cli.runner.CliConsoleListener.onCommandFinished: Tap on id: recent_transactions_see_all COMPLETED
12:33:07.055 [ INFO] maestro.cli.runner.CliConsoleListener.onCommandStart: Assert that id: screen.monthly is visible RUNNING
12:33:07.124 [ INFO] maestro.cli.runner.CliConsoleListener.onCommandFinished: Assert that id: screen.monthly is visible COMPLETED
12:33:07.124 [ INFO] maestro.cli.runner.CliConsoleListener.onCommandFinished: Run flow when id: screen.monthly is not visible COMPLETED
12:33:07.124 [ INFO] maestro.cli.runner.CliConsoleListener.onCommandStart: Wait for animation to end within 5000 ms RUNNING
12:33:07.124 [ INFO] maestro.Maestro.waitForAnimationToEnd$lambda$53: Waiting for animation to end with timeout 5000
12:33:07.124 [TRACE] maestro.utils.ScreenshotUtils.takeScreenshot: Taking screenshot to byte array
12:33:07.125 [TRACE] maestro.utils.ScreenshotUtils.takeScreenshot: Taking screenshot to output sink
12:33:07.332 [TRACE] maestro.utils.ScreenshotUtils.takeScreenshot: Taking screenshot to byte array
12:33:07.333 [TRACE] maestro.utils.ScreenshotUtils.takeScreenshot: Taking screenshot to output sink
12:33:07.765 [ INFO] maestro.cli.runner.CliConsoleListener.onCommandFinished: Wait for animation to end within 5000 ms COMPLETED
12:33:07.765 [ INFO] maestro.cli.runner.CliConsoleListener.onCommandFinished: Run open_monthly_history.yaml COMPLETED
12:33:07.765 [ INFO] maestro.cli.runner.CliConsoleListener.onCommandFinished: Run ../../.maestro/subflows/change_month.yaml COMPLETED
12:33:07.765 [ INFO] maestro.cli.runner.CliConsoleListener.onCommandStart: Scrolling DOWN until "Loyer" is visible with speed 40, visibility percentage 100%, timeout 20000 ms, with centering disabled RUNNING
12:33:07.821 [ INFO] maestro.orchestra.Orchestra.scrollUntilVisible: Scrolling try count: 0, DeviceWidth: 1080, DeviceWidth: 2400
12:33:07.821 [ INFO] maestro.orchestra.Orchestra.scrollUntilVisible: Element bounds: Bounds(x=238, y=1171, width=103, height=49)
12:33:07.821 [ INFO] maestro.orchestra.Orchestra.scrollUntilVisible: Visibility Percent: 1.0
12:33:07.821 [ INFO] maestro.orchestra.Orchestra.scrollUntilVisible: Command centerElement: ScrollUntilVisibleCommand(selector=ElementSelector(textRegex=Loyer, idRegex=null, size=null, below=null, above=null, leftOf=null, rightOf=null, containsChild=null, containsDescendants=null, traits=null, index=null, enabled=null, optional=false, selected=null, checked=null, focused=null, childOf=null, css=null), direction=DOWN, scrollDuration=601, visibilityPercentage=100, timeout=20000, waitToSettleTimeoutMs=null, centerElement=false, originalSpeedValue=40, label=null, optional=false).centerElement
12:33:07.821 [ INFO] maestro.orchestra.Orchestra.scrollUntilVisible: visibilityPercentageNormalized: 1.0
12:33:07.821 [ INFO] maestro.cli.runner.CliConsoleListener.onCommandFinished: Scrolling DOWN until "Loyer" is visible with speed 40, visibility percentage 100%, timeout 20000 ms, with centering disabled COMPLETED
12:33:07.821 [ INFO] maestro.cli.runner.CliConsoleListener.onCommandStart: Scroll vertically RUNNING
12:33:07.821 [ INFO] maestro.Maestro.scrollVertical: Scrolling vertically
12:33:08.486 [ INFO] maestro.cli.runner.CliConsoleListener.onCommandFinished: Scroll vertically COMPLETED
12:33:08.486 [ INFO] maestro.cli.runner.CliConsoleListener.onCommandStart: Assert that "Loyer updated" is not visible RUNNING
12:33:09.137 [ INFO] maestro.cli.runner.CliConsoleListener.onCommandFinished: Assert that "Loyer updated" is not visible COMPLETED
