23:16:50.434 [ INFO] maestro.cli.runner.CliConsoleListener.onCommandStart: Define variables RUNNING
23:16:50.434 [ INFO] maestro.cli.runner.CliConsoleListener.onCommandFinished: Define variables COMPLETED
23:16:50.435 [ INFO] maestro.cli.runner.CliConsoleListener.onCommandStart: Apply configuration RUNNING
23:16:50.435 [ INFO] maestro.cli.runner.CliConsoleListener.onCommandFinished: Apply configuration COMPLETED
23:16:50.435 [ INFO] maestro.cli.runner.CliConsoleListener.onCommandStart: Run ../../.maestro/subflows/bootstrap_monthly.yaml RUNNING
23:16:50.435 [ INFO] maestro.cli.runner.CliConsoleListener.onCommandStart: Apply configuration RUNNING
23:16:50.435 [ INFO] maestro.cli.runner.CliConsoleListener.onCommandFinished: Apply configuration COMPLETED
23:16:50.435 [ INFO] maestro.cli.runner.CliConsoleListener.onCommandStart: Run ../../scripts/dates.js RUNNING
23:16:50.459 [ INFO] maestro.orchestra.Orchestra.executeCommands$lambda$23$lambda$21: JsConsole: Maestro Dates Initialized: Prev=août / Août / 08 (2026)
23:16:50.460 [ INFO] maestro.orchestra.Orchestra.executeCommands$lambda$23$lambda$21: JsConsole: Maestro Dates Initialized: Curr=septembre / Sept. / 09 (2026)
23:16:50.461 [ INFO] maestro.orchestra.Orchestra.executeCommands$lambda$23$lambda$21: JsConsole: Maestro Dates Initialized: Next=octobre / Oct. / 10 (2026)
23:16:50.461 [ INFO] maestro.cli.runner.CliConsoleListener.onCommandFinished: Run ../../scripts/dates.js COMPLETED
23:16:50.461 [ INFO] maestro.cli.runner.CliConsoleListener.onCommandStart: Launch app "com.lop.budget" with clear state RUNNING
23:16:50.461 [ INFO] maestro.Maestro.clearAppState$lambda$8: Clearing app state com.lop.budget
23:16:52.532 [ INFO] maestro.Maestro.launchApp$lambda$5: Launching app com.lop.budget
23:16:52.532 [ INFO] maestro.Maestro.launchApp$lambda$5: Stopping com.lop.budget app during launch
23:16:52.595 [ INFO] maestro.cli.runner.CliConsoleListener.onCommandFinished: Launch app "com.lop.budget" with clear state COMPLETED
23:16:52.595 [ INFO] maestro.cli.runner.CliConsoleListener.onCommandStart: Run open_monthly_history.yaml RUNNING
23:16:52.595 [ INFO] maestro.cli.runner.CliConsoleListener.onCommandStart: Apply configuration RUNNING
23:16:52.595 [ INFO] maestro.cli.runner.CliConsoleListener.onCommandFinished: Apply configuration COMPLETED
23:16:52.595 [ INFO] maestro.cli.runner.CliConsoleListener.onCommandStart: Run flow when id: screen.monthly is not visible RUNNING
23:16:53.173 [ INFO] maestro.cli.runner.CliConsoleListener.onCommandStart: Scrolling DOWN until id: recent_transactions_see_all is visible with speed 40, visibility percentage 100%, timeout 20000 ms, with centering enabled RUNNING
23:16:53.806 [ WARN] maestro.orchestra.Orchestra.scrollUntilVisible: Error: maestro.MaestroException$ElementNotFound: Element not found: Id matching regex: recent_transactions_see_all
23:16:53.809 [ INFO] maestro.Maestro.swipeFromCenter: Swiping UP from center
23:16:57.590 [ INFO] maestro.orchestra.Orchestra.scrollUntilVisible: Scrolling try count: 0, DeviceWidth: 1080, DeviceWidth: 2400
23:16:57.590 [ INFO] maestro.orchestra.Orchestra.scrollUntilVisible: Element bounds: Bounds(x=763, y=2033, width=243, height=126)
23:16:57.590 [ INFO] maestro.orchestra.Orchestra.scrollUntilVisible: Visibility Percent: 1.0
23:16:57.590 [ INFO] maestro.orchestra.Orchestra.scrollUntilVisible: Command centerElement: ScrollUntilVisibleCommand(selector=ElementSelector(textRegex=null, idRegex=recent_transactions_see_all, size=null, below=null, above=null, leftOf=null, rightOf=null, containsChild=null, containsDescendants=null, traits=null, index=null, enabled=null, optional=false, selected=null, checked=null, focused=null, childOf=null, css=null), direction=DOWN, scrollDuration=601, visibilityPercentage=100, timeout=20000, waitToSettleTimeoutMs=null, centerElement=true, originalSpeedValue=40, label=null, optional=false).centerElement
23:16:57.590 [ INFO] maestro.orchestra.Orchestra.scrollUntilVisible: visibilityPercentageNormalized: 1.0
23:16:57.593 [ INFO] maestro.Maestro.swipeFromCenter: Swiping UP from center
23:16:58.670 [ INFO] maestro.orchestra.Orchestra.scrollUntilVisible: Scrolling try count: 1, DeviceWidth: 1080, DeviceWidth: 2400
23:16:58.670 [ INFO] maestro.orchestra.Orchestra.scrollUntilVisible: Element bounds: Bounds(x=763, y=1304, width=243, height=126)
23:16:58.670 [ INFO] maestro.orchestra.Orchestra.scrollUntilVisible: Visibility Percent: 1.0
23:16:58.670 [ INFO] maestro.orchestra.Orchestra.scrollUntilVisible: Command centerElement: ScrollUntilVisibleCommand(selector=ElementSelector(textRegex=null, idRegex=recent_transactions_see_all, size=null, below=null, above=null, leftOf=null, rightOf=null, containsChild=null, containsDescendants=null, traits=null, index=null, enabled=null, optional=false, selected=null, checked=null, focused=null, childOf=null, css=null), direction=DOWN, scrollDuration=601, visibilityPercentage=100, timeout=20000, waitToSettleTimeoutMs=null, centerElement=true, originalSpeedValue=40, label=null, optional=false).centerElement
23:16:58.670 [ INFO] maestro.orchestra.Orchestra.scrollUntilVisible: visibilityPercentageNormalized: 1.0
23:16:58.670 [ INFO] maestro.cli.runner.CliConsoleListener.onCommandFinished: Scrolling DOWN until id: recent_transactions_see_all is visible with speed 40, visibility percentage 100%, timeout 20000 ms, with centering enabled COMPLETED
23:16:58.670 [ INFO] maestro.cli.runner.CliConsoleListener.onCommandStart: Tap on id: recent_transactions_see_all RUNNING
23:16:58.795 [ INFO] maestro.Maestro.tap-HgV9Ck0: Tapping on element:  UiElement(treeNode=TreeNode(attributes={text=, accessibilityText=, hintText=, ignoreBoundsFiltering=false, resource-id=recent_transactions_see_all, clickable=true, bounds=[763,1304][1006,1430], enabled=true, focused=false, checked=false, scrollable=false, selected=false, class=android.view.View, important-for-accessibility=true, error=}, children=[TreeNode(attributes={text=Voir tout, accessibilityText=, hintText=, ignoreBoundsFiltering=false, resource-id=, clickable=false, bounds=[795,1340][932,1393], enabled=true, focused=false, checked=false, scrollable=false, selected=false, class=android.widget.TextView, important-for-accessibility=true, error=}, children=[], clickable=false, enabled=true, focused=false, checked=false, selected=false), TreeNode(attributes={text=, accessibilityText=, hintText=, ignoreBoundsFiltering=false, resource-id=, clickable=false, bounds=[763,1314][1006,1419], enabled=true, focused=false, checked=false, scrollable=false, selected=false, class=android.widget.Button, important-for-accessibility=true, error=}, children=[], clickable=false, enabled=true, focused=false, checked=false, selected=false)], clickable=true, enabled=true, focused=false, checked=false, selected=false), bounds=Bounds(x=763, y=1304, width=243, height=126))
23:17:00.033 [ INFO] maestro.Maestro.tap-HgV9Ck0: Tap aimed via settled hierarchy
23:17:00.034 [ INFO] maestro.Maestro.hierarchyBasedTap-ogj28Uc: Tapping at (884, 1367) using hierarchy based logic for wait
23:17:01.221 [ INFO] maestro.Maestro.hierarchyBasedTap-ogj28Uc: Something has changed in the UI judging by view hierarchy. Proceed.
23:17:01.221 [ INFO] maestro.cli.runner.CliConsoleListener.onCommandFinished: Tap on id: recent_transactions_see_all COMPLETED
23:17:01.221 [ INFO] maestro.cli.runner.CliConsoleListener.onCommandStart: Assert that id: screen.monthly is visible RUNNING
23:17:01.296 [ INFO] maestro.cli.runner.CliConsoleListener.onCommandFinished: Assert that id: screen.monthly is visible COMPLETED
23:17:01.296 [ INFO] maestro.cli.runner.CliConsoleListener.onCommandFinished: Run flow when id: screen.monthly is not visible COMPLETED
23:17:01.296 [ INFO] maestro.cli.runner.CliConsoleListener.onCommandStart: Wait for animation to end within 5000 ms RUNNING
23:17:01.297 [ INFO] maestro.Maestro.waitForAnimationToEnd$lambda$53: Waiting for animation to end with timeout 5000
23:17:01.297 [TRACE] maestro.utils.ScreenshotUtils.takeScreenshot: Taking screenshot to byte array
23:17:01.297 [TRACE] maestro.utils.ScreenshotUtils.takeScreenshot: Taking screenshot to output sink
23:17:01.511 [TRACE] maestro.utils.ScreenshotUtils.takeScreenshot: Taking screenshot to byte array
23:17:01.511 [TRACE] maestro.utils.ScreenshotUtils.takeScreenshot: Taking screenshot to output sink
23:17:01.906 [ INFO] maestro.cli.runner.CliConsoleListener.onCommandFinished: Wait for animation to end within 5000 ms COMPLETED
23:17:01.906 [ INFO] maestro.cli.runner.CliConsoleListener.onCommandFinished: Run open_monthly_history.yaml COMPLETED
23:17:01.906 [ INFO] maestro.cli.runner.CliConsoleListener.onCommandFinished: Run ../../.maestro/subflows/bootstrap_monthly.yaml COMPLETED
23:17:01.906 [ INFO] maestro.cli.runner.CliConsoleListener.onCommandStart: Run console.log("TC-37-01: Vérification transaction ponctuelle")
 RUNNING
23:17:01.906 [ INFO] maestro.cli.runner.CliConsoleListener.onCommandFinished: Run console.log("TC-37-01: Vérification transaction ponctuelle")
 COMPLETED
23:17:01.906 [ INFO] maestro.cli.runner.CliConsoleListener.onCommandStart: Assert that "Courses Hebdomadaires" is visible RUNNING
23:17:01.940 [ INFO] maestro.cli.runner.CliConsoleListener.onCommandFinished: Assert that "Courses Hebdomadaires" is visible COMPLETED
23:17:01.940 [ INFO] maestro.cli.runner.CliConsoleListener.onCommandStart: Tap on "Courses Hebdomadaires" RUNNING
23:17:02.058 [ INFO] maestro.Maestro.tap-HgV9Ck0: Tapping on element:  UiElement(treeNode=TreeNode(attributes={text=Courses Hebdomadaires, accessibilityText=, hintText=, ignoreBoundsFiltering=false, resource-id=transaction.item.title, clickable=false, bounds=[238,1171][701,1220], enabled=true, focused=false, checked=false, scrollable=false, selected=false, class=android.widget.TextView, important-for-accessibility=true, error=}, children=[], clickable=false, enabled=true, focused=false, checked=false, selected=false), bounds=Bounds(x=238, y=1171, width=463, height=49))
23:17:03.246 [ INFO] maestro.Maestro.tap-HgV9Ck0: Tap aimed via settled hierarchy
23:17:03.247 [ INFO] maestro.Maestro.hierarchyBasedTap-ogj28Uc: Tapping at (469, 1195) using hierarchy based logic for wait
23:17:03.929 [ INFO] maestro.Maestro.hierarchyBasedTap-ogj28Uc: Something has changed in the UI judging by view hierarchy. Proceed.
23:17:03.929 [ INFO] maestro.cli.runner.CliConsoleListener.onCommandFinished: Tap on "Courses Hebdomadaires" COMPLETED
23:17:03.929 [ INFO] maestro.cli.runner.CliConsoleListener.onCommandStart: Assert that id: screen.transaction.detail is visible RUNNING
23:17:04.042 [ INFO] maestro.cli.runner.CliConsoleListener.onCommandFinished: Assert that id: screen.transaction.detail is visible COMPLETED
23:17:04.042 [ INFO] maestro.cli.runner.CliConsoleListener.onCommandStart: Tap on "Courses" RUNNING
23:17:04.141 [ INFO] maestro.Maestro.tap-HgV9Ck0: Tapping on element:  UiElement(treeNode=TreeNode(attributes={text=Courses, accessibilityText=, hintText=, ignoreBoundsFiltering=false, resource-id=, clickable=false, bounds=[263,1138][419,1187], enabled=true, focused=false, checked=false, scrollable=false, selected=false, class=android.widget.TextView, important-for-accessibility=true, error=}, children=[], clickable=false, enabled=true, focused=false, checked=false, selected=false), bounds=Bounds(x=263, y=1138, width=156, height=49))
23:17:05.365 [ INFO] maestro.Maestro.tap-HgV9Ck0: Tap aimed via settled hierarchy
23:17:05.365 [ INFO] maestro.Maestro.hierarchyBasedTap-ogj28Uc: Tapping at (341, 1162) using hierarchy based logic for wait
23:17:06.653 [ INFO] maestro.Maestro.hierarchyBasedTap-ogj28Uc: Something has changed in the UI judging by view hierarchy. Proceed.
23:17:06.653 [ INFO] maestro.cli.runner.CliConsoleListener.onCommandFinished: Tap on "Courses" COMPLETED
23:17:06.653 [ INFO] maestro.cli.runner.CliConsoleListener.onCommandStart: Assert that "Choisir une catégorie" is visible RUNNING
23:17:06.765 [ INFO] maestro.cli.runner.CliConsoleListener.onCommandFinished: Assert that "Choisir une catégorie" is visible COMPLETED
23:17:06.766 [ INFO] maestro.cli.runner.CliConsoleListener.onCommandStart: Tap on "Chercher une catégorie..." RUNNING
23:17:06.882 [ INFO] maestro.Maestro.tap-HgV9Ck0: Tapping on element:  UiElement(treeNode=TreeNode(attributes={text=Chercher une catégorie..., accessibilityText=, hintText=, ignoreBoundsFiltering=false, resource-id=, clickable=false, bounds=[190,1108][653,1171], enabled=true, focused=false, checked=false, scrollable=false, selected=false, class=android.widget.TextView, important-for-accessibility=true, error=}, children=[], clickable=false, enabled=true, focused=false, checked=false, selected=false), bounds=Bounds(x=190, y=1108, width=463, height=63))
23:17:08.097 [ INFO] maestro.Maestro.tap-HgV9Ck0: Tap aimed via settled hierarchy
23:17:08.098 [ INFO] maestro.Maestro.hierarchyBasedTap-ogj28Uc: Tapping at (421, 1139) using hierarchy based logic for wait
23:17:10.312 [ INFO] maestro.Maestro.hierarchyBasedTap-ogj28Uc: Something has changed in the UI judging by view hierarchy. Proceed.
23:17:10.313 [ INFO] maestro.cli.runner.CliConsoleListener.onCommandFinished: Tap on "Chercher une catégorie..." COMPLETED
23:17:10.313 [ INFO] maestro.cli.runner.CliConsoleListener.onCommandStart: Input text Logement RUNNING
23:17:10.313 [ INFO] maestro.Maestro.inputText: Inputting text: Logement
23:17:14.791 [ INFO] maestro.cli.runner.CliConsoleListener.onCommandFinished: Input text Logement COMPLETED
23:17:14.791 [ INFO] maestro.cli.runner.CliConsoleListener.onCommandStart: Hide Keyboard RUNNING
23:17:14.792 [ INFO] maestro.Maestro.hideKeyboard$lambda$12: Hiding Keyboard
23:17:15.861 [ INFO] maestro.cli.runner.CliConsoleListener.onCommandFinished: Hide Keyboard COMPLETED
23:17:15.861 [ INFO] maestro.cli.runner.CliConsoleListener.onCommandStart: Tap on "Logement", Index: 1 RUNNING
23:17:15.925 [ INFO] maestro.Maestro.tap-HgV9Ck0: Tapping on element:  UiElement(treeNode=TreeNode(attributes={text=Logement, accessibilityText=, hintText=, ignoreBoundsFiltering=false, resource-id=, clickable=false, bounds=[85,2200][234,2242], enabled=true, focused=false, checked=false, scrollable=false, selected=false, class=android.widget.TextView, important-for-accessibility=true, error=}, children=[], clickable=false, enabled=true, focused=false, checked=false, selected=false), bounds=Bounds(x=85, y=2200, width=149, height=42))
23:17:17.101 [ INFO] maestro.Maestro.tap-HgV9Ck0: Tap aimed via settled hierarchy
23:17:17.101 [ INFO] maestro.Maestro.hierarchyBasedTap-ogj28Uc: Tapping at (159, 2221) using hierarchy based logic for wait
23:17:17.981 [ INFO] maestro.Maestro.hierarchyBasedTap-ogj28Uc: Something has changed in the UI judging by view hierarchy. Proceed.
23:17:17.982 [ INFO] maestro.cli.runner.CliConsoleListener.onCommandFinished: Tap on "Logement", Index: 1 COMPLETED
23:17:17.982 [ INFO] maestro.cli.runner.CliConsoleListener.onCommandStart: Assert that id: recurring.edit.scope.sheet is not visible RUNNING
23:17:18.661 [ INFO] maestro.cli.runner.CliConsoleListener.onCommandFinished: Assert that id: recurring.edit.scope.sheet is not visible COMPLETED
23:17:18.661 [ INFO] maestro.cli.runner.CliConsoleListener.onCommandStart: Assert that "Modifier la transaction ?" is not visible RUNNING
23:17:19.257 [ INFO] maestro.cli.runner.CliConsoleListener.onCommandFinished: Assert that "Modifier la transaction ?" is not visible COMPLETED
23:17:19.258 [ INFO] maestro.cli.runner.CliConsoleListener.onCommandStart: Assert that "Logement" is visible RUNNING
23:17:19.362 [ INFO] maestro.cli.runner.CliConsoleListener.onCommandFinished: Assert that "Logement" is visible COMPLETED
23:17:19.362 [ INFO] maestro.cli.runner.CliConsoleListener.onCommandStart: Tap on id: common.btn.back RUNNING
23:17:19.466 [ INFO] maestro.Maestro.tap-HgV9Ck0: Tapping on element:  UiElement(treeNode=TreeNode(attributes={text=, accessibilityText=, hintText=, ignoreBoundsFiltering=false, resource-id=common.btn.back, clickable=true, bounds=[12,150][138,276], enabled=true, focused=false, checked=false, scrollable=false, selected=false, class=android.view.View, important-for-accessibility=true, error=}, children=[TreeNode(attributes={text=, accessibilityText=Retour, hintText=, ignoreBoundsFiltering=false, resource-id=, clickable=false, bounds=[43,181][106,244], enabled=true, focused=false, checked=false, scrollable=false, selected=false, class=android.view.View, important-for-accessibility=true, error=}, children=[], clickable=false, enabled=true, focused=false, checked=false, selected=false), TreeNode(attributes={text=, accessibilityText=, hintText=, ignoreBoundsFiltering=false, resource-id=, clickable=false, bounds=[22,160][127,265], enabled=true, focused=false, checked=false, scrollable=false, selected=false, class=android.widget.Button, important-for-accessibility=true, error=}, children=[], clickable=false, enabled=true, focused=false, checked=false, selected=false)], clickable=true, enabled=true, focused=false, checked=false, selected=false), bounds=Bounds(x=12, y=150, width=126, height=126))
23:17:20.685 [ INFO] maestro.Maestro.tap-HgV9Ck0: Tap aimed via settled hierarchy
23:17:20.686 [ INFO] maestro.Maestro.hierarchyBasedTap-ogj28Uc: Tapping at (75, 213) using hierarchy based logic for wait
23:17:21.331 [ INFO] maestro.Maestro.hierarchyBasedTap-ogj28Uc: Something has changed in the UI judging by view hierarchy. Proceed.
23:17:21.331 [ INFO] maestro.cli.runner.CliConsoleListener.onCommandFinished: Tap on id: common.btn.back COMPLETED
23:17:21.331 [ INFO] maestro.cli.runner.CliConsoleListener.onCommandStart: Tap on "Courses Hebdomadaires" RUNNING
23:17:21.396 [ INFO] maestro.Maestro.tap-HgV9Ck0: Tapping on element:  UiElement(treeNode=TreeNode(attributes={text=Courses Hebdomadaires, accessibilityText=, hintText=, ignoreBoundsFiltering=false, resource-id=transaction.item.title, clickable=false, bounds=[238,1171][701,1220], enabled=true, focused=false, checked=false, scrollable=false, selected=false, class=android.widget.TextView, important-for-accessibility=true, error=}, children=[], clickable=false, enabled=true, focused=false, checked=false, selected=false), bounds=Bounds(x=238, y=1171, width=463, height=49))
23:17:22.622 [ INFO] maestro.Maestro.tap-HgV9Ck0: Tap aimed via settled hierarchy
23:17:22.623 [ INFO] maestro.Maestro.hierarchyBasedTap-ogj28Uc: Tapping at (469, 1195) using hierarchy based logic for wait
23:17:23.421 [ INFO] maestro.Maestro.hierarchyBasedTap-ogj28Uc: Something has changed in the UI judging by view hierarchy. Proceed.
23:17:23.421 [ INFO] maestro.cli.runner.CliConsoleListener.onCommandFinished: Tap on "Courses Hebdomadaires" COMPLETED
23:17:23.421 [ INFO] maestro.cli.runner.CliConsoleListener.onCommandStart: Assert that "Logement" is visible RUNNING
23:17:23.562 [ INFO] maestro.cli.runner.CliConsoleListener.onCommandFinished: Assert that "Logement" is visible COMPLETED
