19:19:30.268 [ INFO] maestro.cli.runner.CliConsoleListener.onCommandStart: Define variables RUNNING
19:19:30.268 [ INFO] maestro.cli.runner.CliConsoleListener.onCommandFinished: Define variables COMPLETED
19:19:30.269 [ INFO] maestro.cli.runner.CliConsoleListener.onCommandStart: Apply configuration RUNNING
19:19:30.269 [ INFO] maestro.cli.runner.CliConsoleListener.onCommandFinished: Apply configuration COMPLETED
19:19:30.269 [ INFO] maestro.cli.runner.CliConsoleListener.onCommandStart: Run ../../.maestro/subflows/bootstrap_monthly.yaml RUNNING
19:19:30.269 [ INFO] maestro.cli.runner.CliConsoleListener.onCommandStart: Apply configuration RUNNING
19:19:30.269 [ INFO] maestro.cli.runner.CliConsoleListener.onCommandFinished: Apply configuration COMPLETED
19:19:30.269 [ INFO] maestro.cli.runner.CliConsoleListener.onCommandStart: Run ../../scripts/dates.js RUNNING
19:19:30.294 [ INFO] maestro.orchestra.Orchestra.executeCommands$lambda$23$lambda$21: JsConsole: Maestro Dates Initialized: Prev=août / Août / 08 (2026)
19:19:30.295 [ INFO] maestro.orchestra.Orchestra.executeCommands$lambda$23$lambda$21: JsConsole: Maestro Dates Initialized: Curr=septembre / Sept. / 09 (2026)
19:19:30.295 [ INFO] maestro.orchestra.Orchestra.executeCommands$lambda$23$lambda$21: JsConsole: Maestro Dates Initialized: Next=octobre / Oct. / 10 (2026)
19:19:30.295 [ INFO] maestro.cli.runner.CliConsoleListener.onCommandFinished: Run ../../scripts/dates.js COMPLETED
19:19:30.296 [ INFO] maestro.cli.runner.CliConsoleListener.onCommandStart: Launch app "com.lop.budget" with clear state RUNNING
19:19:30.296 [ INFO] maestro.Maestro.clearAppState$lambda$8: Clearing app state com.lop.budget
19:19:32.209 [ INFO] maestro.Maestro.launchApp$lambda$5: Launching app com.lop.budget
19:19:32.209 [ INFO] maestro.Maestro.launchApp$lambda$5: Stopping com.lop.budget app during launch
19:19:32.329 [ INFO] maestro.cli.runner.CliConsoleListener.onCommandFinished: Launch app "com.lop.budget" with clear state COMPLETED
19:19:32.329 [ INFO] maestro.cli.runner.CliConsoleListener.onCommandStart: Run open_monthly_history.yaml RUNNING
19:19:32.329 [ INFO] maestro.cli.runner.CliConsoleListener.onCommandStart: Apply configuration RUNNING
19:19:32.329 [ INFO] maestro.cli.runner.CliConsoleListener.onCommandFinished: Apply configuration COMPLETED
19:19:32.329 [ INFO] maestro.cli.runner.CliConsoleListener.onCommandStart: Run flow when id: screen.monthly is not visible RUNNING
19:19:32.888 [ INFO] maestro.cli.runner.CliConsoleListener.onCommandStart: Scrolling DOWN until id: recent_transactions_see_all is visible with speed 40, visibility percentage 100%, timeout 20000 ms, with centering enabled RUNNING
19:19:33.517 [ WARN] maestro.orchestra.Orchestra.scrollUntilVisible: Error: maestro.MaestroException$ElementNotFound: Element not found: Id matching regex: recent_transactions_see_all
19:19:33.528 [ INFO] maestro.Maestro.swipeFromCenter: Swiping UP from center
19:19:37.886 [ INFO] maestro.orchestra.Orchestra.scrollUntilVisible: Scrolling try count: 0, DeviceWidth: 1080, DeviceWidth: 2400
19:19:37.886 [ INFO] maestro.orchestra.Orchestra.scrollUntilVisible: Element bounds: Bounds(x=763, y=2033, width=243, height=126)
19:19:37.886 [ INFO] maestro.orchestra.Orchestra.scrollUntilVisible: Visibility Percent: 1.0
19:19:37.886 [ INFO] maestro.orchestra.Orchestra.scrollUntilVisible: Command centerElement: ScrollUntilVisibleCommand(selector=ElementSelector(textRegex=null, idRegex=recent_transactions_see_all, size=null, below=null, above=null, leftOf=null, rightOf=null, containsChild=null, containsDescendants=null, traits=null, index=null, enabled=null, optional=false, selected=null, checked=null, focused=null, childOf=null, css=null), direction=DOWN, scrollDuration=601, visibilityPercentage=100, timeout=20000, waitToSettleTimeoutMs=null, centerElement=true, originalSpeedValue=40, label=null, optional=false).centerElement
19:19:37.886 [ INFO] maestro.orchestra.Orchestra.scrollUntilVisible: visibilityPercentageNormalized: 1.0
19:19:37.889 [ INFO] maestro.Maestro.swipeFromCenter: Swiping UP from center
19:19:39.022 [ INFO] maestro.orchestra.Orchestra.scrollUntilVisible: Scrolling try count: 1, DeviceWidth: 1080, DeviceWidth: 2400
19:19:39.022 [ INFO] maestro.orchestra.Orchestra.scrollUntilVisible: Element bounds: Bounds(x=763, y=1304, width=243, height=126)
19:19:39.022 [ INFO] maestro.orchestra.Orchestra.scrollUntilVisible: Visibility Percent: 1.0
19:19:39.022 [ INFO] maestro.orchestra.Orchestra.scrollUntilVisible: Command centerElement: ScrollUntilVisibleCommand(selector=ElementSelector(textRegex=null, idRegex=recent_transactions_see_all, size=null, below=null, above=null, leftOf=null, rightOf=null, containsChild=null, containsDescendants=null, traits=null, index=null, enabled=null, optional=false, selected=null, checked=null, focused=null, childOf=null, css=null), direction=DOWN, scrollDuration=601, visibilityPercentage=100, timeout=20000, waitToSettleTimeoutMs=null, centerElement=true, originalSpeedValue=40, label=null, optional=false).centerElement
19:19:39.023 [ INFO] maestro.orchestra.Orchestra.scrollUntilVisible: visibilityPercentageNormalized: 1.0
19:19:39.023 [ INFO] maestro.cli.runner.CliConsoleListener.onCommandFinished: Scrolling DOWN until id: recent_transactions_see_all is visible with speed 40, visibility percentage 100%, timeout 20000 ms, with centering enabled COMPLETED
19:19:39.023 [ INFO] maestro.cli.runner.CliConsoleListener.onCommandStart: Tap on id: recent_transactions_see_all RUNNING
19:19:39.145 [ INFO] maestro.Maestro.tap-HgV9Ck0: Tapping on element:  UiElement(treeNode=TreeNode(attributes={text=, accessibilityText=, hintText=, ignoreBoundsFiltering=false, resource-id=recent_transactions_see_all, clickable=true, bounds=[763,1304][1006,1430], enabled=true, focused=false, checked=false, scrollable=false, selected=false, class=android.view.View, important-for-accessibility=true, error=}, children=[TreeNode(attributes={text=Voir tout, accessibilityText=, hintText=, ignoreBoundsFiltering=false, resource-id=, clickable=false, bounds=[795,1340][932,1393], enabled=true, focused=false, checked=false, scrollable=false, selected=false, class=android.widget.TextView, important-for-accessibility=true, error=}, children=[], clickable=false, enabled=true, focused=false, checked=false, selected=false), TreeNode(attributes={text=, accessibilityText=, hintText=, ignoreBoundsFiltering=false, resource-id=, clickable=false, bounds=[763,1314][1006,1419], enabled=true, focused=false, checked=false, scrollable=false, selected=false, class=android.widget.Button, important-for-accessibility=true, error=}, children=[], clickable=false, enabled=true, focused=false, checked=false, selected=false)], clickable=true, enabled=true, focused=false, checked=false, selected=false), bounds=Bounds(x=763, y=1304, width=243, height=126))
19:19:40.389 [ INFO] maestro.Maestro.tap-HgV9Ck0: Tap aimed via settled hierarchy
19:19:40.390 [ INFO] maestro.Maestro.hierarchyBasedTap-ogj28Uc: Tapping at (884, 1367) using hierarchy based logic for wait
19:19:41.652 [ INFO] maestro.Maestro.hierarchyBasedTap-ogj28Uc: Something has changed in the UI judging by view hierarchy. Proceed.
19:19:41.652 [ INFO] maestro.cli.runner.CliConsoleListener.onCommandFinished: Tap on id: recent_transactions_see_all COMPLETED
19:19:41.652 [ INFO] maestro.cli.runner.CliConsoleListener.onCommandStart: Assert that id: screen.monthly is visible RUNNING
19:19:41.770 [ INFO] maestro.cli.runner.CliConsoleListener.onCommandFinished: Assert that id: screen.monthly is visible COMPLETED
19:19:41.770 [ INFO] maestro.cli.runner.CliConsoleListener.onCommandFinished: Run flow when id: screen.monthly is not visible COMPLETED
19:19:41.770 [ INFO] maestro.cli.runner.CliConsoleListener.onCommandStart: Wait for animation to end within 5000 ms RUNNING
19:19:41.771 [ INFO] maestro.Maestro.waitForAnimationToEnd$lambda$53: Waiting for animation to end with timeout 5000
19:19:41.771 [TRACE] maestro.utils.ScreenshotUtils.takeScreenshot: Taking screenshot to byte array
19:19:41.771 [TRACE] maestro.utils.ScreenshotUtils.takeScreenshot: Taking screenshot to output sink
19:19:41.983 [TRACE] maestro.utils.ScreenshotUtils.takeScreenshot: Taking screenshot to byte array
19:19:41.984 [TRACE] maestro.utils.ScreenshotUtils.takeScreenshot: Taking screenshot to output sink
19:19:42.365 [ INFO] maestro.cli.runner.CliConsoleListener.onCommandFinished: Wait for animation to end within 5000 ms COMPLETED
19:19:42.365 [ INFO] maestro.cli.runner.CliConsoleListener.onCommandFinished: Run open_monthly_history.yaml COMPLETED
19:19:42.365 [ INFO] maestro.cli.runner.CliConsoleListener.onCommandFinished: Run ../../.maestro/subflows/bootstrap_monthly.yaml COMPLETED
19:19:42.365 [ INFO] maestro.cli.runner.CliConsoleListener.onCommandStart: Assert that id: screen.monthly is visible RUNNING
19:19:42.418 [ INFO] maestro.cli.runner.CliConsoleListener.onCommandFinished: Assert that id: screen.monthly is visible COMPLETED
19:19:42.418 [ INFO] maestro.cli.runner.CliConsoleListener.onCommandStart: Assert that "Tous les types" is visible RUNNING
19:19:42.467 [ INFO] maestro.cli.runner.CliConsoleListener.onCommandFinished: Assert that "Tous les types" is visible COMPLETED
19:19:42.467 [ INFO] maestro.cli.runner.CliConsoleListener.onCommandStart: Assert that "Tous les statuts" is visible RUNNING
19:19:42.593 [ INFO] maestro.cli.runner.CliConsoleListener.onCommandFinished: Assert that "Tous les statuts" is visible COMPLETED
19:19:42.593 [ INFO] maestro.cli.runner.CliConsoleListener.onCommandStart: Scrolling DOWN until "Courses Hebdomadaires" is visible with speed 40, visibility percentage 100%, timeout 20000 ms, with centering disabled RUNNING
19:19:42.712 [ INFO] maestro.orchestra.Orchestra.scrollUntilVisible: Scrolling try count: 0, DeviceWidth: 1080, DeviceWidth: 2400
19:19:42.713 [ INFO] maestro.orchestra.Orchestra.scrollUntilVisible: Element bounds: Bounds(x=238, y=1761, width=463, height=49)
19:19:42.713 [ INFO] maestro.orchestra.Orchestra.scrollUntilVisible: Visibility Percent: 1.0
19:19:42.713 [ INFO] maestro.orchestra.Orchestra.scrollUntilVisible: Command centerElement: ScrollUntilVisibleCommand(selector=ElementSelector(textRegex=Courses Hebdomadaires, idRegex=null, size=null, below=null, above=null, leftOf=null, rightOf=null, containsChild=null, containsDescendants=null, traits=null, index=null, enabled=null, optional=false, selected=null, checked=null, focused=null, childOf=null, css=null), direction=DOWN, scrollDuration=601, visibilityPercentage=100, timeout=20000, waitToSettleTimeoutMs=null, centerElement=false, originalSpeedValue=40, label=null, optional=false).centerElement
19:19:42.713 [ INFO] maestro.orchestra.Orchestra.scrollUntilVisible: visibilityPercentageNormalized: 1.0
19:19:42.713 [ INFO] maestro.cli.runner.CliConsoleListener.onCommandFinished: Scrolling DOWN until "Courses Hebdomadaires" is visible with speed 40, visibility percentage 100%, timeout 20000 ms, with centering disabled COMPLETED
19:19:42.713 [ INFO] maestro.cli.runner.CliConsoleListener.onCommandStart: Scrolling DOWN until "Loyer" is visible with speed 40, visibility percentage 100%, timeout 20000 ms, with centering disabled RUNNING
19:19:42.805 [ INFO] maestro.orchestra.Orchestra.scrollUntilVisible: Scrolling try count: 0, DeviceWidth: 1080, DeviceWidth: 2400
19:19:42.805 [ INFO] maestro.orchestra.Orchestra.scrollUntilVisible: Element bounds: Bounds(x=238, y=1171, width=103, height=49)
19:19:42.805 [ INFO] maestro.orchestra.Orchestra.scrollUntilVisible: Visibility Percent: 1.0
19:19:42.805 [ INFO] maestro.orchestra.Orchestra.scrollUntilVisible: Command centerElement: ScrollUntilVisibleCommand(selector=ElementSelector(textRegex=Loyer, idRegex=null, size=null, below=null, above=null, leftOf=null, rightOf=null, containsChild=null, containsDescendants=null, traits=null, index=null, enabled=null, optional=false, selected=null, checked=null, focused=null, childOf=null, css=null), direction=DOWN, scrollDuration=601, visibilityPercentage=100, timeout=20000, waitToSettleTimeoutMs=null, centerElement=false, originalSpeedValue=40, label=null, optional=false).centerElement
19:19:42.805 [ INFO] maestro.orchestra.Orchestra.scrollUntilVisible: visibilityPercentageNormalized: 1.0
19:19:42.805 [ INFO] maestro.cli.runner.CliConsoleListener.onCommandFinished: Scrolling DOWN until "Loyer" is visible with speed 40, visibility percentage 100%, timeout 20000 ms, with centering disabled COMPLETED
19:19:42.805 [ INFO] maestro.cli.runner.CliConsoleListener.onCommandStart: Scrolling DOWN until "Salaire" is visible with speed 40, visibility percentage 100%, timeout 20000 ms, with centering disabled RUNNING
19:19:42.888 [ INFO] maestro.orchestra.Orchestra.scrollUntilVisible: Scrolling try count: 0, DeviceWidth: 1080, DeviceWidth: 2400
19:19:42.888 [ INFO] maestro.orchestra.Orchestra.scrollUntilVisible: Element bounds: Bounds(x=238, y=1403, width=127, height=49)
19:19:42.889 [ INFO] maestro.orchestra.Orchestra.scrollUntilVisible: Visibility Percent: 1.0
19:19:42.889 [ INFO] maestro.orchestra.Orchestra.scrollUntilVisible: Command centerElement: ScrollUntilVisibleCommand(selector=ElementSelector(textRegex=Salaire, idRegex=null, size=null, below=null, above=null, leftOf=null, rightOf=null, containsChild=null, containsDescendants=null, traits=null, index=null, enabled=null, optional=false, selected=null, checked=null, focused=null, childOf=null, css=null), direction=DOWN, scrollDuration=601, visibilityPercentage=100, timeout=20000, waitToSettleTimeoutMs=null, centerElement=false, originalSpeedValue=40, label=null, optional=false).centerElement
19:19:42.889 [ INFO] maestro.orchestra.Orchestra.scrollUntilVisible: visibilityPercentageNormalized: 1.0
19:19:42.889 [ INFO] maestro.cli.runner.CliConsoleListener.onCommandFinished: Scrolling DOWN until "Salaire" is visible with speed 40, visibility percentage 100%, timeout 20000 ms, with centering disabled COMPLETED
19:19:42.889 [ INFO] maestro.cli.runner.CliConsoleListener.onCommandStart: Scrolling UP until id: monthly.filter.type is visible with speed 40, visibility percentage 100%, timeout 20000 ms, with centering disabled RUNNING
19:19:42.971 [ INFO] maestro.orchestra.Orchestra.scrollUntilVisible: Scrolling try count: 0, DeviceWidth: 1080, DeviceWidth: 2400
19:19:42.971 [ INFO] maestro.orchestra.Orchestra.scrollUntilVisible: Element bounds: Bounds(x=53, y=640, width=363, height=126)
19:19:42.971 [ INFO] maestro.orchestra.Orchestra.scrollUntilVisible: Visibility Percent: 1.0
19:19:42.971 [ INFO] maestro.orchestra.Orchestra.scrollUntilVisible: Command centerElement: ScrollUntilVisibleCommand(selector=ElementSelector(textRegex=null, idRegex=monthly.filter.type, size=null, below=null, above=null, leftOf=null, rightOf=null, containsChild=null, containsDescendants=null, traits=null, index=null, enabled=null, optional=false, selected=null, checked=null, focused=null, childOf=null, css=null), direction=UP, scrollDuration=601, visibilityPercentage=100, timeout=20000, waitToSettleTimeoutMs=null, centerElement=false, originalSpeedValue=40, label=null, optional=false).centerElement
19:19:42.971 [ INFO] maestro.orchestra.Orchestra.scrollUntilVisible: visibilityPercentageNormalized: 1.0
19:19:42.971 [ INFO] maestro.cli.runner.CliConsoleListener.onCommandFinished: Scrolling UP until id: monthly.filter.type is visible with speed 40, visibility percentage 100%, timeout 20000 ms, with centering disabled COMPLETED
19:19:42.971 [ INFO] maestro.cli.runner.CliConsoleListener.onCommandStart: Run console.log("TC-100-1 : CA-01 vérifié — revenus et dépenses, payées et planifiées, tous rendus")
 RUNNING
19:19:42.971 [ INFO] maestro.cli.runner.CliConsoleListener.onCommandFinished: Run console.log("TC-100-1 : CA-01 vérifié — revenus et dépenses, payées et planifiées, tous rendus")
 COMPLETED
19:19:42.971 [ INFO] maestro.cli.runner.CliConsoleListener.onCommandStart: Tap on id: monthly.filter.type RUNNING
19:19:43.047 [ INFO] maestro.Maestro.tap-HgV9Ck0: Tapping on element:  UiElement(treeNode=TreeNode(attributes={text=, accessibilityText=, hintText=, ignoreBoundsFiltering=false, resource-id=monthly.filter.type, clickable=true, bounds=[53,640][416,766], enabled=true, focused=false, checked=false, scrollable=false, selected=false, class=android.view.View, important-for-accessibility=true, error=}, children=[TreeNode(attributes={text=, accessibilityText=, hintText=, ignoreBoundsFiltering=false, resource-id=, clickable=false, bounds=[35,641][161,767], enabled=true, focused=false, checked=false, scrollable=false, selected=false, class=android.view.View, important-for-accessibility=false, error=}, children=[], clickable=false, enabled=true, focused=false, checked=false, selected=false), TreeNode(attributes={text=Tous les types, accessibilityText=, hintText=, ignoreBoundsFiltering=false, resource-id=, clickable=false, bounds=[142,682][374,725], enabled=true, focused=false, checked=false, scrollable=false, selected=false, class=android.widget.TextView, important-for-accessibility=true, error=}, children=[], clickable=false, enabled=true, focused=false, checked=false, selected=false), TreeNode(attributes={text=, accessibilityText=, hintText=, ignoreBoundsFiltering=false, resource-id=, clickable=false, bounds=[53,661][416,745], enabled=true, focused=false, checked=false, scrollable=false, selected=false, class=android.widget.CheckBox, important-for-accessibility=true, error=}, children=[], clickable=false, enabled=true, focused=false, checked=false, selected=false)], clickable=true, enabled=true, focused=false, checked=false, selected=false), bounds=Bounds(x=53, y=640, width=363, height=126))
19:19:44.275 [ INFO] maestro.Maestro.tap-HgV9Ck0: Tap aimed via settled hierarchy
19:19:44.276 [ INFO] maestro.Maestro.hierarchyBasedTap-ogj28Uc: Tapping at (234, 703) using hierarchy based logic for wait
19:19:46.094 [ INFO] maestro.Maestro.hierarchyBasedTap-ogj28Uc: Something has changed in the UI judging by view hierarchy. Proceed.
19:19:46.094 [ INFO] maestro.cli.runner.CliConsoleListener.onCommandFinished: Tap on id: monthly.filter.type COMPLETED
19:19:46.094 [ INFO] maestro.cli.runner.CliConsoleListener.onCommandStart: Assert that "Filtrer par type" is visible RUNNING
19:19:46.151 [ INFO] maestro.cli.runner.CliConsoleListener.onCommandFinished: Assert that "Filtrer par type" is visible COMPLETED
19:19:46.151 [ INFO] maestro.cli.runner.CliConsoleListener.onCommandStart: Assert that "Dépenses" is visible RUNNING
19:19:46.211 [ INFO] maestro.cli.runner.CliConsoleListener.onCommandFinished: Assert that "Dépenses" is visible COMPLETED
19:19:46.211 [ INFO] maestro.cli.runner.CliConsoleListener.onCommandStart: Assert that "Revenus" is visible RUNNING
19:19:46.230 [ INFO] maestro.cli.runner.CliConsoleListener.onCommandFinished: Assert that "Revenus" is visible COMPLETED
19:19:46.231 [ INFO] maestro.cli.runner.CliConsoleListener.onCommandStart: Press back RUNNING
19:19:46.231 [ INFO] maestro.Maestro.backPress: Pressing back
19:19:47.019 [ INFO] maestro.cli.runner.CliConsoleListener.onCommandFinished: Press back COMPLETED
19:19:47.020 [ INFO] maestro.cli.runner.CliConsoleListener.onCommandStart: Assert that "Filtrer par type" is not visible RUNNING
19:19:47.646 [ INFO] maestro.cli.runner.CliConsoleListener.onCommandFinished: Assert that "Filtrer par type" is not visible COMPLETED
19:19:47.647 [ INFO] maestro.cli.runner.CliConsoleListener.onCommandStart: Assert that "Tous les types" is visible RUNNING
19:19:47.756 [ INFO] maestro.cli.runner.CliConsoleListener.onCommandFinished: Assert that "Tous les types" is visible COMPLETED
19:19:47.756 [ INFO] maestro.cli.runner.CliConsoleListener.onCommandStart: Scrolling DOWN until "Salaire" is visible with speed 40, visibility percentage 100%, timeout 20000 ms, with centering disabled RUNNING
19:19:47.827 [ INFO] maestro.orchestra.Orchestra.scrollUntilVisible: Scrolling try count: 0, DeviceWidth: 1080, DeviceWidth: 2400
19:19:47.827 [ INFO] maestro.orchestra.Orchestra.scrollUntilVisible: Element bounds: Bounds(x=238, y=1403, width=127, height=49)
19:19:47.827 [ INFO] maestro.orchestra.Orchestra.scrollUntilVisible: Visibility Percent: 1.0
19:19:47.827 [ INFO] maestro.orchestra.Orchestra.scrollUntilVisible: Command centerElement: ScrollUntilVisibleCommand(selector=ElementSelector(textRegex=Salaire, idRegex=null, size=null, below=null, above=null, leftOf=null, rightOf=null, containsChild=null, containsDescendants=null, traits=null, index=null, enabled=null, optional=false, selected=null, checked=null, focused=null, childOf=null, css=null), direction=DOWN, scrollDuration=601, visibilityPercentage=100, timeout=20000, waitToSettleTimeoutMs=null, centerElement=false, originalSpeedValue=40, label=null, optional=false).centerElement
19:19:47.827 [ INFO] maestro.orchestra.Orchestra.scrollUntilVisible: visibilityPercentageNormalized: 1.0
19:19:47.827 [ INFO] maestro.cli.runner.CliConsoleListener.onCommandFinished: Scrolling DOWN until "Salaire" is visible with speed 40, visibility percentage 100%, timeout 20000 ms, with centering disabled COMPLETED
19:19:47.827 [ INFO] maestro.cli.runner.CliConsoleListener.onCommandStart: Scrolling UP until id: monthly.filter.type is visible with speed 40, visibility percentage 100%, timeout 20000 ms, with centering disabled RUNNING
19:19:47.894 [ INFO] maestro.orchestra.Orchestra.scrollUntilVisible: Scrolling try count: 0, DeviceWidth: 1080, DeviceWidth: 2400
19:19:47.895 [ INFO] maestro.orchestra.Orchestra.scrollUntilVisible: Element bounds: Bounds(x=53, y=640, width=363, height=126)
19:19:47.895 [ INFO] maestro.orchestra.Orchestra.scrollUntilVisible: Visibility Percent: 1.0
19:19:47.895 [ INFO] maestro.orchestra.Orchestra.scrollUntilVisible: Command centerElement: ScrollUntilVisibleCommand(selector=ElementSelector(textRegex=null, idRegex=monthly.filter.type, size=null, below=null, above=null, leftOf=null, rightOf=null, containsChild=null, containsDescendants=null, traits=null, index=null, enabled=null, optional=false, selected=null, checked=null, focused=null, childOf=null, css=null), direction=UP, scrollDuration=601, visibilityPercentage=100, timeout=20000, waitToSettleTimeoutMs=null, centerElement=false, originalSpeedValue=40, label=null, optional=false).centerElement
19:19:47.895 [ INFO] maestro.orchestra.Orchestra.scrollUntilVisible: visibilityPercentageNormalized: 1.0
19:19:47.895 [ INFO] maestro.cli.runner.CliConsoleListener.onCommandFinished: Scrolling UP until id: monthly.filter.type is visible with speed 40, visibility percentage 100%, timeout 20000 ms, with centering disabled COMPLETED
19:19:47.895 [ INFO] maestro.cli.runner.CliConsoleListener.onCommandStart: Run console.log("TC-100-1 : CA-02 vérifié — ouvrir la feuille ne filtre rien")
 RUNNING
19:19:47.895 [ INFO] maestro.cli.runner.CliConsoleListener.onCommandFinished: Run console.log("TC-100-1 : CA-02 vérifié — ouvrir la feuille ne filtre rien")
 COMPLETED
19:19:47.895 [ INFO] maestro.cli.runner.CliConsoleListener.onCommandStart: Tap on id: monthly.filter.type RUNNING
19:19:48.008 [ INFO] maestro.Maestro.tap-HgV9Ck0: Tapping on element:  UiElement(treeNode=TreeNode(attributes={text=, accessibilityText=, hintText=, ignoreBoundsFiltering=false, resource-id=monthly.filter.type, clickable=true, bounds=[53,640][416,766], enabled=true, focused=false, checked=false, scrollable=false, selected=false, class=android.view.View, important-for-accessibility=true, error=}, children=[TreeNode(attributes={text=, accessibilityText=, hintText=, ignoreBoundsFiltering=false, resource-id=, clickable=false, bounds=[35,641][161,767], enabled=true, focused=false, checked=false, scrollable=false, selected=false, class=android.view.View, important-for-accessibility=false, error=}, children=[], clickable=false, enabled=true, focused=false, checked=false, selected=false), TreeNode(attributes={text=Tous les types, accessibilityText=, hintText=, ignoreBoundsFiltering=false, resource-id=, clickable=false, bounds=[142,682][374,725], enabled=true, focused=false, checked=false, scrollable=false, selected=false, class=android.widget.TextView, important-for-accessibility=true, error=}, children=[], clickable=false, enabled=true, focused=false, checked=false, selected=false), TreeNode(attributes={text=, accessibilityText=, hintText=, ignoreBoundsFiltering=false, resource-id=, clickable=false, bounds=[53,661][416,745], enabled=true, focused=false, checked=false, scrollable=false, selected=false, class=android.widget.CheckBox, important-for-accessibility=true, error=}, children=[], clickable=false, enabled=true, focused=false, checked=false, selected=false)], clickable=true, enabled=true, focused=false, checked=false, selected=false), bounds=Bounds(x=53, y=640, width=363, height=126))
19:19:49.231 [ INFO] maestro.Maestro.tap-HgV9Ck0: Tap aimed via settled hierarchy
19:19:49.232 [ INFO] maestro.Maestro.hierarchyBasedTap-ogj28Uc: Tapping at (234, 703) using hierarchy based logic for wait
19:19:50.851 [ INFO] maestro.Maestro.hierarchyBasedTap-ogj28Uc: Something has changed in the UI judging by view hierarchy. Proceed.
19:19:50.851 [ INFO] maestro.cli.runner.CliConsoleListener.onCommandFinished: Tap on id: monthly.filter.type COMPLETED
19:19:50.851 [ INFO] maestro.cli.runner.CliConsoleListener.onCommandStart: Tap on "Dépenses" RUNNING
19:19:50.915 [ INFO] maestro.Maestro.tap-HgV9Ck0: Tapping on element:  UiElement(treeNode=TreeNode(attributes={text=Dépenses, accessibilityText=, hintText=, ignoreBoundsFiltering=false, resource-id=, clickable=false, bounds=[95,1997][985,2046], enabled=true, focused=false, checked=false, scrollable=false, selected=false, class=android.widget.TextView, important-for-accessibility=true, error=}, children=[], clickable=false, enabled=true, focused=false, checked=false, selected=false), bounds=Bounds(x=95, y=1997, width=890, height=49))
19:19:52.087 [ INFO] maestro.Maestro.tap-HgV9Ck0: Tap aimed via settled hierarchy
19:19:52.087 [ INFO] maestro.Maestro.hierarchyBasedTap-ogj28Uc: Tapping at (540, 2021) using hierarchy based logic for wait
19:19:53.092 [ INFO] maestro.Maestro.hierarchyBasedTap-ogj28Uc: Something has changed in the UI judging by view hierarchy. Proceed.
19:19:53.092 [ INFO] maestro.cli.runner.CliConsoleListener.onCommandFinished: Tap on "Dépenses" COMPLETED
19:19:53.092 [ INFO] maestro.cli.runner.CliConsoleListener.onCommandStart: Assert that "Filtrer par type" is not visible RUNNING
19:19:53.763 [ INFO] maestro.cli.runner.CliConsoleListener.onCommandFinished: Assert that "Filtrer par type" is not visible COMPLETED
19:19:53.764 [ INFO] maestro.cli.runner.CliConsoleListener.onCommandStart: Assert that "Dépenses" is visible RUNNING
19:19:53.881 [ INFO] maestro.cli.runner.CliConsoleListener.onCommandFinished: Assert that "Dépenses" is visible COMPLETED
19:19:53.881 [ INFO] maestro.cli.runner.CliConsoleListener.onCommandStart: Assert that "Courses Hebdomadaires" is visible RUNNING
19:19:53.984 [ INFO] maestro.cli.runner.CliConsoleListener.onCommandFinished: Assert that "Courses Hebdomadaires" is visible COMPLETED
19:19:53.985 [ INFO] maestro.cli.runner.CliConsoleListener.onCommandStart: Assert that "Loyer" is visible RUNNING
19:19:54.092 [ INFO] maestro.cli.runner.CliConsoleListener.onCommandFinished: Assert that "Loyer" is visible COMPLETED
19:19:54.092 [ INFO] maestro.cli.runner.CliConsoleListener.onCommandStart: Assert that "Salaire" is not visible RUNNING
19:19:54.808 [ INFO] maestro.cli.runner.CliConsoleListener.onCommandFinished: Assert that "Salaire" is not visible COMPLETED
19:19:54.808 [ INFO] maestro.cli.runner.CliConsoleListener.onCommandStart: Run console.log("TC-100-1 : CA-03 vérifié — la liste ne contient plus de revenu")
 RUNNING
19:19:54.808 [ INFO] maestro.cli.runner.CliConsoleListener.onCommandFinished: Run console.log("TC-100-1 : CA-03 vérifié — la liste ne contient plus de revenu")
 COMPLETED
19:19:54.808 [ INFO] maestro.cli.runner.CliConsoleListener.onCommandStart: Tap on id: monthly.filter.type RUNNING
19:19:54.912 [ INFO] maestro.Maestro.tap-HgV9Ck0: Tapping on element:  UiElement(treeNode=TreeNode(attributes={text=, accessibilityText=, hintText=, ignoreBoundsFiltering=false, resource-id=monthly.filter.type, clickable=true, bounds=[53,640][343,766], enabled=true, focused=false, checked=true, scrollable=false, selected=false, class=android.view.View, important-for-accessibility=true, error=}, children=[TreeNode(attributes={text=, accessibilityText=, hintText=, ignoreBoundsFiltering=false, resource-id=, clickable=false, bounds=[35,641][161,767], enabled=true, focused=false, checked=false, scrollable=false, selected=false, class=android.view.View, important-for-accessibility=false, error=}, children=[], clickable=false, enabled=true, focused=false, checked=false, selected=false), TreeNode(attributes={text=Dépenses, accessibilityText=, hintText=, ignoreBoundsFiltering=false, resource-id=, clickable=false, bounds=[142,682][301,725], enabled=true, focused=false, checked=false, scrollable=false, selected=false, class=android.widget.TextView, important-for-accessibility=true, error=}, children=[], clickable=false, enabled=true, focused=false, checked=false, selected=false), TreeNode(attributes={text=, accessibilityText=, hintText=, ignoreBoundsFiltering=false, resource-id=, clickable=false, bounds=[53,661][343,745], enabled=true, focused=false, checked=false, scrollable=false, selected=false, class=android.widget.CheckBox, important-for-accessibility=true, error=}, children=[], clickable=false, enabled=true, focused=false, checked=false, selected=false)], clickable=true, enabled=true, focused=false, checked=true, selected=false), bounds=Bounds(x=53, y=640, width=290, height=126))
19:19:56.094 [ INFO] maestro.Maestro.tap-HgV9Ck0: Tap aimed via settled hierarchy
19:19:56.094 [ INFO] maestro.Maestro.hierarchyBasedTap-ogj28Uc: Tapping at (198, 703) using hierarchy based logic for wait
19:19:57.739 [ INFO] maestro.Maestro.hierarchyBasedTap-ogj28Uc: Something has changed in the UI judging by view hierarchy. Proceed.
19:19:57.739 [ INFO] maestro.cli.runner.CliConsoleListener.onCommandFinished: Tap on id: monthly.filter.type COMPLETED
19:19:57.739 [ INFO] maestro.cli.runner.CliConsoleListener.onCommandStart: Tap on "Tous les types" RUNNING
19:19:57.839 [ INFO] maestro.Maestro.tap-HgV9Ck0: Tapping on element:  UiElement(treeNode=TreeNode(attributes={text=Tous les types, accessibilityText=, hintText=, ignoreBoundsFiltering=false, resource-id=, clickable=false, bounds=[95,1818][985,1867], enabled=true, focused=false, checked=false, scrollable=false, selected=false, class=android.widget.TextView, important-for-accessibility=true, error=}, children=[], clickable=false, enabled=true, focused=false, checked=false, selected=false), bounds=Bounds(x=95, y=1818, width=890, height=49))
19:19:58.989 [ INFO] maestro.Maestro.tap-HgV9Ck0: Tap aimed via settled hierarchy
19:19:58.990 [ INFO] maestro.Maestro.hierarchyBasedTap-ogj28Uc: Tapping at (540, 1842) using hierarchy based logic for wait
19:20:00.004 [ INFO] maestro.Maestro.hierarchyBasedTap-ogj28Uc: Something has changed in the UI judging by view hierarchy. Proceed.
19:20:00.004 [ INFO] maestro.cli.runner.CliConsoleListener.onCommandFinished: Tap on "Tous les types" COMPLETED
19:20:00.005 [ INFO] maestro.cli.runner.CliConsoleListener.onCommandStart: Assert that "Filtrer par type" is not visible RUNNING
19:20:00.687 [ INFO] maestro.cli.runner.CliConsoleListener.onCommandFinished: Assert that "Filtrer par type" is not visible COMPLETED
19:20:00.688 [ INFO] maestro.cli.runner.CliConsoleListener.onCommandStart: Assert that "Tous les types" is visible RUNNING
19:20:00.800 [ INFO] maestro.cli.runner.CliConsoleListener.onCommandFinished: Assert that "Tous les types" is visible COMPLETED
19:20:00.801 [ INFO] maestro.cli.runner.CliConsoleListener.onCommandStart: Scrolling DOWN until "Salaire" is visible with speed 40, visibility percentage 100%, timeout 20000 ms, with centering disabled RUNNING
19:20:00.870 [ INFO] maestro.orchestra.Orchestra.scrollUntilVisible: Scrolling try count: 0, DeviceWidth: 1080, DeviceWidth: 2400
19:20:00.870 [ INFO] maestro.orchestra.Orchestra.scrollUntilVisible: Element bounds: Bounds(x=238, y=1403, width=127, height=49)
19:20:00.870 [ INFO] maestro.orchestra.Orchestra.scrollUntilVisible: Visibility Percent: 1.0
19:20:00.870 [ INFO] maestro.orchestra.Orchestra.scrollUntilVisible: Command centerElement: ScrollUntilVisibleCommand(selector=ElementSelector(textRegex=Salaire, idRegex=null, size=null, below=null, above=null, leftOf=null, rightOf=null, containsChild=null, containsDescendants=null, traits=null, index=null, enabled=null, optional=false, selected=null, checked=null, focused=null, childOf=null, css=null), direction=DOWN, scrollDuration=601, visibilityPercentage=100, timeout=20000, waitToSettleTimeoutMs=null, centerElement=false, originalSpeedValue=40, label=null, optional=false).centerElement
19:20:00.870 [ INFO] maestro.orchestra.Orchestra.scrollUntilVisible: visibilityPercentageNormalized: 1.0
19:20:00.870 [ INFO] maestro.cli.runner.CliConsoleListener.onCommandFinished: Scrolling DOWN until "Salaire" is visible with speed 40, visibility percentage 100%, timeout 20000 ms, with centering disabled COMPLETED
19:20:00.870 [ INFO] maestro.cli.runner.CliConsoleListener.onCommandStart: Scrolling UP until id: monthly.filter.status is visible with speed 40, visibility percentage 100%, timeout 20000 ms, with centering disabled RUNNING
19:20:00.988 [ INFO] maestro.orchestra.Orchestra.scrollUntilVisible: Scrolling try count: 0, DeviceWidth: 1080, DeviceWidth: 2400
19:20:00.988 [ INFO] maestro.orchestra.Orchestra.scrollUntilVisible: Element bounds: Bounds(x=437, y=640, width=341, height=126)
19:20:00.988 [ INFO] maestro.orchestra.Orchestra.scrollUntilVisible: Visibility Percent: 1.0
19:20:00.988 [ INFO] maestro.orchestra.Orchestra.scrollUntilVisible: Command centerElement: ScrollUntilVisibleCommand(selector=ElementSelector(textRegex=null, idRegex=monthly.filter.status, size=null, below=null, above=null, leftOf=null, rightOf=null, containsChild=null, containsDescendants=null, traits=null, index=null, enabled=null, optional=false, selected=null, checked=null, focused=null, childOf=null, css=null), direction=UP, scrollDuration=601, visibilityPercentage=100, timeout=20000, waitToSettleTimeoutMs=null, centerElement=false, originalSpeedValue=40, label=null, optional=false).centerElement
19:20:00.989 [ INFO] maestro.orchestra.Orchestra.scrollUntilVisible: visibilityPercentageNormalized: 1.0
19:20:00.989 [ INFO] maestro.cli.runner.CliConsoleListener.onCommandFinished: Scrolling UP until id: monthly.filter.status is visible with speed 40, visibility percentage 100%, timeout 20000 ms, with centering disabled COMPLETED
19:20:00.989 [ INFO] maestro.cli.runner.CliConsoleListener.onCommandStart: Run console.log("TC-100-1 : CA-04 vérifié — le filtre de type est retirable depuis sa feuille")
 RUNNING
19:20:00.989 [ INFO] maestro.cli.runner.CliConsoleListener.onCommandFinished: Run console.log("TC-100-1 : CA-04 vérifié — le filtre de type est retirable depuis sa feuille")
 COMPLETED
19:20:00.989 [ INFO] maestro.cli.runner.CliConsoleListener.onCommandStart: Tap on id: monthly.filter.status RUNNING
19:20:01.050 [ INFO] maestro.Maestro.tap-HgV9Ck0: Tapping on element:  UiElement(treeNode=TreeNode(attributes={text=, accessibilityText=, hintText=, ignoreBoundsFiltering=false, resource-id=monthly.filter.status, clickable=true, bounds=[437,640][778,766], enabled=true, focused=false, checked=false, scrollable=false, selected=false, class=android.view.View, important-for-accessibility=true, error=}, children=[TreeNode(attributes={text=Tous les statuts, accessibilityText=, hintText=, ignoreBoundsFiltering=false, resource-id=, clickable=false, bounds=[479,682][736,725], enabled=true, focused=false, checked=false, scrollable=false, selected=false, class=android.widget.TextView, important-for-accessibility=true, error=}, children=[], clickable=false, enabled=true, focused=false, checked=false, selected=false), TreeNode(attributes={text=, accessibilityText=, hintText=, ignoreBoundsFiltering=false, resource-id=, clickable=false, bounds=[437,661][778,745], enabled=true, focused=false, checked=false, scrollable=false, selected=false, class=android.widget.CheckBox, important-for-accessibility=true, error=}, children=[], clickable=false, enabled=true, focused=false, checked=false, selected=false)], clickable=true, enabled=true, focused=false, checked=false, selected=false), bounds=Bounds(x=437, y=640, width=341, height=126))
19:20:02.551 [ INFO] maestro.Maestro.tap-HgV9Ck0: Tap aimed via settled hierarchy
19:20:02.552 [ INFO] maestro.Maestro.hierarchyBasedTap-ogj28Uc: Tapping at (607, 703) using hierarchy based logic for wait
19:20:04.175 [ INFO] maestro.Maestro.hierarchyBasedTap-ogj28Uc: Something has changed in the UI judging by view hierarchy. Proceed.
19:20:04.175 [ INFO] maestro.cli.runner.CliConsoleListener.onCommandFinished: Tap on id: monthly.filter.status COMPLETED
19:20:04.175 [ INFO] maestro.cli.runner.CliConsoleListener.onCommandStart: Assert that "Filtrer par statut" is visible RUNNING
19:20:04.235 [ INFO] maestro.cli.runner.CliConsoleListener.onCommandFinished: Assert that "Filtrer par statut" is visible COMPLETED
19:20:04.235 [ INFO] maestro.cli.runner.CliConsoleListener.onCommandStart: Assert that "Payé" is visible RUNNING
19:20:04.291 [ INFO] maestro.cli.runner.CliConsoleListener.onCommandFinished: Assert that "Payé" is visible COMPLETED
19:20:04.291 [ INFO] maestro.cli.runner.CliConsoleListener.onCommandStart: Assert that "Planifié" is visible RUNNING
19:20:04.391 [ INFO] maestro.cli.runner.CliConsoleListener.onCommandFinished: Assert that "Planifié" is visible COMPLETED
19:20:04.392 [ INFO] maestro.cli.runner.CliConsoleListener.onCommandStart: Tap on "Payé" RUNNING
19:20:04.452 [ INFO] maestro.Maestro.tap-HgV9Ck0: Tapping on element:  UiElement(treeNode=TreeNode(attributes={text=Payé, accessibilityText=, hintText=, ignoreBoundsFiltering=false, resource-id=, clickable=false, bounds=[95,1997][985,2046], enabled=true, focused=false, checked=false, scrollable=false, selected=false, class=android.widget.TextView, important-for-accessibility=true, error=}, children=[], clickable=false, enabled=true, focused=false, checked=false, selected=false), bounds=Bounds(x=95, y=1997, width=890, height=49))
19:20:05.659 [ INFO] maestro.Maestro.tap-HgV9Ck0: Tap aimed via settled hierarchy
19:20:05.659 [ INFO] maestro.Maestro.hierarchyBasedTap-ogj28Uc: Tapping at (540, 2021) using hierarchy based logic for wait
19:20:06.518 [ INFO] maestro.Maestro.hierarchyBasedTap-ogj28Uc: Something has changed in the UI judging by view hierarchy. Proceed.
19:20:06.518 [ INFO] maestro.cli.runner.CliConsoleListener.onCommandFinished: Tap on "Payé" COMPLETED
19:20:06.518 [ INFO] maestro.cli.runner.CliConsoleListener.onCommandStart: Assert that "Filtrer par statut" is not visible RUNNING
19:20:07.200 [ INFO] maestro.cli.runner.CliConsoleListener.onCommandFinished: Assert that "Filtrer par statut" is not visible COMPLETED
19:20:07.200 [ INFO] maestro.cli.runner.CliConsoleListener.onCommandStart: Assert that "Courses Hebdomadaires" is visible RUNNING
19:20:07.301 [ INFO] maestro.cli.runner.CliConsoleListener.onCommandFinished: Assert that "Courses Hebdomadaires" is visible COMPLETED
19:20:07.301 [ INFO] maestro.cli.runner.CliConsoleListener.onCommandStart: Assert that "Loyer" is not visible RUNNING
19:20:08.003 [ INFO] maestro.cli.runner.CliConsoleListener.onCommandFinished: Assert that "Loyer" is not visible COMPLETED
19:20:08.003 [ INFO] maestro.cli.runner.CliConsoleListener.onCommandStart: Assert that "Salaire" is not visible RUNNING
19:20:08.687 [ INFO] maestro.cli.runner.CliConsoleListener.onCommandFinished: Assert that "Salaire" is not visible COMPLETED
19:20:08.688 [ INFO] maestro.cli.runner.CliConsoleListener.onCommandStart: Tap on id: monthly.filter.status RUNNING
19:20:08.792 [ INFO] maestro.Maestro.tap-HgV9Ck0: Tapping on element:  UiElement(treeNode=TreeNode(attributes={text=, accessibilityText=, hintText=, ignoreBoundsFiltering=false, resource-id=monthly.filter.status, clickable=true, bounds=[437,640][600,766], enabled=true, focused=false, checked=true, scrollable=false, selected=false, class=android.view.View, important-for-accessibility=true, error=}, children=[TreeNode(attributes={text=Payé, accessibilityText=, hintText=, ignoreBoundsFiltering=false, resource-id=, clickable=false, bounds=[479,682][558,725], enabled=true, focused=false, checked=false, scrollable=false, selected=false, class=android.widget.TextView, important-for-accessibility=true, error=}, children=[], clickable=false, enabled=true, focused=false, checked=false, selected=false), TreeNode(attributes={text=, accessibilityText=, hintText=, ignoreBoundsFiltering=false, resource-id=, clickable=false, bounds=[437,661][600,745], enabled=true, focused=false, checked=false, scrollable=false, selected=false, class=android.widget.CheckBox, important-for-accessibility=true, error=}, children=[], clickable=false, enabled=true, focused=false, checked=false, selected=false)], clickable=true, enabled=true, focused=false, checked=true, selected=false), bounds=Bounds(x=437, y=640, width=163, height=126))
19:20:10.024 [ INFO] maestro.Maestro.tap-HgV9Ck0: Tap aimed via settled hierarchy
19:20:10.024 [ INFO] maestro.Maestro.hierarchyBasedTap-ogj28Uc: Tapping at (518, 703) using hierarchy based logic for wait
19:20:11.643 [ INFO] maestro.Maestro.hierarchyBasedTap-ogj28Uc: Something has changed in the UI judging by view hierarchy. Proceed.
19:20:11.643 [ INFO] maestro.cli.runner.CliConsoleListener.onCommandFinished: Tap on id: monthly.filter.status COMPLETED
19:20:11.643 [ INFO] maestro.cli.runner.CliConsoleListener.onCommandStart: Tap on "Tous les statuts" RUNNING
19:20:11.704 [ INFO] maestro.Maestro.tap-HgV9Ck0: Tapping on element:  UiElement(treeNode=TreeNode(attributes={text=Tous les statuts, accessibilityText=, hintText=, ignoreBoundsFiltering=false, resource-id=, clickable=false, bounds=[95,1818][985,1867], enabled=true, focused=false, checked=false, scrollable=false, selected=false, class=android.widget.TextView, important-for-accessibility=true, error=}, children=[], clickable=false, enabled=true, focused=false, checked=false, selected=false), bounds=Bounds(x=95, y=1818, width=890, height=49))
19:20:12.915 [ INFO] maestro.Maestro.tap-HgV9Ck0: Tap aimed via settled hierarchy
19:20:12.916 [ INFO] maestro.Maestro.hierarchyBasedTap-ogj28Uc: Tapping at (540, 1842) using hierarchy based logic for wait
19:20:13.784 [ INFO] maestro.Maestro.hierarchyBasedTap-ogj28Uc: Something has changed in the UI judging by view hierarchy. Proceed.
19:20:13.784 [ INFO] maestro.cli.runner.CliConsoleListener.onCommandFinished: Tap on "Tous les statuts" COMPLETED
19:20:13.784 [ INFO] maestro.cli.runner.CliConsoleListener.onCommandStart: Assert that "Loyer" is visible RUNNING
19:20:13.897 [ INFO] maestro.cli.runner.CliConsoleListener.onCommandFinished: Assert that "Loyer" is visible COMPLETED
19:20:13.897 [ INFO] maestro.cli.runner.CliConsoleListener.onCommandStart: Run console.log("TC-100-1 : CA-05 vérifié — le statut filtre puis se retire")
 RUNNING
19:20:13.898 [ INFO] maestro.cli.runner.CliConsoleListener.onCommandFinished: Run console.log("TC-100-1 : CA-05 vérifié — le statut filtre puis se retire")
 COMPLETED
19:20:13.898 [ INFO] maestro.cli.runner.CliConsoleListener.onCommandStart: Scrolling UP until id: monthly.filter.type is visible with speed 40, visibility percentage 100%, timeout 20000 ms, with centering disabled RUNNING
19:20:14.008 [ INFO] maestro.orchestra.Orchestra.scrollUntilVisible: Scrolling try count: 0, DeviceWidth: 1080, DeviceWidth: 2400
19:20:14.009 [ INFO] maestro.orchestra.Orchestra.scrollUntilVisible: Element bounds: Bounds(x=53, y=640, width=363, height=126)
19:20:14.009 [ INFO] maestro.orchestra.Orchestra.scrollUntilVisible: Visibility Percent: 1.0
19:20:14.009 [ INFO] maestro.orchestra.Orchestra.scrollUntilVisible: Command centerElement: ScrollUntilVisibleCommand(selector=ElementSelector(textRegex=null, idRegex=monthly.filter.type, size=null, below=null, above=null, leftOf=null, rightOf=null, containsChild=null, containsDescendants=null, traits=null, index=null, enabled=null, optional=false, selected=null, checked=null, focused=null, childOf=null, css=null), direction=UP, scrollDuration=601, visibilityPercentage=100, timeout=20000, waitToSettleTimeoutMs=null, centerElement=false, originalSpeedValue=40, label=null, optional=false).centerElement
19:20:14.009 [ INFO] maestro.orchestra.Orchestra.scrollUntilVisible: visibilityPercentageNormalized: 1.0
19:20:14.009 [ INFO] maestro.cli.runner.CliConsoleListener.onCommandFinished: Scrolling UP until id: monthly.filter.type is visible with speed 40, visibility percentage 100%, timeout 20000 ms, with centering disabled COMPLETED
19:20:14.009 [ INFO] maestro.cli.runner.CliConsoleListener.onCommandStart: Tap on id: monthly.filter.type RUNNING
19:20:14.117 [ INFO] maestro.Maestro.tap-HgV9Ck0: Tapping on element:  UiElement(treeNode=TreeNode(attributes={text=, accessibilityText=, hintText=, ignoreBoundsFiltering=false, resource-id=monthly.filter.type, clickable=true, bounds=[53,640][416,766], enabled=true, focused=false, checked=false, scrollable=false, selected=false, class=android.view.View, important-for-accessibility=true, error=}, children=[TreeNode(attributes={text=, accessibilityText=, hintText=, ignoreBoundsFiltering=false, resource-id=, clickable=false, bounds=[35,641][161,767], enabled=true, focused=false, checked=false, scrollable=false, selected=false, class=android.view.View, important-for-accessibility=false, error=}, children=[], clickable=false, enabled=true, focused=false, checked=false, selected=false), TreeNode(attributes={text=Tous les types, accessibilityText=, hintText=, ignoreBoundsFiltering=false, resource-id=, clickable=false, bounds=[142,682][374,725], enabled=true, focused=false, checked=false, scrollable=false, selected=false, class=android.widget.TextView, important-for-accessibility=true, error=}, children=[], clickable=false, enabled=true, focused=false, checked=false, selected=false), TreeNode(attributes={text=, accessibilityText=, hintText=, ignoreBoundsFiltering=false, resource-id=, clickable=false, bounds=[53,661][416,745], enabled=true, focused=false, checked=false, scrollable=false, selected=false, class=android.widget.CheckBox, important-for-accessibility=true, error=}, children=[], clickable=false, enabled=true, focused=false, checked=false, selected=false)], clickable=true, enabled=true, focused=false, checked=false, selected=false), bounds=Bounds(x=53, y=640, width=363, height=126))
19:20:15.336 [ INFO] maestro.Maestro.tap-HgV9Ck0: Tap aimed via settled hierarchy
19:20:15.336 [ INFO] maestro.Maestro.hierarchyBasedTap-ogj28Uc: Tapping at (234, 703) using hierarchy based logic for wait
19:20:17.035 [ INFO] maestro.Maestro.hierarchyBasedTap-ogj28Uc: Something has changed in the UI judging by view hierarchy. Proceed.
19:20:17.035 [ INFO] maestro.cli.runner.CliConsoleListener.onCommandFinished: Tap on id: monthly.filter.type COMPLETED
19:20:17.035 [ INFO] maestro.cli.runner.CliConsoleListener.onCommandStart: Tap on "Revenus" RUNNING
19:20:17.095 [ INFO] maestro.Maestro.tap-HgV9Ck0: Tapping on element:  UiElement(treeNode=TreeNode(attributes={text=Revenus, accessibilityText=, hintText=, ignoreBoundsFiltering=false, resource-id=, clickable=false, bounds=[95,2162][985,2211], enabled=true, focused=false, checked=false, scrollable=false, selected=false, class=android.widget.TextView, important-for-accessibility=true, error=}, children=[], clickable=false, enabled=true, focused=false, checked=false, selected=false), bounds=Bounds(x=95, y=2162, width=890, height=49))
19:20:18.307 [ INFO] maestro.Maestro.tap-HgV9Ck0: Tap aimed via settled hierarchy
19:20:18.308 [ INFO] maestro.Maestro.hierarchyBasedTap-ogj28Uc: Tapping at (540, 2186) using hierarchy based logic for wait
19:20:19.156 [ INFO] maestro.Maestro.hierarchyBasedTap-ogj28Uc: Something has changed in the UI judging by view hierarchy. Proceed.
19:20:19.156 [ INFO] maestro.cli.runner.CliConsoleListener.onCommandFinished: Tap on "Revenus" COMPLETED
19:20:19.156 [ INFO] maestro.cli.runner.CliConsoleListener.onCommandStart: Tap on id: monthly.filter.status RUNNING
19:20:19.224 [ INFO] maestro.Maestro.tap-HgV9Ck0: Tapping on element:  UiElement(treeNode=TreeNode(attributes={text=, accessibilityText=, hintText=, ignoreBoundsFiltering=false, resource-id=monthly.filter.status, clickable=true, bounds=[343,640][684,766], enabled=true, focused=false, checked=false, scrollable=false, selected=false, class=android.view.View, important-for-accessibility=true, error=}, children=[TreeNode(attributes={text=Tous les statuts, accessibilityText=, hintText=, ignoreBoundsFiltering=false, resource-id=, clickable=false, bounds=[385,682][642,725], enabled=true, focused=false, checked=false, scrollable=false, selected=false, class=android.widget.TextView, important-for-accessibility=true, error=}, children=[], clickable=false, enabled=true, focused=false, checked=false, selected=false), TreeNode(attributes={text=, accessibilityText=, hintText=, ignoreBoundsFiltering=false, resource-id=, clickable=false, bounds=[343,661][684,745], enabled=true, focused=false, checked=false, scrollable=false, selected=false, class=android.widget.CheckBox, important-for-accessibility=true, error=}, children=[], clickable=false, enabled=true, focused=false, checked=false, selected=false)], clickable=true, enabled=true, focused=false, checked=false, selected=false), bounds=Bounds(x=343, y=640, width=341, height=126))
19:20:20.402 [ INFO] maestro.Maestro.tap-HgV9Ck0: Tap aimed via settled hierarchy
19:20:20.403 [ INFO] maestro.Maestro.hierarchyBasedTap-ogj28Uc: Tapping at (513, 703) using hierarchy based logic for wait
19:20:21.395 [ INFO] maestro.Maestro.hierarchyBasedTap-ogj28Uc: Something has changed in the UI judging by view hierarchy. Proceed.
19:20:21.396 [ INFO] maestro.cli.runner.CliConsoleListener.onCommandFinished: Tap on id: monthly.filter.status COMPLETED
19:20:21.396 [ INFO] maestro.cli.runner.CliConsoleListener.onCommandStart: Tap on "Planifié" RUNNING
19:20:21.500 [ INFO] maestro.Maestro.tap-HgV9Ck0: Tapping on element:  UiElement(treeNode=TreeNode(attributes={text=Planifié, accessibilityText=, hintText=, ignoreBoundsFiltering=false, resource-id=, clickable=false, bounds=[95,2162][985,2211], enabled=true, focused=false, checked=false, scrollable=false, selected=false, class=android.widget.TextView, important-for-accessibility=true, error=}, children=[], clickable=false, enabled=true, focused=false, checked=false, selected=false), bounds=Bounds(x=95, y=2162, width=890, height=49))
19:20:22.715 [ INFO] maestro.Maestro.tap-HgV9Ck0: Tap aimed via settled hierarchy
19:20:22.716 [ INFO] maestro.Maestro.hierarchyBasedTap-ogj28Uc: Tapping at (540, 2186) using hierarchy based logic for wait
19:20:23.520 [ INFO] maestro.Maestro.hierarchyBasedTap-ogj28Uc: Something has changed in the UI judging by view hierarchy. Proceed.
19:20:23.520 [ INFO] maestro.cli.runner.CliConsoleListener.onCommandFinished: Tap on "Planifié" COMPLETED
19:20:23.520 [ INFO] maestro.cli.runner.CliConsoleListener.onCommandStart: Assert that "Salaire" is visible RUNNING
19:20:23.548 [ INFO] maestro.cli.runner.CliConsoleListener.onCommandFinished: Assert that "Salaire" is visible COMPLETED
19:20:23.548 [ INFO] maestro.cli.runner.CliConsoleListener.onCommandStart: Assert that "Loyer" is not visible RUNNING
19:20:24.172 [ INFO] maestro.cli.runner.CliConsoleListener.onCommandFinished: Assert that "Loyer" is not visible COMPLETED
19:20:24.172 [ INFO] maestro.cli.runner.CliConsoleListener.onCommandStart: Assert that "Courses Hebdomadaires" is not visible RUNNING
19:20:25.000 [ INFO] maestro.cli.runner.CliConsoleListener.onCommandFinished: Assert that "Courses Hebdomadaires" is not visible COMPLETED
19:20:25.000 [ INFO] maestro.cli.runner.CliConsoleListener.onCommandStart: Tap on id: monthly.filter.status RUNNING
19:20:25.070 [ INFO] maestro.Maestro.tap-HgV9Ck0: Tapping on element:  UiElement(treeNode=TreeNode(attributes={text=, accessibilityText=, hintText=, ignoreBoundsFiltering=false, resource-id=monthly.filter.status, clickable=true, bounds=[343,640][547,766], enabled=true, focused=false, checked=true, scrollable=false, selected=false, class=android.view.View, important-for-accessibility=true, error=}, children=[TreeNode(attributes={text=Planifié, accessibilityText=, hintText=, ignoreBoundsFiltering=false, resource-id=, clickable=false, bounds=[385,682][505,725], enabled=true, focused=false, checked=false, scrollable=false, selected=false, class=android.widget.TextView, important-for-accessibility=true, error=}, children=[], clickable=false, enabled=true, focused=false, checked=false, selected=false), TreeNode(attributes={text=, accessibilityText=, hintText=, ignoreBoundsFiltering=false, resource-id=, clickable=false, bounds=[343,661][547,745], enabled=true, focused=false, checked=false, scrollable=false, selected=false, class=android.widget.CheckBox, important-for-accessibility=true, error=}, children=[], clickable=false, enabled=true, focused=false, checked=false, selected=false)], clickable=true, enabled=true, focused=false, checked=true, selected=false), bounds=Bounds(x=343, y=640, width=204, height=126))
19:20:26.300 [ INFO] maestro.Maestro.tap-HgV9Ck0: Tap aimed via settled hierarchy
19:20:26.301 [ INFO] maestro.Maestro.hierarchyBasedTap-ogj28Uc: Tapping at (445, 703) using hierarchy based logic for wait
19:20:27.928 [ INFO] maestro.Maestro.hierarchyBasedTap-ogj28Uc: Something has changed in the UI judging by view hierarchy. Proceed.
19:20:27.928 [ INFO] maestro.cli.runner.CliConsoleListener.onCommandFinished: Tap on id: monthly.filter.status COMPLETED
19:20:27.928 [ INFO] maestro.cli.runner.CliConsoleListener.onCommandStart: Tap on "Tous les statuts" RUNNING
19:20:27.988 [ INFO] maestro.Maestro.tap-HgV9Ck0: Tapping on element:  UiElement(treeNode=TreeNode(attributes={text=Tous les statuts, accessibilityText=, hintText=, ignoreBoundsFiltering=false, resource-id=, clickable=false, bounds=[95,1818][985,1867], enabled=true, focused=false, checked=false, scrollable=false, selected=false, class=android.widget.TextView, important-for-accessibility=true, error=}, children=[], clickable=false, enabled=true, focused=false, checked=false, selected=false), bounds=Bounds(x=95, y=1818, width=890, height=49))
19:20:29.164 [ INFO] maestro.Maestro.tap-HgV9Ck0: Tap aimed via settled hierarchy
19:20:29.164 [ INFO] maestro.Maestro.hierarchyBasedTap-ogj28Uc: Tapping at (540, 1842) using hierarchy based logic for wait
19:20:30.044 [ INFO] maestro.Maestro.hierarchyBasedTap-ogj28Uc: Something has changed in the UI judging by view hierarchy. Proceed.
19:20:30.044 [ INFO] maestro.cli.runner.CliConsoleListener.onCommandFinished: Tap on "Tous les statuts" COMPLETED
19:20:30.044 [ INFO] maestro.cli.runner.CliConsoleListener.onCommandStart: Assert that "Revenus" is visible RUNNING
19:20:30.149 [ INFO] maestro.cli.runner.CliConsoleListener.onCommandFinished: Assert that "Revenus" is visible COMPLETED
19:20:30.149 [ INFO] maestro.cli.runner.CliConsoleListener.onCommandStart: Assert that "Salaire" is visible RUNNING
19:20:30.256 [ INFO] maestro.cli.runner.CliConsoleListener.onCommandFinished: Assert that "Salaire" is visible COMPLETED
19:20:30.257 [ INFO] maestro.cli.runner.CliConsoleListener.onCommandStart: Assert that "Loyer" is not visible RUNNING
19:20:30.908 [ INFO] maestro.cli.runner.CliConsoleListener.onCommandFinished: Assert that "Loyer" is not visible COMPLETED
19:20:30.908 [ INFO] maestro.cli.runner.CliConsoleListener.onCommandStart: Assert that "Courses Hebdomadaires" is not visible RUNNING
19:20:31.476 [ INFO] maestro.cli.runner.CliConsoleListener.onCommandFinished: Assert that "Courses Hebdomadaires" is not visible COMPLETED
19:20:31.476 [ INFO] maestro.cli.runner.CliConsoleListener.onCommandStart: Run console.log("TC-100-1 : CA-06 vérifié — les deux filtres se cumulent et se retirent séparément")
 RUNNING
19:20:31.476 [ INFO] maestro.cli.runner.CliConsoleListener.onCommandFinished: Run console.log("TC-100-1 : CA-06 vérifié — les deux filtres se cumulent et se retirent séparément")
 COMPLETED
19:20:31.476 [ INFO] maestro.cli.runner.CliConsoleListener.onCommandStart: Tap on id: monthly.filter.type RUNNING
19:20:31.577 [ INFO] maestro.Maestro.tap-HgV9Ck0: Tapping on element:  UiElement(treeNode=TreeNode(attributes={text=, accessibilityText=, hintText=, ignoreBoundsFiltering=false, resource-id=monthly.filter.type, clickable=true, bounds=[53,640][322,766], enabled=true, focused=false, checked=true, scrollable=false, selected=false, class=android.view.View, important-for-accessibility=true, error=}, children=[TreeNode(attributes={text=, accessibilityText=, hintText=, ignoreBoundsFiltering=false, resource-id=, clickable=false, bounds=[35,641][161,767], enabled=true, focused=false, checked=false, scrollable=false, selected=false, class=android.view.View, important-for-accessibility=false, error=}, children=[], clickable=false, enabled=true, focused=false, checked=false, selected=false), TreeNode(attributes={text=Revenus, accessibilityText=, hintText=, ignoreBoundsFiltering=false, resource-id=, clickable=false, bounds=[142,682][280,725], enabled=true, focused=false, checked=false, scrollable=false, selected=false, class=android.widget.TextView, important-for-accessibility=true, error=}, children=[], clickable=false, enabled=true, focused=false, checked=false, selected=false), TreeNode(attributes={text=, accessibilityText=, hintText=, ignoreBoundsFiltering=false, resource-id=, clickable=false, bounds=[53,661][322,745], enabled=true, focused=false, checked=false, scrollable=false, selected=false, class=android.widget.CheckBox, important-for-accessibility=true, error=}, children=[], clickable=false, enabled=true, focused=false, checked=false, selected=false)], clickable=true, enabled=true, focused=false, checked=true, selected=false), bounds=Bounds(x=53, y=640, width=269, height=126))
19:20:32.747 [ INFO] maestro.Maestro.tap-HgV9Ck0: Tap aimed via settled hierarchy
19:20:32.747 [ INFO] maestro.Maestro.hierarchyBasedTap-ogj28Uc: Tapping at (187, 703) using hierarchy based logic for wait
19:20:33.986 [ INFO] maestro.Maestro.hierarchyBasedTap-ogj28Uc: Something has changed in the UI judging by view hierarchy. Proceed.
19:20:33.987 [ INFO] maestro.cli.runner.CliConsoleListener.onCommandFinished: Tap on id: monthly.filter.type COMPLETED
19:20:33.987 [ INFO] maestro.cli.runner.CliConsoleListener.onCommandStart: Tap on "Tous les types" RUNNING
19:20:34.048 [ INFO] maestro.Maestro.tap-HgV9Ck0: Tapping on element:  UiElement(treeNode=TreeNode(attributes={text=Tous les types, accessibilityText=, hintText=, ignoreBoundsFiltering=false, resource-id=, clickable=false, bounds=[95,1818][985,1867], enabled=true, focused=false, checked=false, scrollable=false, selected=false, class=android.widget.TextView, important-for-accessibility=true, error=}, children=[], clickable=false, enabled=true, focused=false, checked=false, selected=false), bounds=Bounds(x=95, y=1818, width=890, height=49))
19:20:35.259 [ INFO] maestro.Maestro.tap-HgV9Ck0: Tap aimed via settled hierarchy
19:20:35.260 [ INFO] maestro.Maestro.hierarchyBasedTap-ogj28Uc: Tapping at (540, 1842) using hierarchy based logic for wait
19:20:36.081 [ INFO] maestro.Maestro.hierarchyBasedTap-ogj28Uc: Something has changed in the UI judging by view hierarchy. Proceed.
19:20:36.081 [ INFO] maestro.cli.runner.CliConsoleListener.onCommandFinished: Tap on "Tous les types" COMPLETED
19:20:36.081 [ INFO] maestro.cli.runner.CliConsoleListener.onCommandStart: Tap on id: monthly.filter.account RUNNING
19:20:36.153 [ INFO] maestro.Maestro.tap-HgV9Ck0: Tapping on element:  UiElement(treeNode=TreeNode(attributes={text=, accessibilityText=, hintText=, ignoreBoundsFiltering=false, resource-id=monthly.filter.account, clickable=true, bounds=[799,640][1056,766], enabled=true, focused=false, checked=false, scrollable=false, selected=false, class=android.view.View, important-for-accessibility=true, error=}, children=[TreeNode(attributes={text=, accessibilityText=, hintText=, ignoreBoundsFiltering=false, resource-id=, clickable=false, bounds=[781,641][907,767], enabled=true, focused=false, checked=false, scrollable=false, selected=false, class=android.view.View, important-for-accessibility=false, error=}, children=[], clickable=false, enabled=true, focused=false, checked=false, selected=false), TreeNode(attributes={text=Compte, accessibilityText=, hintText=, ignoreBoundsFiltering=false, resource-id=, clickable=false, bounds=[888,682][1014,725], enabled=true, focused=false, checked=false, scrollable=false, selected=false, class=android.widget.TextView, important-for-accessibility=true, error=}, children=[], clickable=false, enabled=true, focused=false, checked=false, selected=false), TreeNode(attributes={text=, accessibilityText=, hintText=, ignoreBoundsFiltering=false, resource-id=, clickable=false, bounds=[799,661][1027,745], enabled=true, focused=false, checked=false, scrollable=false, selected=false, class=android.widget.CheckBox, important-for-accessibility=true, error=}, children=[], clickable=false, enabled=true, focused=false, checked=false, selected=false)], clickable=true, enabled=true, focused=false, checked=false, selected=false), bounds=Bounds(x=799, y=640, width=257, height=126))
19:20:37.372 [ INFO] maestro.Maestro.tap-HgV9Ck0: Tap aimed via settled hierarchy
19:20:37.373 [ INFO] maestro.Maestro.hierarchyBasedTap-ogj28Uc: Tapping at (927, 703) using hierarchy based logic for wait
19:20:38.934 [ INFO] maestro.Maestro.hierarchyBasedTap-ogj28Uc: Something has changed in the UI judging by view hierarchy. Proceed.
19:20:38.934 [ INFO] maestro.cli.runner.CliConsoleListener.onCommandFinished: Tap on id: monthly.filter.account COMPLETED
19:20:38.934 [ INFO] maestro.cli.runner.CliConsoleListener.onCommandStart: Assert that "Sélectionner un compte" is visible RUNNING
19:20:56.108 [ERROR] maestro.orchestra.Orchestra.executeCommands: [Command execution] CommandFailed: Assertion is false: "Sélectionner un compte" is visible
19:20:56.176 [ INFO] maestro.Maestro.takeScreenshot: Taking screenshot
19:20:56.177 [TRACE] maestro.utils.ScreenshotUtils.takeScreenshot: Taking screenshot to output sink
19:20:56.366 [ INFO] maestro.cli.runner.CliConsoleListener.onCommandFinished: Assert that "Sélectionner un compte" is visible FAILED
