17:30:49.311 [ INFO] maestro.cli.runner.CliConsoleListener.onCommandStart: Define variables RUNNING
17:30:49.312 [ INFO] maestro.cli.runner.CliConsoleListener.onCommandFinished: Define variables COMPLETED
17:30:49.312 [ INFO] maestro.cli.runner.CliConsoleListener.onCommandStart: Apply configuration RUNNING
17:30:49.312 [ INFO] maestro.cli.runner.CliConsoleListener.onCommandFinished: Apply configuration COMPLETED
17:30:49.313 [ INFO] maestro.cli.runner.CliConsoleListener.onCommandStart: Run ../../.maestro/subflows/bootstrap_monthly.yaml RUNNING
17:30:49.313 [ INFO] maestro.cli.runner.CliConsoleListener.onCommandStart: Apply configuration RUNNING
17:30:49.313 [ INFO] maestro.cli.runner.CliConsoleListener.onCommandFinished: Apply configuration COMPLETED
17:30:49.313 [ INFO] maestro.cli.runner.CliConsoleListener.onCommandStart: Run ../../scripts/dates.js RUNNING
17:30:49.340 [ INFO] maestro.orchestra.Orchestra.executeCommands$lambda$23$lambda$21: JsConsole: Maestro Dates Initialized: Prev=août / Août / 08 (2026)
17:30:49.341 [ INFO] maestro.orchestra.Orchestra.executeCommands$lambda$23$lambda$21: JsConsole: Maestro Dates Initialized: Curr=septembre / Sept. / 09 (2026)
17:30:49.342 [ INFO] maestro.orchestra.Orchestra.executeCommands$lambda$23$lambda$21: JsConsole: Maestro Dates Initialized: Next=octobre / Oct. / 10 (2026)
17:30:49.342 [ INFO] maestro.cli.runner.CliConsoleListener.onCommandFinished: Run ../../scripts/dates.js COMPLETED
17:30:49.342 [ INFO] maestro.cli.runner.CliConsoleListener.onCommandStart: Launch app "com.lop.budget" with clear state RUNNING
17:30:49.343 [ INFO] maestro.Maestro.clearAppState$lambda$8: Clearing app state com.lop.budget
17:30:51.080 [ INFO] maestro.Maestro.launchApp$lambda$5: Launching app com.lop.budget
17:30:51.080 [ INFO] maestro.Maestro.launchApp$lambda$5: Stopping com.lop.budget app during launch
17:30:51.187 [ INFO] maestro.cli.runner.CliConsoleListener.onCommandFinished: Launch app "com.lop.budget" with clear state COMPLETED
17:30:51.187 [ INFO] maestro.cli.runner.CliConsoleListener.onCommandStart: Run open_monthly_history.yaml RUNNING
17:30:51.187 [ INFO] maestro.cli.runner.CliConsoleListener.onCommandStart: Apply configuration RUNNING
17:30:51.187 [ INFO] maestro.cli.runner.CliConsoleListener.onCommandFinished: Apply configuration COMPLETED
17:30:51.187 [ INFO] maestro.cli.runner.CliConsoleListener.onCommandStart: Run flow when id: screen.monthly is not visible RUNNING
17:30:51.794 [ INFO] maestro.cli.runner.CliConsoleListener.onCommandStart: Scrolling DOWN until id: recent_transactions_see_all is visible with speed 40, visibility percentage 100%, timeout 20000 ms, with centering enabled RUNNING
17:30:52.361 [ WARN] maestro.orchestra.Orchestra.scrollUntilVisible: Error: maestro.MaestroException$ElementNotFound: Element not found: Id matching regex: recent_transactions_see_all
17:30:52.367 [ INFO] maestro.Maestro.swipeFromCenter: Swiping UP from center
17:30:56.058 [ INFO] maestro.orchestra.Orchestra.scrollUntilVisible: Scrolling try count: 0, DeviceWidth: 1080, DeviceWidth: 2400
17:30:56.059 [ INFO] maestro.orchestra.Orchestra.scrollUntilVisible: Element bounds: Bounds(x=763, y=2033, width=243, height=126)
17:30:56.059 [ INFO] maestro.orchestra.Orchestra.scrollUntilVisible: Visibility Percent: 1.0
17:30:56.059 [ INFO] maestro.orchestra.Orchestra.scrollUntilVisible: Command centerElement: ScrollUntilVisibleCommand(selector=ElementSelector(textRegex=null, idRegex=recent_transactions_see_all, size=null, below=null, above=null, leftOf=null, rightOf=null, containsChild=null, containsDescendants=null, traits=null, index=null, enabled=null, optional=false, selected=null, checked=null, focused=null, childOf=null, css=null), direction=DOWN, scrollDuration=601, visibilityPercentage=100, timeout=20000, waitToSettleTimeoutMs=null, centerElement=true, originalSpeedValue=40, label=null, optional=false).centerElement
17:30:56.059 [ INFO] maestro.orchestra.Orchestra.scrollUntilVisible: visibilityPercentageNormalized: 1.0
17:30:56.063 [ INFO] maestro.Maestro.swipeFromCenter: Swiping UP from center
17:30:57.258 [ INFO] maestro.orchestra.Orchestra.scrollUntilVisible: Scrolling try count: 1, DeviceWidth: 1080, DeviceWidth: 2400
17:30:57.259 [ INFO] maestro.orchestra.Orchestra.scrollUntilVisible: Element bounds: Bounds(x=763, y=1304, width=243, height=126)
17:30:57.259 [ INFO] maestro.orchestra.Orchestra.scrollUntilVisible: Visibility Percent: 1.0
17:30:57.259 [ INFO] maestro.orchestra.Orchestra.scrollUntilVisible: Command centerElement: ScrollUntilVisibleCommand(selector=ElementSelector(textRegex=null, idRegex=recent_transactions_see_all, size=null, below=null, above=null, leftOf=null, rightOf=null, containsChild=null, containsDescendants=null, traits=null, index=null, enabled=null, optional=false, selected=null, checked=null, focused=null, childOf=null, css=null), direction=DOWN, scrollDuration=601, visibilityPercentage=100, timeout=20000, waitToSettleTimeoutMs=null, centerElement=true, originalSpeedValue=40, label=null, optional=false).centerElement
17:30:57.259 [ INFO] maestro.orchestra.Orchestra.scrollUntilVisible: visibilityPercentageNormalized: 1.0
17:30:57.259 [ INFO] maestro.cli.runner.CliConsoleListener.onCommandFinished: Scrolling DOWN until id: recent_transactions_see_all is visible with speed 40, visibility percentage 100%, timeout 20000 ms, with centering enabled COMPLETED
17:30:57.259 [ INFO] maestro.cli.runner.CliConsoleListener.onCommandStart: Tap on id: recent_transactions_see_all RUNNING
17:30:57.350 [ INFO] maestro.Maestro.tap-HgV9Ck0: Tapping on element:  UiElement(treeNode=TreeNode(attributes={text=, accessibilityText=, hintText=, ignoreBoundsFiltering=false, resource-id=recent_transactions_see_all, clickable=true, bounds=[763,1304][1006,1430], enabled=true, focused=false, checked=false, scrollable=false, selected=false, class=android.view.View, important-for-accessibility=true, error=}, children=[TreeNode(attributes={text=Voir tout, accessibilityText=, hintText=, ignoreBoundsFiltering=false, resource-id=, clickable=false, bounds=[795,1340][932,1393], enabled=true, focused=false, checked=false, scrollable=false, selected=false, class=android.widget.TextView, important-for-accessibility=true, error=}, children=[], clickable=false, enabled=true, focused=false, checked=false, selected=false), TreeNode(attributes={text=, accessibilityText=, hintText=, ignoreBoundsFiltering=false, resource-id=, clickable=false, bounds=[763,1314][1006,1419], enabled=true, focused=false, checked=false, scrollable=false, selected=false, class=android.widget.Button, important-for-accessibility=true, error=}, children=[], clickable=false, enabled=true, focused=false, checked=false, selected=false)], clickable=true, enabled=true, focused=false, checked=false, selected=false), bounds=Bounds(x=763, y=1304, width=243, height=126))
17:30:58.565 [ INFO] maestro.Maestro.tap-HgV9Ck0: Tap aimed via settled hierarchy
17:30:58.566 [ INFO] maestro.Maestro.hierarchyBasedTap-ogj28Uc: Tapping at (884, 1367) using hierarchy based logic for wait
17:30:59.864 [ INFO] maestro.Maestro.hierarchyBasedTap-ogj28Uc: Something has changed in the UI judging by view hierarchy. Proceed.
17:30:59.864 [ INFO] maestro.cli.runner.CliConsoleListener.onCommandFinished: Tap on id: recent_transactions_see_all COMPLETED
17:30:59.864 [ INFO] maestro.cli.runner.CliConsoleListener.onCommandStart: Assert that id: screen.monthly is visible RUNNING
17:30:59.976 [ INFO] maestro.cli.runner.CliConsoleListener.onCommandFinished: Assert that id: screen.monthly is visible COMPLETED
17:30:59.977 [ INFO] maestro.cli.runner.CliConsoleListener.onCommandFinished: Run flow when id: screen.monthly is not visible COMPLETED
17:30:59.977 [ INFO] maestro.cli.runner.CliConsoleListener.onCommandStart: Wait for animation to end within 5000 ms RUNNING
17:30:59.977 [ INFO] maestro.Maestro.waitForAnimationToEnd$lambda$53: Waiting for animation to end with timeout 5000
17:30:59.977 [TRACE] maestro.utils.ScreenshotUtils.takeScreenshot: Taking screenshot to byte array
17:30:59.977 [TRACE] maestro.utils.ScreenshotUtils.takeScreenshot: Taking screenshot to output sink
17:31:00.196 [TRACE] maestro.utils.ScreenshotUtils.takeScreenshot: Taking screenshot to byte array
17:31:00.197 [TRACE] maestro.utils.ScreenshotUtils.takeScreenshot: Taking screenshot to output sink
17:31:00.794 [ INFO] maestro.cli.runner.CliConsoleListener.onCommandFinished: Wait for animation to end within 5000 ms COMPLETED
17:31:00.794 [ INFO] maestro.cli.runner.CliConsoleListener.onCommandFinished: Run open_monthly_history.yaml COMPLETED
17:31:00.794 [ INFO] maestro.cli.runner.CliConsoleListener.onCommandFinished: Run ../../.maestro/subflows/bootstrap_monthly.yaml COMPLETED
17:31:00.794 [ INFO] maestro.cli.runner.CliConsoleListener.onCommandStart: Assert that id: screen.monthly is visible RUNNING
17:31:00.835 [ INFO] maestro.cli.runner.CliConsoleListener.onCommandFinished: Assert that id: screen.monthly is visible COMPLETED
17:31:00.835 [ INFO] maestro.cli.runner.CliConsoleListener.onCommandStart: Assert that "Tous les types" is visible RUNNING
17:31:00.956 [ INFO] maestro.cli.runner.CliConsoleListener.onCommandFinished: Assert that "Tous les types" is visible COMPLETED
17:31:00.956 [ INFO] maestro.cli.runner.CliConsoleListener.onCommandStart: Assert that "Tous les statuts" is visible RUNNING
17:31:01.114 [ INFO] maestro.cli.runner.CliConsoleListener.onCommandFinished: Assert that "Tous les statuts" is visible COMPLETED
17:31:01.114 [ INFO] maestro.cli.runner.CliConsoleListener.onCommandStart: Scrolling DOWN until "Courses Hebdomadaires" is visible with speed 40, visibility percentage 100%, timeout 20000 ms, with centering disabled RUNNING
17:31:01.677 [ INFO] maestro.orchestra.Orchestra.scrollUntilVisible: Scrolling try count: 0, DeviceWidth: 1080, DeviceWidth: 2400
17:31:01.678 [ INFO] maestro.orchestra.Orchestra.scrollUntilVisible: Element bounds: Bounds(x=238, y=1761, width=463, height=49)
17:31:01.678 [ INFO] maestro.orchestra.Orchestra.scrollUntilVisible: Visibility Percent: 1.0
17:31:01.678 [ INFO] maestro.orchestra.Orchestra.scrollUntilVisible: Command centerElement: ScrollUntilVisibleCommand(selector=ElementSelector(textRegex=Courses Hebdomadaires, idRegex=null, size=null, below=null, above=null, leftOf=null, rightOf=null, containsChild=null, containsDescendants=null, traits=null, index=null, enabled=null, optional=false, selected=null, checked=null, focused=null, childOf=null, css=null), direction=DOWN, scrollDuration=601, visibilityPercentage=100, timeout=20000, waitToSettleTimeoutMs=null, centerElement=false, originalSpeedValue=40, label=null, optional=false).centerElement
17:31:01.678 [ INFO] maestro.orchestra.Orchestra.scrollUntilVisible: visibilityPercentageNormalized: 1.0
17:31:01.678 [ INFO] maestro.cli.runner.CliConsoleListener.onCommandFinished: Scrolling DOWN until "Courses Hebdomadaires" is visible with speed 40, visibility percentage 100%, timeout 20000 ms, with centering disabled COMPLETED
17:31:01.678 [ INFO] maestro.cli.runner.CliConsoleListener.onCommandStart: Scrolling DOWN until "Loyer" is visible with speed 40, visibility percentage 100%, timeout 20000 ms, with centering disabled RUNNING
17:31:01.785 [ INFO] maestro.orchestra.Orchestra.scrollUntilVisible: Scrolling try count: 0, DeviceWidth: 1080, DeviceWidth: 2400
17:31:01.785 [ INFO] maestro.orchestra.Orchestra.scrollUntilVisible: Element bounds: Bounds(x=238, y=1171, width=103, height=49)
17:31:01.785 [ INFO] maestro.orchestra.Orchestra.scrollUntilVisible: Visibility Percent: 1.0
17:31:01.785 [ INFO] maestro.orchestra.Orchestra.scrollUntilVisible: Command centerElement: ScrollUntilVisibleCommand(selector=ElementSelector(textRegex=Loyer, idRegex=null, size=null, below=null, above=null, leftOf=null, rightOf=null, containsChild=null, containsDescendants=null, traits=null, index=null, enabled=null, optional=false, selected=null, checked=null, focused=null, childOf=null, css=null), direction=DOWN, scrollDuration=601, visibilityPercentage=100, timeout=20000, waitToSettleTimeoutMs=null, centerElement=false, originalSpeedValue=40, label=null, optional=false).centerElement
17:31:01.785 [ INFO] maestro.orchestra.Orchestra.scrollUntilVisible: visibilityPercentageNormalized: 1.0
17:31:01.786 [ INFO] maestro.cli.runner.CliConsoleListener.onCommandFinished: Scrolling DOWN until "Loyer" is visible with speed 40, visibility percentage 100%, timeout 20000 ms, with centering disabled COMPLETED
17:31:01.786 [ INFO] maestro.cli.runner.CliConsoleListener.onCommandStart: Scrolling DOWN until "Salaire" is visible with speed 40, visibility percentage 100%, timeout 20000 ms, with centering disabled RUNNING
17:31:01.868 [ INFO] maestro.orchestra.Orchestra.scrollUntilVisible: Scrolling try count: 0, DeviceWidth: 1080, DeviceWidth: 2400
17:31:01.869 [ INFO] maestro.orchestra.Orchestra.scrollUntilVisible: Element bounds: Bounds(x=238, y=1403, width=127, height=49)
17:31:01.869 [ INFO] maestro.orchestra.Orchestra.scrollUntilVisible: Visibility Percent: 1.0
17:31:01.869 [ INFO] maestro.orchestra.Orchestra.scrollUntilVisible: Command centerElement: ScrollUntilVisibleCommand(selector=ElementSelector(textRegex=Salaire, idRegex=null, size=null, below=null, above=null, leftOf=null, rightOf=null, containsChild=null, containsDescendants=null, traits=null, index=null, enabled=null, optional=false, selected=null, checked=null, focused=null, childOf=null, css=null), direction=DOWN, scrollDuration=601, visibilityPercentage=100, timeout=20000, waitToSettleTimeoutMs=null, centerElement=false, originalSpeedValue=40, label=null, optional=false).centerElement
17:31:01.869 [ INFO] maestro.orchestra.Orchestra.scrollUntilVisible: visibilityPercentageNormalized: 1.0
17:31:01.869 [ INFO] maestro.cli.runner.CliConsoleListener.onCommandFinished: Scrolling DOWN until "Salaire" is visible with speed 40, visibility percentage 100%, timeout 20000 ms, with centering disabled COMPLETED
17:31:01.869 [ INFO] maestro.cli.runner.CliConsoleListener.onCommandStart: Scrolling UP until id: monthly.filter.type is visible with speed 40, visibility percentage 100%, timeout 20000 ms, with centering disabled RUNNING
17:31:01.992 [ INFO] maestro.orchestra.Orchestra.scrollUntilVisible: Scrolling try count: 0, DeviceWidth: 1080, DeviceWidth: 2400
17:31:01.992 [ INFO] maestro.orchestra.Orchestra.scrollUntilVisible: Element bounds: Bounds(x=53, y=640, width=363, height=126)
17:31:01.992 [ INFO] maestro.orchestra.Orchestra.scrollUntilVisible: Visibility Percent: 1.0
17:31:01.992 [ INFO] maestro.orchestra.Orchestra.scrollUntilVisible: Command centerElement: ScrollUntilVisibleCommand(selector=ElementSelector(textRegex=null, idRegex=monthly.filter.type, size=null, below=null, above=null, leftOf=null, rightOf=null, containsChild=null, containsDescendants=null, traits=null, index=null, enabled=null, optional=false, selected=null, checked=null, focused=null, childOf=null, css=null), direction=UP, scrollDuration=601, visibilityPercentage=100, timeout=20000, waitToSettleTimeoutMs=null, centerElement=false, originalSpeedValue=40, label=null, optional=false).centerElement
17:31:01.992 [ INFO] maestro.orchestra.Orchestra.scrollUntilVisible: visibilityPercentageNormalized: 1.0
17:31:01.992 [ INFO] maestro.cli.runner.CliConsoleListener.onCommandFinished: Scrolling UP until id: monthly.filter.type is visible with speed 40, visibility percentage 100%, timeout 20000 ms, with centering disabled COMPLETED
17:31:01.993 [ INFO] maestro.cli.runner.CliConsoleListener.onCommandStart: Run console.log("TC-100-1 : CA-01 vérifié — revenus et dépenses, payées et planifiées, tous rendus")
 RUNNING
17:31:01.993 [ INFO] maestro.cli.runner.CliConsoleListener.onCommandFinished: Run console.log("TC-100-1 : CA-01 vérifié — revenus et dépenses, payées et planifiées, tous rendus")
 COMPLETED
17:31:01.993 [ INFO] maestro.cli.runner.CliConsoleListener.onCommandStart: Tap on id: monthly.filter.type RUNNING
17:31:02.112 [ INFO] maestro.Maestro.tap-HgV9Ck0: Tapping on element:  UiElement(treeNode=TreeNode(attributes={text=, accessibilityText=, hintText=, ignoreBoundsFiltering=false, resource-id=monthly.filter.type, clickable=true, bounds=[53,640][416,766], enabled=true, focused=false, checked=false, scrollable=false, selected=false, class=android.view.View, important-for-accessibility=true, error=}, children=[TreeNode(attributes={text=, accessibilityText=, hintText=, ignoreBoundsFiltering=false, resource-id=, clickable=false, bounds=[35,641][161,767], enabled=true, focused=false, checked=false, scrollable=false, selected=false, class=android.view.View, important-for-accessibility=false, error=}, children=[], clickable=false, enabled=true, focused=false, checked=false, selected=false), TreeNode(attributes={text=Tous les types, accessibilityText=, hintText=, ignoreBoundsFiltering=false, resource-id=, clickable=false, bounds=[142,682][374,725], enabled=true, focused=false, checked=false, scrollable=false, selected=false, class=android.widget.TextView, important-for-accessibility=true, error=}, children=[], clickable=false, enabled=true, focused=false, checked=false, selected=false), TreeNode(attributes={text=, accessibilityText=, hintText=, ignoreBoundsFiltering=false, resource-id=, clickable=false, bounds=[53,661][416,745], enabled=true, focused=false, checked=false, scrollable=false, selected=false, class=android.widget.CheckBox, important-for-accessibility=true, error=}, children=[], clickable=false, enabled=true, focused=false, checked=false, selected=false)], clickable=true, enabled=true, focused=false, checked=false, selected=false), bounds=Bounds(x=53, y=640, width=363, height=126))
17:31:03.343 [ INFO] maestro.Maestro.tap-HgV9Ck0: Tap aimed via settled hierarchy
17:31:03.344 [ INFO] maestro.Maestro.hierarchyBasedTap-ogj28Uc: Tapping at (234, 703) using hierarchy based logic for wait
17:31:05.172 [ INFO] maestro.Maestro.hierarchyBasedTap-ogj28Uc: Something has changed in the UI judging by view hierarchy. Proceed.
17:31:05.172 [ INFO] maestro.cli.runner.CliConsoleListener.onCommandFinished: Tap on id: monthly.filter.type COMPLETED
17:31:05.172 [ INFO] maestro.cli.runner.CliConsoleListener.onCommandStart: Assert that "Filtrer par type" is visible RUNNING
17:31:05.194 [ INFO] maestro.cli.runner.CliConsoleListener.onCommandFinished: Assert that "Filtrer par type" is visible COMPLETED
17:31:05.194 [ INFO] maestro.cli.runner.CliConsoleListener.onCommandStart: Assert that "Dépenses" is visible RUNNING
17:31:05.255 [ INFO] maestro.cli.runner.CliConsoleListener.onCommandFinished: Assert that "Dépenses" is visible COMPLETED
17:31:05.255 [ INFO] maestro.cli.runner.CliConsoleListener.onCommandStart: Assert that "Revenus" is visible RUNNING
17:31:05.359 [ INFO] maestro.cli.runner.CliConsoleListener.onCommandFinished: Assert that "Revenus" is visible COMPLETED
17:31:05.359 [ INFO] maestro.cli.runner.CliConsoleListener.onCommandStart: Press back RUNNING
17:31:05.360 [ INFO] maestro.Maestro.backPress: Pressing back
17:31:06.204 [ INFO] maestro.cli.runner.CliConsoleListener.onCommandFinished: Press back COMPLETED
17:31:06.204 [ INFO] maestro.cli.runner.CliConsoleListener.onCommandStart: Assert that "Filtrer par type" is not visible RUNNING
17:31:06.875 [ INFO] maestro.cli.runner.CliConsoleListener.onCommandFinished: Assert that "Filtrer par type" is not visible COMPLETED
17:31:06.876 [ INFO] maestro.cli.runner.CliConsoleListener.onCommandStart: Assert that "Tous les types" is visible RUNNING
17:31:06.992 [ INFO] maestro.cli.runner.CliConsoleListener.onCommandFinished: Assert that "Tous les types" is visible COMPLETED
17:31:06.993 [ INFO] maestro.cli.runner.CliConsoleListener.onCommandStart: Scrolling DOWN until "Salaire" is visible with speed 40, visibility percentage 100%, timeout 20000 ms, with centering disabled RUNNING
17:31:07.104 [ INFO] maestro.orchestra.Orchestra.scrollUntilVisible: Scrolling try count: 0, DeviceWidth: 1080, DeviceWidth: 2400
17:31:07.105 [ INFO] maestro.orchestra.Orchestra.scrollUntilVisible: Element bounds: Bounds(x=238, y=1403, width=127, height=49)
17:31:07.105 [ INFO] maestro.orchestra.Orchestra.scrollUntilVisible: Visibility Percent: 1.0
17:31:07.105 [ INFO] maestro.orchestra.Orchestra.scrollUntilVisible: Command centerElement: ScrollUntilVisibleCommand(selector=ElementSelector(textRegex=Salaire, idRegex=null, size=null, below=null, above=null, leftOf=null, rightOf=null, containsChild=null, containsDescendants=null, traits=null, index=null, enabled=null, optional=false, selected=null, checked=null, focused=null, childOf=null, css=null), direction=DOWN, scrollDuration=601, visibilityPercentage=100, timeout=20000, waitToSettleTimeoutMs=null, centerElement=false, originalSpeedValue=40, label=null, optional=false).centerElement
17:31:07.105 [ INFO] maestro.orchestra.Orchestra.scrollUntilVisible: visibilityPercentageNormalized: 1.0
17:31:07.105 [ INFO] maestro.cli.runner.CliConsoleListener.onCommandFinished: Scrolling DOWN until "Salaire" is visible with speed 40, visibility percentage 100%, timeout 20000 ms, with centering disabled COMPLETED
17:31:07.105 [ INFO] maestro.cli.runner.CliConsoleListener.onCommandStart: Scrolling UP until id: monthly.filter.type is visible with speed 40, visibility percentage 100%, timeout 20000 ms, with centering disabled RUNNING
17:31:07.232 [ INFO] maestro.orchestra.Orchestra.scrollUntilVisible: Scrolling try count: 0, DeviceWidth: 1080, DeviceWidth: 2400
17:31:07.232 [ INFO] maestro.orchestra.Orchestra.scrollUntilVisible: Element bounds: Bounds(x=53, y=640, width=363, height=126)
17:31:07.232 [ INFO] maestro.orchestra.Orchestra.scrollUntilVisible: Visibility Percent: 1.0
17:31:07.232 [ INFO] maestro.orchestra.Orchestra.scrollUntilVisible: Command centerElement: ScrollUntilVisibleCommand(selector=ElementSelector(textRegex=null, idRegex=monthly.filter.type, size=null, below=null, above=null, leftOf=null, rightOf=null, containsChild=null, containsDescendants=null, traits=null, index=null, enabled=null, optional=false, selected=null, checked=null, focused=null, childOf=null, css=null), direction=UP, scrollDuration=601, visibilityPercentage=100, timeout=20000, waitToSettleTimeoutMs=null, centerElement=false, originalSpeedValue=40, label=null, optional=false).centerElement
17:31:07.232 [ INFO] maestro.orchestra.Orchestra.scrollUntilVisible: visibilityPercentageNormalized: 1.0
17:31:07.232 [ INFO] maestro.cli.runner.CliConsoleListener.onCommandFinished: Scrolling UP until id: monthly.filter.type is visible with speed 40, visibility percentage 100%, timeout 20000 ms, with centering disabled COMPLETED
17:31:07.232 [ INFO] maestro.cli.runner.CliConsoleListener.onCommandStart: Run console.log("TC-100-1 : CA-02 vérifié — ouvrir la feuille ne filtre rien")
 RUNNING
17:31:07.233 [ INFO] maestro.cli.runner.CliConsoleListener.onCommandFinished: Run console.log("TC-100-1 : CA-02 vérifié — ouvrir la feuille ne filtre rien")
 COMPLETED
17:31:07.233 [ INFO] maestro.cli.runner.CliConsoleListener.onCommandStart: Tap on id: monthly.filter.type RUNNING
17:31:07.344 [ INFO] maestro.Maestro.tap-HgV9Ck0: Tapping on element:  UiElement(treeNode=TreeNode(attributes={text=, accessibilityText=, hintText=, ignoreBoundsFiltering=false, resource-id=monthly.filter.type, clickable=true, bounds=[53,640][416,766], enabled=true, focused=false, checked=false, scrollable=false, selected=false, class=android.view.View, important-for-accessibility=true, error=}, children=[TreeNode(attributes={text=, accessibilityText=, hintText=, ignoreBoundsFiltering=false, resource-id=, clickable=false, bounds=[35,641][161,767], enabled=true, focused=false, checked=false, scrollable=false, selected=false, class=android.view.View, important-for-accessibility=false, error=}, children=[], clickable=false, enabled=true, focused=false, checked=false, selected=false), TreeNode(attributes={text=Tous les types, accessibilityText=, hintText=, ignoreBoundsFiltering=false, resource-id=, clickable=false, bounds=[142,682][374,725], enabled=true, focused=false, checked=false, scrollable=false, selected=false, class=android.widget.TextView, important-for-accessibility=true, error=}, children=[], clickable=false, enabled=true, focused=false, checked=false, selected=false), TreeNode(attributes={text=, accessibilityText=, hintText=, ignoreBoundsFiltering=false, resource-id=, clickable=false, bounds=[53,661][416,745], enabled=true, focused=false, checked=false, scrollable=false, selected=false, class=android.widget.CheckBox, important-for-accessibility=true, error=}, children=[], clickable=false, enabled=true, focused=false, checked=false, selected=false)], clickable=true, enabled=true, focused=false, checked=false, selected=false), bounds=Bounds(x=53, y=640, width=363, height=126))
17:31:08.627 [ INFO] maestro.Maestro.tap-HgV9Ck0: Tap aimed via settled hierarchy
17:31:08.628 [ INFO] maestro.Maestro.hierarchyBasedTap-ogj28Uc: Tapping at (234, 703) using hierarchy based logic for wait
17:31:10.280 [ INFO] maestro.Maestro.hierarchyBasedTap-ogj28Uc: Something has changed in the UI judging by view hierarchy. Proceed.
17:31:10.280 [ INFO] maestro.cli.runner.CliConsoleListener.onCommandFinished: Tap on id: monthly.filter.type COMPLETED
17:31:10.280 [ INFO] maestro.cli.runner.CliConsoleListener.onCommandStart: Tap on "Dépenses" RUNNING
17:31:10.301 [ INFO] maestro.Maestro.tap-HgV9Ck0: Tapping on element:  UiElement(treeNode=TreeNode(attributes={text=Dépenses, accessibilityText=, hintText=, ignoreBoundsFiltering=false, resource-id=, clickable=false, bounds=[95,1997][985,2046], enabled=true, focused=false, checked=false, scrollable=false, selected=false, class=android.widget.TextView, important-for-accessibility=true, error=}, children=[], clickable=false, enabled=true, focused=false, checked=false, selected=false), bounds=Bounds(x=95, y=1997, width=890, height=49))
17:31:11.479 [ INFO] maestro.Maestro.tap-HgV9Ck0: Tap aimed via settled hierarchy
17:31:11.479 [ INFO] maestro.Maestro.hierarchyBasedTap-ogj28Uc: Tapping at (540, 2021) using hierarchy based logic for wait
17:31:12.332 [ INFO] maestro.Maestro.hierarchyBasedTap-ogj28Uc: Something has changed in the UI judging by view hierarchy. Proceed.
17:31:12.332 [ INFO] maestro.cli.runner.CliConsoleListener.onCommandFinished: Tap on "Dépenses" COMPLETED
17:31:12.332 [ INFO] maestro.cli.runner.CliConsoleListener.onCommandStart: Assert that "Filtrer par type" is not visible RUNNING
17:31:12.980 [ INFO] maestro.cli.runner.CliConsoleListener.onCommandFinished: Assert that "Filtrer par type" is not visible COMPLETED
17:31:12.980 [ INFO] maestro.cli.runner.CliConsoleListener.onCommandStart: Assert that "Dépenses" is visible RUNNING
17:31:13.097 [ INFO] maestro.cli.runner.CliConsoleListener.onCommandFinished: Assert that "Dépenses" is visible COMPLETED
17:31:13.097 [ INFO] maestro.cli.runner.CliConsoleListener.onCommandStart: Assert that "Courses Hebdomadaires" is visible RUNNING
17:31:13.205 [ INFO] maestro.cli.runner.CliConsoleListener.onCommandFinished: Assert that "Courses Hebdomadaires" is visible COMPLETED
17:31:13.205 [ INFO] maestro.cli.runner.CliConsoleListener.onCommandStart: Assert that "Loyer" is visible RUNNING
17:31:13.312 [ INFO] maestro.cli.runner.CliConsoleListener.onCommandFinished: Assert that "Loyer" is visible COMPLETED
17:31:13.312 [ INFO] maestro.cli.runner.CliConsoleListener.onCommandStart: Assert that "Salaire" is not visible RUNNING
17:31:13.895 [ INFO] maestro.cli.runner.CliConsoleListener.onCommandFinished: Assert that "Salaire" is not visible COMPLETED
17:31:13.896 [ INFO] maestro.cli.runner.CliConsoleListener.onCommandStart: Run console.log("TC-100-1 : CA-03 vérifié — la liste ne contient plus de revenu")
 RUNNING
17:31:13.896 [ INFO] maestro.cli.runner.CliConsoleListener.onCommandFinished: Run console.log("TC-100-1 : CA-03 vérifié — la liste ne contient plus de revenu")
 COMPLETED
17:31:13.896 [ INFO] maestro.cli.runner.CliConsoleListener.onCommandStart: Tap on id: monthly.filter.type RUNNING
17:31:14.004 [ INFO] maestro.Maestro.tap-HgV9Ck0: Tapping on element:  UiElement(treeNode=TreeNode(attributes={text=, accessibilityText=, hintText=, ignoreBoundsFiltering=false, resource-id=monthly.filter.type, clickable=true, bounds=[53,640][343,766], enabled=true, focused=false, checked=true, scrollable=false, selected=false, class=android.view.View, important-for-accessibility=true, error=}, children=[TreeNode(attributes={text=, accessibilityText=, hintText=, ignoreBoundsFiltering=false, resource-id=, clickable=false, bounds=[35,641][161,767], enabled=true, focused=false, checked=false, scrollable=false, selected=false, class=android.view.View, important-for-accessibility=false, error=}, children=[], clickable=false, enabled=true, focused=false, checked=false, selected=false), TreeNode(attributes={text=Dépenses, accessibilityText=, hintText=, ignoreBoundsFiltering=false, resource-id=, clickable=false, bounds=[142,682][301,725], enabled=true, focused=false, checked=false, scrollable=false, selected=false, class=android.widget.TextView, important-for-accessibility=true, error=}, children=[], clickable=false, enabled=true, focused=false, checked=false, selected=false), TreeNode(attributes={text=, accessibilityText=, hintText=, ignoreBoundsFiltering=false, resource-id=, clickable=false, bounds=[53,661][343,745], enabled=true, focused=false, checked=false, scrollable=false, selected=false, class=android.widget.CheckBox, important-for-accessibility=true, error=}, children=[], clickable=false, enabled=true, focused=false, checked=false, selected=false)], clickable=true, enabled=true, focused=false, checked=true, selected=false), bounds=Bounds(x=53, y=640, width=290, height=126))
17:31:15.197 [ INFO] maestro.Maestro.tap-HgV9Ck0: Tap aimed via settled hierarchy
17:31:15.198 [ INFO] maestro.Maestro.hierarchyBasedTap-ogj28Uc: Tapping at (198, 703) using hierarchy based logic for wait
17:31:16.846 [ INFO] maestro.Maestro.hierarchyBasedTap-ogj28Uc: Something has changed in the UI judging by view hierarchy. Proceed.
17:31:16.847 [ INFO] maestro.cli.runner.CliConsoleListener.onCommandFinished: Tap on id: monthly.filter.type COMPLETED
17:31:16.847 [ INFO] maestro.cli.runner.CliConsoleListener.onCommandStart: Tap on "Tous les types" RUNNING
17:31:16.907 [ INFO] maestro.Maestro.tap-HgV9Ck0: Tapping on element:  UiElement(treeNode=TreeNode(attributes={text=Tous les types, accessibilityText=, hintText=, ignoreBoundsFiltering=false, resource-id=, clickable=false, bounds=[95,1818][985,1867], enabled=true, focused=false, checked=false, scrollable=false, selected=false, class=android.widget.TextView, important-for-accessibility=true, error=}, children=[], clickable=false, enabled=true, focused=false, checked=false, selected=false), bounds=Bounds(x=95, y=1818, width=890, height=49))
17:31:18.122 [ INFO] maestro.Maestro.tap-HgV9Ck0: Tap aimed via settled hierarchy
17:31:18.123 [ INFO] maestro.Maestro.hierarchyBasedTap-ogj28Uc: Tapping at (540, 1842) using hierarchy based logic for wait
17:31:19.092 [ INFO] maestro.Maestro.hierarchyBasedTap-ogj28Uc: Something has changed in the UI judging by view hierarchy. Proceed.
17:31:19.092 [ INFO] maestro.cli.runner.CliConsoleListener.onCommandFinished: Tap on "Tous les types" COMPLETED
17:31:19.092 [ INFO] maestro.cli.runner.CliConsoleListener.onCommandStart: Assert that "Filtrer par type" is not visible RUNNING
17:31:19.760 [ INFO] maestro.cli.runner.CliConsoleListener.onCommandFinished: Assert that "Filtrer par type" is not visible COMPLETED
17:31:19.760 [ INFO] maestro.cli.runner.CliConsoleListener.onCommandStart: Assert that "Tous les types" is visible RUNNING
17:31:19.868 [ INFO] maestro.cli.runner.CliConsoleListener.onCommandFinished: Assert that "Tous les types" is visible COMPLETED
17:31:19.868 [ INFO] maestro.cli.runner.CliConsoleListener.onCommandStart: Scrolling DOWN until "Salaire" is visible with speed 40, visibility percentage 100%, timeout 20000 ms, with centering disabled RUNNING
17:31:19.980 [ INFO] maestro.orchestra.Orchestra.scrollUntilVisible: Scrolling try count: 0, DeviceWidth: 1080, DeviceWidth: 2400
17:31:19.980 [ INFO] maestro.orchestra.Orchestra.scrollUntilVisible: Element bounds: Bounds(x=238, y=1403, width=127, height=49)
17:31:19.980 [ INFO] maestro.orchestra.Orchestra.scrollUntilVisible: Visibility Percent: 1.0
17:31:19.980 [ INFO] maestro.orchestra.Orchestra.scrollUntilVisible: Command centerElement: ScrollUntilVisibleCommand(selector=ElementSelector(textRegex=Salaire, idRegex=null, size=null, below=null, above=null, leftOf=null, rightOf=null, containsChild=null, containsDescendants=null, traits=null, index=null, enabled=null, optional=false, selected=null, checked=null, focused=null, childOf=null, css=null), direction=DOWN, scrollDuration=601, visibilityPercentage=100, timeout=20000, waitToSettleTimeoutMs=null, centerElement=false, originalSpeedValue=40, label=null, optional=false).centerElement
17:31:19.981 [ INFO] maestro.orchestra.Orchestra.scrollUntilVisible: visibilityPercentageNormalized: 1.0
17:31:19.981 [ INFO] maestro.cli.runner.CliConsoleListener.onCommandFinished: Scrolling DOWN until "Salaire" is visible with speed 40, visibility percentage 100%, timeout 20000 ms, with centering disabled COMPLETED
17:31:19.981 [ INFO] maestro.cli.runner.CliConsoleListener.onCommandStart: Scrolling UP until id: monthly.filter.status is visible with speed 40, visibility percentage 100%, timeout 20000 ms, with centering disabled RUNNING
17:31:20.092 [ INFO] maestro.orchestra.Orchestra.scrollUntilVisible: Scrolling try count: 0, DeviceWidth: 1080, DeviceWidth: 2400
17:31:20.092 [ INFO] maestro.orchestra.Orchestra.scrollUntilVisible: Element bounds: Bounds(x=437, y=640, width=341, height=126)
17:31:20.092 [ INFO] maestro.orchestra.Orchestra.scrollUntilVisible: Visibility Percent: 1.0
17:31:20.092 [ INFO] maestro.orchestra.Orchestra.scrollUntilVisible: Command centerElement: ScrollUntilVisibleCommand(selector=ElementSelector(textRegex=null, idRegex=monthly.filter.status, size=null, below=null, above=null, leftOf=null, rightOf=null, containsChild=null, containsDescendants=null, traits=null, index=null, enabled=null, optional=false, selected=null, checked=null, focused=null, childOf=null, css=null), direction=UP, scrollDuration=601, visibilityPercentage=100, timeout=20000, waitToSettleTimeoutMs=null, centerElement=false, originalSpeedValue=40, label=null, optional=false).centerElement
17:31:20.092 [ INFO] maestro.orchestra.Orchestra.scrollUntilVisible: visibilityPercentageNormalized: 1.0
17:31:20.092 [ INFO] maestro.cli.runner.CliConsoleListener.onCommandFinished: Scrolling UP until id: monthly.filter.status is visible with speed 40, visibility percentage 100%, timeout 20000 ms, with centering disabled COMPLETED
17:31:20.092 [ INFO] maestro.cli.runner.CliConsoleListener.onCommandStart: Run console.log("TC-100-1 : CA-04 vérifié — le filtre de type est retirable depuis sa feuille")
 RUNNING
17:31:20.092 [ INFO] maestro.cli.runner.CliConsoleListener.onCommandFinished: Run console.log("TC-100-1 : CA-04 vérifié — le filtre de type est retirable depuis sa feuille")
 COMPLETED
17:31:20.092 [ INFO] maestro.cli.runner.CliConsoleListener.onCommandStart: Tap on id: monthly.filter.status RUNNING
17:31:20.201 [ INFO] maestro.Maestro.tap-HgV9Ck0: Tapping on element:  UiElement(treeNode=TreeNode(attributes={text=, accessibilityText=, hintText=, ignoreBoundsFiltering=false, resource-id=monthly.filter.status, clickable=true, bounds=[437,640][778,766], enabled=true, focused=false, checked=false, scrollable=false, selected=false, class=android.view.View, important-for-accessibility=true, error=}, children=[TreeNode(attributes={text=Tous les statuts, accessibilityText=, hintText=, ignoreBoundsFiltering=false, resource-id=, clickable=false, bounds=[479,682][736,725], enabled=true, focused=false, checked=false, scrollable=false, selected=false, class=android.widget.TextView, important-for-accessibility=true, error=}, children=[], clickable=false, enabled=true, focused=false, checked=false, selected=false), TreeNode(attributes={text=, accessibilityText=, hintText=, ignoreBoundsFiltering=false, resource-id=, clickable=false, bounds=[437,661][778,745], enabled=true, focused=false, checked=false, scrollable=false, selected=false, class=android.widget.CheckBox, important-for-accessibility=true, error=}, children=[], clickable=false, enabled=true, focused=false, checked=false, selected=false)], clickable=true, enabled=true, focused=false, checked=false, selected=false), bounds=Bounds(x=437, y=640, width=341, height=126))
17:31:21.398 [ INFO] maestro.Maestro.tap-HgV9Ck0: Tap aimed via settled hierarchy
17:31:21.399 [ INFO] maestro.Maestro.hierarchyBasedTap-ogj28Uc: Tapping at (607, 703) using hierarchy based logic for wait
17:31:23.046 [ INFO] maestro.Maestro.hierarchyBasedTap-ogj28Uc: Something has changed in the UI judging by view hierarchy. Proceed.
17:31:23.047 [ INFO] maestro.cli.runner.CliConsoleListener.onCommandFinished: Tap on id: monthly.filter.status COMPLETED
17:31:23.047 [ INFO] maestro.cli.runner.CliConsoleListener.onCommandStart: Assert that "Filtrer par statut" is visible RUNNING
17:31:23.111 [ INFO] maestro.cli.runner.CliConsoleListener.onCommandFinished: Assert that "Filtrer par statut" is visible COMPLETED
17:31:23.111 [ INFO] maestro.cli.runner.CliConsoleListener.onCommandStart: Assert that "Payé" is visible RUNNING
17:31:23.211 [ INFO] maestro.cli.runner.CliConsoleListener.onCommandFinished: Assert that "Payé" is visible COMPLETED
17:31:23.211 [ INFO] maestro.cli.runner.CliConsoleListener.onCommandStart: Assert that "Planifié" is visible RUNNING
17:31:23.279 [ INFO] maestro.cli.runner.CliConsoleListener.onCommandFinished: Assert that "Planifié" is visible COMPLETED
17:31:23.279 [ INFO] maestro.cli.runner.CliConsoleListener.onCommandStart: Tap on "Payé" RUNNING
17:31:23.336 [ INFO] maestro.Maestro.tap-HgV9Ck0: Tapping on element:  UiElement(treeNode=TreeNode(attributes={text=Payé, accessibilityText=, hintText=, ignoreBoundsFiltering=false, resource-id=, clickable=false, bounds=[95,1997][985,2046], enabled=true, focused=false, checked=false, scrollable=false, selected=false, class=android.widget.TextView, important-for-accessibility=true, error=}, children=[], clickable=false, enabled=true, focused=false, checked=false, selected=false), bounds=Bounds(x=95, y=1997, width=890, height=49))
17:31:24.515 [ INFO] maestro.Maestro.tap-HgV9Ck0: Tap aimed via settled hierarchy
17:31:24.515 [ INFO] maestro.Maestro.hierarchyBasedTap-ogj28Uc: Tapping at (540, 2021) using hierarchy based logic for wait
17:31:25.527 [ INFO] maestro.Maestro.hierarchyBasedTap-ogj28Uc: Something has changed in the UI judging by view hierarchy. Proceed.
17:31:25.527 [ INFO] maestro.cli.runner.CliConsoleListener.onCommandFinished: Tap on "Payé" COMPLETED
17:31:25.527 [ INFO] maestro.cli.runner.CliConsoleListener.onCommandStart: Assert that "Filtrer par statut" is not visible RUNNING
17:31:26.175 [ INFO] maestro.cli.runner.CliConsoleListener.onCommandFinished: Assert that "Filtrer par statut" is not visible COMPLETED
17:31:26.175 [ INFO] maestro.cli.runner.CliConsoleListener.onCommandStart: Assert that "Courses Hebdomadaires" is visible RUNNING
17:31:26.280 [ INFO] maestro.cli.runner.CliConsoleListener.onCommandFinished: Assert that "Courses Hebdomadaires" is visible COMPLETED
17:31:26.280 [ INFO] maestro.cli.runner.CliConsoleListener.onCommandStart: Assert that "Loyer" is not visible RUNNING
17:31:26.955 [ INFO] maestro.cli.runner.CliConsoleListener.onCommandFinished: Assert that "Loyer" is not visible COMPLETED
17:31:26.955 [ INFO] maestro.cli.runner.CliConsoleListener.onCommandStart: Assert that "Salaire" is not visible RUNNING
17:31:27.603 [ INFO] maestro.cli.runner.CliConsoleListener.onCommandFinished: Assert that "Salaire" is not visible COMPLETED
17:31:27.603 [ INFO] maestro.cli.runner.CliConsoleListener.onCommandStart: Tap on id: monthly.filter.status RUNNING
17:31:27.764 [ INFO] maestro.Maestro.tap-HgV9Ck0: Tapping on element:  UiElement(treeNode=TreeNode(attributes={text=, accessibilityText=, hintText=, ignoreBoundsFiltering=false, resource-id=monthly.filter.status, clickable=true, bounds=[437,640][600,766], enabled=true, focused=false, checked=true, scrollable=false, selected=false, class=android.view.View, important-for-accessibility=true, error=}, children=[TreeNode(attributes={text=Payé, accessibilityText=, hintText=, ignoreBoundsFiltering=false, resource-id=, clickable=false, bounds=[479,682][558,725], enabled=true, focused=false, checked=false, scrollable=false, selected=false, class=android.widget.TextView, important-for-accessibility=true, error=}, children=[], clickable=false, enabled=true, focused=false, checked=false, selected=false), TreeNode(attributes={text=, accessibilityText=, hintText=, ignoreBoundsFiltering=false, resource-id=, clickable=false, bounds=[437,661][600,745], enabled=true, focused=false, checked=false, scrollable=false, selected=false, class=android.widget.CheckBox, important-for-accessibility=true, error=}, children=[], clickable=false, enabled=true, focused=false, checked=false, selected=false)], clickable=true, enabled=true, focused=false, checked=true, selected=false), bounds=Bounds(x=437, y=640, width=163, height=126))
17:31:28.945 [ INFO] maestro.Maestro.tap-HgV9Ck0: Tap aimed via settled hierarchy
17:31:28.946 [ INFO] maestro.Maestro.hierarchyBasedTap-ogj28Uc: Tapping at (518, 703) using hierarchy based logic for wait
17:31:30.631 [ INFO] maestro.Maestro.hierarchyBasedTap-ogj28Uc: Something has changed in the UI judging by view hierarchy. Proceed.
17:31:30.631 [ INFO] maestro.cli.runner.CliConsoleListener.onCommandFinished: Tap on id: monthly.filter.status COMPLETED
17:31:30.631 [ INFO] maestro.cli.runner.CliConsoleListener.onCommandStart: Tap on "Tous les statuts" RUNNING
17:31:30.651 [ INFO] maestro.Maestro.tap-HgV9Ck0: Tapping on element:  UiElement(treeNode=TreeNode(attributes={text=Tous les statuts, accessibilityText=, hintText=, ignoreBoundsFiltering=false, resource-id=, clickable=false, bounds=[95,1818][985,1867], enabled=true, focused=false, checked=false, scrollable=false, selected=false, class=android.widget.TextView, important-for-accessibility=true, error=}, children=[], clickable=false, enabled=true, focused=false, checked=false, selected=false), bounds=Bounds(x=95, y=1818, width=890, height=49))
17:31:31.832 [ INFO] maestro.Maestro.tap-HgV9Ck0: Tap aimed via settled hierarchy
17:31:31.832 [ INFO] maestro.Maestro.hierarchyBasedTap-ogj28Uc: Tapping at (540, 1842) using hierarchy based logic for wait
17:31:32.819 [ INFO] maestro.Maestro.hierarchyBasedTap-ogj28Uc: Something has changed in the UI judging by view hierarchy. Proceed.
17:31:32.819 [ INFO] maestro.cli.runner.CliConsoleListener.onCommandFinished: Tap on "Tous les statuts" COMPLETED
17:31:32.820 [ INFO] maestro.cli.runner.CliConsoleListener.onCommandStart: Assert that "Loyer" is visible RUNNING
17:31:32.940 [ INFO] maestro.cli.runner.CliConsoleListener.onCommandFinished: Assert that "Loyer" is visible COMPLETED
17:31:32.940 [ INFO] maestro.cli.runner.CliConsoleListener.onCommandStart: Run console.log("TC-100-1 : CA-05 vérifié — le statut filtre puis se retire")
 RUNNING
17:31:32.940 [ INFO] maestro.cli.runner.CliConsoleListener.onCommandFinished: Run console.log("TC-100-1 : CA-05 vérifié — le statut filtre puis se retire")
 COMPLETED
17:31:32.941 [ INFO] maestro.cli.runner.CliConsoleListener.onCommandStart: Scrolling UP until id: monthly.filter.type is visible with speed 40, visibility percentage 100%, timeout 20000 ms, with centering disabled RUNNING
17:31:33.052 [ INFO] maestro.orchestra.Orchestra.scrollUntilVisible: Scrolling try count: 0, DeviceWidth: 1080, DeviceWidth: 2400
17:31:33.052 [ INFO] maestro.orchestra.Orchestra.scrollUntilVisible: Element bounds: Bounds(x=53, y=640, width=363, height=126)
17:31:33.052 [ INFO] maestro.orchestra.Orchestra.scrollUntilVisible: Visibility Percent: 1.0
17:31:33.052 [ INFO] maestro.orchestra.Orchestra.scrollUntilVisible: Command centerElement: ScrollUntilVisibleCommand(selector=ElementSelector(textRegex=null, idRegex=monthly.filter.type, size=null, below=null, above=null, leftOf=null, rightOf=null, containsChild=null, containsDescendants=null, traits=null, index=null, enabled=null, optional=false, selected=null, checked=null, focused=null, childOf=null, css=null), direction=UP, scrollDuration=601, visibilityPercentage=100, timeout=20000, waitToSettleTimeoutMs=null, centerElement=false, originalSpeedValue=40, label=null, optional=false).centerElement
17:31:33.052 [ INFO] maestro.orchestra.Orchestra.scrollUntilVisible: visibilityPercentageNormalized: 1.0
17:31:33.052 [ INFO] maestro.cli.runner.CliConsoleListener.onCommandFinished: Scrolling UP until id: monthly.filter.type is visible with speed 40, visibility percentage 100%, timeout 20000 ms, with centering disabled COMPLETED
17:31:33.052 [ INFO] maestro.cli.runner.CliConsoleListener.onCommandStart: Tap on id: monthly.filter.type RUNNING
17:31:33.156 [ INFO] maestro.Maestro.tap-HgV9Ck0: Tapping on element:  UiElement(treeNode=TreeNode(attributes={text=, accessibilityText=, hintText=, ignoreBoundsFiltering=false, resource-id=monthly.filter.type, clickable=true, bounds=[53,640][416,766], enabled=true, focused=false, checked=false, scrollable=false, selected=false, class=android.view.View, important-for-accessibility=true, error=}, children=[TreeNode(attributes={text=, accessibilityText=, hintText=, ignoreBoundsFiltering=false, resource-id=, clickable=false, bounds=[35,641][161,767], enabled=true, focused=false, checked=false, scrollable=false, selected=false, class=android.view.View, important-for-accessibility=false, error=}, children=[], clickable=false, enabled=true, focused=false, checked=false, selected=false), TreeNode(attributes={text=Tous les types, accessibilityText=, hintText=, ignoreBoundsFiltering=false, resource-id=, clickable=false, bounds=[142,682][374,725], enabled=true, focused=false, checked=false, scrollable=false, selected=false, class=android.widget.TextView, important-for-accessibility=true, error=}, children=[], clickable=false, enabled=true, focused=false, checked=false, selected=false), TreeNode(attributes={text=, accessibilityText=, hintText=, ignoreBoundsFiltering=false, resource-id=, clickable=false, bounds=[53,661][416,745], enabled=true, focused=false, checked=false, scrollable=false, selected=false, class=android.widget.CheckBox, important-for-accessibility=true, error=}, children=[], clickable=false, enabled=true, focused=false, checked=false, selected=false)], clickable=true, enabled=true, focused=false, checked=false, selected=false), bounds=Bounds(x=53, y=640, width=363, height=126))
17:31:34.699 [ INFO] maestro.Maestro.tap-HgV9Ck0: Tap aimed via settled hierarchy
17:31:34.700 [ INFO] maestro.Maestro.hierarchyBasedTap-ogj28Uc: Tapping at (234, 703) using hierarchy based logic for wait
17:31:36.323 [ INFO] maestro.Maestro.hierarchyBasedTap-ogj28Uc: Something has changed in the UI judging by view hierarchy. Proceed.
17:31:36.323 [ INFO] maestro.cli.runner.CliConsoleListener.onCommandFinished: Tap on id: monthly.filter.type COMPLETED
17:31:36.323 [ INFO] maestro.cli.runner.CliConsoleListener.onCommandStart: Tap on "Revenus" RUNNING
17:31:36.341 [ INFO] maestro.Maestro.tap-HgV9Ck0: Tapping on element:  UiElement(treeNode=TreeNode(attributes={text=Revenus, accessibilityText=, hintText=, ignoreBoundsFiltering=false, resource-id=, clickable=false, bounds=[95,2162][985,2211], enabled=true, focused=false, checked=false, scrollable=false, selected=false, class=android.widget.TextView, important-for-accessibility=true, error=}, children=[], clickable=false, enabled=true, focused=false, checked=false, selected=false), bounds=Bounds(x=95, y=2162, width=890, height=49))
17:31:37.519 [ INFO] maestro.Maestro.tap-HgV9Ck0: Tap aimed via settled hierarchy
17:31:37.519 [ INFO] maestro.Maestro.hierarchyBasedTap-ogj28Uc: Tapping at (540, 2186) using hierarchy based logic for wait
17:31:38.400 [ INFO] maestro.Maestro.hierarchyBasedTap-ogj28Uc: Something has changed in the UI judging by view hierarchy. Proceed.
17:31:38.401 [ INFO] maestro.cli.runner.CliConsoleListener.onCommandFinished: Tap on "Revenus" COMPLETED
17:31:38.401 [ INFO] maestro.cli.runner.CliConsoleListener.onCommandStart: Tap on id: monthly.filter.status RUNNING
17:31:38.472 [ INFO] maestro.Maestro.tap-HgV9Ck0: Tapping on element:  UiElement(treeNode=TreeNode(attributes={text=, accessibilityText=, hintText=, ignoreBoundsFiltering=false, resource-id=monthly.filter.status, clickable=true, bounds=[343,640][684,766], enabled=true, focused=false, checked=false, scrollable=false, selected=false, class=android.view.View, important-for-accessibility=true, error=}, children=[TreeNode(attributes={text=Tous les statuts, accessibilityText=, hintText=, ignoreBoundsFiltering=false, resource-id=, clickable=false, bounds=[385,682][642,725], enabled=true, focused=false, checked=false, scrollable=false, selected=false, class=android.widget.TextView, important-for-accessibility=true, error=}, children=[], clickable=false, enabled=true, focused=false, checked=false, selected=false), TreeNode(attributes={text=, accessibilityText=, hintText=, ignoreBoundsFiltering=false, resource-id=, clickable=false, bounds=[343,661][684,745], enabled=true, focused=false, checked=false, scrollable=false, selected=false, class=android.widget.CheckBox, important-for-accessibility=true, error=}, children=[], clickable=false, enabled=true, focused=false, checked=false, selected=false)], clickable=true, enabled=true, focused=false, checked=false, selected=false), bounds=Bounds(x=343, y=640, width=341, height=126))
17:31:39.661 [ INFO] maestro.Maestro.tap-HgV9Ck0: Tap aimed via settled hierarchy
17:31:39.662 [ INFO] maestro.Maestro.hierarchyBasedTap-ogj28Uc: Tapping at (513, 703) using hierarchy based logic for wait
17:31:41.279 [ INFO] maestro.Maestro.hierarchyBasedTap-ogj28Uc: Something has changed in the UI judging by view hierarchy. Proceed.
17:31:41.279 [ INFO] maestro.cli.runner.CliConsoleListener.onCommandFinished: Tap on id: monthly.filter.status COMPLETED
17:31:41.279 [ INFO] maestro.cli.runner.CliConsoleListener.onCommandStart: Tap on "Planifié" RUNNING
17:31:41.339 [ INFO] maestro.Maestro.tap-HgV9Ck0: Tapping on element:  UiElement(treeNode=TreeNode(attributes={text=Planifié, accessibilityText=, hintText=, ignoreBoundsFiltering=false, resource-id=, clickable=false, bounds=[95,2162][985,2211], enabled=true, focused=false, checked=false, scrollable=false, selected=false, class=android.widget.TextView, important-for-accessibility=true, error=}, children=[], clickable=false, enabled=true, focused=false, checked=false, selected=false), bounds=Bounds(x=95, y=2162, width=890, height=49))
17:31:42.515 [ INFO] maestro.Maestro.tap-HgV9Ck0: Tap aimed via settled hierarchy
17:31:42.515 [ INFO] maestro.Maestro.hierarchyBasedTap-ogj28Uc: Tapping at (540, 2186) using hierarchy based logic for wait
17:31:43.443 [ INFO] maestro.Maestro.hierarchyBasedTap-ogj28Uc: Something has changed in the UI judging by view hierarchy. Proceed.
17:31:43.444 [ INFO] maestro.cli.runner.CliConsoleListener.onCommandFinished: Tap on "Planifié" COMPLETED
17:31:43.444 [ INFO] maestro.cli.runner.CliConsoleListener.onCommandStart: Assert that "Salaire" is visible RUNNING
17:31:43.544 [ INFO] maestro.cli.runner.CliConsoleListener.onCommandFinished: Assert that "Salaire" is visible COMPLETED
17:31:43.544 [ INFO] maestro.cli.runner.CliConsoleListener.onCommandStart: Assert that "Loyer" is not visible RUNNING
17:31:44.198 [ INFO] maestro.cli.runner.CliConsoleListener.onCommandFinished: Assert that "Loyer" is not visible COMPLETED
17:31:44.198 [ INFO] maestro.cli.runner.CliConsoleListener.onCommandStart: Assert that "Courses Hebdomadaires" is not visible RUNNING
17:31:44.831 [ INFO] maestro.cli.runner.CliConsoleListener.onCommandFinished: Assert that "Courses Hebdomadaires" is not visible COMPLETED
17:31:44.831 [ INFO] maestro.cli.runner.CliConsoleListener.onCommandStart: Tap on id: monthly.filter.status RUNNING
17:31:44.939 [ INFO] maestro.Maestro.tap-HgV9Ck0: Tapping on element:  UiElement(treeNode=TreeNode(attributes={text=, accessibilityText=, hintText=, ignoreBoundsFiltering=false, resource-id=monthly.filter.status, clickable=true, bounds=[343,640][547,766], enabled=true, focused=false, checked=true, scrollable=false, selected=false, class=android.view.View, important-for-accessibility=true, error=}, children=[TreeNode(attributes={text=Planifié, accessibilityText=, hintText=, ignoreBoundsFiltering=false, resource-id=, clickable=false, bounds=[385,682][505,725], enabled=true, focused=false, checked=false, scrollable=false, selected=false, class=android.widget.TextView, important-for-accessibility=true, error=}, children=[], clickable=false, enabled=true, focused=false, checked=false, selected=false), TreeNode(attributes={text=, accessibilityText=, hintText=, ignoreBoundsFiltering=false, resource-id=, clickable=false, bounds=[343,661][547,745], enabled=true, focused=false, checked=false, scrollable=false, selected=false, class=android.widget.CheckBox, important-for-accessibility=true, error=}, children=[], clickable=false, enabled=true, focused=false, checked=false, selected=false)], clickable=true, enabled=true, focused=false, checked=true, selected=false), bounds=Bounds(x=343, y=640, width=204, height=126))
17:31:46.167 [ INFO] maestro.Maestro.tap-HgV9Ck0: Tap aimed via settled hierarchy
17:31:46.168 [ INFO] maestro.Maestro.hierarchyBasedTap-ogj28Uc: Tapping at (445, 703) using hierarchy based logic for wait
17:31:47.795 [ INFO] maestro.Maestro.hierarchyBasedTap-ogj28Uc: Something has changed in the UI judging by view hierarchy. Proceed.
17:31:47.795 [ INFO] maestro.cli.runner.CliConsoleListener.onCommandFinished: Tap on id: monthly.filter.status COMPLETED
17:31:47.795 [ INFO] maestro.cli.runner.CliConsoleListener.onCommandStart: Tap on "Tous les statuts" RUNNING
17:31:47.821 [ INFO] maestro.Maestro.tap-HgV9Ck0: Tapping on element:  UiElement(treeNode=TreeNode(attributes={text=Tous les statuts, accessibilityText=, hintText=, ignoreBoundsFiltering=false, resource-id=, clickable=false, bounds=[95,1818][985,1867], enabled=true, focused=false, checked=false, scrollable=false, selected=false, class=android.widget.TextView, important-for-accessibility=true, error=}, children=[], clickable=false, enabled=true, focused=false, checked=false, selected=false), bounds=Bounds(x=95, y=1818, width=890, height=49))
17:31:48.957 [ INFO] maestro.Maestro.tap-HgV9Ck0: Tap aimed via settled hierarchy
17:31:48.958 [ INFO] maestro.Maestro.hierarchyBasedTap-ogj28Uc: Tapping at (540, 1842) using hierarchy based logic for wait
17:31:49.867 [ INFO] maestro.Maestro.hierarchyBasedTap-ogj28Uc: Something has changed in the UI judging by view hierarchy. Proceed.
17:31:49.867 [ INFO] maestro.cli.runner.CliConsoleListener.onCommandFinished: Tap on "Tous les statuts" COMPLETED
17:31:49.867 [ INFO] maestro.cli.runner.CliConsoleListener.onCommandStart: Assert that "Revenus" is visible RUNNING
17:31:49.968 [ INFO] maestro.cli.runner.CliConsoleListener.onCommandFinished: Assert that "Revenus" is visible COMPLETED
17:31:49.968 [ INFO] maestro.cli.runner.CliConsoleListener.onCommandStart: Assert that "Salaire" is visible RUNNING
17:31:50.068 [ INFO] maestro.cli.runner.CliConsoleListener.onCommandFinished: Assert that "Salaire" is visible COMPLETED
17:31:50.068 [ INFO] maestro.cli.runner.CliConsoleListener.onCommandStart: Assert that "Loyer" is not visible RUNNING
17:31:50.713 [ INFO] maestro.cli.runner.CliConsoleListener.onCommandFinished: Assert that "Loyer" is not visible COMPLETED
17:31:50.713 [ INFO] maestro.cli.runner.CliConsoleListener.onCommandStart: Assert that "Courses Hebdomadaires" is not visible RUNNING
17:31:51.343 [ INFO] maestro.cli.runner.CliConsoleListener.onCommandFinished: Assert that "Courses Hebdomadaires" is not visible COMPLETED
17:31:51.343 [ INFO] maestro.cli.runner.CliConsoleListener.onCommandStart: Run console.log("TC-100-1 : CA-06 vérifié — les deux filtres se cumulent et se retirent séparément")
 RUNNING
17:31:51.343 [ INFO] maestro.cli.runner.CliConsoleListener.onCommandFinished: Run console.log("TC-100-1 : CA-06 vérifié — les deux filtres se cumulent et se retirent séparément")
 COMPLETED
17:31:51.343 [ INFO] maestro.cli.runner.CliConsoleListener.onCommandStart: Tap on id: monthly.filter.type RUNNING
17:31:51.444 [ INFO] maestro.Maestro.tap-HgV9Ck0: Tapping on element:  UiElement(treeNode=TreeNode(attributes={text=, accessibilityText=, hintText=, ignoreBoundsFiltering=false, resource-id=monthly.filter.type, clickable=true, bounds=[53,640][322,766], enabled=true, focused=false, checked=true, scrollable=false, selected=false, class=android.view.View, important-for-accessibility=true, error=}, children=[TreeNode(attributes={text=, accessibilityText=, hintText=, ignoreBoundsFiltering=false, resource-id=, clickable=false, bounds=[35,641][161,767], enabled=true, focused=false, checked=false, scrollable=false, selected=false, class=android.view.View, important-for-accessibility=false, error=}, children=[], clickable=false, enabled=true, focused=false, checked=false, selected=false), TreeNode(attributes={text=Revenus, accessibilityText=, hintText=, ignoreBoundsFiltering=false, resource-id=, clickable=false, bounds=[142,682][280,725], enabled=true, focused=false, checked=false, scrollable=false, selected=false, class=android.widget.TextView, important-for-accessibility=true, error=}, children=[], clickable=false, enabled=true, focused=false, checked=false, selected=false), TreeNode(attributes={text=, accessibilityText=, hintText=, ignoreBoundsFiltering=false, resource-id=, clickable=false, bounds=[53,661][322,745], enabled=true, focused=false, checked=false, scrollable=false, selected=false, class=android.widget.CheckBox, important-for-accessibility=true, error=}, children=[], clickable=false, enabled=true, focused=false, checked=false, selected=false)], clickable=true, enabled=true, focused=false, checked=true, selected=false), bounds=Bounds(x=53, y=640, width=269, height=126))
17:31:52.707 [ INFO] maestro.Maestro.tap-HgV9Ck0: Tap aimed via settled hierarchy
17:31:52.708 [ INFO] maestro.Maestro.hierarchyBasedTap-ogj28Uc: Tapping at (187, 703) using hierarchy based logic for wait
17:31:54.358 [ INFO] maestro.Maestro.hierarchyBasedTap-ogj28Uc: Something has changed in the UI judging by view hierarchy. Proceed.
17:31:54.359 [ INFO] maestro.cli.runner.CliConsoleListener.onCommandFinished: Tap on id: monthly.filter.type COMPLETED
17:31:54.359 [ INFO] maestro.cli.runner.CliConsoleListener.onCommandStart: Tap on "Tous les types" RUNNING
17:31:54.419 [ INFO] maestro.Maestro.tap-HgV9Ck0: Tapping on element:  UiElement(treeNode=TreeNode(attributes={text=Tous les types, accessibilityText=, hintText=, ignoreBoundsFiltering=false, resource-id=, clickable=false, bounds=[95,1818][985,1867], enabled=true, focused=false, checked=false, scrollable=false, selected=false, class=android.widget.TextView, important-for-accessibility=true, error=}, children=[], clickable=false, enabled=true, focused=false, checked=false, selected=false), bounds=Bounds(x=95, y=1818, width=890, height=49))
17:31:55.630 [ INFO] maestro.Maestro.tap-HgV9Ck0: Tap aimed via settled hierarchy
17:31:55.631 [ INFO] maestro.Maestro.hierarchyBasedTap-ogj28Uc: Tapping at (540, 1842) using hierarchy based logic for wait
17:31:56.564 [ INFO] maestro.Maestro.hierarchyBasedTap-ogj28Uc: Something has changed in the UI judging by view hierarchy. Proceed.
17:31:56.564 [ INFO] maestro.cli.runner.CliConsoleListener.onCommandFinished: Tap on "Tous les types" COMPLETED
17:31:56.565 [ INFO] maestro.cli.runner.CliConsoleListener.onCommandStart: Tap on id: monthly.filter.account RUNNING
17:31:56.668 [ INFO] maestro.Maestro.tap-HgV9Ck0: Tapping on element:  UiElement(treeNode=TreeNode(attributes={text=, accessibilityText=, hintText=, ignoreBoundsFiltering=false, resource-id=monthly.filter.account, clickable=true, bounds=[799,640][1056,766], enabled=true, focused=false, checked=false, scrollable=false, selected=false, class=android.view.View, important-for-accessibility=true, error=}, children=[TreeNode(attributes={text=, accessibilityText=, hintText=, ignoreBoundsFiltering=false, resource-id=, clickable=false, bounds=[781,641][907,767], enabled=true, focused=false, checked=false, scrollable=false, selected=false, class=android.view.View, important-for-accessibility=false, error=}, children=[], clickable=false, enabled=true, focused=false, checked=false, selected=false), TreeNode(attributes={text=Compte, accessibilityText=, hintText=, ignoreBoundsFiltering=false, resource-id=, clickable=false, bounds=[888,682][1014,725], enabled=true, focused=false, checked=false, scrollable=false, selected=false, class=android.widget.TextView, important-for-accessibility=true, error=}, children=[], clickable=false, enabled=true, focused=false, checked=false, selected=false), TreeNode(attributes={text=, accessibilityText=, hintText=, ignoreBoundsFiltering=false, resource-id=, clickable=false, bounds=[799,661][1027,745], enabled=true, focused=false, checked=false, scrollable=false, selected=false, class=android.widget.CheckBox, important-for-accessibility=true, error=}, children=[], clickable=false, enabled=true, focused=false, checked=false, selected=false)], clickable=true, enabled=true, focused=false, checked=false, selected=false), bounds=Bounds(x=799, y=640, width=257, height=126))
17:31:57.887 [ INFO] maestro.Maestro.tap-HgV9Ck0: Tap aimed via settled hierarchy
17:31:57.888 [ INFO] maestro.Maestro.hierarchyBasedTap-ogj28Uc: Tapping at (927, 703) using hierarchy based logic for wait
17:31:59.506 [ INFO] maestro.Maestro.hierarchyBasedTap-ogj28Uc: Something has changed in the UI judging by view hierarchy. Proceed.
17:31:59.506 [ INFO] maestro.cli.runner.CliConsoleListener.onCommandFinished: Tap on id: monthly.filter.account COMPLETED
17:31:59.507 [ INFO] maestro.cli.runner.CliConsoleListener.onCommandStart: Assert that id: picker.account.sheet is visible RUNNING
17:31:59.568 [ INFO] maestro.cli.runner.CliConsoleListener.onCommandFinished: Assert that id: picker.account.sheet is visible COMPLETED
17:31:59.568 [ INFO] maestro.cli.runner.CliConsoleListener.onCommandStart: Press back RUNNING
17:31:59.568 [ INFO] maestro.Maestro.backPress: Pressing back
17:32:00.265 [ INFO] maestro.cli.runner.CliConsoleListener.onCommandFinished: Press back COMPLETED
17:32:00.266 [ INFO] maestro.cli.runner.CliConsoleListener.onCommandStart: Assert that id: picker.account.sheet is not visible RUNNING
17:32:00.940 [ INFO] maestro.cli.runner.CliConsoleListener.onCommandFinished: Assert that id: picker.account.sheet is not visible COMPLETED
17:32:00.940 [ INFO] maestro.cli.runner.CliConsoleListener.onCommandStart: Scrolling DOWN until "Salaire" is visible with speed 40, visibility percentage 100%, timeout 20000 ms, with centering disabled RUNNING
17:32:01.018 [ INFO] maestro.orchestra.Orchestra.scrollUntilVisible: Scrolling try count: 0, DeviceWidth: 1080, DeviceWidth: 2400
17:32:01.019 [ INFO] maestro.orchestra.Orchestra.scrollUntilVisible: Element bounds: Bounds(x=238, y=1403, width=127, height=49)
17:32:01.019 [ INFO] maestro.orchestra.Orchestra.scrollUntilVisible: Visibility Percent: 1.0
17:32:01.019 [ INFO] maestro.orchestra.Orchestra.scrollUntilVisible: Command centerElement: ScrollUntilVisibleCommand(selector=ElementSelector(textRegex=Salaire, idRegex=null, size=null, below=null, above=null, leftOf=null, rightOf=null, containsChild=null, containsDescendants=null, traits=null, index=null, enabled=null, optional=false, selected=null, checked=null, focused=null, childOf=null, css=null), direction=DOWN, scrollDuration=601, visibilityPercentage=100, timeout=20000, waitToSettleTimeoutMs=null, centerElement=false, originalSpeedValue=40, label=null, optional=false).centerElement
17:32:01.019 [ INFO] maestro.orchestra.Orchestra.scrollUntilVisible: visibilityPercentageNormalized: 1.0
17:32:01.019 [ INFO] maestro.cli.runner.CliConsoleListener.onCommandFinished: Scrolling DOWN until "Salaire" is visible with speed 40, visibility percentage 100%, timeout 20000 ms, with centering disabled COMPLETED
17:32:01.019 [ INFO] maestro.cli.runner.CliConsoleListener.onCommandStart: Scrolling UP until id: monthly.filter.status is visible with speed 40, visibility percentage 100%, timeout 20000 ms, with centering disabled RUNNING
17:32:01.673 [ INFO] maestro.orchestra.Orchestra.scrollUntilVisible: Scrolling try count: 0, DeviceWidth: 1080, DeviceWidth: 2400
17:32:01.674 [ INFO] maestro.orchestra.Orchestra.scrollUntilVisible: Element bounds: Bounds(x=437, y=640, width=341, height=126)
17:32:01.674 [ INFO] maestro.orchestra.Orchestra.scrollUntilVisible: Visibility Percent: 1.0
17:32:01.674 [ INFO] maestro.orchestra.Orchestra.scrollUntilVisible: Command centerElement: ScrollUntilVisibleCommand(selector=ElementSelector(textRegex=null, idRegex=monthly.filter.status, size=null, below=null, above=null, leftOf=null, rightOf=null, containsChild=null, containsDescendants=null, traits=null, index=null, enabled=null, optional=false, selected=null, checked=null, focused=null, childOf=null, css=null), direction=UP, scrollDuration=601, visibilityPercentage=100, timeout=20000, waitToSettleTimeoutMs=null, centerElement=false, originalSpeedValue=40, label=null, optional=false).centerElement
17:32:01.674 [ INFO] maestro.orchestra.Orchestra.scrollUntilVisible: visibilityPercentageNormalized: 1.0
17:32:01.674 [ INFO] maestro.cli.runner.CliConsoleListener.onCommandFinished: Scrolling UP until id: monthly.filter.status is visible with speed 40, visibility percentage 100%, timeout 20000 ms, with centering disabled COMPLETED
17:32:01.674 [ INFO] maestro.cli.runner.CliConsoleListener.onCommandStart: Swiping in LEFT direction on id: monthly.filter.status RUNNING
17:32:01.740 [ INFO] maestro.Maestro.swipe: Swiping LEFT from point: Point(x=607, y=703)
17:32:02.456 [ INFO] maestro.cli.runner.CliConsoleListener.onCommandFinished: Swiping in LEFT direction on id: monthly.filter.status COMPLETED
17:32:02.456 [ INFO] maestro.cli.runner.CliConsoleListener.onCommandStart: Tap on id: monthly.filter.category RUNNING
17:32:02.518 [ INFO] maestro.Maestro.tap-HgV9Ck0: Tapping on element:  UiElement(treeNode=TreeNode(attributes={text=, accessibilityText=, hintText=, ignoreBoundsFiltering=false, resource-id=monthly.filter.category, clickable=true, bounds=[741,640][1027,766], enabled=true, focused=false, checked=false, scrollable=false, selected=false, class=android.view.View, important-for-accessibility=true, error=}, children=[TreeNode(attributes={text=, accessibilityText=, hintText=, ignoreBoundsFiltering=false, resource-id=, clickable=false, bounds=[723,641][849,767], enabled=true, focused=false, checked=false, scrollable=false, selected=false, class=android.view.View, important-for-accessibility=false, error=}, children=[], clickable=false, enabled=true, focused=false, checked=false, selected=false), TreeNode(attributes={text=Catégorie, accessibilityText=, hintText=, ignoreBoundsFiltering=false, resource-id=, clickable=false, bounds=[830,682][985,725], enabled=true, focused=false, checked=false, scrollable=false, selected=false, class=android.widget.TextView, important-for-accessibility=true, error=}, children=[], clickable=false, enabled=true, focused=false, checked=false, selected=false), TreeNode(attributes={text=, accessibilityText=, hintText=, ignoreBoundsFiltering=false, resource-id=, clickable=false, bounds=[741,661][1027,745], enabled=true, focused=false, checked=false, scrollable=false, selected=false, class=android.widget.CheckBox, important-for-accessibility=true, error=}, children=[], clickable=false, enabled=true, focused=false, checked=false, selected=false)], clickable=true, enabled=true, focused=false, checked=false, selected=false), bounds=Bounds(x=741, y=640, width=286, height=126))
17:32:04.354 [ INFO] maestro.Maestro.tap-HgV9Ck0: Tap aimed via settled hierarchy
17:32:04.354 [ INFO] maestro.Maestro.hierarchyBasedTap-ogj28Uc: Tapping at (884, 703) using hierarchy based logic for wait
17:32:06.035 [ INFO] maestro.Maestro.hierarchyBasedTap-ogj28Uc: Something has changed in the UI judging by view hierarchy. Proceed.
17:32:06.035 [ INFO] maestro.cli.runner.CliConsoleListener.onCommandFinished: Tap on id: monthly.filter.category COMPLETED
17:32:06.035 [ INFO] maestro.cli.runner.CliConsoleListener.onCommandStart: Assert that id: picker.category.sheet is visible RUNNING
17:32:06.112 [ INFO] maestro.cli.runner.CliConsoleListener.onCommandFinished: Assert that id: picker.category.sheet is visible COMPLETED
17:32:06.112 [ INFO] maestro.cli.runner.CliConsoleListener.onCommandStart: Press back RUNNING
17:32:06.112 [ INFO] maestro.Maestro.backPress: Pressing back
17:32:06.863 [ INFO] maestro.cli.runner.CliConsoleListener.onCommandFinished: Press back COMPLETED
17:32:06.863 [ INFO] maestro.cli.runner.CliConsoleListener.onCommandStart: Assert that id: picker.category.sheet is not visible RUNNING
17:32:07.535 [ INFO] maestro.cli.runner.CliConsoleListener.onCommandFinished: Assert that id: picker.category.sheet is not visible COMPLETED
17:32:07.536 [ INFO] maestro.cli.runner.CliConsoleListener.onCommandStart: Run console.log("TC-100-1 : CA-08 vérifié — compte et catégorie ouvrent toujours leur feuille")
 RUNNING
17:32:07.536 [ INFO] maestro.cli.runner.CliConsoleListener.onCommandFinished: Run console.log("TC-100-1 : CA-08 vérifié — compte et catégorie ouvrent toujours leur feuille")
 COMPLETED
