19:59:03.463 [ INFO] maestro.cli.runner.CliConsoleListener.onCommandStart: Define variables RUNNING
19:59:03.470 [ INFO] maestro.cli.runner.CliConsoleListener.onCommandFinished: Define variables COMPLETED
19:59:03.472 [ INFO] maestro.cli.runner.CliConsoleListener.onCommandStart: Apply configuration RUNNING
19:59:03.472 [ INFO] maestro.cli.runner.CliConsoleListener.onCommandFinished: Apply configuration COMPLETED
19:59:03.472 [ INFO] maestro.cli.runner.CliConsoleListener.onCommandStart: Run ../../.maestro/subflows/bootstrap_monthly.yaml RUNNING
19:59:03.474 [ INFO] maestro.cli.runner.CliConsoleListener.onCommandStart: Apply configuration RUNNING
19:59:03.475 [ INFO] maestro.cli.runner.CliConsoleListener.onCommandFinished: Apply configuration COMPLETED
19:59:03.475 [ INFO] maestro.cli.runner.CliConsoleListener.onCommandStart: Run ../../scripts/dates.js RUNNING
19:59:05.332 [ INFO] maestro.orchestra.Orchestra.executeCommands$lambda$23$lambda$21: JsConsole: Maestro Dates Initialized: Prev=août / Août / 08 (2026)
19:59:05.335 [ INFO] maestro.orchestra.Orchestra.executeCommands$lambda$23$lambda$21: JsConsole: Maestro Dates Initialized: Curr=septembre / Sept. / 09 (2026)
19:59:05.336 [ INFO] maestro.orchestra.Orchestra.executeCommands$lambda$23$lambda$21: JsConsole: Maestro Dates Initialized: Next=octobre / Oct. / 10 (2026)
19:59:05.338 [ INFO] maestro.cli.runner.CliConsoleListener.onCommandFinished: Run ../../scripts/dates.js COMPLETED
19:59:05.339 [ INFO] maestro.cli.runner.CliConsoleListener.onCommandStart: Launch app "com.lop.budget" with clear state RUNNING
19:59:05.340 [ INFO] maestro.Maestro.clearAppState$lambda$8: Clearing app state com.lop.budget
19:59:08.605 [ INFO] maestro.Maestro.launchApp$lambda$5: Launching app com.lop.budget
19:59:08.605 [ INFO] maestro.Maestro.launchApp$lambda$5: Stopping com.lop.budget app during launch
19:59:09.163 [ INFO] maestro.cli.runner.CliConsoleListener.onCommandFinished: Launch app "com.lop.budget" with clear state COMPLETED
19:59:09.164 [ INFO] maestro.cli.runner.CliConsoleListener.onCommandStart: Run open_monthly_history.yaml RUNNING
19:59:09.165 [ INFO] maestro.cli.runner.CliConsoleListener.onCommandStart: Apply configuration RUNNING
19:59:09.165 [ INFO] maestro.cli.runner.CliConsoleListener.onCommandFinished: Apply configuration COMPLETED
19:59:09.165 [ INFO] maestro.cli.runner.CliConsoleListener.onCommandStart: Run flow when id: screen.monthly is not visible RUNNING
19:59:12.867 [ INFO] maestro.cli.runner.CliConsoleListener.onCommandStart: Scrolling DOWN until id: recent_transactions_see_all is visible with speed 40, visibility percentage 100%, timeout 20000 ms, with centering enabled RUNNING
19:59:14.822 [ WARN] maestro.orchestra.Orchestra.scrollUntilVisible: Error: maestro.MaestroException$ElementNotFound: Element not found: Id matching regex: recent_transactions_see_all
19:59:15.043 [ INFO] maestro.Maestro.swipeFromCenter: Swiping UP from center
19:59:20.571 [ INFO] maestro.orchestra.Orchestra.scrollUntilVisible: Scrolling try count: 0, DeviceWidth: 1080, DeviceWidth: 2400
19:59:20.575 [ INFO] maestro.orchestra.Orchestra.scrollUntilVisible: Element bounds: Bounds(x=763, y=2033, width=243, height=126)
19:59:20.576 [ INFO] maestro.orchestra.Orchestra.scrollUntilVisible: Visibility Percent: 1.0
19:59:20.601 [ INFO] maestro.orchestra.Orchestra.scrollUntilVisible: Command centerElement: ScrollUntilVisibleCommand(selector=ElementSelector(textRegex=null, idRegex=recent_transactions_see_all, size=null, below=null, above=null, leftOf=null, rightOf=null, containsChild=null, containsDescendants=null, traits=null, index=null, enabled=null, optional=false, selected=null, checked=null, focused=null, childOf=null, css=null), direction=DOWN, scrollDuration=601, visibilityPercentage=100, timeout=20000, waitToSettleTimeoutMs=null, centerElement=true, originalSpeedValue=40, label=null, optional=false).centerElement
19:59:20.602 [ INFO] maestro.orchestra.Orchestra.scrollUntilVisible: visibilityPercentageNormalized: 1.0
19:59:20.706 [ INFO] maestro.Maestro.swipeFromCenter: Swiping UP from center
19:59:22.522 [ INFO] maestro.orchestra.Orchestra.scrollUntilVisible: Scrolling try count: 1, DeviceWidth: 1080, DeviceWidth: 2400
19:59:22.525 [ INFO] maestro.orchestra.Orchestra.scrollUntilVisible: Element bounds: Bounds(x=763, y=1327, width=243, height=126)
19:59:22.525 [ INFO] maestro.orchestra.Orchestra.scrollUntilVisible: Visibility Percent: 1.0
19:59:22.525 [ INFO] maestro.orchestra.Orchestra.scrollUntilVisible: Command centerElement: ScrollUntilVisibleCommand(selector=ElementSelector(textRegex=null, idRegex=recent_transactions_see_all, size=null, below=null, above=null, leftOf=null, rightOf=null, containsChild=null, containsDescendants=null, traits=null, index=null, enabled=null, optional=false, selected=null, checked=null, focused=null, childOf=null, css=null), direction=DOWN, scrollDuration=601, visibilityPercentage=100, timeout=20000, waitToSettleTimeoutMs=null, centerElement=true, originalSpeedValue=40, label=null, optional=false).centerElement
19:59:22.526 [ INFO] maestro.orchestra.Orchestra.scrollUntilVisible: visibilityPercentageNormalized: 1.0
19:59:22.526 [ INFO] maestro.cli.runner.CliConsoleListener.onCommandFinished: Scrolling DOWN until id: recent_transactions_see_all is visible with speed 40, visibility percentage 100%, timeout 20000 ms, with centering enabled COMPLETED
19:59:22.526 [ INFO] maestro.cli.runner.CliConsoleListener.onCommandStart: Tap on id: recent_transactions_see_all RUNNING
19:59:23.087 [ INFO] maestro.Maestro.tap-HgV9Ck0: Tapping on element:  UiElement(treeNode=TreeNode(attributes={text=, accessibilityText=, hintText=, ignoreBoundsFiltering=false, resource-id=recent_transactions_see_all, clickable=true, bounds=[763,1327][1006,1453], enabled=true, focused=false, checked=false, scrollable=false, selected=false, class=android.view.View, important-for-accessibility=true, error=}, children=[TreeNode(attributes={text=Voir tout, accessibilityText=, hintText=, ignoreBoundsFiltering=false, resource-id=, clickable=false, bounds=[795,1363][932,1416], enabled=true, focused=false, checked=false, scrollable=false, selected=false, class=android.widget.TextView, important-for-accessibility=true, error=}, children=[], clickable=false, enabled=true, focused=false, checked=false, selected=false), TreeNode(attributes={text=, accessibilityText=, hintText=, ignoreBoundsFiltering=false, resource-id=, clickable=false, bounds=[763,1337][1006,1442], enabled=true, focused=false, checked=false, scrollable=false, selected=false, class=android.widget.Button, important-for-accessibility=true, error=}, children=[], clickable=false, enabled=true, focused=false, checked=false, selected=false)], clickable=true, enabled=true, focused=false, checked=false, selected=false), bounds=Bounds(x=763, y=1327, width=243, height=126))
19:59:24.691 [ INFO] maestro.Maestro.tap-HgV9Ck0: Tap aimed via settled hierarchy
19:59:24.695 [ INFO] maestro.Maestro.hierarchyBasedTap-ogj28Uc: Tapping at (884, 1390) using hierarchy based logic for wait
19:59:27.423 [ INFO] maestro.Maestro.hierarchyBasedTap-ogj28Uc: Something has changed in the UI judging by view hierarchy. Proceed.
19:59:27.426 [ INFO] maestro.cli.runner.CliConsoleListener.onCommandFinished: Tap on id: recent_transactions_see_all COMPLETED
19:59:27.426 [ INFO] maestro.cli.runner.CliConsoleListener.onCommandStart: Assert that id: screen.monthly is visible RUNNING
19:59:27.536 [ INFO] maestro.cli.runner.CliConsoleListener.onCommandFinished: Assert that id: screen.monthly is visible COMPLETED
19:59:27.536 [ INFO] maestro.cli.runner.CliConsoleListener.onCommandFinished: Run flow when id: screen.monthly is not visible COMPLETED
19:59:27.538 [ INFO] maestro.cli.runner.CliConsoleListener.onCommandStart: Wait for animation to end within 5000 ms RUNNING
19:59:27.544 [ INFO] maestro.Maestro.waitForAnimationToEnd$lambda$53: Waiting for animation to end with timeout 5000
19:59:27.548 [TRACE] maestro.utils.ScreenshotUtils.takeScreenshot: Taking screenshot to byte array
19:59:27.548 [TRACE] maestro.utils.ScreenshotUtils.takeScreenshot: Taking screenshot to output sink
19:59:28.666 [TRACE] maestro.utils.ScreenshotUtils.takeScreenshot: Taking screenshot to byte array
19:59:28.667 [TRACE] maestro.utils.ScreenshotUtils.takeScreenshot: Taking screenshot to output sink
19:59:29.713 [ INFO] maestro.cli.runner.CliConsoleListener.onCommandFinished: Wait for animation to end within 5000 ms COMPLETED
19:59:29.713 [ INFO] maestro.cli.runner.CliConsoleListener.onCommandFinished: Run open_monthly_history.yaml COMPLETED
19:59:29.714 [ INFO] maestro.cli.runner.CliConsoleListener.onCommandFinished: Run ../../.maestro/subflows/bootstrap_monthly.yaml COMPLETED
19:59:29.714 [ INFO] maestro.cli.runner.CliConsoleListener.onCommandStart: Run ../../.maestro/subflows/go_to_home.yaml RUNNING
19:59:29.715 [ INFO] maestro.cli.runner.CliConsoleListener.onCommandStart: Apply configuration RUNNING
19:59:29.715 [ INFO] maestro.cli.runner.CliConsoleListener.onCommandFinished: Apply configuration COMPLETED
19:59:29.715 [ INFO] maestro.cli.runner.CliConsoleListener.onCommandStart: Repeat while id: home.month.picker is not visible RUNNING
19:59:30.420 [ INFO] maestro.cli.runner.CliConsoleListener.onCommandStart: Tap on id: common.btn.back RUNNING
19:59:30.718 [ INFO] maestro.Maestro.tap-HgV9Ck0: Tapping on element:  UiElement(treeNode=TreeNode(attributes={text=, accessibilityText=, hintText=, ignoreBoundsFiltering=false, resource-id=common.btn.back, clickable=true, bounds=[12,150][138,276], enabled=true, focused=false, checked=false, scrollable=false, selected=false, class=android.view.View, important-for-accessibility=true, error=}, children=[TreeNode(attributes={text=, accessibilityText=Retour, hintText=, ignoreBoundsFiltering=false, resource-id=, clickable=false, bounds=[43,181][106,244], enabled=true, focused=false, checked=false, scrollable=false, selected=false, class=android.view.View, important-for-accessibility=true, error=}, children=[], clickable=false, enabled=true, focused=false, checked=false, selected=false), TreeNode(attributes={text=, accessibilityText=, hintText=, ignoreBoundsFiltering=false, resource-id=, clickable=false, bounds=[22,160][127,265], enabled=true, focused=false, checked=false, scrollable=false, selected=false, class=android.widget.Button, important-for-accessibility=true, error=}, children=[], clickable=false, enabled=true, focused=false, checked=false, selected=false)], clickable=true, enabled=true, focused=false, checked=false, selected=false), bounds=Bounds(x=12, y=150, width=126, height=126))
19:59:31.949 [ INFO] maestro.Maestro.tap-HgV9Ck0: Tap aimed via settled hierarchy
19:59:31.952 [ INFO] maestro.Maestro.hierarchyBasedTap-ogj28Uc: Tapping at (75, 213) using hierarchy based logic for wait
19:59:33.202 [ INFO] maestro.Maestro.hierarchyBasedTap-ogj28Uc: Something has changed in the UI judging by view hierarchy. Proceed.
19:59:33.202 [ INFO] maestro.cli.runner.CliConsoleListener.onCommandFinished: Tap on id: common.btn.back COMPLETED
19:59:40.445 [ INFO] maestro.cli.runner.CliConsoleListener.onCommandFinished: Repeat while id: home.month.picker is not visible COMPLETED
19:59:40.445 [ INFO] maestro.cli.runner.CliConsoleListener.onCommandFinished: Run ../../.maestro/subflows/go_to_home.yaml COMPLETED
19:59:40.445 [ INFO] maestro.cli.runner.CliConsoleListener.onCommandStart: Run console.log("TC-117 amorçage : création du second compte (rôle B du JDD)")
 RUNNING
19:59:40.446 [ INFO] maestro.cli.runner.CliConsoleListener.onCommandFinished: Run console.log("TC-117 amorçage : création du second compte (rôle B du JDD)")
 COMPLETED
19:59:40.446 [ INFO] maestro.cli.runner.CliConsoleListener.onCommandStart: Tap on id: nav.settings.button RUNNING
19:59:40.686 [ INFO] maestro.Maestro.tap-HgV9Ck0: Tapping on element:  UiElement(treeNode=TreeNode(attributes={text=, accessibilityText=, hintText=, ignoreBoundsFiltering=false, resource-id=nav.settings.button, clickable=true, bounds=[912,181][1038,307], enabled=true, focused=false, checked=false, scrollable=false, selected=false, class=android.view.View, important-for-accessibility=true, error=}, children=[TreeNode(attributes={text=, accessibilityText=Réglages, hintText=, ignoreBoundsFiltering=false, resource-id=, clickable=false, bounds=[948,217][1001,270], enabled=true, focused=false, checked=false, scrollable=false, selected=false, class=android.view.View, important-for-accessibility=true, error=}, children=[], clickable=false, enabled=true, focused=false, checked=false, selected=false)], clickable=true, enabled=true, focused=false, checked=false, selected=false), bounds=Bounds(x=912, y=181, width=126, height=126))
19:59:42.006 [ INFO] maestro.Maestro.tap-HgV9Ck0: Tap aimed via settled hierarchy
19:59:42.009 [ INFO] maestro.Maestro.hierarchyBasedTap-ogj28Uc: Tapping at (975, 244) using hierarchy based logic for wait
19:59:43.851 [ INFO] maestro.Maestro.hierarchyBasedTap-ogj28Uc: Something has changed in the UI judging by view hierarchy. Proceed.
19:59:43.851 [ INFO] maestro.cli.runner.CliConsoleListener.onCommandFinished: Tap on id: nav.settings.button COMPLETED
19:59:43.851 [ INFO] maestro.cli.runner.CliConsoleListener.onCommandStart: Assert that id: screen.settings is visible RUNNING
19:59:44.450 [ INFO] maestro.cli.runner.CliConsoleListener.onCommandFinished: Assert that id: screen.settings is visible COMPLETED
19:59:44.451 [ INFO] maestro.cli.runner.CliConsoleListener.onCommandStart: Tap on id: settings.nav.accounts RUNNING
19:59:44.665 [ INFO] maestro.Maestro.tap-HgV9Ck0: Tapping on element:  UiElement(treeNode=TreeNode(attributes={text=, accessibilityText=, hintText=, ignoreBoundsFiltering=false, resource-id=settings.nav.accounts, clickable=true, bounds=[100,842][980,968], enabled=true, focused=false, checked=false, scrollable=false, selected=false, class=android.view.View, important-for-accessibility=true, error=}, children=[TreeNode(attributes={text=Gestion des comptes, accessibilityText=, hintText=, ignoreBoundsFiltering=false, resource-id=, clickable=false, bounds=[100,859][497,908], enabled=true, focused=false, checked=false, scrollable=false, selected=false, class=android.widget.TextView, important-for-accessibility=true, error=}, children=[], clickable=false, enabled=true, focused=false, checked=false, selected=false), TreeNode(attributes={text=Ajouter, modifier ou archiver vos comptes, accessibilityText=, hintText=, ignoreBoundsFiltering=false, resource-id=, clickable=false, bounds=[100,908][716,950], enabled=true, focused=false, checked=false, scrollable=false, selected=false, class=android.widget.TextView, important-for-accessibility=true, error=}, children=[], clickable=false, enabled=true, focused=false, checked=false, selected=false)], clickable=true, enabled=true, focused=false, checked=false, selected=false), bounds=Bounds(x=100, y=842, width=880, height=126))
19:59:46.206 [ INFO] maestro.Maestro.tap-HgV9Ck0: Tap aimed via settled hierarchy
19:59:46.208 [ INFO] maestro.Maestro.hierarchyBasedTap-ogj28Uc: Tapping at (540, 905) using hierarchy based logic for wait
19:59:47.694 [ INFO] maestro.Maestro.hierarchyBasedTap-ogj28Uc: Something has changed in the UI judging by view hierarchy. Proceed.
19:59:47.694 [ INFO] maestro.cli.runner.CliConsoleListener.onCommandFinished: Tap on id: settings.nav.accounts COMPLETED
19:59:47.695 [ INFO] maestro.cli.runner.CliConsoleListener.onCommandStart: Assert that id: screen.accounts is visible RUNNING
19:59:47.863 [ INFO] maestro.cli.runner.CliConsoleListener.onCommandFinished: Assert that id: screen.accounts is visible COMPLETED
19:59:47.864 [ INFO] maestro.cli.runner.CliConsoleListener.onCommandStart: Tap on id: account.btn.add RUNNING
19:59:48.039 [ INFO] maestro.Maestro.tap-HgV9Ck0: Tapping on element:  UiElement(treeNode=TreeNode(attributes={text=, accessibilityText=, hintText=, ignoreBoundsFiltering=false, resource-id=account.btn.add, clickable=true, bounds=[880,2200][1027,2347], enabled=true, focused=false, checked=false, scrollable=false, selected=false, class=android.view.View, important-for-accessibility=true, error=}, children=[TreeNode(attributes={text=, accessibilityText=Ajouter un compte, hintText=, ignoreBoundsFiltering=false, resource-id=, clickable=false, bounds=[922,2242][985,2305], enabled=true, focused=false, checked=false, scrollable=false, selected=false, class=android.view.View, important-for-accessibility=true, error=}, children=[], clickable=false, enabled=true, focused=false, checked=false, selected=false), TreeNode(attributes={text=, accessibilityText=, hintText=, ignoreBoundsFiltering=false, resource-id=, clickable=false, bounds=[880,2200][1027,2347], enabled=true, focused=false, checked=false, scrollable=false, selected=false, class=android.widget.Button, important-for-accessibility=true, error=}, children=[], clickable=false, enabled=true, focused=false, checked=false, selected=false)], clickable=true, enabled=true, focused=false, checked=false, selected=false), bounds=Bounds(x=880, y=2200, width=147, height=147))
19:59:49.336 [ INFO] maestro.Maestro.tap-HgV9Ck0: Tap aimed via settled hierarchy
19:59:49.337 [ INFO] maestro.Maestro.hierarchyBasedTap-ogj28Uc: Tapping at (953, 2273) using hierarchy based logic for wait
19:59:51.053 [ INFO] maestro.Maestro.hierarchyBasedTap-ogj28Uc: Something has changed in the UI judging by view hierarchy. Proceed.
19:59:51.054 [ INFO] maestro.cli.runner.CliConsoleListener.onCommandFinished: Tap on id: account.btn.add COMPLETED
19:59:51.054 [ INFO] maestro.cli.runner.CliConsoleListener.onCommandStart: Tap on id: account.edit.name.field RUNNING
19:59:51.252 [ INFO] maestro.Maestro.tap-HgV9Ck0: Tapping on element:  UiElement(treeNode=TreeNode(attributes={text=, accessibilityText=, hintText=, ignoreBoundsFiltering=false, resource-id=account.edit.name.field, clickable=true, bounds=[100,396][980,564], enabled=true, focused=false, checked=false, scrollable=false, selected=false, class=android.widget.EditText, important-for-accessibility=true, error=}, children=[TreeNode(attributes={text=, accessibilityText=, hintText=, ignoreBoundsFiltering=false, resource-id=, clickable=false, bounds=[100,417][980,564], enabled=true, focused=false, checked=false, scrollable=false, selected=false, class=android.view.View, important-for-accessibility=false, error=}, children=[], clickable=false, enabled=true, focused=false, checked=false, selected=false), TreeNode(attributes={text=Nom du compte, accessibilityText=, hintText=, ignoreBoundsFiltering=false, resource-id=, clickable=false, bounds=[142,459][443,522], enabled=true, focused=false, checked=false, scrollable=false, selected=false, class=android.widget.TextView, important-for-accessibility=true, error=}, children=[], clickable=false, enabled=true, focused=false, checked=false, selected=false), TreeNode(attributes={text=, accessibilityText=, hintText=, ignoreBoundsFiltering=false, resource-id=, clickable=false, bounds=[142,428][938,554], enabled=true, focused=false, checked=false, scrollable=false, selected=false, class=android.view.View, important-for-accessibility=false, error=}, children=[], clickable=false, enabled=true, focused=false, checked=false, selected=false)], clickable=true, enabled=true, focused=false, checked=false, selected=false), bounds=Bounds(x=100, y=396, width=880, height=168))
19:59:52.715 [ INFO] maestro.Maestro.tap-HgV9Ck0: Tap aimed via settled hierarchy
19:59:52.719 [ INFO] maestro.Maestro.hierarchyBasedTap-ogj28Uc: Tapping at (540, 480) using hierarchy based logic for wait
19:59:53.981 [ INFO] maestro.Maestro.hierarchyBasedTap-ogj28Uc: Something has changed in the UI judging by view hierarchy. Proceed.
19:59:53.982 [ INFO] maestro.cli.runner.CliConsoleListener.onCommandFinished: Tap on id: account.edit.name.field COMPLETED
19:59:53.982 [ INFO] maestro.cli.runner.CliConsoleListener.onCommandStart: Input text Compte B TC117 RUNNING
19:59:53.983 [ INFO] maestro.Maestro.inputText: Inputting text: Compte B TC117
20:00:00.659 [ INFO] maestro.cli.runner.CliConsoleListener.onCommandFinished: Input text Compte B TC117 COMPLETED
20:00:00.660 [ INFO] maestro.cli.runner.CliConsoleListener.onCommandStart: Hide Keyboard RUNNING
20:00:00.661 [ INFO] maestro.Maestro.hideKeyboard$lambda$12: Hiding Keyboard
20:00:02.326 [ INFO] maestro.cli.runner.CliConsoleListener.onCommandFinished: Hide Keyboard COMPLETED
20:00:02.326 [ INFO] maestro.cli.runner.CliConsoleListener.onCommandStart: Tap on id: account.edit.balance.field RUNNING
20:00:02.399 [ INFO] maestro.Maestro.tap-HgV9Ck0: Tapping on element:  UiElement(treeNode=TreeNode(attributes={text=0, accessibilityText=, hintText=, ignoreBoundsFiltering=false, resource-id=account.edit.balance.field, clickable=true, bounds=[100,1215][980,1383], enabled=true, focused=false, checked=false, scrollable=false, selected=false, class=android.widget.EditText, important-for-accessibility=true, error=}, children=[TreeNode(attributes={text=, accessibilityText=, hintText=, ignoreBoundsFiltering=false, resource-id=, clickable=false, bounds=[100,1236][980,1383], enabled=true, focused=false, checked=false, scrollable=false, selected=false, class=android.view.View, important-for-accessibility=false, error=}, children=[], clickable=false, enabled=true, focused=false, checked=false, selected=false), TreeNode(attributes={text=Solde du compte, accessibilityText=, hintText=, ignoreBoundsFiltering=false, resource-id=, clickable=false, bounds=[142,1215][389,1257], enabled=true, focused=false, checked=false, scrollable=false, selected=false, class=android.widget.TextView, important-for-accessibility=true, error=}, children=[], clickable=false, enabled=true, focused=false, checked=false, selected=false), TreeNode(attributes={text=, accessibilityText=, hintText=, ignoreBoundsFiltering=false, resource-id=, clickable=false, bounds=[142,1247][938,1373], enabled=true, focused=false, checked=false, scrollable=false, selected=false, class=android.view.View, important-for-accessibility=false, error=}, children=[], clickable=false, enabled=true, focused=false, checked=false, selected=false)], clickable=true, enabled=true, focused=false, checked=false, selected=false), bounds=Bounds(x=100, y=1215, width=880, height=168))
20:00:03.638 [ INFO] maestro.Maestro.tap-HgV9Ck0: Tap aimed via settled hierarchy
20:00:03.640 [ INFO] maestro.Maestro.hierarchyBasedTap-ogj28Uc: Tapping at (540, 1299) using hierarchy based logic for wait
20:00:05.778 [ INFO] maestro.Maestro.hierarchyBasedTap-ogj28Uc: Something has changed in the UI judging by view hierarchy. Proceed.
20:00:05.778 [ INFO] maestro.cli.runner.CliConsoleListener.onCommandFinished: Tap on id: account.edit.balance.field COMPLETED
20:00:05.778 [ INFO] maestro.cli.runner.CliConsoleListener.onCommandStart: Input text 250 RUNNING
20:00:05.778 [ INFO] maestro.Maestro.inputText: Inputting text: 250
20:00:06.610 [ INFO] maestro.cli.runner.CliConsoleListener.onCommandFinished: Input text 250 COMPLETED
20:00:06.610 [ INFO] maestro.cli.runner.CliConsoleListener.onCommandStart: Hide Keyboard RUNNING
20:00:06.611 [ INFO] maestro.Maestro.hideKeyboard$lambda$12: Hiding Keyboard
20:00:07.509 [ INFO] maestro.cli.runner.CliConsoleListener.onCommandFinished: Hide Keyboard COMPLETED
20:00:07.509 [ INFO] maestro.cli.runner.CliConsoleListener.onCommandStart: Tap on id: common.btn.save RUNNING
20:00:07.599 [ INFO] maestro.Maestro.tap-HgV9Ck0: Tapping on element:  UiElement(treeNode=TreeNode(attributes={text=, accessibilityText=, hintText=, ignoreBoundsFiltering=false, resource-id=common.btn.save, clickable=true, bounds=[53,2200][1027,2347], enabled=true, focused=false, checked=false, scrollable=false, selected=false, class=android.view.View, important-for-accessibility=true, error=}, children=[TreeNode(attributes={text=Enregistrer, accessibilityText=, hintText=, ignoreBoundsFiltering=false, resource-id=, clickable=false, bounds=[452,2247][629,2300], enabled=true, focused=false, checked=false, scrollable=false, selected=false, class=android.widget.TextView, important-for-accessibility=true, error=}, children=[], clickable=false, enabled=true, focused=false, checked=false, selected=false), TreeNode(attributes={text=, accessibilityText=, hintText=, ignoreBoundsFiltering=false, resource-id=, clickable=false, bounds=[53,2200][1027,2347], enabled=true, focused=false, checked=false, scrollable=false, selected=false, class=android.widget.Button, important-for-accessibility=true, error=}, children=[], clickable=false, enabled=true, focused=false, checked=false, selected=false)], clickable=true, enabled=true, focused=false, checked=false, selected=false), bounds=Bounds(x=53, y=2200, width=974, height=147))
20:00:08.822 [ INFO] maestro.Maestro.tap-HgV9Ck0: Tap aimed via settled hierarchy
20:00:08.823 [ INFO] maestro.Maestro.hierarchyBasedTap-ogj28Uc: Tapping at (540, 2273) using hierarchy based logic for wait
20:00:09.892 [ INFO] maestro.Maestro.hierarchyBasedTap-ogj28Uc: Something has changed in the UI judging by view hierarchy. Proceed.
20:00:09.893 [ INFO] maestro.cli.runner.CliConsoleListener.onCommandFinished: Tap on id: common.btn.save COMPLETED
20:00:09.893 [ INFO] maestro.cli.runner.CliConsoleListener.onCommandStart: Assert that "Compte B TC117" is visible RUNNING
20:00:09.923 [ INFO] maestro.cli.runner.CliConsoleListener.onCommandFinished: Assert that "Compte B TC117" is visible COMPLETED
20:00:09.923 [ INFO] maestro.cli.runner.CliConsoleListener.onCommandStart: Run ../../.maestro/subflows/go_to_home.yaml RUNNING
20:00:09.924 [ INFO] maestro.cli.runner.CliConsoleListener.onCommandStart: Apply configuration RUNNING
20:00:09.924 [ INFO] maestro.cli.runner.CliConsoleListener.onCommandFinished: Apply configuration COMPLETED
20:00:09.924 [ INFO] maestro.cli.runner.CliConsoleListener.onCommandStart: Repeat while id: home.month.picker is not visible RUNNING
20:00:10.513 [ INFO] maestro.cli.runner.CliConsoleListener.onCommandStart: Tap on id: common.btn.back RUNNING
20:00:10.594 [ INFO] maestro.Maestro.tap-HgV9Ck0: Tapping on element:  UiElement(treeNode=TreeNode(attributes={text=, accessibilityText=, hintText=, ignoreBoundsFiltering=false, resource-id=common.btn.back, clickable=true, bounds=[12,150][138,276], enabled=true, focused=false, checked=false, scrollable=false, selected=false, class=android.view.View, important-for-accessibility=true, error=}, children=[TreeNode(attributes={text=, accessibilityText=Retour, hintText=, ignoreBoundsFiltering=false, resource-id=, clickable=false, bounds=[43,181][106,244], enabled=true, focused=false, checked=false, scrollable=false, selected=false, class=android.view.View, important-for-accessibility=true, error=}, children=[], clickable=false, enabled=true, focused=false, checked=false, selected=false), TreeNode(attributes={text=, accessibilityText=, hintText=, ignoreBoundsFiltering=false, resource-id=, clickable=false, bounds=[22,160][127,265], enabled=true, focused=false, checked=false, scrollable=false, selected=false, class=android.widget.Button, important-for-accessibility=true, error=}, children=[], clickable=false, enabled=true, focused=false, checked=false, selected=false)], clickable=true, enabled=true, focused=false, checked=false, selected=false), bounds=Bounds(x=12, y=150, width=126, height=126))
20:00:11.810 [ INFO] maestro.Maestro.tap-HgV9Ck0: Tap aimed via settled hierarchy
20:00:11.811 [ INFO] maestro.Maestro.hierarchyBasedTap-ogj28Uc: Tapping at (75, 213) using hierarchy based logic for wait
20:00:12.370 [ INFO] maestro.Maestro.hierarchyBasedTap-ogj28Uc: Something has changed in the UI judging by view hierarchy. Proceed.
20:00:12.371 [ INFO] maestro.cli.runner.CliConsoleListener.onCommandFinished: Tap on id: common.btn.back COMPLETED
20:00:13.011 [ INFO] maestro.cli.runner.CliConsoleListener.onCommandReset: Tap on id: common.btn.back PENDING
20:00:13.011 [ INFO] maestro.cli.runner.CliConsoleListener.onCommandStart: Tap on id: common.btn.back RUNNING
20:00:13.128 [ INFO] maestro.Maestro.tap-HgV9Ck0: Tapping on element:  UiElement(treeNode=TreeNode(attributes={text=, accessibilityText=, hintText=, ignoreBoundsFiltering=false, resource-id=common.btn.back, clickable=true, bounds=[12,150][138,276], enabled=true, focused=false, checked=false, scrollable=false, selected=false, class=android.view.View, important-for-accessibility=true, error=}, children=[TreeNode(attributes={text=, accessibilityText=Retour, hintText=, ignoreBoundsFiltering=false, resource-id=, clickable=false, bounds=[43,181][106,244], enabled=true, focused=false, checked=false, scrollable=false, selected=false, class=android.view.View, important-for-accessibility=true, error=}, children=[], clickable=false, enabled=true, focused=false, checked=false, selected=false), TreeNode(attributes={text=, accessibilityText=, hintText=, ignoreBoundsFiltering=false, resource-id=, clickable=false, bounds=[22,160][127,265], enabled=true, focused=false, checked=false, scrollable=false, selected=false, class=android.widget.Button, important-for-accessibility=true, error=}, children=[], clickable=false, enabled=true, focused=false, checked=false, selected=false)], clickable=true, enabled=true, focused=false, checked=false, selected=false), bounds=Bounds(x=12, y=150, width=126, height=126))
20:00:14.358 [ INFO] maestro.Maestro.tap-HgV9Ck0: Tap aimed via settled hierarchy
20:00:14.359 [ INFO] maestro.Maestro.hierarchyBasedTap-ogj28Uc: Tapping at (75, 213) using hierarchy based logic for wait
20:00:15.468 [ INFO] maestro.Maestro.hierarchyBasedTap-ogj28Uc: Something has changed in the UI judging by view hierarchy. Proceed.
20:00:15.469 [ INFO] maestro.cli.runner.CliConsoleListener.onCommandFinished: Tap on id: common.btn.back COMPLETED
20:00:22.477 [ INFO] maestro.cli.runner.CliConsoleListener.onCommandFinished: Repeat while id: home.month.picker is not visible COMPLETED
20:00:22.477 [ INFO] maestro.cli.runner.CliConsoleListener.onCommandFinished: Run ../../.maestro/subflows/go_to_home.yaml COMPLETED
20:00:22.477 [ INFO] maestro.cli.runner.CliConsoleListener.onCommandStart: Run ../../.maestro/subflows/open_monthly_history.yaml RUNNING
20:00:22.477 [ INFO] maestro.cli.runner.CliConsoleListener.onCommandStart: Apply configuration RUNNING
20:00:22.478 [ INFO] maestro.cli.runner.CliConsoleListener.onCommandFinished: Apply configuration COMPLETED
20:00:22.478 [ INFO] maestro.cli.runner.CliConsoleListener.onCommandStart: Run flow when id: screen.monthly is not visible RUNNING
20:00:23.104 [ INFO] maestro.cli.runner.CliConsoleListener.onCommandStart: Scrolling DOWN until id: recent_transactions_see_all is visible with speed 40, visibility percentage 100%, timeout 20000 ms, with centering enabled RUNNING
20:00:23.191 [ INFO] maestro.orchestra.Orchestra.scrollUntilVisible: Scrolling try count: 0, DeviceWidth: 1080, DeviceWidth: 2400
20:00:23.191 [ INFO] maestro.orchestra.Orchestra.scrollUntilVisible: Element bounds: Bounds(x=763, y=1327, width=243, height=126)
20:00:23.191 [ INFO] maestro.orchestra.Orchestra.scrollUntilVisible: Visibility Percent: 1.0
20:00:23.192 [ INFO] maestro.orchestra.Orchestra.scrollUntilVisible: Command centerElement: ScrollUntilVisibleCommand(selector=ElementSelector(textRegex=null, idRegex=recent_transactions_see_all, size=null, below=null, above=null, leftOf=null, rightOf=null, containsChild=null, containsDescendants=null, traits=null, index=null, enabled=null, optional=false, selected=null, checked=null, focused=null, childOf=null, css=null), direction=DOWN, scrollDuration=601, visibilityPercentage=100, timeout=20000, waitToSettleTimeoutMs=null, centerElement=true, originalSpeedValue=40, label=null, optional=false).centerElement
20:00:23.192 [ INFO] maestro.orchestra.Orchestra.scrollUntilVisible: visibilityPercentageNormalized: 1.0
20:00:23.192 [ INFO] maestro.cli.runner.CliConsoleListener.onCommandFinished: Scrolling DOWN until id: recent_transactions_see_all is visible with speed 40, visibility percentage 100%, timeout 20000 ms, with centering enabled COMPLETED
20:00:23.192 [ INFO] maestro.cli.runner.CliConsoleListener.onCommandStart: Tap on id: recent_transactions_see_all RUNNING
20:00:23.309 [ INFO] maestro.Maestro.tap-HgV9Ck0: Tapping on element:  UiElement(treeNode=TreeNode(attributes={text=, accessibilityText=, hintText=, ignoreBoundsFiltering=false, resource-id=recent_transactions_see_all, clickable=true, bounds=[763,1327][1006,1453], enabled=true, focused=false, checked=false, scrollable=false, selected=false, class=android.view.View, important-for-accessibility=true, error=}, children=[TreeNode(attributes={text=Voir tout, accessibilityText=, hintText=, ignoreBoundsFiltering=false, resource-id=, clickable=false, bounds=[795,1363][932,1416], enabled=true, focused=false, checked=false, scrollable=false, selected=false, class=android.widget.TextView, important-for-accessibility=true, error=}, children=[], clickable=false, enabled=true, focused=false, checked=false, selected=false), TreeNode(attributes={text=, accessibilityText=, hintText=, ignoreBoundsFiltering=false, resource-id=, clickable=false, bounds=[763,1337][1006,1442], enabled=true, focused=false, checked=false, scrollable=false, selected=false, class=android.widget.Button, important-for-accessibility=true, error=}, children=[], clickable=false, enabled=true, focused=false, checked=false, selected=false)], clickable=true, enabled=true, focused=false, checked=false, selected=false), bounds=Bounds(x=763, y=1327, width=243, height=126))
20:00:24.505 [ INFO] maestro.Maestro.tap-HgV9Ck0: Tap aimed via settled hierarchy
20:00:24.506 [ INFO] maestro.Maestro.hierarchyBasedTap-ogj28Uc: Tapping at (884, 1390) using hierarchy based logic for wait
20:00:25.174 [ INFO] maestro.Maestro.hierarchyBasedTap-ogj28Uc: Something has changed in the UI judging by view hierarchy. Proceed.
20:00:25.175 [ INFO] maestro.cli.runner.CliConsoleListener.onCommandFinished: Tap on id: recent_transactions_see_all COMPLETED
20:00:25.175 [ INFO] maestro.cli.runner.CliConsoleListener.onCommandStart: Assert that id: screen.monthly is visible RUNNING
20:00:25.244 [ INFO] maestro.cli.runner.CliConsoleListener.onCommandFinished: Assert that id: screen.monthly is visible COMPLETED
20:00:25.244 [ INFO] maestro.cli.runner.CliConsoleListener.onCommandFinished: Run flow when id: screen.monthly is not visible COMPLETED
20:00:25.244 [ INFO] maestro.cli.runner.CliConsoleListener.onCommandStart: Wait for animation to end within 5000 ms RUNNING
20:00:25.245 [ INFO] maestro.Maestro.waitForAnimationToEnd$lambda$53: Waiting for animation to end with timeout 5000
20:00:25.245 [TRACE] maestro.utils.ScreenshotUtils.takeScreenshot: Taking screenshot to byte array
20:00:25.245 [TRACE] maestro.utils.ScreenshotUtils.takeScreenshot: Taking screenshot to output sink
20:00:25.464 [TRACE] maestro.utils.ScreenshotUtils.takeScreenshot: Taking screenshot to byte array
20:00:25.464 [TRACE] maestro.utils.ScreenshotUtils.takeScreenshot: Taking screenshot to output sink
20:00:25.852 [ INFO] maestro.cli.runner.CliConsoleListener.onCommandFinished: Wait for animation to end within 5000 ms COMPLETED
20:00:25.852 [ INFO] maestro.cli.runner.CliConsoleListener.onCommandFinished: Run ../../.maestro/subflows/open_monthly_history.yaml COMPLETED
20:00:25.853 [ INFO] maestro.cli.runner.CliConsoleListener.onCommandStart: Run console.log("TC-117 T-01 / CA-01 : le titre doit être visible près du montant")
 RUNNING
20:00:25.853 [ INFO] maestro.cli.runner.CliConsoleListener.onCommandFinished: Run console.log("TC-117 T-01 / CA-01 : le titre doit être visible près du montant")
 COMPLETED
20:00:25.853 [ INFO] maestro.cli.runner.CliConsoleListener.onCommandStart: Scrolling DOWN until "Courses Hebdomadaires" is visible with speed 40, visibility percentage 100%, timeout 20000 ms, with centering disabled RUNNING
20:00:25.938 [ INFO] maestro.orchestra.Orchestra.scrollUntilVisible: Scrolling try count: 0, DeviceWidth: 1080, DeviceWidth: 2400
20:00:25.938 [ INFO] maestro.orchestra.Orchestra.scrollUntilVisible: Element bounds: Bounds(x=238, y=1761, width=463, height=49)
20:00:25.938 [ INFO] maestro.orchestra.Orchestra.scrollUntilVisible: Visibility Percent: 1.0
20:00:25.938 [ INFO] maestro.orchestra.Orchestra.scrollUntilVisible: Command centerElement: ScrollUntilVisibleCommand(selector=ElementSelector(textRegex=Courses Hebdomadaires, idRegex=null, size=null, below=null, above=null, leftOf=null, rightOf=null, containsChild=null, containsDescendants=null, traits=null, index=null, enabled=null, optional=false, selected=null, checked=null, focused=null, childOf=null, css=null), direction=DOWN, scrollDuration=601, visibilityPercentage=100, timeout=20000, waitToSettleTimeoutMs=null, centerElement=false, originalSpeedValue=40, label=null, optional=false).centerElement
20:00:25.939 [ INFO] maestro.orchestra.Orchestra.scrollUntilVisible: visibilityPercentageNormalized: 1.0
20:00:25.939 [ INFO] maestro.cli.runner.CliConsoleListener.onCommandFinished: Scrolling DOWN until "Courses Hebdomadaires" is visible with speed 40, visibility percentage 100%, timeout 20000 ms, with centering disabled COMPLETED
20:00:25.939 [ INFO] maestro.cli.runner.CliConsoleListener.onCommandStart: Tap on "Courses Hebdomadaires" RUNNING
20:00:26.048 [ INFO] maestro.Maestro.tap-HgV9Ck0: Tapping on element:  UiElement(treeNode=TreeNode(attributes={text=Courses Hebdomadaires, accessibilityText=, hintText=, ignoreBoundsFiltering=false, resource-id=transaction.item.title, clickable=false, bounds=[238,1761][701,1810], enabled=true, focused=false, checked=false, scrollable=false, selected=false, class=android.widget.TextView, important-for-accessibility=true, error=}, children=[], clickable=false, enabled=true, focused=false, checked=false, selected=false), bounds=Bounds(x=238, y=1761, width=463, height=49))
20:00:27.270 [ INFO] maestro.Maestro.tap-HgV9Ck0: Tap aimed via settled hierarchy
20:00:27.271 [ INFO] maestro.Maestro.hierarchyBasedTap-ogj28Uc: Tapping at (469, 1785) using hierarchy based logic for wait
20:00:28.003 [ INFO] maestro.Maestro.hierarchyBasedTap-ogj28Uc: Something has changed in the UI judging by view hierarchy. Proceed.
20:00:28.003 [ INFO] maestro.cli.runner.CliConsoleListener.onCommandFinished: Tap on "Courses Hebdomadaires" COMPLETED
20:00:28.003 [ INFO] maestro.cli.runner.CliConsoleListener.onCommandStart: Assert that id: screen.transaction.detail is visible RUNNING
20:00:28.111 [ INFO] maestro.cli.runner.CliConsoleListener.onCommandFinished: Assert that id: screen.transaction.detail is visible COMPLETED
20:00:28.111 [ INFO] maestro.cli.runner.CliConsoleListener.onCommandStart: Assert that "Courses Hebdomadaires", id: transaction.detail.title is visible RUNNING
20:00:28.221 [ INFO] maestro.cli.runner.CliConsoleListener.onCommandFinished: Assert that "Courses Hebdomadaires", id: transaction.detail.title is visible COMPLETED
20:00:28.222 [ INFO] maestro.cli.runner.CliConsoleListener.onCommandStart: Assert that id: transaction.detail.field.amount, Below id: transaction.detail.title is visible RUNNING
20:00:28.325 [ INFO] maestro.cli.runner.CliConsoleListener.onCommandFinished: Assert that id: transaction.detail.field.amount, Below id: transaction.detail.title is visible COMPLETED
20:00:28.325 [ INFO] maestro.cli.runner.CliConsoleListener.onCommandStart: Run console.log("TC-117 T-02 / CA-02 : les six informations exigées doivent être présentes")
 RUNNING
20:00:28.325 [ INFO] maestro.cli.runner.CliConsoleListener.onCommandFinished: Run console.log("TC-117 T-02 / CA-02 : les six informations exigées doivent être présentes")
 COMPLETED
20:00:28.326 [ INFO] maestro.cli.runner.CliConsoleListener.onCommandStart: Assert that ".*84,20.*", id: transaction.detail.field.amount is visible RUNNING
20:00:28.440 [ INFO] maestro.cli.runner.CliConsoleListener.onCommandFinished: Assert that ".*84,20.*", id: transaction.detail.field.amount is visible COMPLETED
20:00:28.440 [ INFO] maestro.cli.runner.CliConsoleListener.onCommandStart: Assert that "Dépense", id: transaction.detail.field.type.value is visible RUNNING
20:00:28.501 [ INFO] maestro.cli.runner.CliConsoleListener.onCommandFinished: Assert that "Dépense", id: transaction.detail.field.type.value is visible COMPLETED
20:00:28.501 [ INFO] maestro.cli.runner.CliConsoleListener.onCommandStart: Assert that id: transaction.detail.field.date.value is visible RUNNING
20:00:28.603 [ INFO] maestro.cli.runner.CliConsoleListener.onCommandFinished: Assert that id: transaction.detail.field.date.value is visible COMPLETED
20:00:28.603 [ INFO] maestro.cli.runner.CliConsoleListener.onCommandStart: Assert that "Courses", id: transaction.detail.field.category.value is visible RUNNING
20:00:28.711 [ INFO] maestro.cli.runner.CliConsoleListener.onCommandFinished: Assert that "Courses", id: transaction.detail.field.category.value is visible COMPLETED
20:00:28.711 [ INFO] maestro.cli.runner.CliConsoleListener.onCommandStart: Assert that "Compte courant", id: transaction.detail.field.account.value is visible RUNNING
20:00:28.779 [ INFO] maestro.cli.runner.CliConsoleListener.onCommandFinished: Assert that "Compte courant", id: transaction.detail.field.account.value is visible COMPLETED
20:00:28.780 [ INFO] maestro.cli.runner.CliConsoleListener.onCommandStart: Scrolling DOWN until id: transaction.detail.toggle.paid is visible with speed 40, visibility percentage 100%, timeout 20000 ms, with centering disabled RUNNING
20:00:28.882 [ INFO] maestro.orchestra.Orchestra.scrollUntilVisible: Scrolling try count: 0, DeviceWidth: 1080, DeviceWidth: 2400
20:00:28.883 [ INFO] maestro.orchestra.Orchestra.scrollUntilVisible: Element bounds: Bounds(x=53, y=1919, width=974, height=157)
20:00:28.883 [ INFO] maestro.orchestra.Orchestra.scrollUntilVisible: Visibility Percent: 1.0
20:00:28.883 [ INFO] maestro.orchestra.Orchestra.scrollUntilVisible: Command centerElement: ScrollUntilVisibleCommand(selector=ElementSelector(textRegex=null, idRegex=transaction.detail.toggle.paid, size=null, below=null, above=null, leftOf=null, rightOf=null, containsChild=null, containsDescendants=null, traits=null, index=null, enabled=null, optional=false, selected=null, checked=null, focused=null, childOf=null, css=null), direction=DOWN, scrollDuration=601, visibilityPercentage=100, timeout=20000, waitToSettleTimeoutMs=null, centerElement=false, originalSpeedValue=40, label=null, optional=false).centerElement
20:00:28.883 [ INFO] maestro.orchestra.Orchestra.scrollUntilVisible: visibilityPercentageNormalized: 1.0
20:00:28.883 [ INFO] maestro.cli.runner.CliConsoleListener.onCommandFinished: Scrolling DOWN until id: transaction.detail.toggle.paid is visible with speed 40, visibility percentage 100%, timeout 20000 ms, with centering disabled COMPLETED
20:00:28.883 [ INFO] maestro.cli.runner.CliConsoleListener.onCommandStart: Assert that id: transaction.detail.toggle.paid is visible RUNNING
20:00:28.986 [ INFO] maestro.cli.runner.CliConsoleListener.onCommandFinished: Assert that id: transaction.detail.toggle.paid is visible COMPLETED
20:00:28.987 [ INFO] maestro.cli.runner.CliConsoleListener.onCommandStart: Assert that "Marquer comme non payé" is visible RUNNING
20:00:29.049 [ INFO] maestro.cli.runner.CliConsoleListener.onCommandFinished: Assert that "Marquer comme non payé" is visible COMPLETED
20:00:29.049 [ INFO] maestro.cli.runner.CliConsoleListener.onCommandStart: Assert that "Marquer comme payé" is not visible RUNNING
20:00:29.754 [ INFO] maestro.cli.runner.CliConsoleListener.onCommandFinished: Assert that "Marquer comme payé" is not visible COMPLETED
20:00:29.754 [ INFO] maestro.cli.runner.CliConsoleListener.onCommandStart: Scrolling UP until id: transaction.detail.title is visible with speed 40, visibility percentage 100%, timeout 20000 ms, with centering disabled RUNNING
20:00:29.859 [ INFO] maestro.orchestra.Orchestra.scrollUntilVisible: Scrolling try count: 0, DeviceWidth: 1080, DeviceWidth: 2400
20:00:29.859 [ INFO] maestro.orchestra.Orchestra.scrollUntilVisible: Element bounds: Bounds(x=252, y=748, width=576, height=62)
20:00:29.859 [ INFO] maestro.orchestra.Orchestra.scrollUntilVisible: Visibility Percent: 1.0
20:00:29.859 [ INFO] maestro.orchestra.Orchestra.scrollUntilVisible: Command centerElement: ScrollUntilVisibleCommand(selector=ElementSelector(textRegex=null, idRegex=transaction.detail.title, size=null, below=null, above=null, leftOf=null, rightOf=null, containsChild=null, containsDescendants=null, traits=null, index=null, enabled=null, optional=false, selected=null, checked=null, focused=null, childOf=null, css=null), direction=UP, scrollDuration=601, visibilityPercentage=100, timeout=20000, waitToSettleTimeoutMs=null, centerElement=false, originalSpeedValue=40, label=null, optional=false).centerElement
20:00:29.859 [ INFO] maestro.orchestra.Orchestra.scrollUntilVisible: visibilityPercentageNormalized: 1.0
20:00:29.859 [ INFO] maestro.cli.runner.CliConsoleListener.onCommandFinished: Scrolling UP until id: transaction.detail.title is visible with speed 40, visibility percentage 100%, timeout 20000 ms, with centering disabled COMPLETED
20:00:29.860 [ INFO] maestro.cli.runner.CliConsoleListener.onCommandStart: Run console.log("TC-117 T-03 / CA-11 : même affordance sur les trois champs modifiables")
 RUNNING
20:00:29.860 [ INFO] maestro.cli.runner.CliConsoleListener.onCommandFinished: Run console.log("TC-117 T-03 / CA-11 : même affordance sur les trois champs modifiables")
 COMPLETED
20:00:29.860 [ INFO] maestro.cli.runner.CliConsoleListener.onCommandStart: Assert that id: transaction.detail.field.category.edit is visible RUNNING
20:00:29.959 [ INFO] maestro.cli.runner.CliConsoleListener.onCommandFinished: Assert that id: transaction.detail.field.category.edit is visible COMPLETED
20:00:29.959 [ INFO] maestro.cli.runner.CliConsoleListener.onCommandStart: Assert that id: transaction.detail.field.date.edit is visible RUNNING
20:00:30.062 [ INFO] maestro.cli.runner.CliConsoleListener.onCommandFinished: Assert that id: transaction.detail.field.date.edit is visible COMPLETED
20:00:30.063 [ INFO] maestro.cli.runner.CliConsoleListener.onCommandStart: Assert that id: transaction.detail.field.account.edit is visible RUNNING
20:00:30.162 [ INFO] maestro.cli.runner.CliConsoleListener.onCommandFinished: Assert that id: transaction.detail.field.account.edit is visible COMPLETED
20:00:30.163 [ INFO] maestro.cli.runner.CliConsoleListener.onCommandStart: Assert that id: transaction.detail.field.type.edit is not visible RUNNING
20:00:30.834 [ INFO] maestro.cli.runner.CliConsoleListener.onCommandFinished: Assert that id: transaction.detail.field.type.edit is not visible COMPLETED
20:00:30.835 [ INFO] maestro.cli.runner.CliConsoleListener.onCommandStart: Run console.log("TC-117 T-04 / CA-06 : le champ catégorie ouvre le sélecteur de catégorie")
 RUNNING
20:00:30.835 [ INFO] maestro.cli.runner.CliConsoleListener.onCommandFinished: Run console.log("TC-117 T-04 / CA-06 : le champ catégorie ouvre le sélecteur de catégorie")
 COMPLETED
20:00:30.835 [ INFO] maestro.cli.runner.CliConsoleListener.onCommandStart: Tap on id: transaction.detail.field.category RUNNING
20:00:30.944 [ INFO] maestro.Maestro.tap-HgV9Ck0: Tapping on element:  UiElement(treeNode=TreeNode(attributes={text=, accessibilityText=, hintText=, ignoreBoundsFiltering=false, resource-id=transaction.detail.field.category, clickable=false, bounds=[100,1054][980,1224], enabled=true, focused=false, checked=false, scrollable=false, selected=false, class=android.view.View, important-for-accessibility=true, error=}, children=[TreeNode(attributes={text=, accessibilityText=, hintText=, ignoreBoundsFiltering=false, resource-id=, clickable=true, bounds=[100,1054][980,1224], enabled=true, focused=false, checked=false, scrollable=false, selected=false, class=android.view.View, important-for-accessibility=true, error=}, children=[TreeNode(attributes={text=, accessibilityText=, hintText=, ignoreBoundsFiltering=false, resource-id=, clickable=false, bounds=[124,1077][250,1203], enabled=true, focused=false, checked=false, scrollable=false, selected=false, class=android.view.View, important-for-accessibility=false, error=}, children=[], clickable=false, enabled=true, focused=false, checked=false, selected=false), TreeNode(attributes={text=Catégorie, accessibilityText=, hintText=, ignoreBoundsFiltering=false, resource-id=, clickable=false, bounds=[263,1091][406,1133], enabled=true, focused=false, checked=false, scrollable=false, selected=false, class=android.widget.TextView, important-for-accessibility=true, error=}, children=[], clickable=false, enabled=true, focused=false, checked=false, selected=false), TreeNode(attributes={text=Courses, accessibilityText=, hintText=, ignoreBoundsFiltering=false, resource-id=transaction.detail.field.category.value, clickable=false, bounds=[263,1138][419,1187], enabled=true, focused=false, checked=false, scrollable=false, selected=false, class=android.widget.TextView, important-for-accessibility=true, error=}, children=[], clickable=false, enabled=true, focused=false, checked=false, selected=false), TreeNode(attributes={text=, accessibilityText=, hintText=, ignoreBoundsFiltering=false, resource-id=transaction.detail.field.category.edit, clickable=false, bounds=[891,1116][938,1163], enabled=true, focused=false, checked=false, scrollable=false, selected=false, class=android.view.View, important-for-accessibility=false, error=}, children=[], clickable=false, enabled=true, focused=false, checked=false, selected=false)], clickable=true, enabled=true, focused=false, checked=false, selected=false)], clickable=false, enabled=true, focused=false, checked=false, selected=false), bounds=Bounds(x=100, y=1054, width=880, height=170))
20:00:32.171 [ INFO] maestro.Maestro.tap-HgV9Ck0: Tap aimed via settled hierarchy
20:00:32.172 [ INFO] maestro.Maestro.hierarchyBasedTap-ogj28Uc: Tapping at (540, 1139) using hierarchy based logic for wait
20:00:33.778 [ INFO] maestro.Maestro.hierarchyBasedTap-ogj28Uc: Something has changed in the UI judging by view hierarchy. Proceed.
20:00:33.778 [ INFO] maestro.cli.runner.CliConsoleListener.onCommandFinished: Tap on id: transaction.detail.field.category COMPLETED
20:00:33.779 [ INFO] maestro.cli.runner.CliConsoleListener.onCommandStart: Assert that id: picker.category.sheet is visible RUNNING
20:00:33.814 [ INFO] maestro.cli.runner.CliConsoleListener.onCommandFinished: Assert that id: picker.category.sheet is visible COMPLETED
20:00:33.815 [ INFO] maestro.cli.runner.CliConsoleListener.onCommandStart: Assert that id: picker.date is not visible RUNNING
20:00:34.490 [ INFO] maestro.cli.runner.CliConsoleListener.onCommandFinished: Assert that id: picker.date is not visible COMPLETED
20:00:34.490 [ INFO] maestro.cli.runner.CliConsoleListener.onCommandStart: Assert that id: picker.account.sheet is not visible RUNNING
20:00:35.126 [ INFO] maestro.cli.runner.CliConsoleListener.onCommandFinished: Assert that id: picker.account.sheet is not visible COMPLETED
20:00:35.126 [ INFO] maestro.cli.runner.CliConsoleListener.onCommandStart: Assert that id: screen.transaction.edit is not visible RUNNING
20:00:35.794 [ INFO] maestro.cli.runner.CliConsoleListener.onCommandFinished: Assert that id: screen.transaction.edit is not visible COMPLETED
20:00:35.795 [ INFO] maestro.cli.runner.CliConsoleListener.onCommandStart: Press back RUNNING
20:00:35.796 [ INFO] maestro.Maestro.backPress: Pressing back
20:00:36.659 [ INFO] maestro.cli.runner.CliConsoleListener.onCommandFinished: Press back COMPLETED
20:00:36.659 [ INFO] maestro.cli.runner.CliConsoleListener.onCommandStart: Assert that id: screen.transaction.detail is visible RUNNING
20:00:36.832 [ INFO] maestro.cli.runner.CliConsoleListener.onCommandFinished: Assert that id: screen.transaction.detail is visible COMPLETED
20:00:36.832 [ INFO] maestro.cli.runner.CliConsoleListener.onCommandStart: Run console.log("TC-117 T-04 / CA-06 : le champ date ouvre le sélecteur de date")
 RUNNING
20:00:36.832 [ INFO] maestro.cli.runner.CliConsoleListener.onCommandFinished: Run console.log("TC-117 T-04 / CA-06 : le champ date ouvre le sélecteur de date")
 COMPLETED
20:00:36.832 [ INFO] maestro.cli.runner.CliConsoleListener.onCommandStart: Tap on id: transaction.detail.field.date RUNNING
20:00:36.957 [ INFO] maestro.Maestro.tap-HgV9Ck0: Tapping on element:  UiElement(treeNode=TreeNode(attributes={text=, accessibilityText=, hintText=, ignoreBoundsFiltering=false, resource-id=transaction.detail.field.date, clickable=false, bounds=[100,1256][980,1426], enabled=true, focused=false, checked=false, scrollable=false, selected=false, class=android.view.View, important-for-accessibility=true, error=}, children=[TreeNode(attributes={text=, accessibilityText=, hintText=, ignoreBoundsFiltering=false, resource-id=, clickable=true, bounds=[100,1256][980,1426], enabled=true, focused=false, checked=false, scrollable=false, selected=false, class=android.view.View, important-for-accessibility=true, error=}, children=[TreeNode(attributes={text=Date, accessibilityText=, hintText=, ignoreBoundsFiltering=false, resource-id=, clickable=false, bounds=[232,1293][300,1335], enabled=true, focused=false, checked=false, scrollable=false, selected=false, class=android.widget.TextView, important-for-accessibility=true, error=}, children=[], clickable=false, enabled=true, focused=false, checked=false, selected=false), TreeNode(attributes={text=Samedi 19 septembre 2026, accessibilityText=, hintText=, ignoreBoundsFiltering=false, resource-id=transaction.detail.field.date.value, clickable=false, bounds=[232,1340][754,1389], enabled=true, focused=false, checked=false, scrollable=false, selected=false, class=android.widget.TextView, important-for-accessibility=true, error=}, children=[], clickable=false, enabled=true, focused=false, checked=false, selected=false), TreeNode(attributes={text=, accessibilityText=, hintText=, ignoreBoundsFiltering=false, resource-id=transaction.detail.field.date.edit, clickable=false, bounds=[891,1318][938,1365], enabled=true, focused=false, checked=false, scrollable=false, selected=false, class=android.view.View, important-for-accessibility=false, error=}, children=[], clickable=false, enabled=true, focused=false, checked=false, selected=false)], clickable=true, enabled=true, focused=false, checked=false, selected=false)], clickable=false, enabled=true, focused=false, checked=false, selected=false), bounds=Bounds(x=100, y=1256, width=880, height=170))
20:00:38.218 [ INFO] maestro.Maestro.tap-HgV9Ck0: Tap aimed via settled hierarchy
20:00:38.219 [ INFO] maestro.Maestro.hierarchyBasedTap-ogj28Uc: Tapping at (540, 1341) using hierarchy based logic for wait
20:00:39.770 [ INFO] maestro.Maestro.hierarchyBasedTap-ogj28Uc: Something has changed in the UI judging by view hierarchy. Proceed.
20:00:39.770 [ INFO] maestro.cli.runner.CliConsoleListener.onCommandFinished: Tap on id: transaction.detail.field.date COMPLETED
20:00:39.771 [ INFO] maestro.cli.runner.CliConsoleListener.onCommandStart: Assert that id: picker.date is visible RUNNING
20:00:39.923 [ INFO] maestro.cli.runner.CliConsoleListener.onCommandFinished: Assert that id: picker.date is visible COMPLETED
20:00:39.923 [ INFO] maestro.cli.runner.CliConsoleListener.onCommandStart: Assert that id: picker.category.sheet is not visible RUNNING
20:00:40.569 [ INFO] maestro.cli.runner.CliConsoleListener.onCommandFinished: Assert that id: picker.category.sheet is not visible COMPLETED
20:00:40.569 [ INFO] maestro.cli.runner.CliConsoleListener.onCommandStart: Assert that id: picker.account.sheet is not visible RUNNING
20:00:41.230 [ INFO] maestro.cli.runner.CliConsoleListener.onCommandFinished: Assert that id: picker.account.sheet is not visible COMPLETED
20:00:41.230 [ INFO] maestro.cli.runner.CliConsoleListener.onCommandStart: Assert that id: screen.transaction.edit is not visible RUNNING
20:00:41.875 [ INFO] maestro.cli.runner.CliConsoleListener.onCommandFinished: Assert that id: screen.transaction.edit is not visible COMPLETED
20:00:41.875 [ INFO] maestro.cli.runner.CliConsoleListener.onCommandStart: Tap on "Annuler" RUNNING
20:00:41.972 [ INFO] maestro.Maestro.tap-HgV9Ck0: Tapping on element:  UiElement(treeNode=TreeNode(attributes={text=Annuler, accessibilityText=, hintText=, ignoreBoundsFiltering=false, resource-id=, clickable=false, bounds=[666,1868][791,1921], enabled=true, focused=false, checked=false, scrollable=false, selected=false, class=android.widget.TextView, important-for-accessibility=true, error=}, children=[], clickable=false, enabled=true, focused=false, checked=false, selected=false), bounds=Bounds(x=666, y=1868, width=125, height=53))
20:00:43.183 [ INFO] maestro.Maestro.tap-HgV9Ck0: Tap aimed via settled hierarchy
20:00:43.184 [ INFO] maestro.Maestro.hierarchyBasedTap-ogj28Uc: Tapping at (728, 1894) using hierarchy based logic for wait
20:00:44.112 [ INFO] maestro.Maestro.hierarchyBasedTap-ogj28Uc: Something has changed in the UI judging by view hierarchy. Proceed.
20:00:44.113 [ INFO] maestro.cli.runner.CliConsoleListener.onCommandFinished: Tap on "Annuler" COMPLETED
20:00:44.113 [ INFO] maestro.cli.runner.CliConsoleListener.onCommandStart: Assert that id: screen.transaction.detail is visible RUNNING
20:00:44.220 [ INFO] maestro.cli.runner.CliConsoleListener.onCommandFinished: Assert that id: screen.transaction.detail is visible COMPLETED
20:00:44.220 [ INFO] maestro.cli.runner.CliConsoleListener.onCommandStart: Run console.log("TC-117 T-04 / CA-06 : le champ compte ouvre le sélecteur de comptes")
 RUNNING
20:00:44.220 [ INFO] maestro.cli.runner.CliConsoleListener.onCommandFinished: Run console.log("TC-117 T-04 / CA-06 : le champ compte ouvre le sélecteur de comptes")
 COMPLETED
20:00:44.221 [ INFO] maestro.cli.runner.CliConsoleListener.onCommandStart: Tap on id: transaction.detail.field.account RUNNING
20:00:44.278 [ INFO] maestro.Maestro.tap-HgV9Ck0: Tapping on element:  UiElement(treeNode=TreeNode(attributes={text=, accessibilityText=, hintText=, ignoreBoundsFiltering=false, resource-id=transaction.detail.field.account, clickable=false, bounds=[100,1458][980,1628], enabled=true, focused=false, checked=false, scrollable=false, selected=false, class=android.view.View, important-for-accessibility=true, error=}, children=[TreeNode(attributes={text=, accessibilityText=, hintText=, ignoreBoundsFiltering=false, resource-id=, clickable=true, bounds=[100,1458][980,1628], enabled=true, focused=false, checked=false, scrollable=false, selected=false, class=android.view.View, important-for-accessibility=true, error=}, children=[TreeNode(attributes={text=, accessibilityText=, hintText=, ignoreBoundsFiltering=false, resource-id=, clickable=false, bounds=[124,1481][250,1607], enabled=true, focused=false, checked=false, scrollable=false, selected=false, class=android.view.View, important-for-accessibility=false, error=}, children=[], clickable=false, enabled=true, focused=false, checked=false, selected=false), TreeNode(attributes={text=Compte, accessibilityText=, hintText=, ignoreBoundsFiltering=false, resource-id=, clickable=false, bounds=[263,1495][378,1537], enabled=true, focused=false, checked=false, scrollable=false, selected=false, class=android.widget.TextView, important-for-accessibility=true, error=}, children=[], clickable=false, enabled=true, focused=false, checked=false, selected=false), TreeNode(attributes={text=Compte courant, accessibilityText=, hintText=, ignoreBoundsFiltering=false, resource-id=transaction.detail.field.account.value, clickable=false, bounds=[263,1542][566,1591], enabled=true, focused=false, checked=false, scrollable=false, selected=false, class=android.widget.TextView, important-for-accessibility=true, error=}, children=[], clickable=false, enabled=true, focused=false, checked=false, selected=false), TreeNode(attributes={text=, accessibilityText=, hintText=, ignoreBoundsFiltering=false, resource-id=transaction.detail.field.account.edit, clickable=false, bounds=[891,1520][938,1567], enabled=true, focused=false, checked=false, scrollable=false, selected=false, class=android.view.View, important-for-accessibility=false, error=}, children=[], clickable=false, enabled=true, focused=false, checked=false, selected=false)], clickable=true, enabled=true, focused=false, checked=false, selected=false)], clickable=false, enabled=true, focused=false, checked=false, selected=false), bounds=Bounds(x=100, y=1458, width=880, height=170))
20:00:45.502 [ INFO] maestro.Maestro.tap-HgV9Ck0: Tap aimed via settled hierarchy
20:00:45.503 [ INFO] maestro.Maestro.hierarchyBasedTap-ogj28Uc: Tapping at (540, 1543) using hierarchy based logic for wait
20:00:47.009 [ INFO] maestro.Maestro.hierarchyBasedTap-ogj28Uc: Something has changed in the UI judging by view hierarchy. Proceed.
20:00:47.010 [ INFO] maestro.cli.runner.CliConsoleListener.onCommandFinished: Tap on id: transaction.detail.field.account COMPLETED
20:00:47.010 [ INFO] maestro.cli.runner.CliConsoleListener.onCommandStart: Assert that id: picker.account.sheet is visible RUNNING
20:00:47.031 [ INFO] maestro.cli.runner.CliConsoleListener.onCommandFinished: Assert that id: picker.account.sheet is visible COMPLETED
20:00:47.031 [ INFO] maestro.cli.runner.CliConsoleListener.onCommandStart: Assert that id: picker.date is not visible RUNNING
20:00:47.641 [ INFO] maestro.cli.runner.CliConsoleListener.onCommandFinished: Assert that id: picker.date is not visible COMPLETED
20:00:47.641 [ INFO] maestro.cli.runner.CliConsoleListener.onCommandStart: Assert that id: picker.category.sheet is not visible RUNNING
20:00:48.289 [ INFO] maestro.cli.runner.CliConsoleListener.onCommandFinished: Assert that id: picker.category.sheet is not visible COMPLETED
20:00:48.290 [ INFO] maestro.cli.runner.CliConsoleListener.onCommandStart: Assert that id: screen.transaction.edit is not visible RUNNING
20:00:48.905 [ INFO] maestro.cli.runner.CliConsoleListener.onCommandFinished: Assert that id: screen.transaction.edit is not visible COMPLETED
20:00:48.905 [ INFO] maestro.cli.runner.CliConsoleListener.onCommandStart: Run console.log("TC-117 T-05 / CA-07 : le compte affiché doit passer à B sans rafraîchissement")
 RUNNING
20:00:48.906 [ INFO] maestro.cli.runner.CliConsoleListener.onCommandFinished: Run console.log("TC-117 T-05 / CA-07 : le compte affiché doit passer à B sans rafraîchissement")
 COMPLETED
20:00:48.906 [ INFO] maestro.cli.runner.CliConsoleListener.onCommandStart: Tap on "Compte B TC117" RUNNING
20:00:49.002 [ INFO] maestro.Maestro.tap-HgV9Ck0: Tapping on element:  UiElement(treeNode=TreeNode(attributes={text=Compte B TC117, accessibilityText=, hintText=, ignoreBoundsFiltering=false, resource-id=, clickable=false, bounds=[227,2137][985,2186], enabled=true, focused=false, checked=false, scrollable=false, selected=false, class=android.widget.TextView, important-for-accessibility=true, error=}, children=[], clickable=false, enabled=true, focused=false, checked=false, selected=false), bounds=Bounds(x=227, y=2137, width=758, height=49))
20:00:50.438 [ INFO] maestro.Maestro.tap-HgV9Ck0: Tap aimed via settled hierarchy
20:00:50.439 [ INFO] maestro.Maestro.hierarchyBasedTap-ogj28Uc: Tapping at (606, 2161) using hierarchy based logic for wait
20:00:51.326 [ INFO] maestro.Maestro.hierarchyBasedTap-ogj28Uc: Something has changed in the UI judging by view hierarchy. Proceed.
20:00:51.326 [ INFO] maestro.cli.runner.CliConsoleListener.onCommandFinished: Tap on "Compte B TC117" COMPLETED
20:00:51.326 [ INFO] maestro.cli.runner.CliConsoleListener.onCommandStart: Assert that id: screen.transaction.detail is visible RUNNING
20:00:51.397 [ INFO] maestro.cli.runner.CliConsoleListener.onCommandFinished: Assert that id: screen.transaction.detail is visible COMPLETED
20:00:51.397 [ INFO] maestro.cli.runner.CliConsoleListener.onCommandStart: Assert that "Compte B TC117", id: transaction.detail.field.account.value is visible RUNNING
20:00:51.457 [ INFO] maestro.cli.runner.CliConsoleListener.onCommandFinished: Assert that "Compte B TC117", id: transaction.detail.field.account.value is visible COMPLETED
20:00:51.457 [ INFO] maestro.cli.runner.CliConsoleListener.onCommandStart: Assert that "Compte courant", id: transaction.detail.field.account.value is not visible RUNNING
20:00:52.106 [ INFO] maestro.cli.runner.CliConsoleListener.onCommandFinished: Assert that "Compte courant", id: transaction.detail.field.account.value is not visible COMPLETED
20:00:52.106 [ INFO] maestro.cli.runner.CliConsoleListener.onCommandStart: Run console.log("TC-117 T-06 / CA-13 : Modifier et Supprimer joignables, Modifier ouvre l'édition")
 RUNNING
20:00:52.106 [ INFO] maestro.cli.runner.CliConsoleListener.onCommandFinished: Run console.log("TC-117 T-06 / CA-13 : Modifier et Supprimer joignables, Modifier ouvre l'édition")
 COMPLETED
20:00:52.106 [ INFO] maestro.cli.runner.CliConsoleListener.onCommandStart: Assert that id: transaction.detail.edit is visible RUNNING
20:00:52.206 [ INFO] maestro.cli.runner.CliConsoleListener.onCommandFinished: Assert that id: transaction.detail.edit is visible COMPLETED
20:00:52.207 [ INFO] maestro.cli.runner.CliConsoleListener.onCommandStart: Assert that id: transaction.detail.delete is visible RUNNING
20:00:52.315 [ INFO] maestro.cli.runner.CliConsoleListener.onCommandFinished: Assert that id: transaction.detail.delete is visible COMPLETED
20:00:52.315 [ INFO] maestro.cli.runner.CliConsoleListener.onCommandStart: Tap on id: transaction.detail.edit RUNNING
20:00:52.418 [ INFO] maestro.Maestro.tap-HgV9Ck0: Tapping on element:  UiElement(treeNode=TreeNode(attributes={text=, accessibilityText=, hintText=, ignoreBoundsFiltering=false, resource-id=transaction.detail.edit, clickable=true, bounds=[775,339][901,465], enabled=true, focused=false, checked=false, scrollable=false, selected=false, class=android.view.View, important-for-accessibility=true, error=}, children=[TreeNode(attributes={text=, accessibilityText=Modifier, hintText=, ignoreBoundsFiltering=false, resource-id=, clickable=false, bounds=[806,370][869,433], enabled=true, focused=false, checked=false, scrollable=false, selected=false, class=android.view.View, important-for-accessibility=true, error=}, children=[], clickable=false, enabled=true, focused=false, checked=false, selected=false)], clickable=true, enabled=true, focused=false, checked=false, selected=false), bounds=Bounds(x=775, y=339, width=126, height=126))
20:00:53.598 [ INFO] maestro.Maestro.tap-HgV9Ck0: Tap aimed via settled hierarchy
20:00:53.599 [ INFO] maestro.Maestro.hierarchyBasedTap-ogj28Uc: Tapping at (838, 402) using hierarchy based logic for wait
20:00:54.530 [ INFO] maestro.Maestro.hierarchyBasedTap-ogj28Uc: Something has changed in the UI judging by view hierarchy. Proceed.
20:00:54.530 [ INFO] maestro.cli.runner.CliConsoleListener.onCommandFinished: Tap on id: transaction.detail.edit COMPLETED
20:00:54.530 [ INFO] maestro.cli.runner.CliConsoleListener.onCommandStart: Assert that id: screen.transaction.edit is visible RUNNING
20:00:54.644 [ INFO] maestro.cli.runner.CliConsoleListener.onCommandFinished: Assert that id: screen.transaction.edit is visible COMPLETED
